Copyright 1986-2020 Xilinx, Inc. All Rights Reserved.
--------------------------------------------------------------------------------------------------------------------------------------------------------------------------------------------------------
| Tool Version : Vivado v.2020.2 (win64) Build 3064766 Wed Nov 18 09:12:45 MST 2020
| Date         : Fri Jul 17 03:54:52 2026
| Host         : DESKTOP-9P149NQ running 64-bit major release  (build 9200)
| Command      : report_timing_summary -max_paths 10 -file FIR_DAC_top_timing_summary_routed.rpt -pb FIR_DAC_top_timing_summary_routed.pb -rpx FIR_DAC_top_timing_summary_routed.rpx -warn_on_violation
| Design       : FIR_DAC_top
| Device       : 7z020-clg400
| Speed File   : -1  PRODUCTION 1.12 2019-11-22
--------------------------------------------------------------------------------------------------------------------------------------------------------------------------------------------------------

Timing Summary Report

------------------------------------------------------------------------------------------------
| Timer Settings
| --------------
------------------------------------------------------------------------------------------------

  Enable Multi Corner Analysis               :  Yes
  Enable Pessimism Removal                   :  Yes
  Pessimism Removal Resolution               :  Nearest Common Node
  Enable Input Delay Default Clock           :  No
  Enable Preset / Clear Arcs                 :  No
  Disable Flight Delays                      :  No
  Ignore I/O Paths                           :  No
  Timing Early Launch at Borrowing Latches   :  No
  Borrow Time for Max Delay Exceptions       :  Yes
  Merge Timing Exceptions                    :  Yes

  Corner  Analyze    Analyze    
  Name    Max Paths  Min Paths  
  ------  ---------  ---------  
  Slow    Yes        Yes        
  Fast    Yes        Yes        



check_timing report

Table of Contents
-----------------
1. checking no_clock (78)
2. checking constant_clock (0)
3. checking pulse_width_clock (0)
4. checking unconstrained_internal_endpoints (99)
5. checking no_input_delay (6)
6. checking no_output_delay (16)
7. checking multiple_clock (0)
8. checking generated_clocks (0)
9. checking loops (0)
10. checking partial_input_delay (0)
11. checking partial_output_delay (0)
12. checking latch_loops (0)

1. checking no_clock (78)
-------------------------
 There are 72 register/latch pins with no clock driven by root clock pin: U1/clk48_int_reg/Q (HIGH)

 There are 6 register/latch pins with no clock driven by root clock pin: U1/clk_div_reg/Q (HIGH)


2. checking constant_clock (0)
------------------------------
 There are 0 register/latch pins with constant_clock.


3. checking pulse_width_clock (0)
---------------------------------
 There are 0 register/latch pins which need pulse_width check


4. checking unconstrained_internal_endpoints (99)
-------------------------------------------------
 There are 99 pins that are not constrained for maximum delay. (HIGH)

 There are 0 pins that are not constrained for maximum delay due to constant clock.


5. checking no_input_delay (6)
------------------------------
 There are 6 input ports with no input delay specified. (HIGH)

 There are 0 input ports with no input delay but user has a false path constraint.


6. checking no_output_delay (16)
--------------------------------
 There are 16 ports with no output delay specified. (HIGH)

 There are 0 ports with no output delay but user has a false path constraint

 There are 0 ports with no output delay but with a timing clock defined on it or propagating through it


7. checking multiple_clock (0)
------------------------------
 There are 0 register/latch pins with multiple clocks.


8. checking generated_clocks (0)
--------------------------------
 There are 0 generated clocks that are not connected to a clock source.


9. checking loops (0)
---------------------
 There are 0 combinational loops in the design.


10. checking partial_input_delay (0)
------------------------------------
 There are 0 input ports with partial input delay specified.


11. checking partial_output_delay (0)
-------------------------------------
 There are 0 ports with partial output delay specified.


12. checking latch_loops (0)
----------------------------
 There are 0 combinational latch loops in the design through latch input



------------------------------------------------------------------------------------------------
| Design Timing Summary
| ---------------------
------------------------------------------------------------------------------------------------

    WNS(ns)      TNS(ns)  TNS Failing Endpoints  TNS Total Endpoints      WHS(ns)      THS(ns)  THS Failing Endpoints  THS Total Endpoints     WPWS(ns)     TPWS(ns)  TPWS Failing Endpoints  TPWS Total Endpoints  
    -------      -------  ---------------------  -------------------      -------      -------  ---------------------  -------------------     --------     --------  ----------------------  --------------------  
      3.744        0.000                      0                   25        0.261        0.000                      0                   25        3.500        0.000                       0                    18  


All user specified timing constraints are met.


------------------------------------------------------------------------------------------------
| Clock Summary
| -------------
------------------------------------------------------------------------------------------------

Clock        Waveform(ns)         Period(ns)      Frequency(MHz)
-----        ------------         ----------      --------------
sys_clk_pin  {0.000 4.000}        8.000           125.000         


------------------------------------------------------------------------------------------------
| Intra Clock Table
| -----------------
------------------------------------------------------------------------------------------------

Clock             WNS(ns)      TNS(ns)  TNS Failing Endpoints  TNS Total Endpoints      WHS(ns)      THS(ns)  THS Failing Endpoints  THS Total Endpoints     WPWS(ns)     TPWS(ns)  TPWS Failing Endpoints  TPWS Total Endpoints  
-----             -------      -------  ---------------------  -------------------      -------      -------  ---------------------  -------------------     --------     --------  ----------------------  --------------------  
sys_clk_pin         3.744        0.000                      0                   25        0.261        0.000                      0                   25        3.500        0.000                       0                    18  


------------------------------------------------------------------------------------------------
| Inter Clock Table
| -----------------
------------------------------------------------------------------------------------------------

From Clock    To Clock          WNS(ns)      TNS(ns)  TNS Failing Endpoints  TNS Total Endpoints      WHS(ns)      THS(ns)  THS Failing Endpoints  THS Total Endpoints  
----------    --------          -------      -------  ---------------------  -------------------      -------      -------  ---------------------  -------------------  


------------------------------------------------------------------------------------------------
| Other Path Groups Table
| -----------------------
------------------------------------------------------------------------------------------------

Path Group    From Clock    To Clock          WNS(ns)      TNS(ns)  TNS Failing Endpoints  TNS Total Endpoints      WHS(ns)      THS(ns)  THS Failing Endpoints  THS Total Endpoints  
----------    ----------    --------          -------      -------  ---------------------  -------------------      -------      -------  ---------------------  -------------------  


------------------------------------------------------------------------------------------------
| Timing Details
| --------------
------------------------------------------------------------------------------------------------


---------------------------------------------------------------------------------------------------
From Clock:  sys_clk_pin
  To Clock:  sys_clk_pin

Setup :            0  Failing Endpoints,  Worst Slack        3.744ns,  Total Violation        0.000ns
Hold  :            0  Failing Endpoints,  Worst Slack        0.261ns,  Total Violation        0.000ns
PW    :            0  Failing Endpoints,  Worst Slack        3.500ns,  Total Violation        0.000ns
---------------------------------------------------------------------------------------------------


Max Delay Paths
--------------------------------------------------------------------------------------
Slack (MET) :             3.744ns  (required time - arrival time)
  Source:                 U1/compte_reg[4]/C
                            (rising edge-triggered cell FDRE clocked by sys_clk_pin  {rise@0.000ns fall@4.000ns period=8.000ns})
  Destination:            U1/compte_sel_reg[0]/R
                            (rising edge-triggered cell FDRE clocked by sys_clk_pin  {rise@0.000ns fall@4.000ns period=8.000ns})
  Path Group:             sys_clk_pin
  Path Type:              Setup (Max at Slow Process Corner)
  Requirement:            8.000ns  (sys_clk_pin rise@8.000ns - sys_clk_pin rise@0.000ns)
  Data Path Delay:        3.512ns  (logic 0.828ns (23.575%)  route 2.684ns (76.425%))
  Logic Levels:           3  (LUT4=1 LUT5=1 LUT6=1)
  Clock Path Skew:        -0.184ns (DCD - SCD + CPR)
    Destination Clock Delay (DCD):    5.330ns = ( 13.330 - 8.000 ) 
    Source Clock Delay      (SCD):    5.824ns
    Clock Pessimism Removal (CPR):    0.309ns
  Clock Uncertainty:      0.035ns  ((TSJ^2 + TIJ^2)^1/2 + DJ) / 2 + PE
    Total System Jitter     (TSJ):    0.071ns
    Total Input Jitter      (TIJ):    0.000ns
    Discrete Jitter          (DJ):    0.000ns
    Phase Error              (PE):    0.000ns

    Location             Delay type                Incr(ns)  Path(ns)    Netlist Resource(s)
  -------------------------------------------------------------------    -------------------
                         (clock sys_clk_pin rise edge)
                                                      0.000     0.000 r  
    K17                                               0.000     0.000 r  clk_125 (IN)
                         net (fo=0)                   0.000     0.000    clk_125
    K17                  IBUF (Prop_ibuf_I_O)         1.475     1.475 r  clk_125_IBUF_inst/O
                         net (fo=1, routed)           2.522     3.997    clk_125_IBUF
    BUFGCTRL_X0Y16       BUFG (Prop_bufg_I_O)         0.101     4.098 r  clk_125_IBUF_BUFG_inst/O
                         net (fo=17, routed)          1.726     5.824    U1/clk_125_IBUF_BUFG
    SLICE_X56Y38         FDRE                                         r  U1/compte_reg[4]/C
  -------------------------------------------------------------------    -------------------
    SLICE_X56Y38         FDRE (Prop_fdre_C_Q)         0.456     6.280 f  U1/compte_reg[4]/Q
                         net (fo=4, routed)           0.833     7.113    U1/compte[4]
    SLICE_X56Y39         LUT4 (Prop_lut4_I3_O)        0.124     7.237 f  U1/compte[7]_i_4/O
                         net (fo=1, routed)           0.280     7.517    U1/compte[7]_i_4_n_0
    SLICE_X56Y39         LUT5 (Prop_lut5_I4_O)        0.124     7.641 r  U1/compte[7]_i_3/O
                         net (fo=18, routed)          1.042     8.683    U1/compte48_1
    SLICE_X66Y51         LUT6 (Prop_lut6_I0_O)        0.124     8.807 r  U1/compte_sel[3]_i_1/O
                         net (fo=4, routed)           0.529     9.336    U1/clk_div
    SLICE_X66Y51         FDRE                                         r  U1/compte_sel_reg[0]/R
  -------------------------------------------------------------------    -------------------

                         (clock sys_clk_pin rise edge)
                                                      8.000     8.000 r  
    K17                                               0.000     8.000 r  clk_125 (IN)
                         net (fo=0)                   0.000     8.000    clk_125
    K17                  IBUF (Prop_ibuf_I_O)         1.404     9.404 r  clk_125_IBUF_inst/O
                         net (fo=1, routed)           2.293    11.697    clk_125_IBUF
    BUFGCTRL_X0Y16       BUFG (Prop_bufg_I_O)         0.091    11.788 r  clk_125_IBUF_BUFG_inst/O
                         net (fo=17, routed)          1.542    13.330    U1/clk_125_IBUF_BUFG
    SLICE_X66Y51         FDRE                                         r  U1/compte_sel_reg[0]/C
                         clock pessimism              0.309    13.640    
                         clock uncertainty           -0.035    13.604    
    SLICE_X66Y51         FDRE (Setup_fdre_C_R)       -0.524    13.080    U1/compte_sel_reg[0]
  -------------------------------------------------------------------
                         required time                         13.080    
                         arrival time                          -9.336    
  -------------------------------------------------------------------
                         slack                                  3.744    

Slack (MET) :             3.744ns  (required time - arrival time)
  Source:                 U1/compte_reg[4]/C
                            (rising edge-triggered cell FDRE clocked by sys_clk_pin  {rise@0.000ns fall@4.000ns period=8.000ns})
  Destination:            U1/compte_sel_reg[1]/R
                            (rising edge-triggered cell FDRE clocked by sys_clk_pin  {rise@0.000ns fall@4.000ns period=8.000ns})
  Path Group:             sys_clk_pin
  Path Type:              Setup (Max at Slow Process Corner)
  Requirement:            8.000ns  (sys_clk_pin rise@8.000ns - sys_clk_pin rise@0.000ns)
  Data Path Delay:        3.512ns  (logic 0.828ns (23.575%)  route 2.684ns (76.425%))
  Logic Levels:           3  (LUT4=1 LUT5=1 LUT6=1)
  Clock Path Skew:        -0.184ns (DCD - SCD + CPR)
    Destination Clock Delay (DCD):    5.330ns = ( 13.330 - 8.000 ) 
    Source Clock Delay      (SCD):    5.824ns
    Clock Pessimism Removal (CPR):    0.309ns
  Clock Uncertainty:      0.035ns  ((TSJ^2 + TIJ^2)^1/2 + DJ) / 2 + PE
    Total System Jitter     (TSJ):    0.071ns
    Total Input Jitter      (TIJ):    0.000ns
    Discrete Jitter          (DJ):    0.000ns
    Phase Error              (PE):    0.000ns

    Location             Delay type                Incr(ns)  Path(ns)    Netlist Resource(s)
  -------------------------------------------------------------------    -------------------
                         (clock sys_clk_pin rise edge)
                                                      0.000     0.000 r  
    K17                                               0.000     0.000 r  clk_125 (IN)
                         net (fo=0)                   0.000     0.000    clk_125
    K17                  IBUF (Prop_ibuf_I_O)         1.475     1.475 r  clk_125_IBUF_inst/O
                         net (fo=1, routed)           2.522     3.997    clk_125_IBUF
    BUFGCTRL_X0Y16       BUFG (Prop_bufg_I_O)         0.101     4.098 r  clk_125_IBUF_BUFG_inst/O
                         net (fo=17, routed)          1.726     5.824    U1/clk_125_IBUF_BUFG
    SLICE_X56Y38         FDRE                                         r  U1/compte_reg[4]/C
  -------------------------------------------------------------------    -------------------
    SLICE_X56Y38         FDRE (Prop_fdre_C_Q)         0.456     6.280 f  U1/compte_reg[4]/Q
                         net (fo=4, routed)           0.833     7.113    U1/compte[4]
    SLICE_X56Y39         LUT4 (Prop_lut4_I3_O)        0.124     7.237 f  U1/compte[7]_i_4/O
                         net (fo=1, routed)           0.280     7.517    U1/compte[7]_i_4_n_0
    SLICE_X56Y39         LUT5 (Prop_lut5_I4_O)        0.124     7.641 r  U1/compte[7]_i_3/O
                         net (fo=18, routed)          1.042     8.683    U1/compte48_1
    SLICE_X66Y51         LUT6 (Prop_lut6_I0_O)        0.124     8.807 r  U1/compte_sel[3]_i_1/O
                         net (fo=4, routed)           0.529     9.336    U1/clk_div
    SLICE_X66Y51         FDRE                                         r  U1/compte_sel_reg[1]/R
  -------------------------------------------------------------------    -------------------

                         (clock sys_clk_pin rise edge)
                                                      8.000     8.000 r  
    K17                                               0.000     8.000 r  clk_125 (IN)
                         net (fo=0)                   0.000     8.000    clk_125
    K17                  IBUF (Prop_ibuf_I_O)         1.404     9.404 r  clk_125_IBUF_inst/O
                         net (fo=1, routed)           2.293    11.697    clk_125_IBUF
    BUFGCTRL_X0Y16       BUFG (Prop_bufg_I_O)         0.091    11.788 r  clk_125_IBUF_BUFG_inst/O
                         net (fo=17, routed)          1.542    13.330    U1/clk_125_IBUF_BUFG
    SLICE_X66Y51         FDRE                                         r  U1/compte_sel_reg[1]/C
                         clock pessimism              0.309    13.640    
                         clock uncertainty           -0.035    13.604    
    SLICE_X66Y51         FDRE (Setup_fdre_C_R)       -0.524    13.080    U1/compte_sel_reg[1]
  -------------------------------------------------------------------
                         required time                         13.080    
                         arrival time                          -9.336    
  -------------------------------------------------------------------
                         slack                                  3.744    

Slack (MET) :             3.744ns  (required time - arrival time)
  Source:                 U1/compte_reg[4]/C
                            (rising edge-triggered cell FDRE clocked by sys_clk_pin  {rise@0.000ns fall@4.000ns period=8.000ns})
  Destination:            U1/compte_sel_reg[2]/R
                            (rising edge-triggered cell FDRE clocked by sys_clk_pin  {rise@0.000ns fall@4.000ns period=8.000ns})
  Path Group:             sys_clk_pin
  Path Type:              Setup (Max at Slow Process Corner)
  Requirement:            8.000ns  (sys_clk_pin rise@8.000ns - sys_clk_pin rise@0.000ns)
  Data Path Delay:        3.512ns  (logic 0.828ns (23.575%)  route 2.684ns (76.425%))
  Logic Levels:           3  (LUT4=1 LUT5=1 LUT6=1)
  Clock Path Skew:        -0.184ns (DCD - SCD + CPR)
    Destination Clock Delay (DCD):    5.330ns = ( 13.330 - 8.000 ) 
    Source Clock Delay      (SCD):    5.824ns
    Clock Pessimism Removal (CPR):    0.309ns
  Clock Uncertainty:      0.035ns  ((TSJ^2 + TIJ^2)^1/2 + DJ) / 2 + PE
    Total System Jitter     (TSJ):    0.071ns
    Total Input Jitter      (TIJ):    0.000ns
    Discrete Jitter          (DJ):    0.000ns
    Phase Error              (PE):    0.000ns

    Location             Delay type                Incr(ns)  Path(ns)    Netlist Resource(s)
  -------------------------------------------------------------------    -------------------
                         (clock sys_clk_pin rise edge)
                                                      0.000     0.000 r  
    K17                                               0.000     0.000 r  clk_125 (IN)
                         net (fo=0)                   0.000     0.000    clk_125
    K17                  IBUF (Prop_ibuf_I_O)         1.475     1.475 r  clk_125_IBUF_inst/O
                         net (fo=1, routed)           2.522     3.997    clk_125_IBUF
    BUFGCTRL_X0Y16       BUFG (Prop_bufg_I_O)         0.101     4.098 r  clk_125_IBUF_BUFG_inst/O
                         net (fo=17, routed)          1.726     5.824    U1/clk_125_IBUF_BUFG
    SLICE_X56Y38         FDRE                                         r  U1/compte_reg[4]/C
  -------------------------------------------------------------------    -------------------
    SLICE_X56Y38         FDRE (Prop_fdre_C_Q)         0.456     6.280 f  U1/compte_reg[4]/Q
                         net (fo=4, routed)           0.833     7.113    U1/compte[4]
    SLICE_X56Y39         LUT4 (Prop_lut4_I3_O)        0.124     7.237 f  U1/compte[7]_i_4/O
                         net (fo=1, routed)           0.280     7.517    U1/compte[7]_i_4_n_0
    SLICE_X56Y39         LUT5 (Prop_lut5_I4_O)        0.124     7.641 r  U1/compte[7]_i_3/O
                         net (fo=18, routed)          1.042     8.683    U1/compte48_1
    SLICE_X66Y51         LUT6 (Prop_lut6_I0_O)        0.124     8.807 r  U1/compte_sel[3]_i_1/O
                         net (fo=4, routed)           0.529     9.336    U1/clk_div
    SLICE_X66Y51         FDRE                                         r  U1/compte_sel_reg[2]/R
  -------------------------------------------------------------------    -------------------

                         (clock sys_clk_pin rise edge)
                                                      8.000     8.000 r  
    K17                                               0.000     8.000 r  clk_125 (IN)
                         net (fo=0)                   0.000     8.000    clk_125
    K17                  IBUF (Prop_ibuf_I_O)         1.404     9.404 r  clk_125_IBUF_inst/O
                         net (fo=1, routed)           2.293    11.697    clk_125_IBUF
    BUFGCTRL_X0Y16       BUFG (Prop_bufg_I_O)         0.091    11.788 r  clk_125_IBUF_BUFG_inst/O
                         net (fo=17, routed)          1.542    13.330    U1/clk_125_IBUF_BUFG
    SLICE_X66Y51         FDRE                                         r  U1/compte_sel_reg[2]/C
                         clock pessimism              0.309    13.640    
                         clock uncertainty           -0.035    13.604    
    SLICE_X66Y51         FDRE (Setup_fdre_C_R)       -0.524    13.080    U1/compte_sel_reg[2]
  -------------------------------------------------------------------
                         required time                         13.080    
                         arrival time                          -9.336    
  -------------------------------------------------------------------
                         slack                                  3.744    

Slack (MET) :             3.744ns  (required time - arrival time)
  Source:                 U1/compte_reg[4]/C
                            (rising edge-triggered cell FDRE clocked by sys_clk_pin  {rise@0.000ns fall@4.000ns period=8.000ns})
  Destination:            U1/compte_sel_reg[3]/R
                            (rising edge-triggered cell FDRE clocked by sys_clk_pin  {rise@0.000ns fall@4.000ns period=8.000ns})
  Path Group:             sys_clk_pin
  Path Type:              Setup (Max at Slow Process Corner)
  Requirement:            8.000ns  (sys_clk_pin rise@8.000ns - sys_clk_pin rise@0.000ns)
  Data Path Delay:        3.512ns  (logic 0.828ns (23.575%)  route 2.684ns (76.425%))
  Logic Levels:           3  (LUT4=1 LUT5=1 LUT6=1)
  Clock Path Skew:        -0.184ns (DCD - SCD + CPR)
    Destination Clock Delay (DCD):    5.330ns = ( 13.330 - 8.000 ) 
    Source Clock Delay      (SCD):    5.824ns
    Clock Pessimism Removal (CPR):    0.309ns
  Clock Uncertainty:      0.035ns  ((TSJ^2 + TIJ^2)^1/2 + DJ) / 2 + PE
    Total System Jitter     (TSJ):    0.071ns
    Total Input Jitter      (TIJ):    0.000ns
    Discrete Jitter          (DJ):    0.000ns
    Phase Error              (PE):    0.000ns

    Location             Delay type                Incr(ns)  Path(ns)    Netlist Resource(s)
  -------------------------------------------------------------------    -------------------
                         (clock sys_clk_pin rise edge)
                                                      0.000     0.000 r  
    K17                                               0.000     0.000 r  clk_125 (IN)
                         net (fo=0)                   0.000     0.000    clk_125
    K17                  IBUF (Prop_ibuf_I_O)         1.475     1.475 r  clk_125_IBUF_inst/O
                         net (fo=1, routed)           2.522     3.997    clk_125_IBUF
    BUFGCTRL_X0Y16       BUFG (Prop_bufg_I_O)         0.101     4.098 r  clk_125_IBUF_BUFG_inst/O
                         net (fo=17, routed)          1.726     5.824    U1/clk_125_IBUF_BUFG
    SLICE_X56Y38         FDRE                                         r  U1/compte_reg[4]/C
  -------------------------------------------------------------------    -------------------
    SLICE_X56Y38         FDRE (Prop_fdre_C_Q)         0.456     6.280 f  U1/compte_reg[4]/Q
                         net (fo=4, routed)           0.833     7.113    U1/compte[4]
    SLICE_X56Y39         LUT4 (Prop_lut4_I3_O)        0.124     7.237 f  U1/compte[7]_i_4/O
                         net (fo=1, routed)           0.280     7.517    U1/compte[7]_i_4_n_0
    SLICE_X56Y39         LUT5 (Prop_lut5_I4_O)        0.124     7.641 r  U1/compte[7]_i_3/O
                         net (fo=18, routed)          1.042     8.683    U1/compte48_1
    SLICE_X66Y51         LUT6 (Prop_lut6_I0_O)        0.124     8.807 r  U1/compte_sel[3]_i_1/O
                         net (fo=4, routed)           0.529     9.336    U1/clk_div
    SLICE_X66Y51         FDRE                                         r  U1/compte_sel_reg[3]/R
  -------------------------------------------------------------------    -------------------

                         (clock sys_clk_pin rise edge)
                                                      8.000     8.000 r  
    K17                                               0.000     8.000 r  clk_125 (IN)
                         net (fo=0)                   0.000     8.000    clk_125
    K17                  IBUF (Prop_ibuf_I_O)         1.404     9.404 r  clk_125_IBUF_inst/O
                         net (fo=1, routed)           2.293    11.697    clk_125_IBUF
    BUFGCTRL_X0Y16       BUFG (Prop_bufg_I_O)         0.091    11.788 r  clk_125_IBUF_BUFG_inst/O
                         net (fo=17, routed)          1.542    13.330    U1/clk_125_IBUF_BUFG
    SLICE_X66Y51         FDRE                                         r  U1/compte_sel_reg[3]/C
                         clock pessimism              0.309    13.640    
                         clock uncertainty           -0.035    13.604    
    SLICE_X66Y51         FDRE (Setup_fdre_C_R)       -0.524    13.080    U1/compte_sel_reg[3]
  -------------------------------------------------------------------
                         required time                         13.080    
                         arrival time                          -9.336    
  -------------------------------------------------------------------
                         slack                                  3.744    

Slack (MET) :             4.583ns  (required time - arrival time)
  Source:                 U1/compte_reg[4]/C
                            (rising edge-triggered cell FDRE clocked by sys_clk_pin  {rise@0.000ns fall@4.000ns period=8.000ns})
  Destination:            U1/clk_div_reg/D
                            (rising edge-triggered cell FDRE clocked by sys_clk_pin  {rise@0.000ns fall@4.000ns period=8.000ns})
  Path Group:             sys_clk_pin
  Path Type:              Setup (Max at Slow Process Corner)
  Requirement:            8.000ns  (sys_clk_pin rise@8.000ns - sys_clk_pin rise@0.000ns)
  Data Path Delay:        3.227ns  (logic 0.828ns (25.662%)  route 2.399ns (74.338%))
  Logic Levels:           3  (LUT4=1 LUT5=1 LUT6=1)
  Clock Path Skew:        -0.184ns (DCD - SCD + CPR)
    Destination Clock Delay (DCD):    5.330ns = ( 13.330 - 8.000 ) 
    Source Clock Delay      (SCD):    5.824ns
    Clock Pessimism Removal (CPR):    0.309ns
  Clock Uncertainty:      0.035ns  ((TSJ^2 + TIJ^2)^1/2 + DJ) / 2 + PE
    Total System Jitter     (TSJ):    0.071ns
    Total Input Jitter      (TIJ):    0.000ns
    Discrete Jitter          (DJ):    0.000ns
    Phase Error              (PE):    0.000ns

    Location             Delay type                Incr(ns)  Path(ns)    Netlist Resource(s)
  -------------------------------------------------------------------    -------------------
                         (clock sys_clk_pin rise edge)
                                                      0.000     0.000 r  
    K17                                               0.000     0.000 r  clk_125 (IN)
                         net (fo=0)                   0.000     0.000    clk_125
    K17                  IBUF (Prop_ibuf_I_O)         1.475     1.475 r  clk_125_IBUF_inst/O
                         net (fo=1, routed)           2.522     3.997    clk_125_IBUF
    BUFGCTRL_X0Y16       BUFG (Prop_bufg_I_O)         0.101     4.098 r  clk_125_IBUF_BUFG_inst/O
                         net (fo=17, routed)          1.726     5.824    U1/clk_125_IBUF_BUFG
    SLICE_X56Y38         FDRE                                         r  U1/compte_reg[4]/C
  -------------------------------------------------------------------    -------------------
    SLICE_X56Y38         FDRE (Prop_fdre_C_Q)         0.456     6.280 f  U1/compte_reg[4]/Q
                         net (fo=4, routed)           0.833     7.113    U1/compte[4]
    SLICE_X56Y39         LUT4 (Prop_lut4_I3_O)        0.124     7.237 f  U1/compte[7]_i_4/O
                         net (fo=1, routed)           0.280     7.517    U1/compte[7]_i_4_n_0
    SLICE_X56Y39         LUT5 (Prop_lut5_I4_O)        0.124     7.641 r  U1/compte[7]_i_3/O
                         net (fo=18, routed)          1.286     8.926    U1/compte48_1
    SLICE_X65Y51         LUT6 (Prop_lut6_I4_O)        0.124     9.050 r  U1/clk_div_i_1/O
                         net (fo=1, routed)           0.000     9.050    U1/clk_div_i_1_n_0
    SLICE_X65Y51         FDRE                                         r  U1/clk_div_reg/D
  -------------------------------------------------------------------    -------------------

                         (clock sys_clk_pin rise edge)
                                                      8.000     8.000 r  
    K17                                               0.000     8.000 r  clk_125 (IN)
                         net (fo=0)                   0.000     8.000    clk_125
    K17                  IBUF (Prop_ibuf_I_O)         1.404     9.404 r  clk_125_IBUF_inst/O
                         net (fo=1, routed)           2.293    11.697    clk_125_IBUF
    BUFGCTRL_X0Y16       BUFG (Prop_bufg_I_O)         0.091    11.788 r  clk_125_IBUF_BUFG_inst/O
                         net (fo=17, routed)          1.542    13.330    U1/clk_125_IBUF_BUFG
    SLICE_X65Y51         FDRE                                         r  U1/clk_div_reg/C
                         clock pessimism              0.309    13.640    
                         clock uncertainty           -0.035    13.604    
    SLICE_X65Y51         FDRE (Setup_fdre_C_D)        0.029    13.633    U1/clk_div_reg
  -------------------------------------------------------------------
                         required time                         13.633    
                         arrival time                          -9.050    
  -------------------------------------------------------------------
                         slack                                  4.583    

Slack (MET) :             4.734ns  (required time - arrival time)
  Source:                 U1/compte_reg[4]/C
                            (rising edge-triggered cell FDRE clocked by sys_clk_pin  {rise@0.000ns fall@4.000ns period=8.000ns})
  Destination:            U1/compte_sel_reg[0]/CE
                            (rising edge-triggered cell FDRE clocked by sys_clk_pin  {rise@0.000ns fall@4.000ns period=8.000ns})
  Path Group:             sys_clk_pin
  Path Type:              Setup (Max at Slow Process Corner)
  Requirement:            8.000ns  (sys_clk_pin rise@8.000ns - sys_clk_pin rise@0.000ns)
  Data Path Delay:        2.878ns  (logic 0.704ns (24.463%)  route 2.174ns (75.537%))
  Logic Levels:           2  (LUT4=1 LUT5=1)
  Clock Path Skew:        -0.184ns (DCD - SCD + CPR)
    Destination Clock Delay (DCD):    5.330ns = ( 13.330 - 8.000 ) 
    Source Clock Delay      (SCD):    5.824ns
    Clock Pessimism Removal (CPR):    0.309ns
  Clock Uncertainty:      0.035ns  ((TSJ^2 + TIJ^2)^1/2 + DJ) / 2 + PE
    Total System Jitter     (TSJ):    0.071ns
    Total Input Jitter      (TIJ):    0.000ns
    Discrete Jitter          (DJ):    0.000ns
    Phase Error              (PE):    0.000ns

    Location             Delay type                Incr(ns)  Path(ns)    Netlist Resource(s)
  -------------------------------------------------------------------    -------------------
                         (clock sys_clk_pin rise edge)
                                                      0.000     0.000 r  
    K17                                               0.000     0.000 r  clk_125 (IN)
                         net (fo=0)                   0.000     0.000    clk_125
    K17                  IBUF (Prop_ibuf_I_O)         1.475     1.475 r  clk_125_IBUF_inst/O
                         net (fo=1, routed)           2.522     3.997    clk_125_IBUF
    BUFGCTRL_X0Y16       BUFG (Prop_bufg_I_O)         0.101     4.098 r  clk_125_IBUF_BUFG_inst/O
                         net (fo=17, routed)          1.726     5.824    U1/clk_125_IBUF_BUFG
    SLICE_X56Y38         FDRE                                         r  U1/compte_reg[4]/C
  -------------------------------------------------------------------    -------------------
    SLICE_X56Y38         FDRE (Prop_fdre_C_Q)         0.456     6.280 f  U1/compte_reg[4]/Q
                         net (fo=4, routed)           0.833     7.113    U1/compte[4]
    SLICE_X56Y39         LUT4 (Prop_lut4_I3_O)        0.124     7.237 f  U1/compte[7]_i_4/O
                         net (fo=1, routed)           0.280     7.517    U1/compte[7]_i_4_n_0
    SLICE_X56Y39         LUT5 (Prop_lut5_I4_O)        0.124     7.641 r  U1/compte[7]_i_3/O
                         net (fo=18, routed)          1.061     8.702    U1/compte48_1
    SLICE_X66Y51         FDRE                                         r  U1/compte_sel_reg[0]/CE
  -------------------------------------------------------------------    -------------------

                         (clock sys_clk_pin rise edge)
                                                      8.000     8.000 r  
    K17                                               0.000     8.000 r  clk_125 (IN)
                         net (fo=0)                   0.000     8.000    clk_125
    K17                  IBUF (Prop_ibuf_I_O)         1.404     9.404 r  clk_125_IBUF_inst/O
                         net (fo=1, routed)           2.293    11.697    clk_125_IBUF
    BUFGCTRL_X0Y16       BUFG (Prop_bufg_I_O)         0.091    11.788 r  clk_125_IBUF_BUFG_inst/O
                         net (fo=17, routed)          1.542    13.330    U1/clk_125_IBUF_BUFG
    SLICE_X66Y51         FDRE                                         r  U1/compte_sel_reg[0]/C
                         clock pessimism              0.309    13.640    
                         clock uncertainty           -0.035    13.604    
    SLICE_X66Y51         FDRE (Setup_fdre_C_CE)      -0.169    13.435    U1/compte_sel_reg[0]
  -------------------------------------------------------------------
                         required time                         13.435    
                         arrival time                          -8.702    
  -------------------------------------------------------------------
                         slack                                  4.734    

Slack (MET) :             4.734ns  (required time - arrival time)
  Source:                 U1/compte_reg[4]/C
                            (rising edge-triggered cell FDRE clocked by sys_clk_pin  {rise@0.000ns fall@4.000ns period=8.000ns})
  Destination:            U1/compte_sel_reg[1]/CE
                            (rising edge-triggered cell FDRE clocked by sys_clk_pin  {rise@0.000ns fall@4.000ns period=8.000ns})
  Path Group:             sys_clk_pin
  Path Type:              Setup (Max at Slow Process Corner)
  Requirement:            8.000ns  (sys_clk_pin rise@8.000ns - sys_clk_pin rise@0.000ns)
  Data Path Delay:        2.878ns  (logic 0.704ns (24.463%)  route 2.174ns (75.537%))
  Logic Levels:           2  (LUT4=1 LUT5=1)
  Clock Path Skew:        -0.184ns (DCD - SCD + CPR)
    Destination Clock Delay (DCD):    5.330ns = ( 13.330 - 8.000 ) 
    Source Clock Delay      (SCD):    5.824ns
    Clock Pessimism Removal (CPR):    0.309ns
  Clock Uncertainty:      0.035ns  ((TSJ^2 + TIJ^2)^1/2 + DJ) / 2 + PE
    Total System Jitter     (TSJ):    0.071ns
    Total Input Jitter      (TIJ):    0.000ns
    Discrete Jitter          (DJ):    0.000ns
    Phase Error              (PE):    0.000ns

    Location             Delay type                Incr(ns)  Path(ns)    Netlist Resource(s)
  -------------------------------------------------------------------    -------------------
                         (clock sys_clk_pin rise edge)
                                                      0.000     0.000 r  
    K17                                               0.000     0.000 r  clk_125 (IN)
                         net (fo=0)                   0.000     0.000    clk_125
    K17                  IBUF (Prop_ibuf_I_O)         1.475     1.475 r  clk_125_IBUF_inst/O
                         net (fo=1, routed)           2.522     3.997    clk_125_IBUF
    BUFGCTRL_X0Y16       BUFG (Prop_bufg_I_O)         0.101     4.098 r  clk_125_IBUF_BUFG_inst/O
                         net (fo=17, routed)          1.726     5.824    U1/clk_125_IBUF_BUFG
    SLICE_X56Y38         FDRE                                         r  U1/compte_reg[4]/C
  -------------------------------------------------------------------    -------------------
    SLICE_X56Y38         FDRE (Prop_fdre_C_Q)         0.456     6.280 f  U1/compte_reg[4]/Q
                         net (fo=4, routed)           0.833     7.113    U1/compte[4]
    SLICE_X56Y39         LUT4 (Prop_lut4_I3_O)        0.124     7.237 f  U1/compte[7]_i_4/O
                         net (fo=1, routed)           0.280     7.517    U1/compte[7]_i_4_n_0
    SLICE_X56Y39         LUT5 (Prop_lut5_I4_O)        0.124     7.641 r  U1/compte[7]_i_3/O
                         net (fo=18, routed)          1.061     8.702    U1/compte48_1
    SLICE_X66Y51         FDRE                                         r  U1/compte_sel_reg[1]/CE
  -------------------------------------------------------------------    -------------------

                         (clock sys_clk_pin rise edge)
                                                      8.000     8.000 r  
    K17                                               0.000     8.000 r  clk_125 (IN)
                         net (fo=0)                   0.000     8.000    clk_125
    K17                  IBUF (Prop_ibuf_I_O)         1.404     9.404 r  clk_125_IBUF_inst/O
                         net (fo=1, routed)           2.293    11.697    clk_125_IBUF
    BUFGCTRL_X0Y16       BUFG (Prop_bufg_I_O)         0.091    11.788 r  clk_125_IBUF_BUFG_inst/O
                         net (fo=17, routed)          1.542    13.330    U1/clk_125_IBUF_BUFG
    SLICE_X66Y51         FDRE                                         r  U1/compte_sel_reg[1]/C
                         clock pessimism              0.309    13.640    
                         clock uncertainty           -0.035    13.604    
    SLICE_X66Y51         FDRE (Setup_fdre_C_CE)      -0.169    13.435    U1/compte_sel_reg[1]
  -------------------------------------------------------------------
                         required time                         13.435    
                         arrival time                          -8.702    
  -------------------------------------------------------------------
                         slack                                  4.734    

Slack (MET) :             4.734ns  (required time - arrival time)
  Source:                 U1/compte_reg[4]/C
                            (rising edge-triggered cell FDRE clocked by sys_clk_pin  {rise@0.000ns fall@4.000ns period=8.000ns})
  Destination:            U1/compte_sel_reg[2]/CE
                            (rising edge-triggered cell FDRE clocked by sys_clk_pin  {rise@0.000ns fall@4.000ns period=8.000ns})
  Path Group:             sys_clk_pin
  Path Type:              Setup (Max at Slow Process Corner)
  Requirement:            8.000ns  (sys_clk_pin rise@8.000ns - sys_clk_pin rise@0.000ns)
  Data Path Delay:        2.878ns  (logic 0.704ns (24.463%)  route 2.174ns (75.537%))
  Logic Levels:           2  (LUT4=1 LUT5=1)
  Clock Path Skew:        -0.184ns (DCD - SCD + CPR)
    Destination Clock Delay (DCD):    5.330ns = ( 13.330 - 8.000 ) 
    Source Clock Delay      (SCD):    5.824ns
    Clock Pessimism Removal (CPR):    0.309ns
  Clock Uncertainty:      0.035ns  ((TSJ^2 + TIJ^2)^1/2 + DJ) / 2 + PE
    Total System Jitter     (TSJ):    0.071ns
    Total Input Jitter      (TIJ):    0.000ns
    Discrete Jitter          (DJ):    0.000ns
    Phase Error              (PE):    0.000ns

    Location             Delay type                Incr(ns)  Path(ns)    Netlist Resource(s)
  -------------------------------------------------------------------    -------------------
                         (clock sys_clk_pin rise edge)
                                                      0.000     0.000 r  
    K17                                               0.000     0.000 r  clk_125 (IN)
                         net (fo=0)                   0.000     0.000    clk_125
    K17                  IBUF (Prop_ibuf_I_O)         1.475     1.475 r  clk_125_IBUF_inst/O
                         net (fo=1, routed)           2.522     3.997    clk_125_IBUF
    BUFGCTRL_X0Y16       BUFG (Prop_bufg_I_O)         0.101     4.098 r  clk_125_IBUF_BUFG_inst/O
                         net (fo=17, routed)          1.726     5.824    U1/clk_125_IBUF_BUFG
    SLICE_X56Y38         FDRE                                         r  U1/compte_reg[4]/C
  -------------------------------------------------------------------    -------------------
    SLICE_X56Y38         FDRE (Prop_fdre_C_Q)         0.456     6.280 f  U1/compte_reg[4]/Q
                         net (fo=4, routed)           0.833     7.113    U1/compte[4]
    SLICE_X56Y39         LUT4 (Prop_lut4_I3_O)        0.124     7.237 f  U1/compte[7]_i_4/O
                         net (fo=1, routed)           0.280     7.517    U1/compte[7]_i_4_n_0
    SLICE_X56Y39         LUT5 (Prop_lut5_I4_O)        0.124     7.641 r  U1/compte[7]_i_3/O
                         net (fo=18, routed)          1.061     8.702    U1/compte48_1
    SLICE_X66Y51         FDRE                                         r  U1/compte_sel_reg[2]/CE
  -------------------------------------------------------------------    -------------------

                         (clock sys_clk_pin rise edge)
                                                      8.000     8.000 r  
    K17                                               0.000     8.000 r  clk_125 (IN)
                         net (fo=0)                   0.000     8.000    clk_125
    K17                  IBUF (Prop_ibuf_I_O)         1.404     9.404 r  clk_125_IBUF_inst/O
                         net (fo=1, routed)           2.293    11.697    clk_125_IBUF
    BUFGCTRL_X0Y16       BUFG (Prop_bufg_I_O)         0.091    11.788 r  clk_125_IBUF_BUFG_inst/O
                         net (fo=17, routed)          1.542    13.330    U1/clk_125_IBUF_BUFG
    SLICE_X66Y51         FDRE                                         r  U1/compte_sel_reg[2]/C
                         clock pessimism              0.309    13.640    
                         clock uncertainty           -0.035    13.604    
    SLICE_X66Y51         FDRE (Setup_fdre_C_CE)      -0.169    13.435    U1/compte_sel_reg[2]
  -------------------------------------------------------------------
                         required time                         13.435    
                         arrival time                          -8.702    
  -------------------------------------------------------------------
                         slack                                  4.734    

Slack (MET) :             4.734ns  (required time - arrival time)
  Source:                 U1/compte_reg[4]/C
                            (rising edge-triggered cell FDRE clocked by sys_clk_pin  {rise@0.000ns fall@4.000ns period=8.000ns})
  Destination:            U1/compte_sel_reg[3]/CE
                            (rising edge-triggered cell FDRE clocked by sys_clk_pin  {rise@0.000ns fall@4.000ns period=8.000ns})
  Path Group:             sys_clk_pin
  Path Type:              Setup (Max at Slow Process Corner)
  Requirement:            8.000ns  (sys_clk_pin rise@8.000ns - sys_clk_pin rise@0.000ns)
  Data Path Delay:        2.878ns  (logic 0.704ns (24.463%)  route 2.174ns (75.537%))
  Logic Levels:           2  (LUT4=1 LUT5=1)
  Clock Path Skew:        -0.184ns (DCD - SCD + CPR)
    Destination Clock Delay (DCD):    5.330ns = ( 13.330 - 8.000 ) 
    Source Clock Delay      (SCD):    5.824ns
    Clock Pessimism Removal (CPR):    0.309ns
  Clock Uncertainty:      0.035ns  ((TSJ^2 + TIJ^2)^1/2 + DJ) / 2 + PE
    Total System Jitter     (TSJ):    0.071ns
    Total Input Jitter      (TIJ):    0.000ns
    Discrete Jitter          (DJ):    0.000ns
    Phase Error              (PE):    0.000ns

    Location             Delay type                Incr(ns)  Path(ns)    Netlist Resource(s)
  -------------------------------------------------------------------    -------------------
                         (clock sys_clk_pin rise edge)
                                                      0.000     0.000 r  
    K17                                               0.000     0.000 r  clk_125 (IN)
                         net (fo=0)                   0.000     0.000    clk_125
    K17                  IBUF (Prop_ibuf_I_O)         1.475     1.475 r  clk_125_IBUF_inst/O
                         net (fo=1, routed)           2.522     3.997    clk_125_IBUF
    BUFGCTRL_X0Y16       BUFG (Prop_bufg_I_O)         0.101     4.098 r  clk_125_IBUF_BUFG_inst/O
                         net (fo=17, routed)          1.726     5.824    U1/clk_125_IBUF_BUFG
    SLICE_X56Y38         FDRE                                         r  U1/compte_reg[4]/C
  -------------------------------------------------------------------    -------------------
    SLICE_X56Y38         FDRE (Prop_fdre_C_Q)         0.456     6.280 f  U1/compte_reg[4]/Q
                         net (fo=4, routed)           0.833     7.113    U1/compte[4]
    SLICE_X56Y39         LUT4 (Prop_lut4_I3_O)        0.124     7.237 f  U1/compte[7]_i_4/O
                         net (fo=1, routed)           0.280     7.517    U1/compte[7]_i_4_n_0
    SLICE_X56Y39         LUT5 (Prop_lut5_I4_O)        0.124     7.641 r  U1/compte[7]_i_3/O
                         net (fo=18, routed)          1.061     8.702    U1/compte48_1
    SLICE_X66Y51         FDRE                                         r  U1/compte_sel_reg[3]/CE
  -------------------------------------------------------------------    -------------------

                         (clock sys_clk_pin rise edge)
                                                      8.000     8.000 r  
    K17                                               0.000     8.000 r  clk_125 (IN)
                         net (fo=0)                   0.000     8.000    clk_125
    K17                  IBUF (Prop_ibuf_I_O)         1.404     9.404 r  clk_125_IBUF_inst/O
                         net (fo=1, routed)           2.293    11.697    clk_125_IBUF
    BUFGCTRL_X0Y16       BUFG (Prop_bufg_I_O)         0.091    11.788 r  clk_125_IBUF_BUFG_inst/O
                         net (fo=17, routed)          1.542    13.330    U1/clk_125_IBUF_BUFG
    SLICE_X66Y51         FDRE                                         r  U1/compte_sel_reg[3]/C
                         clock pessimism              0.309    13.640    
                         clock uncertainty           -0.035    13.604    
    SLICE_X66Y51         FDRE (Setup_fdre_C_CE)      -0.169    13.435    U1/compte_sel_reg[3]
  -------------------------------------------------------------------
                         required time                         13.435    
                         arrival time                          -8.702    
  -------------------------------------------------------------------
                         slack                                  4.734    

Slack (MET) :             5.085ns  (required time - arrival time)
  Source:                 U1/compte_reg[4]/C
                            (rising edge-triggered cell FDRE clocked by sys_clk_pin  {rise@0.000ns fall@4.000ns period=8.000ns})
  Destination:            U1/clk48_int_reg/D
                            (rising edge-triggered cell FDRE clocked by sys_clk_pin  {rise@0.000ns fall@4.000ns period=8.000ns})
  Path Group:             sys_clk_pin
  Path Type:              Setup (Max at Slow Process Corner)
  Requirement:            8.000ns  (sys_clk_pin rise@8.000ns - sys_clk_pin rise@0.000ns)
  Data Path Delay:        2.849ns  (logic 0.828ns (29.059%)  route 2.021ns (70.941%))
  Logic Levels:           3  (LUT4=1 LUT5=2)
  Clock Path Skew:        -0.059ns (DCD - SCD + CPR)
    Destination Clock Delay (DCD):    5.341ns = ( 13.341 - 8.000 ) 
    Source Clock Delay      (SCD):    5.824ns
    Clock Pessimism Removal (CPR):    0.424ns
  Clock Uncertainty:      0.035ns  ((TSJ^2 + TIJ^2)^1/2 + DJ) / 2 + PE
    Total System Jitter     (TSJ):    0.071ns
    Total Input Jitter      (TIJ):    0.000ns
    Discrete Jitter          (DJ):    0.000ns
    Phase Error              (PE):    0.000ns

    Location             Delay type                Incr(ns)  Path(ns)    Netlist Resource(s)
  -------------------------------------------------------------------    -------------------
                         (clock sys_clk_pin rise edge)
                                                      0.000     0.000 r  
    K17                                               0.000     0.000 r  clk_125 (IN)
                         net (fo=0)                   0.000     0.000    clk_125
    K17                  IBUF (Prop_ibuf_I_O)         1.475     1.475 r  clk_125_IBUF_inst/O
                         net (fo=1, routed)           2.522     3.997    clk_125_IBUF
    BUFGCTRL_X0Y16       BUFG (Prop_bufg_I_O)         0.101     4.098 r  clk_125_IBUF_BUFG_inst/O
                         net (fo=17, routed)          1.726     5.824    U1/clk_125_IBUF_BUFG
    SLICE_X56Y38         FDRE                                         r  U1/compte_reg[4]/C
  -------------------------------------------------------------------    -------------------
    SLICE_X56Y38         FDRE (Prop_fdre_C_Q)         0.456     6.280 f  U1/compte_reg[4]/Q
                         net (fo=4, routed)           0.833     7.113    U1/compte[4]
    SLICE_X56Y39         LUT4 (Prop_lut4_I3_O)        0.124     7.237 f  U1/compte[7]_i_4/O
                         net (fo=1, routed)           0.280     7.517    U1/compte[7]_i_4_n_0
    SLICE_X56Y39         LUT5 (Prop_lut5_I4_O)        0.124     7.641 r  U1/compte[7]_i_3/O
                         net (fo=18, routed)          0.909     8.549    U1/compte48_1
    SLICE_X55Y42         LUT5 (Prop_lut5_I0_O)        0.124     8.673 r  U1/clk48_int_i_1/O
                         net (fo=1, routed)           0.000     8.673    U1/clk48_int_i_1_n_0
    SLICE_X55Y42         FDRE                                         r  U1/clk48_int_reg/D
  -------------------------------------------------------------------    -------------------

                         (clock sys_clk_pin rise edge)
                                                      8.000     8.000 r  
    K17                                               0.000     8.000 r  clk_125 (IN)
                         net (fo=0)                   0.000     8.000    clk_125
    K17                  IBUF (Prop_ibuf_I_O)         1.404     9.404 r  clk_125_IBUF_inst/O
                         net (fo=1, routed)           2.293    11.697    clk_125_IBUF
    BUFGCTRL_X0Y16       BUFG (Prop_bufg_I_O)         0.091    11.788 r  clk_125_IBUF_BUFG_inst/O
                         net (fo=17, routed)          1.552    13.341    U1/clk_125_IBUF_BUFG
    SLICE_X55Y42         FDRE                                         r  U1/clk48_int_reg/C
                         clock pessimism              0.424    13.765    
                         clock uncertainty           -0.035    13.729    
    SLICE_X55Y42         FDRE (Setup_fdre_C_D)        0.029    13.758    U1/clk48_int_reg
  -------------------------------------------------------------------
                         required time                         13.758    
                         arrival time                          -8.673    
  -------------------------------------------------------------------
                         slack                                  5.085    





Min Delay Paths
--------------------------------------------------------------------------------------
Slack (MET) :             0.261ns  (arrival time - required time)
  Source:                 U1/compte_reg[6]/C
                            (rising edge-triggered cell FDRE clocked by sys_clk_pin  {rise@0.000ns fall@4.000ns period=8.000ns})
  Destination:            U1/compte_reg[7]/D
                            (rising edge-triggered cell FDRE clocked by sys_clk_pin  {rise@0.000ns fall@4.000ns period=8.000ns})
  Path Group:             sys_clk_pin
  Path Type:              Hold (Min at Fast Process Corner)
  Requirement:            0.000ns  (sys_clk_pin rise@0.000ns - sys_clk_pin rise@0.000ns)
  Data Path Delay:        0.368ns  (logic 0.183ns (49.764%)  route 0.185ns (50.236%))
  Logic Levels:           1  (LUT4=1)
  Clock Path Skew:        0.000ns (DCD - SCD - CPR)
    Destination Clock Delay (DCD):    2.217ns
    Source Clock Delay      (SCD):    1.691ns
    Clock Pessimism Removal (CPR):    0.526ns

    Location             Delay type                Incr(ns)  Path(ns)    Netlist Resource(s)
  -------------------------------------------------------------------    -------------------
                         (clock sys_clk_pin rise edge)
                                                      0.000     0.000 r  
    K17                                               0.000     0.000 r  clk_125 (IN)
                         net (fo=0)                   0.000     0.000    clk_125
    K17                  IBUF (Prop_ibuf_I_O)         0.243     0.243 r  clk_125_IBUF_inst/O
                         net (fo=1, routed)           0.842     1.084    clk_125_IBUF
    BUFGCTRL_X0Y16       BUFG (Prop_bufg_I_O)         0.026     1.110 r  clk_125_IBUF_BUFG_inst/O
                         net (fo=17, routed)          0.581     1.691    U1/clk_125_IBUF_BUFG
    SLICE_X56Y39         FDRE                                         r  U1/compte_reg[6]/C
  -------------------------------------------------------------------    -------------------
    SLICE_X56Y39         FDRE (Prop_fdre_C_Q)         0.141     1.832 r  U1/compte_reg[6]/Q
                         net (fo=3, routed)           0.185     2.017    U1/compte[6]
    SLICE_X56Y39         LUT4 (Prop_lut4_I1_O)        0.042     2.059 r  U1/compte[7]_i_1/O
                         net (fo=1, routed)           0.000     2.059    U1/compte_0[7]
    SLICE_X56Y39         FDRE                                         r  U1/compte_reg[7]/D
  -------------------------------------------------------------------    -------------------

                         (clock sys_clk_pin rise edge)
                                                      0.000     0.000 r  
    K17                                               0.000     0.000 r  clk_125 (IN)
                         net (fo=0)                   0.000     0.000    clk_125
    K17                  IBUF (Prop_ibuf_I_O)         0.431     0.431 r  clk_125_IBUF_inst/O
                         net (fo=1, routed)           0.907     1.338    clk_125_IBUF
    BUFGCTRL_X0Y16       BUFG (Prop_bufg_I_O)         0.029     1.367 r  clk_125_IBUF_BUFG_inst/O
                         net (fo=17, routed)          0.850     2.217    U1/clk_125_IBUF_BUFG
    SLICE_X56Y39         FDRE                                         r  U1/compte_reg[7]/C
                         clock pessimism             -0.526     1.691    
    SLICE_X56Y39         FDRE (Hold_fdre_C_D)         0.107     1.798    U1/compte_reg[7]
  -------------------------------------------------------------------
                         required time                         -1.798    
                         arrival time                           2.059    
  -------------------------------------------------------------------
                         slack                                  0.261    

Slack (MET) :             0.269ns  (arrival time - required time)
  Source:                 U1/compte48_reg[2]/C
                            (rising edge-triggered cell FDRE clocked by sys_clk_pin  {rise@0.000ns fall@4.000ns period=8.000ns})
  Destination:            U1/compte48_reg[2]/D
                            (rising edge-triggered cell FDRE clocked by sys_clk_pin  {rise@0.000ns fall@4.000ns period=8.000ns})
  Path Group:             sys_clk_pin
  Path Type:              Hold (Min at Fast Process Corner)
  Requirement:            0.000ns  (sys_clk_pin rise@0.000ns - sys_clk_pin rise@0.000ns)
  Data Path Delay:        0.376ns  (logic 0.230ns (61.232%)  route 0.146ns (38.768%))
  Logic Levels:           1  (LUT4=1)
  Clock Path Skew:        0.000ns (DCD - SCD - CPR)
    Destination Clock Delay (DCD):    2.216ns
    Source Clock Delay      (SCD):    1.691ns
    Clock Pessimism Removal (CPR):    0.525ns

    Location             Delay type                Incr(ns)  Path(ns)    Netlist Resource(s)
  -------------------------------------------------------------------    -------------------
                         (clock sys_clk_pin rise edge)
                                                      0.000     0.000 r  
    K17                                               0.000     0.000 r  clk_125 (IN)
                         net (fo=0)                   0.000     0.000    clk_125
    K17                  IBUF (Prop_ibuf_I_O)         0.243     0.243 r  clk_125_IBUF_inst/O
                         net (fo=1, routed)           0.842     1.084    clk_125_IBUF
    BUFGCTRL_X0Y16       BUFG (Prop_bufg_I_O)         0.026     1.110 r  clk_125_IBUF_BUFG_inst/O
                         net (fo=17, routed)          0.581     1.691    U1/clk_125_IBUF_BUFG
    SLICE_X55Y42         FDRE                                         r  U1/compte48_reg[2]/C
  -------------------------------------------------------------------    -------------------
    SLICE_X55Y42         FDRE (Prop_fdre_C_Q)         0.128     1.819 r  U1/compte48_reg[2]/Q
                         net (fo=2, routed)           0.146     1.965    U1/compte48[2]
    SLICE_X55Y42         LUT4 (Prop_lut4_I3_O)        0.102     2.067 r  U1/compte48[2]_i_1/O
                         net (fo=1, routed)           0.000     2.067    U1/compte48[2]_i_1_n_0
    SLICE_X55Y42         FDRE                                         r  U1/compte48_reg[2]/D
  -------------------------------------------------------------------    -------------------

                         (clock sys_clk_pin rise edge)
                                                      0.000     0.000 r  
    K17                                               0.000     0.000 r  clk_125 (IN)
                         net (fo=0)                   0.000     0.000    clk_125
    K17                  IBUF (Prop_ibuf_I_O)         0.431     0.431 r  clk_125_IBUF_inst/O
                         net (fo=1, routed)           0.907     1.338    clk_125_IBUF
    BUFGCTRL_X0Y16       BUFG (Prop_bufg_I_O)         0.029     1.367 r  clk_125_IBUF_BUFG_inst/O
                         net (fo=17, routed)          0.849     2.216    U1/clk_125_IBUF_BUFG
    SLICE_X55Y42         FDRE                                         r  U1/compte48_reg[2]/C
                         clock pessimism             -0.525     1.691    
    SLICE_X55Y42         FDRE (Hold_fdre_C_D)         0.107     1.798    U1/compte48_reg[2]
  -------------------------------------------------------------------
                         required time                         -1.798    
                         arrival time                           2.067    
  -------------------------------------------------------------------
                         slack                                  0.269    

Slack (MET) :             0.278ns  (arrival time - required time)
  Source:                 U1/compte_reg[2]/C
                            (rising edge-triggered cell FDRE clocked by sys_clk_pin  {rise@0.000ns fall@4.000ns period=8.000ns})
  Destination:            U1/compte_reg[3]/D
                            (rising edge-triggered cell FDRE clocked by sys_clk_pin  {rise@0.000ns fall@4.000ns period=8.000ns})
  Path Group:             sys_clk_pin
  Path Type:              Hold (Min at Fast Process Corner)
  Requirement:            0.000ns  (sys_clk_pin rise@0.000ns - sys_clk_pin rise@0.000ns)
  Data Path Delay:        0.385ns  (logic 0.190ns (49.342%)  route 0.195ns (50.658%))
  Logic Levels:           1  (LUT5=1)
  Clock Path Skew:        0.000ns (DCD - SCD - CPR)
    Destination Clock Delay (DCD):    2.217ns
    Source Clock Delay      (SCD):    1.691ns
    Clock Pessimism Removal (CPR):    0.526ns

    Location             Delay type                Incr(ns)  Path(ns)    Netlist Resource(s)
  -------------------------------------------------------------------    -------------------
                         (clock sys_clk_pin rise edge)
                                                      0.000     0.000 r  
    K17                                               0.000     0.000 r  clk_125 (IN)
                         net (fo=0)                   0.000     0.000    clk_125
    K17                  IBUF (Prop_ibuf_I_O)         0.243     0.243 r  clk_125_IBUF_inst/O
                         net (fo=1, routed)           0.842     1.084    clk_125_IBUF
    BUFGCTRL_X0Y16       BUFG (Prop_bufg_I_O)         0.026     1.110 r  clk_125_IBUF_BUFG_inst/O
                         net (fo=17, routed)          0.581     1.691    U1/clk_125_IBUF_BUFG
    SLICE_X56Y38         FDRE                                         r  U1/compte_reg[2]/C
  -------------------------------------------------------------------    -------------------
    SLICE_X56Y38         FDRE (Prop_fdre_C_Q)         0.141     1.832 r  U1/compte_reg[2]/Q
                         net (fo=6, routed)           0.195     2.027    U1/compte[2]
    SLICE_X56Y38         LUT5 (Prop_lut5_I3_O)        0.049     2.076 r  U1/compte[3]_i_1/O
                         net (fo=1, routed)           0.000     2.076    U1/compte_0[3]
    SLICE_X56Y38         FDRE                                         r  U1/compte_reg[3]/D
  -------------------------------------------------------------------    -------------------

                         (clock sys_clk_pin rise edge)
                                                      0.000     0.000 r  
    K17                                               0.000     0.000 r  clk_125 (IN)
                         net (fo=0)                   0.000     0.000    clk_125
    K17                  IBUF (Prop_ibuf_I_O)         0.431     0.431 r  clk_125_IBUF_inst/O
                         net (fo=1, routed)           0.907     1.338    clk_125_IBUF
    BUFGCTRL_X0Y16       BUFG (Prop_bufg_I_O)         0.029     1.367 r  clk_125_IBUF_BUFG_inst/O
                         net (fo=17, routed)          0.850     2.217    U1/clk_125_IBUF_BUFG
    SLICE_X56Y38         FDRE                                         r  U1/compte_reg[3]/C
                         clock pessimism             -0.526     1.691    
    SLICE_X56Y38         FDRE (Hold_fdre_C_D)         0.107     1.798    U1/compte_reg[3]
  -------------------------------------------------------------------
                         required time                         -1.798    
                         arrival time                           2.076    
  -------------------------------------------------------------------
                         slack                                  0.278    

Slack (MET) :             0.279ns  (arrival time - required time)
  Source:                 U1/clk_div_reg/C
                            (rising edge-triggered cell FDRE clocked by sys_clk_pin  {rise@0.000ns fall@4.000ns period=8.000ns})
  Destination:            U1/clk_div_reg/D
                            (rising edge-triggered cell FDRE clocked by sys_clk_pin  {rise@0.000ns fall@4.000ns period=8.000ns})
  Path Group:             sys_clk_pin
  Path Type:              Hold (Min at Fast Process Corner)
  Requirement:            0.000ns  (sys_clk_pin rise@0.000ns - sys_clk_pin rise@0.000ns)
  Data Path Delay:        0.370ns  (logic 0.186ns (50.269%)  route 0.184ns (49.731%))
  Logic Levels:           1  (LUT6=1)
  Clock Path Skew:        0.000ns (DCD - SCD - CPR)
    Destination Clock Delay (DCD):    2.216ns
    Source Clock Delay      (SCD):    1.690ns
    Clock Pessimism Removal (CPR):    0.525ns

    Location             Delay type                Incr(ns)  Path(ns)    Netlist Resource(s)
  -------------------------------------------------------------------    -------------------
                         (clock sys_clk_pin rise edge)
                                                      0.000     0.000 r  
    K17                                               0.000     0.000 r  clk_125 (IN)
                         net (fo=0)                   0.000     0.000    clk_125
    K17                  IBUF (Prop_ibuf_I_O)         0.243     0.243 r  clk_125_IBUF_inst/O
                         net (fo=1, routed)           0.842     1.084    clk_125_IBUF
    BUFGCTRL_X0Y16       BUFG (Prop_bufg_I_O)         0.026     1.110 r  clk_125_IBUF_BUFG_inst/O
                         net (fo=17, routed)          0.580     1.690    U1/clk_125_IBUF_BUFG
    SLICE_X65Y51         FDRE                                         r  U1/clk_div_reg/C
  -------------------------------------------------------------------    -------------------
    SLICE_X65Y51         FDRE (Prop_fdre_C_Q)         0.141     1.831 r  U1/clk_div_reg/Q
                         net (fo=7, routed)           0.184     2.015    U1/CLK
    SLICE_X65Y51         LUT6 (Prop_lut6_I5_O)        0.045     2.060 r  U1/clk_div_i_1/O
                         net (fo=1, routed)           0.000     2.060    U1/clk_div_i_1_n_0
    SLICE_X65Y51         FDRE                                         r  U1/clk_div_reg/D
  -------------------------------------------------------------------    -------------------

                         (clock sys_clk_pin rise edge)
                                                      0.000     0.000 r  
    K17                                               0.000     0.000 r  clk_125 (IN)
                         net (fo=0)                   0.000     0.000    clk_125
    K17                  IBUF (Prop_ibuf_I_O)         0.431     0.431 r  clk_125_IBUF_inst/O
                         net (fo=1, routed)           0.907     1.338    clk_125_IBUF
    BUFGCTRL_X0Y16       BUFG (Prop_bufg_I_O)         0.029     1.367 r  clk_125_IBUF_BUFG_inst/O
                         net (fo=17, routed)          0.849     2.216    U1/clk_125_IBUF_BUFG
    SLICE_X65Y51         FDRE                                         r  U1/clk_div_reg/C
                         clock pessimism             -0.525     1.690    
    SLICE_X65Y51         FDRE (Hold_fdre_C_D)         0.091     1.781    U1/clk_div_reg
  -------------------------------------------------------------------
                         required time                         -1.781    
                         arrival time                           2.060    
  -------------------------------------------------------------------
                         slack                                  0.279    

Slack (MET) :             0.280ns  (arrival time - required time)
  Source:                 U1/compte_reg[5]/C
                            (rising edge-triggered cell FDRE clocked by sys_clk_pin  {rise@0.000ns fall@4.000ns period=8.000ns})
  Destination:            U1/compte_reg[5]/D
                            (rising edge-triggered cell FDRE clocked by sys_clk_pin  {rise@0.000ns fall@4.000ns period=8.000ns})
  Path Group:             sys_clk_pin
  Path Type:              Hold (Min at Fast Process Corner)
  Requirement:            0.000ns  (sys_clk_pin rise@0.000ns - sys_clk_pin rise@0.000ns)
  Data Path Delay:        0.371ns  (logic 0.186ns (50.171%)  route 0.185ns (49.829%))
  Logic Levels:           1  (LUT3=1)
  Clock Path Skew:        0.000ns (DCD - SCD - CPR)
    Destination Clock Delay (DCD):    2.218ns
    Source Clock Delay      (SCD):    1.692ns
    Clock Pessimism Removal (CPR):    0.526ns

    Location             Delay type                Incr(ns)  Path(ns)    Netlist Resource(s)
  -------------------------------------------------------------------    -------------------
                         (clock sys_clk_pin rise edge)
                                                      0.000     0.000 r  
    K17                                               0.000     0.000 r  clk_125 (IN)
                         net (fo=0)                   0.000     0.000    clk_125
    K17                  IBUF (Prop_ibuf_I_O)         0.243     0.243 r  clk_125_IBUF_inst/O
                         net (fo=1, routed)           0.842     1.084    clk_125_IBUF
    BUFGCTRL_X0Y16       BUFG (Prop_bufg_I_O)         0.026     1.110 r  clk_125_IBUF_BUFG_inst/O
                         net (fo=17, routed)          0.582     1.692    U1/clk_125_IBUF_BUFG
    SLICE_X56Y40         FDRE                                         r  U1/compte_reg[5]/C
  -------------------------------------------------------------------    -------------------
    SLICE_X56Y40         FDRE (Prop_fdre_C_Q)         0.141     1.833 r  U1/compte_reg[5]/Q
                         net (fo=3, routed)           0.185     2.018    U1/compte[5]
    SLICE_X56Y40         LUT3 (Prop_lut3_I2_O)        0.045     2.063 r  U1/compte[5]_i_1/O
                         net (fo=1, routed)           0.000     2.063    U1/compte_0[5]
    SLICE_X56Y40         FDRE                                         r  U1/compte_reg[5]/D
  -------------------------------------------------------------------    -------------------

                         (clock sys_clk_pin rise edge)
                                                      0.000     0.000 r  
    K17                                               0.000     0.000 r  clk_125 (IN)
                         net (fo=0)                   0.000     0.000    clk_125
    K17                  IBUF (Prop_ibuf_I_O)         0.431     0.431 r  clk_125_IBUF_inst/O
                         net (fo=1, routed)           0.907     1.338    clk_125_IBUF
    BUFGCTRL_X0Y16       BUFG (Prop_bufg_I_O)         0.029     1.367 r  clk_125_IBUF_BUFG_inst/O
                         net (fo=17, routed)          0.851     2.218    U1/clk_125_IBUF_BUFG
    SLICE_X56Y40         FDRE                                         r  U1/compte_reg[5]/C
                         clock pessimism             -0.526     1.692    
    SLICE_X56Y40         FDRE (Hold_fdre_C_D)         0.091     1.783    U1/compte_reg[5]
  -------------------------------------------------------------------
                         required time                         -1.783    
                         arrival time                           2.063    
  -------------------------------------------------------------------
                         slack                                  0.280    

Slack (MET) :             0.280ns  (arrival time - required time)
  Source:                 U1/compte_reg[6]/C
                            (rising edge-triggered cell FDRE clocked by sys_clk_pin  {rise@0.000ns fall@4.000ns period=8.000ns})
  Destination:            U1/compte_reg[6]/D
                            (rising edge-triggered cell FDRE clocked by sys_clk_pin  {rise@0.000ns fall@4.000ns period=8.000ns})
  Path Group:             sys_clk_pin
  Path Type:              Hold (Min at Fast Process Corner)
  Requirement:            0.000ns  (sys_clk_pin rise@0.000ns - sys_clk_pin rise@0.000ns)
  Data Path Delay:        0.371ns  (logic 0.186ns (50.171%)  route 0.185ns (49.829%))
  Logic Levels:           1  (LUT3=1)
  Clock Path Skew:        0.000ns (DCD - SCD - CPR)
    Destination Clock Delay (DCD):    2.217ns
    Source Clock Delay      (SCD):    1.691ns
    Clock Pessimism Removal (CPR):    0.526ns

    Location             Delay type                Incr(ns)  Path(ns)    Netlist Resource(s)
  -------------------------------------------------------------------    -------------------
                         (clock sys_clk_pin rise edge)
                                                      0.000     0.000 r  
    K17                                               0.000     0.000 r  clk_125 (IN)
                         net (fo=0)                   0.000     0.000    clk_125
    K17                  IBUF (Prop_ibuf_I_O)         0.243     0.243 r  clk_125_IBUF_inst/O
                         net (fo=1, routed)           0.842     1.084    clk_125_IBUF
    BUFGCTRL_X0Y16       BUFG (Prop_bufg_I_O)         0.026     1.110 r  clk_125_IBUF_BUFG_inst/O
                         net (fo=17, routed)          0.581     1.691    U1/clk_125_IBUF_BUFG
    SLICE_X56Y39         FDRE                                         r  U1/compte_reg[6]/C
  -------------------------------------------------------------------    -------------------
    SLICE_X56Y39         FDRE (Prop_fdre_C_Q)         0.141     1.832 r  U1/compte_reg[6]/Q
                         net (fo=3, routed)           0.185     2.017    U1/compte[6]
    SLICE_X56Y39         LUT3 (Prop_lut3_I2_O)        0.045     2.062 r  U1/compte[6]_i_1/O
                         net (fo=1, routed)           0.000     2.062    U1/compte_0[6]
    SLICE_X56Y39         FDRE                                         r  U1/compte_reg[6]/D
  -------------------------------------------------------------------    -------------------

                         (clock sys_clk_pin rise edge)
                                                      0.000     0.000 r  
    K17                                               0.000     0.000 r  clk_125 (IN)
                         net (fo=0)                   0.000     0.000    clk_125
    K17                  IBUF (Prop_ibuf_I_O)         0.431     0.431 r  clk_125_IBUF_inst/O
                         net (fo=1, routed)           0.907     1.338    clk_125_IBUF
    BUFGCTRL_X0Y16       BUFG (Prop_bufg_I_O)         0.029     1.367 r  clk_125_IBUF_BUFG_inst/O
                         net (fo=17, routed)          0.850     2.217    U1/clk_125_IBUF_BUFG
    SLICE_X56Y39         FDRE                                         r  U1/compte_reg[6]/C
                         clock pessimism             -0.526     1.691    
    SLICE_X56Y39         FDRE (Hold_fdre_C_D)         0.091     1.782    U1/compte_reg[6]
  -------------------------------------------------------------------
                         required time                         -1.782    
                         arrival time                           2.062    
  -------------------------------------------------------------------
                         slack                                  0.280    

Slack (MET) :             0.281ns  (arrival time - required time)
  Source:                 U1/compte_sel_reg[3]/C
                            (rising edge-triggered cell FDRE clocked by sys_clk_pin  {rise@0.000ns fall@4.000ns period=8.000ns})
  Destination:            U1/compte_sel_reg[3]/D
                            (rising edge-triggered cell FDRE clocked by sys_clk_pin  {rise@0.000ns fall@4.000ns period=8.000ns})
  Path Group:             sys_clk_pin
  Path Type:              Hold (Min at Fast Process Corner)
  Requirement:            0.000ns  (sys_clk_pin rise@0.000ns - sys_clk_pin rise@0.000ns)
  Data Path Delay:        0.412ns  (logic 0.249ns (60.408%)  route 0.163ns (39.592%))
  Logic Levels:           1  (LUT4=1)
  Clock Path Skew:        0.000ns (DCD - SCD - CPR)
    Destination Clock Delay (DCD):    2.216ns
    Source Clock Delay      (SCD):    1.690ns
    Clock Pessimism Removal (CPR):    0.525ns

    Location             Delay type                Incr(ns)  Path(ns)    Netlist Resource(s)
  -------------------------------------------------------------------    -------------------
                         (clock sys_clk_pin rise edge)
                                                      0.000     0.000 r  
    K17                                               0.000     0.000 r  clk_125 (IN)
                         net (fo=0)                   0.000     0.000    clk_125
    K17                  IBUF (Prop_ibuf_I_O)         0.243     0.243 r  clk_125_IBUF_inst/O
                         net (fo=1, routed)           0.842     1.084    clk_125_IBUF
    BUFGCTRL_X0Y16       BUFG (Prop_bufg_I_O)         0.026     1.110 r  clk_125_IBUF_BUFG_inst/O
                         net (fo=17, routed)          0.580     1.690    U1/clk_125_IBUF_BUFG
    SLICE_X66Y51         FDRE                                         r  U1/compte_sel_reg[3]/C
  -------------------------------------------------------------------    -------------------
    SLICE_X66Y51         FDRE (Prop_fdre_C_Q)         0.148     1.838 r  U1/compte_sel_reg[3]/Q
                         net (fo=3, routed)           0.163     2.001    U1/compte_sel_reg[3]
    SLICE_X66Y51         LUT4 (Prop_lut4_I3_O)        0.101     2.102 r  U1/compte_sel[3]_i_3/O
                         net (fo=1, routed)           0.000     2.102    U1/p_0_in[3]
    SLICE_X66Y51         FDRE                                         r  U1/compte_sel_reg[3]/D
  -------------------------------------------------------------------    -------------------

                         (clock sys_clk_pin rise edge)
                                                      0.000     0.000 r  
    K17                                               0.000     0.000 r  clk_125 (IN)
                         net (fo=0)                   0.000     0.000    clk_125
    K17                  IBUF (Prop_ibuf_I_O)         0.431     0.431 r  clk_125_IBUF_inst/O
                         net (fo=1, routed)           0.907     1.338    clk_125_IBUF
    BUFGCTRL_X0Y16       BUFG (Prop_bufg_I_O)         0.029     1.367 r  clk_125_IBUF_BUFG_inst/O
                         net (fo=17, routed)          0.849     2.216    U1/clk_125_IBUF_BUFG
    SLICE_X66Y51         FDRE                                         r  U1/compte_sel_reg[3]/C
                         clock pessimism             -0.525     1.690    
    SLICE_X66Y51         FDRE (Hold_fdre_C_D)         0.131     1.821    U1/compte_sel_reg[3]
  -------------------------------------------------------------------
                         required time                         -1.821    
                         arrival time                           2.102    
  -------------------------------------------------------------------
                         slack                                  0.281    

Slack (MET) :             0.282ns  (arrival time - required time)
  Source:                 U1/compte48_reg[2]/C
                            (rising edge-triggered cell FDRE clocked by sys_clk_pin  {rise@0.000ns fall@4.000ns period=8.000ns})
  Destination:            U1/clk48_int_reg/D
                            (rising edge-triggered cell FDRE clocked by sys_clk_pin  {rise@0.000ns fall@4.000ns period=8.000ns})
  Path Group:             sys_clk_pin
  Path Type:              Hold (Min at Fast Process Corner)
  Requirement:            0.000ns  (sys_clk_pin rise@0.000ns - sys_clk_pin rise@0.000ns)
  Data Path Delay:        0.373ns  (logic 0.227ns (60.919%)  route 0.146ns (39.081%))
  Logic Levels:           1  (LUT5=1)
  Clock Path Skew:        0.000ns (DCD - SCD - CPR)
    Destination Clock Delay (DCD):    2.216ns
    Source Clock Delay      (SCD):    1.691ns
    Clock Pessimism Removal (CPR):    0.525ns

    Location             Delay type                Incr(ns)  Path(ns)    Netlist Resource(s)
  -------------------------------------------------------------------    -------------------
                         (clock sys_clk_pin rise edge)
                                                      0.000     0.000 r  
    K17                                               0.000     0.000 r  clk_125 (IN)
                         net (fo=0)                   0.000     0.000    clk_125
    K17                  IBUF (Prop_ibuf_I_O)         0.243     0.243 r  clk_125_IBUF_inst/O
                         net (fo=1, routed)           0.842     1.084    clk_125_IBUF
    BUFGCTRL_X0Y16       BUFG (Prop_bufg_I_O)         0.026     1.110 r  clk_125_IBUF_BUFG_inst/O
                         net (fo=17, routed)          0.581     1.691    U1/clk_125_IBUF_BUFG
    SLICE_X55Y42         FDRE                                         r  U1/compte48_reg[2]/C
  -------------------------------------------------------------------    -------------------
    SLICE_X55Y42         FDRE (Prop_fdre_C_Q)         0.128     1.819 r  U1/compte48_reg[2]/Q
                         net (fo=2, routed)           0.146     1.965    U1/compte48[2]
    SLICE_X55Y42         LUT5 (Prop_lut5_I1_O)        0.099     2.064 r  U1/clk48_int_i_1/O
                         net (fo=1, routed)           0.000     2.064    U1/clk48_int_i_1_n_0
    SLICE_X55Y42         FDRE                                         r  U1/clk48_int_reg/D
  -------------------------------------------------------------------    -------------------

                         (clock sys_clk_pin rise edge)
                                                      0.000     0.000 r  
    K17                                               0.000     0.000 r  clk_125 (IN)
                         net (fo=0)                   0.000     0.000    clk_125
    K17                  IBUF (Prop_ibuf_I_O)         0.431     0.431 r  clk_125_IBUF_inst/O
                         net (fo=1, routed)           0.907     1.338    clk_125_IBUF
    BUFGCTRL_X0Y16       BUFG (Prop_bufg_I_O)         0.029     1.367 r  clk_125_IBUF_BUFG_inst/O
                         net (fo=17, routed)          0.849     2.216    U1/clk_125_IBUF_BUFG
    SLICE_X55Y42         FDRE                                         r  U1/clk48_int_reg/C
                         clock pessimism             -0.525     1.691    
    SLICE_X55Y42         FDRE (Hold_fdre_C_D)         0.091     1.782    U1/clk48_int_reg
  -------------------------------------------------------------------
                         required time                         -1.782    
                         arrival time                           2.064    
  -------------------------------------------------------------------
                         slack                                  0.282    

Slack (MET) :             0.286ns  (arrival time - required time)
  Source:                 U1/compte_reg[3]/C
                            (rising edge-triggered cell FDRE clocked by sys_clk_pin  {rise@0.000ns fall@4.000ns period=8.000ns})
  Destination:            U1/compte_reg[4]/D
                            (rising edge-triggered cell FDRE clocked by sys_clk_pin  {rise@0.000ns fall@4.000ns period=8.000ns})
  Path Group:             sys_clk_pin
  Path Type:              Hold (Min at Fast Process Corner)
  Requirement:            0.000ns  (sys_clk_pin rise@0.000ns - sys_clk_pin rise@0.000ns)
  Data Path Delay:        0.378ns  (logic 0.226ns (59.842%)  route 0.152ns (40.158%))
  Logic Levels:           1  (LUT6=1)
  Clock Path Skew:        0.000ns (DCD - SCD - CPR)
    Destination Clock Delay (DCD):    2.217ns
    Source Clock Delay      (SCD):    1.691ns
    Clock Pessimism Removal (CPR):    0.526ns

    Location             Delay type                Incr(ns)  Path(ns)    Netlist Resource(s)
  -------------------------------------------------------------------    -------------------
                         (clock sys_clk_pin rise edge)
                                                      0.000     0.000 r  
    K17                                               0.000     0.000 r  clk_125 (IN)
                         net (fo=0)                   0.000     0.000    clk_125
    K17                  IBUF (Prop_ibuf_I_O)         0.243     0.243 r  clk_125_IBUF_inst/O
                         net (fo=1, routed)           0.842     1.084    clk_125_IBUF
    BUFGCTRL_X0Y16       BUFG (Prop_bufg_I_O)         0.026     1.110 r  clk_125_IBUF_BUFG_inst/O
                         net (fo=17, routed)          0.581     1.691    U1/clk_125_IBUF_BUFG
    SLICE_X56Y38         FDRE                                         r  U1/compte_reg[3]/C
  -------------------------------------------------------------------    -------------------
    SLICE_X56Y38         FDRE (Prop_fdre_C_Q)         0.128     1.819 r  U1/compte_reg[3]/Q
                         net (fo=5, routed)           0.152     1.971    U1/compte[3]
    SLICE_X56Y38         LUT6 (Prop_lut6_I3_O)        0.098     2.069 r  U1/compte[4]_i_1/O
                         net (fo=1, routed)           0.000     2.069    U1/compte_0[4]
    SLICE_X56Y38         FDRE                                         r  U1/compte_reg[4]/D
  -------------------------------------------------------------------    -------------------

                         (clock sys_clk_pin rise edge)
                                                      0.000     0.000 r  
    K17                                               0.000     0.000 r  clk_125 (IN)
                         net (fo=0)                   0.000     0.000    clk_125
    K17                  IBUF (Prop_ibuf_I_O)         0.431     0.431 r  clk_125_IBUF_inst/O
                         net (fo=1, routed)           0.907     1.338    clk_125_IBUF
    BUFGCTRL_X0Y16       BUFG (Prop_bufg_I_O)         0.029     1.367 r  clk_125_IBUF_BUFG_inst/O
                         net (fo=17, routed)          0.850     2.217    U1/clk_125_IBUF_BUFG
    SLICE_X56Y38         FDRE                                         r  U1/compte_reg[4]/C
                         clock pessimism             -0.526     1.691    
    SLICE_X56Y38         FDRE (Hold_fdre_C_D)         0.092     1.783    U1/compte_reg[4]
  -------------------------------------------------------------------
                         required time                         -1.783    
                         arrival time                           2.069    
  -------------------------------------------------------------------
                         slack                                  0.286    

Slack (MET) :             0.289ns  (arrival time - required time)
  Source:                 U1/compte_reg[2]/C
                            (rising edge-triggered cell FDRE clocked by sys_clk_pin  {rise@0.000ns fall@4.000ns period=8.000ns})
  Destination:            U1/compte_reg[2]/D
                            (rising edge-triggered cell FDRE clocked by sys_clk_pin  {rise@0.000ns fall@4.000ns period=8.000ns})
  Path Group:             sys_clk_pin
  Path Type:              Hold (Min at Fast Process Corner)
  Requirement:            0.000ns  (sys_clk_pin rise@0.000ns - sys_clk_pin rise@0.000ns)
  Data Path Delay:        0.381ns  (logic 0.186ns (48.810%)  route 0.195ns (51.190%))
  Logic Levels:           1  (LUT4=1)
  Clock Path Skew:        0.000ns (DCD - SCD - CPR)
    Destination Clock Delay (DCD):    2.217ns
    Source Clock Delay      (SCD):    1.691ns
    Clock Pessimism Removal (CPR):    0.526ns

    Location             Delay type                Incr(ns)  Path(ns)    Netlist Resource(s)
  -------------------------------------------------------------------    -------------------
                         (clock sys_clk_pin rise edge)
                                                      0.000     0.000 r  
    K17                                               0.000     0.000 r  clk_125 (IN)
                         net (fo=0)                   0.000     0.000    clk_125
    K17                  IBUF (Prop_ibuf_I_O)         0.243     0.243 r  clk_125_IBUF_inst/O
                         net (fo=1, routed)           0.842     1.084    clk_125_IBUF
    BUFGCTRL_X0Y16       BUFG (Prop_bufg_I_O)         0.026     1.110 r  clk_125_IBUF_BUFG_inst/O
                         net (fo=17, routed)          0.581     1.691    U1/clk_125_IBUF_BUFG
    SLICE_X56Y38         FDRE                                         r  U1/compte_reg[2]/C
  -------------------------------------------------------------------    -------------------
    SLICE_X56Y38         FDRE (Prop_fdre_C_Q)         0.141     1.832 r  U1/compte_reg[2]/Q
                         net (fo=6, routed)           0.195     2.027    U1/compte[2]
    SLICE_X56Y38         LUT4 (Prop_lut4_I3_O)        0.045     2.072 r  U1/compte[2]_i_1/O
                         net (fo=1, routed)           0.000     2.072    U1/compte_0[2]
    SLICE_X56Y38         FDRE                                         r  U1/compte_reg[2]/D
  -------------------------------------------------------------------    -------------------

                         (clock sys_clk_pin rise edge)
                                                      0.000     0.000 r  
    K17                                               0.000     0.000 r  clk_125 (IN)
                         net (fo=0)                   0.000     0.000    clk_125
    K17                  IBUF (Prop_ibuf_I_O)         0.431     0.431 r  clk_125_IBUF_inst/O
                         net (fo=1, routed)           0.907     1.338    clk_125_IBUF
    BUFGCTRL_X0Y16       BUFG (Prop_bufg_I_O)         0.029     1.367 r  clk_125_IBUF_BUFG_inst/O
                         net (fo=17, routed)          0.850     2.217    U1/clk_125_IBUF_BUFG
    SLICE_X56Y38         FDRE                                         r  U1/compte_reg[2]/C
                         clock pessimism             -0.526     1.691    
    SLICE_X56Y38         FDRE (Hold_fdre_C_D)         0.092     1.783    U1/compte_reg[2]
  -------------------------------------------------------------------
                         required time                         -1.783    
                         arrival time                           2.072    
  -------------------------------------------------------------------
                         slack                                  0.289    





Pulse Width Checks
--------------------------------------------------------------------------------------
Clock Name:         sys_clk_pin
Waveform(ns):       { 0.000 4.000 }
Period(ns):         8.000
Sources:            { clk_125 }

Check Type        Corner  Lib Pin  Reference Pin  Required(ns)  Actual(ns)  Slack(ns)  Location        Pin
Min Period        n/a     BUFG/I   n/a            2.155         8.000       5.845      BUFGCTRL_X0Y16  clk_125_IBUF_BUFG_inst/I
Min Period        n/a     FDRE/C   n/a            1.000         8.000       7.000      SLICE_X55Y42    U1/clk48_int_reg/C
Min Period        n/a     FDRE/C   n/a            1.000         8.000       7.000      SLICE_X65Y51    U1/clk_div_reg/C
Min Period        n/a     FDRE/C   n/a            1.000         8.000       7.000      SLICE_X55Y42    U1/compte48_reg[0]/C
Min Period        n/a     FDRE/C   n/a            1.000         8.000       7.000      SLICE_X55Y42    U1/compte48_reg[1]/C
Min Period        n/a     FDRE/C   n/a            1.000         8.000       7.000      SLICE_X55Y42    U1/compte48_reg[2]/C
Min Period        n/a     FDRE/C   n/a            1.000         8.000       7.000      SLICE_X56Y38    U1/compte_reg[0]/C
Min Period        n/a     FDRE/C   n/a            1.000         8.000       7.000      SLICE_X56Y38    U1/compte_reg[1]/C
Min Period        n/a     FDRE/C   n/a            1.000         8.000       7.000      SLICE_X56Y38    U1/compte_reg[2]/C
Min Period        n/a     FDRE/C   n/a            1.000         8.000       7.000      SLICE_X56Y38    U1/compte_reg[3]/C
Low Pulse Width   Slow    FDRE/C   n/a            0.500         4.000       3.500      SLICE_X55Y42    U1/clk48_int_reg/C
Low Pulse Width   Slow    FDRE/C   n/a            0.500         4.000       3.500      SLICE_X65Y51    U1/clk_div_reg/C
Low Pulse Width   Slow    FDRE/C   n/a            0.500         4.000       3.500      SLICE_X55Y42    U1/compte48_reg[0]/C
Low Pulse Width   Slow    FDRE/C   n/a            0.500         4.000       3.500      SLICE_X55Y42    U1/compte48_reg[1]/C
Low Pulse Width   Slow    FDRE/C   n/a            0.500         4.000       3.500      SLICE_X55Y42    U1/compte48_reg[2]/C
Low Pulse Width   Slow    FDRE/C   n/a            0.500         4.000       3.500      SLICE_X56Y38    U1/compte_reg[0]/C
Low Pulse Width   Slow    FDRE/C   n/a            0.500         4.000       3.500      SLICE_X56Y38    U1/compte_reg[1]/C
Low Pulse Width   Slow    FDRE/C   n/a            0.500         4.000       3.500      SLICE_X56Y38    U1/compte_reg[2]/C
Low Pulse Width   Slow    FDRE/C   n/a            0.500         4.000       3.500      SLICE_X56Y38    U1/compte_reg[3]/C
Low Pulse Width   Slow    FDRE/C   n/a            0.500         4.000       3.500      SLICE_X56Y38    U1/compte_reg[4]/C
High Pulse Width  Fast    FDRE/C   n/a            0.500         4.000       3.500      SLICE_X55Y42    U1/clk48_int_reg/C
High Pulse Width  Fast    FDRE/C   n/a            0.500         4.000       3.500      SLICE_X65Y51    U1/clk_div_reg/C
High Pulse Width  Fast    FDRE/C   n/a            0.500         4.000       3.500      SLICE_X55Y42    U1/compte48_reg[0]/C
High Pulse Width  Fast    FDRE/C   n/a            0.500         4.000       3.500      SLICE_X55Y42    U1/compte48_reg[1]/C
High Pulse Width  Fast    FDRE/C   n/a            0.500         4.000       3.500      SLICE_X55Y42    U1/compte48_reg[2]/C
High Pulse Width  Fast    FDRE/C   n/a            0.500         4.000       3.500      SLICE_X56Y38    U1/compte_reg[0]/C
High Pulse Width  Fast    FDRE/C   n/a            0.500         4.000       3.500      SLICE_X56Y38    U1/compte_reg[1]/C
High Pulse Width  Fast    FDRE/C   n/a            0.500         4.000       3.500      SLICE_X56Y38    U1/compte_reg[2]/C
High Pulse Width  Fast    FDRE/C   n/a            0.500         4.000       3.500      SLICE_X56Y38    U1/compte_reg[3]/C
High Pulse Width  Fast    FDRE/C   n/a            0.500         4.000       3.500      SLICE_X56Y38    U1/compte_reg[4]/C



