22:48:27 **** Incremental Build of configuration Debug for project Mes_Perf ****
make all 
make --no-print-directory pre-build
a9-linaro-pre-build-step
' '
make --no-print-directory main-build
'Building file: ../src/TP1_Mes_Perf.c'
'Invoking: ARM v7 gcc compiler'
arm-none-eabi-gcc -Wall -O0 -g3 -c -fmessage-length=0 -MT"src/TP1_Mes_Perf.o" -mcpu=cortex-a9 -mfpu=vfpv3 -mfloat-abi=hard -IC:/Users/Thomas/Desktop/TP_MISTRE/TP_PROCESSEUR/Projet_Vitis/PS_Only_ZyboZ7/export/PS_Only_ZyboZ7/sw/PS_Only_ZyboZ7/standalone_ps7_cortexa9_0/bspinclude/include -MMD -MP -MF"src/TP1_Mes_Perf.d" -MT"src/TP1_Mes_Perf.o" -o "src/TP1_Mes_Perf.o" "../src/TP1_Mes_Perf.c"
'Finished building: ../src/TP1_Mes_Perf.c'
' '
'Building target: Mes_Perf.elf'
'Invoking: ARM v7 gcc linker'
arm-none-eabi-gcc -mcpu=cortex-a9 -mfpu=vfpv3 -mfloat-abi=hard -Wl,-build-id=none -specs=Xilinx.spec -Wl,-T -Wl,../src/lscript.ld -LC:/Users/Thomas/Desktop/TP_MISTRE/TP_PROCESSEUR/Projet_Vitis/PS_Only_ZyboZ7/export/PS_Only_ZyboZ7/sw/PS_Only_ZyboZ7/standalone_ps7_cortexa9_0/bsplib/lib -o "Mes_Perf.elf"  ./src/TP1_Mes_Perf.o   -Wl,--start-group,-lxil,-lgcc,-lc,--end-group
'Finished building target: Mes_Perf.elf'
' '
'Invoking: ARM v7 Print Size'
arm-none-eabi-size Mes_Perf.elf  |tee "Mes_Perf.elf.size"
   text	   data	    bss	    dec	    hex	filename
  26568	   1152	  22680	  50400	   c4e0	Mes_Perf.elf
'Finished building: Mes_Perf.elf.size'
' '

22:48:28 Build Finished (took 590ms)

