20:31:20 **** Incremental Build of configuration Debug for project test_dma ****
make all 
make --no-print-directory pre-build
a9-linaro-pre-build-step
' '
make --no-print-directory main-build
'Building file: ../src/test_DMA.c'
'Invoking: ARM v7 gcc compiler'
arm-none-eabi-gcc -Wall -O0 -g3 -c -fmessage-length=0 -MT"src/test_DMA.o" -mcpu=cortex-a9 -mfpu=vfpv3 -mfloat-abi=hard -IC:/Users/Thomas/Desktop/TP_MISTRE/TP_PROCESSEUR/Projet_Vitis/PS_ET_BRAM/export/PS_ET_BRAM/sw/PS_ET_BRAM/standalone_ps7_cortexa9_0/bspinclude/include -MMD -MP -MF"src/test_DMA.d" -MT"src/test_DMA.o" -o "src/test_DMA.o" "../src/test_DMA.c"
'Finished building: ../src/test_DMA.c'
' '
'Building target: test_dma.elf'
'Invoking: ARM v7 gcc linker'
arm-none-eabi-gcc -mcpu=cortex-a9 -mfpu=vfpv3 -mfloat-abi=hard -Wl,-build-id=none -specs=Xilinx.spec -Wl,-T -Wl,../src/lscript.ld -LC:/Users/Thomas/Desktop/TP_MISTRE/TP_PROCESSEUR/Projet_Vitis/PS_ET_BRAM/export/PS_ET_BRAM/sw/PS_ET_BRAM/standalone_ps7_cortexa9_0/bsplib/lib -o "test_dma.elf"  ./src/test_DMA.o   -Wl,--start-group,-lxil,-lgcc,-lc,--end-group
'Finished building target: test_dma.elf'
' '
'Invoking: ARM v7 Print Size'
arm-none-eabi-size test_dma.elf  |tee "test_dma.elf.size"
   text	   data	    bss	    dec	    hex	filename
  36856	   1944	  25096	  63896	   f998	test_dma.elf
'Finished building: test_dma.elf.size'
' '

20:31:20 Build Finished (took 716ms)

