09:08:02 **** Incremental Build of configuration Debug for project TP2 ****
make all 
make --no-print-directory pre-build
a9-linaro-pre-build-step
' '
make --no-print-directory main-build
'Building file: ../src/TP2_filter_FIR.c'
'Invoking: ARM v7 gcc compiler'
arm-none-eabi-gcc -Wall -O0 -g3 -c -fmessage-length=0 -MT"src/TP2_filter_FIR.o" -mcpu=cortex-a9 -mfpu=vfpv3 -mfloat-abi=hard -IC:/Users/Thomas/Desktop/TP_MISTRE/TP_PROCESSEUR/Projet_Vitis/PS_Only_ZyboZ7/export/PS_Only_ZyboZ7/sw/PS_Only_ZyboZ7/standalone_ps7_cortexa9_0/bspinclude/include -MMD -MP -MF"src/TP2_filter_FIR.d" -MT"src/TP2_filter_FIR.o" -o "src/TP2_filter_FIR.o" "../src/TP2_filter_FIR.c"
'Finished building: ../src/TP2_filter_FIR.c'
' '
'Building target: TP2.elf'
'Invoking: ARM v7 gcc linker'
arm-none-eabi-gcc -mcpu=cortex-a9 -mfpu=vfpv3 -mfloat-abi=hard -Wl,-build-id=none -specs=Xilinx.spec -Wl,-T -Wl,../src/lscript.ld -LC:/Users/Thomas/Desktop/TP_MISTRE/TP_PROCESSEUR/Projet_Vitis/PS_Only_ZyboZ7/export/PS_Only_ZyboZ7/sw/PS_Only_ZyboZ7/standalone_ps7_cortexa9_0/bsplib/lib -o "TP2.elf"  ./src/TP2_filter_FIR.o   -Wl,--start-group,-lxil,-lgcc,-lc,--end-group
'Finished building target: TP2.elf'
' '
'Invoking: ARM v7 Print Size'
arm-none-eabi-size TP2.elf  |tee "TP2.elf.size"
   text	   data	    bss	    dec	    hex	filename
  50048	   4684	  23696	  78428	  1325c	TP2.elf
'Finished building: TP2.elf.size'
' '

09:08:03 Build Finished (took 656ms)

