20:05:42 **** Incremental Build of configuration Debug for project TP3_channel14 ****
make all 
make --no-print-directory pre-build
a9-linaro-pre-build-step
' '
make --no-print-directory main-build
'Building file: ../src/TP1_Mes_Perf.c'
'Invoking: ARM v7 gcc compiler'
arm-none-eabi-gcc -Wall -O0 -g3 -c -fmessage-length=0 -MT"src/TP1_Mes_Perf.o" -mcpu=cortex-a9 -mfpu=vfpv3 -mfloat-abi=hard -IC:/Users/Thomas/Desktop/TP_MISTRE/TP_PROCESSEUR/Projet_Vitis/XADC_SingleCh14/export/XADC_SingleCh14/sw/XADC_SingleCh14/standalone_ps7_cortexa9_0/bspinclude/include -MMD -MP -MF"src/TP1_Mes_Perf.d" -MT"src/TP1_Mes_Perf.o" -o "src/TP1_Mes_Perf.o" "../src/TP1_Mes_Perf.c"
../src/TP1_Mes_Perf.c: In function 'main':
../src/TP1_Mes_Perf.c:93:4: warning: implicit declaration of function 'init_GPIO' [-Wimplicit-function-declaration]
   93 |    init_GPIO(); //Init GPIO
      |    ^~~~~~~~~
../src/TP1_Mes_Perf.c:66:17: warning: unused variable 'CntValue1' [-Wunused-variable]
   66 |    volatile u32 CntValue1 = 0;
      |                 ^~~~~~~~~
../src/TP1_Mes_Perf.c:64:27: warning: unused variable 'iWait' [-Wunused-variable]
   64 |    volatile unsigned long iWait; //to make a non optimized wait loop
      |                           ^~~~~
../src/TP1_Mes_Perf.c: At top level:
../src/TP1_Mes_Perf.c:182:6: warning: conflicting types for 'init_GPIO'
  182 | void init_GPIO(void)
      |      ^~~~~~~~~
../src/TP1_Mes_Perf.c:93:4: note: previous implicit declaration of 'init_GPIO' was here
   93 |    init_GPIO(); //Init GPIO
      |    ^~~~~~~~~
'Finished building: ../src/TP1_Mes_Perf.c'
' '
'Building target: TP3_channel14.elf'
'Invoking: ARM v7 gcc linker'
arm-none-eabi-gcc -mcpu=cortex-a9 -mfpu=vfpv3 -mfloat-abi=hard -Wl,-build-id=none -specs=Xilinx.spec -Wl,-T -Wl,../src/lscript.ld -LC:/Users/Thomas/Desktop/TP_MISTRE/TP_PROCESSEUR/Projet_Vitis/XADC_SingleCh14/export/XADC_SingleCh14/sw/XADC_SingleCh14/standalone_ps7_cortexa9_0/bsplib/lib -o "TP3_channel14.elf"  ./src/TP1_Mes_Perf.o ./src/platform.o   -Wl,--start-group,-lxil,-lgcc,-lc,--end-group
'Finished building target: TP3_channel14.elf'
' '
'Invoking: ARM v7 Print Size'
arm-none-eabi-size TP3_channel14.elf  |tee "TP3_channel14.elf.size"
   text	   data	    bss	    dec	    hex	filename
  44612	   1952	  24696	  71260	  1165c	TP3_channel14.elf
'Finished building: TP3_channel14.elf.size'
' '

20:05:44 Build Finished (took 1s.585ms)

