15:13:21 INFO  : Launching XSCT server: xsct.bat -n  -interactive C:\Users\Thomas\Desktop\TP_MISTRE\TP_PROCESSEUR\Projet_Vitis\temp_xsdb_launch_script.tcl
15:13:21 INFO  : Registering command handlers for Vitis TCF services
15:13:22 INFO  : XSCT server has started successfully.
15:13:22 INFO  : Successfully done setting XSCT server connection channel  
15:13:22 INFO  : Successfully done setting workspace for the tool. 
15:13:22 INFO  : Successfully done query RDI_DATADIR 
15:13:22 INFO  : plnx-install-location is set to ''
15:13:22 INFO  : Platform repository initialization has completed.
15:17:43 INFO  : Result from executing command 'getProjects': PS_Only_ZyboZ7
15:17:43 INFO  : Result from executing command 'getPlatforms': 
15:17:43 WARN  : An unexpected exception occurred in the module 'platform project logging'
15:17:43 INFO  : Platform 'PS_Only_ZyboZ7' is added to custom repositories.
15:17:48 INFO  : Platform 'PS_Only_ZyboZ7' is added to custom repositories.
16:01:08 INFO  : Result from executing command 'getProjects': PS_Only_ZyboZ7
16:01:08 INFO  : Result from executing command 'getPlatforms': PS_Only_ZyboZ7|C:/Users/Thomas/Desktop/TP_MISTRE/TP_PROCESSEUR/Projet_Vitis/PS_Only_ZyboZ7/export/PS_Only_ZyboZ7/PS_Only_ZyboZ7.xpfm
16:01:08 INFO  : Checking for BSP changes to sync application flags for project 'Helloworld'...
16:09:57 INFO  : Checking for BSP changes to sync application flags for project 'Helloworld'...
16:10:19 INFO  : Checking for BSP changes to sync application flags for project 'Helloworld'...
16:10:35 INFO  : Checking for BSP changes to sync application flags for project 'Helloworld'...
16:11:00 INFO  : Checking for BSP changes to sync application flags for project 'Helloworld'...
17:43:39 INFO  : Launching XSCT server: xsct.bat -n  -interactive C:\Users\Thomas\Desktop\TP_MISTRE\TP_PROCESSEUR\Projet_Vitis\temp_xsdb_launch_script.tcl
17:43:42 INFO  : XSCT server has started successfully.
17:43:42 INFO  : plnx-install-location is set to ''
17:43:42 INFO  : Successfully done setting XSCT server connection channel  
17:43:42 INFO  : Successfully done setting workspace for the tool. 
17:43:44 INFO  : Platform repository initialization has completed.
17:43:45 INFO  : Registering command handlers for Vitis TCF services
17:43:48 INFO  : Successfully done query RDI_DATADIR 
17:55:38 INFO  : Checking for BSP changes to sync application flags for project 'Helloworld'...
17:56:05 INFO  : Checking for BSP changes to sync application flags for project 'Helloworld'...
17:56:49 INFO  : Checking for BSP changes to sync application flags for project 'Helloworld'...
17:57:47 INFO  : Checking for BSP changes to sync application flags for project 'Helloworld'...
17:58:25 INFO  : Checking for BSP changes to sync application flags for project 'Helloworld'...
18:23:52 INFO  : Checking for BSP changes to sync application flags for project 'Helloworld'...
18:32:55 INFO  : Checking for BSP changes to sync application flags for project 'Helloworld'...
18:33:33 INFO  : Checking for BSP changes to sync application flags for project 'Helloworld'...
18:34:08 INFO  : Checking for BSP changes to sync application flags for project 'Helloworld'...
18:35:09 INFO  : Checking for BSP changes to sync application flags for project 'Helloworld'...
18:36:48 INFO  : Checking for BSP changes to sync application flags for project 'Helloworld'...
18:48:29 INFO  : Checking for BSP changes to sync application flags for project 'Helloworld'...
18:48:49 INFO  : Checking for BSP changes to sync application flags for project 'Helloworld'...
18:49:05 INFO  : Checking for BSP changes to sync application flags for project 'Helloworld'...
18:49:29 INFO  : Checking for BSP changes to sync application flags for project 'Mes_Perf'...
22:18:01 INFO  : Checking for BSP changes to sync application flags for project 'Mes_Perf'...
22:18:04 ERROR : (XSDB Server)ERROR: [Hsi 55-1571] The design file C:/Users/Thomas/Desktop/TP_MISTRE/TP_PROCESSEUR/Projet_Vitis/PS_Only_ZyboZ7/export/PS_Only_ZyboZ7/hw/PS_Only_ZyboZ7.xsa is already opened

22:47:41 INFO  : [Import] Updating active build configuration of the system project 'Mes_perf_sansFPU_system' to 'Debug' after the import.
22:47:50 INFO  : Checking for BSP changes to sync application flags for project 'Mes_Perf'...
22:47:52 ERROR : (XSDB Server)ERROR: [Hsi 55-1571] The design file C:/Users/Thomas/Desktop/TP_MISTRE/TP_PROCESSEUR/Projet_Vitis/PS_Only_ZyboZ7/export/PS_Only_ZyboZ7/hw/PS_Only_ZyboZ7.xsa is already opened

22:48:02 INFO  : Checking for BSP changes to sync application flags for project 'Mes_Perf'...
22:48:03 ERROR : (XSDB Server)ERROR: [Hsi 55-1571] The design file C:/Users/Thomas/Desktop/TP_MISTRE/TP_PROCESSEUR/Projet_Vitis/PS_Only_ZyboZ7/export/PS_Only_ZyboZ7/hw/PS_Only_ZyboZ7.xsa is already opened

22:48:27 INFO  : Checking for BSP changes to sync application flags for project 'Mes_Perf'...
22:48:29 ERROR : (XSDB Server)ERROR: [Hsi 55-1571] The design file C:/Users/Thomas/Desktop/TP_MISTRE/TP_PROCESSEUR/Projet_Vitis/PS_Only_ZyboZ7/export/PS_Only_ZyboZ7/hw/PS_Only_ZyboZ7.xsa is already opened

22:49:49 INFO  : Launching XSCT server: xsct.bat -n  -interactive C:\Users\Thomas\Desktop\TP_MISTRE\TP_PROCESSEUR\Projet_Vitis\temp_xsdb_launch_script.tcl
22:49:50 INFO  : XSCT server has started successfully.
22:49:50 INFO  : plnx-install-location is set to ''
22:49:50 INFO  : Successfully done setting XSCT server connection channel  
22:49:50 INFO  : Successfully done setting workspace for the tool. 
22:49:53 INFO  : Platform repository initialization has completed.
22:49:53 INFO  : Successfully done query RDI_DATADIR 
22:49:53 INFO  : Registering command handlers for Vitis TCF services
22:50:35 INFO  : Launching XSCT server: xsct.bat -n  -interactive C:\Users\Thomas\Desktop\TP_MISTRE\TP_PROCESSEUR\Projet_Vitis\temp_xsdb_launch_script.tcl
22:50:36 INFO  : XSCT server has started successfully.
22:50:36 INFO  : plnx-install-location is set to ''
22:50:36 INFO  : Successfully done setting XSCT server connection channel  
22:50:36 INFO  : Successfully done setting workspace for the tool. 
22:50:38 INFO  : Platform repository initialization has completed.
22:50:38 INFO  : Successfully done query RDI_DATADIR 
22:50:38 INFO  : Registering command handlers for Vitis TCF services
06:58:36 INFO  : Launching XSCT server: xsct.bat -n  -interactive C:\Users\Thomas\Desktop\TP_MISTRE\TP_PROCESSEUR\Projet_Vitis\temp_xsdb_launch_script.tcl
06:58:40 INFO  : XSCT server has started successfully.
06:58:40 INFO  : Successfully done setting XSCT server connection channel  
06:58:40 INFO  : plnx-install-location is set to ''
06:58:40 INFO  : Successfully done setting workspace for the tool. 
06:58:42 INFO  : Platform repository initialization has completed.
06:58:42 INFO  : Registering command handlers for Vitis TCF services
06:58:47 INFO  : Successfully done query RDI_DATADIR 
07:30:04 INFO  : Result from executing command 'getProjects': PS_Alone_NoFPU;PS_Only_ZyboZ7
07:30:04 INFO  : Result from executing command 'getPlatforms': PS_Only_ZyboZ7|C:/Users/Thomas/Desktop/TP_MISTRE/TP_PROCESSEUR/Projet_Vitis/PS_Only_ZyboZ7/export/PS_Only_ZyboZ7/PS_Only_ZyboZ7.xpfm
07:30:05 INFO  : Checking for BSP changes to sync application flags for project 'SISD_SIMD'...
07:30:49 INFO  : Checking for BSP changes to sync application flags for project 'SISD_SIMD'...
07:31:39 INFO  : Checking for BSP changes to sync application flags for project 'SISD_SIMD'...
07:33:37 INFO  : Checking for BSP changes to sync application flags for project 'SISD_SIMD'...
07:34:02 INFO  : Checking for BSP changes to sync application flags for project 'SISD_SIMD'...
07:35:52 INFO  : Checking for BSP changes to sync application flags for project 'SISD_SIMD'...
07:36:29 INFO  : Checking for BSP changes to sync application flags for project 'SISD_SIMD'...
07:37:20 INFO  : Checking for BSP changes to sync application flags for project 'SISD_SIMD'...
07:39:11 INFO  : Checking for BSP changes to sync application flags for project 'SISD_SIMD'...
07:43:43 INFO  : Checking for BSP changes to sync application flags for project 'SISD_SIMD'...
07:45:52 INFO  : Checking for BSP changes to sync application flags for project 'SISD_SIMD'...
07:52:19 INFO  : Checking for BSP changes to sync application flags for project 'SISD_SIMD'...
07:52:50 INFO  : Checking for BSP changes to sync application flags for project 'SISD_SIMD'...
07:53:53 INFO  : Checking for BSP changes to sync application flags for project 'SISD_SIMD'...
07:56:56 INFO  : Checking for BSP changes to sync application flags for project 'SISD_SIMD'...
07:57:13 INFO  : Checking for BSP changes to sync application flags for project 'SISD_SIMD'...
07:58:22 INFO  : Checking for BSP changes to sync application flags for project 'SISD_SIMD'...
08:30:44 INFO  : Launching XSCT server: xsct.bat -n  -interactive C:\Users\Thomas\Desktop\TP_MISTRE\TP_PROCESSEUR\Projet_Vitis\temp_xsdb_launch_script.tcl
08:30:45 INFO  : XSCT server has started successfully.
08:30:45 INFO  : Successfully done setting XSCT server connection channel  
08:30:45 INFO  : plnx-install-location is set to ''
08:30:45 INFO  : Successfully done setting workspace for the tool. 
08:30:45 INFO  : Successfully done query RDI_DATADIR 
08:30:45 INFO  : Registering command handlers for Vitis TCF services
08:30:47 INFO  : Platform repository initialization has completed.
08:38:39 INFO  : Checking for BSP changes to sync application flags for project 'TP2'...
09:08:02 INFO  : Checking for BSP changes to sync application flags for project 'TP2'...
09:28:52 INFO  : Result from executing command 'getProjects': PS_Alone_NoFPU;PS_Only_ZyboZ7;XADC_SingleCh14
09:28:52 INFO  : Result from executing command 'getPlatforms': PS_Only_ZyboZ7|C:/Users/Thomas/Desktop/TP_MISTRE/TP_PROCESSEUR/Projet_Vitis/PS_Only_ZyboZ7/export/PS_Only_ZyboZ7/PS_Only_ZyboZ7.xpfm
09:28:53 WARN  : An unexpected exception occurred in the module 'platform project logging'
09:28:53 INFO  : Platform 'XADC_SingleCh14' is added to custom repositories.
09:28:57 INFO  : Platform 'XADC_SingleCh14' is added to custom repositories.
09:34:01 INFO  : Result from executing command 'getProjects': PS_Alone_NoFPU;PS_Only_ZyboZ7;XADC_SingleCh14
09:34:01 INFO  : Result from executing command 'getPlatforms': PS_Only_ZyboZ7|C:/Users/Thomas/Desktop/TP_MISTRE/TP_PROCESSEUR/Projet_Vitis/PS_Only_ZyboZ7/export/PS_Only_ZyboZ7/PS_Only_ZyboZ7.xpfm;XADC_SingleCh14|C:/Users/Thomas/Desktop/TP_MISTRE/TP_PROCESSEUR/Projet_Vitis/XADC_SingleCh14/export/XADC_SingleCh14/XADC_SingleCh14.xpfm
09:34:01 INFO  : Checking for BSP changes to sync application flags for project 'TP3_channel14'...
17:46:20 INFO  : Checking for BSP changes to sync application flags for project 'TP3_channel14'...
17:46:33 INFO  : Checking for BSP changes to sync application flags for project 'TP3_channel14'...
17:51:26 INFO  : Checking for BSP changes to sync application flags for project 'TP3_channel14'...
17:51:34 INFO  : Checking for BSP changes to sync application flags for project 'TP3_channel14'...
17:53:14 INFO  : Checking for BSP changes to sync application flags for project 'TP3_channel14'...
18:07:48 INFO  : Checking for BSP changes to sync application flags for project 'TP3_channel14'...
20:02:59 INFO  : Result from executing command 'getProjects': PS_ET_BRAM
20:02:59 INFO  : Result from executing command 'getPlatforms': PS_Only_ZyboZ7|C:/Users/Thomas/Desktop/TP_MISTRE/TP_PROCESSEUR/Projet_Vitis/PS_Only_ZyboZ7/export/PS_Only_ZyboZ7/PS_Only_ZyboZ7.xpfm;XADC_SingleCh14|C:/Users/Thomas/Desktop/TP_MISTRE/TP_PROCESSEUR/Projet_Vitis/XADC_SingleCh14/export/XADC_SingleCh14/XADC_SingleCh14.xpfm
20:02:59 INFO  : Platform 'PS_ET_BRAM' is added to custom repositories.
20:03:04 INFO  : Platform 'PS_ET_BRAM' is added to custom repositories.
20:03:59 ERROR : Unexpected error while testing for AIE type project 
org.eclipse.core.internal.resources.ResourceException(/TP3_channel14_system)[368]: java.lang.Exception: Resource '/TP3_channel14_system' does not exist.
	at org.eclipse.core.internal.resources.ResourceException.provideStackTrace(ResourceException.java:42)
	at org.eclipse.core.internal.resources.ResourceException.<init>(ResourceException.java:38)
	at org.eclipse.core.internal.resources.Resource.checkExists(Resource.java:330)
	at org.eclipse.core.internal.resources.Resource.checkAccessible(Resource.java:204)
	at org.eclipse.core.internal.resources.Project.checkAccessible(Project.java:145)
	at org.eclipse.core.internal.resources.Project.hasNature(Project.java:530)
	at com.xilinx.sdx.aie.core.util.AIEProjectUtils.isAIEProject(AIEProjectUtils.java:265)
	at com.xilinx.sdx.aie.core.util.AIEUtilityTester.test(AIEUtilityTester.java:23)
	at org.eclipse.core.internal.expressions.Property.test(Property.java:65)
	at org.eclipse.core.internal.expressions.TestExpression.evaluate(TestExpression.java:103)
	at org.eclipse.e4.ui.internal.workbench.ContributionsAnalyzer.isCoreExpressionVisible(ContributionsAnalyzer.java:281)
	at org.eclipse.e4.ui.internal.workbench.ContributionsAnalyzer.isVisible(ContributionsAnalyzer.java:255)
	at org.eclipse.e4.ui.workbench.renderers.swt.ToolBarContributionRecord.computeVisibility(ToolBarContributionRecord.java:160)
	at org.eclipse.e4.ui.workbench.renderers.swt.ToolBarContributionRecord.updateVisibility(ToolBarContributionRecord.java:74)
	at org.eclipse.e4.ui.workbench.renderers.swt.ToolBarManagerRenderer$2.changed(ToolBarManagerRenderer.java:514)
	at org.eclipse.e4.core.internal.contexts.TrackableComputationExt.update(TrackableComputationExt.java:108)
	at org.eclipse.e4.core.internal.contexts.EclipseContext.processScheduled(EclipseContext.java:364)
	at org.eclipse.e4.core.internal.contexts.EclipseContext.set(EclipseContext.java:379)
	at org.eclipse.e4.core.internal.contexts.EclipseContext.deactivate(EclipseContext.java:703)
	at org.eclipse.e4.ui.workbench.renderers.swt.MenuManagerHideProcessor.lambda$1(MenuManagerHideProcessor.java:139)
	at org.eclipse.swt.widgets.RunnableLock.run(RunnableLock.java:40)
	at org.eclipse.swt.widgets.Synchronizer.runAsyncMessages(Synchronizer.java:185)
	at org.eclipse.swt.widgets.Display.runAsyncMessages(Display.java:3897)
	at org.eclipse.swt.widgets.Display.readAndDispatch(Display.java:3527)
	at org.eclipse.e4.ui.internal.workbench.swt.PartRenderingEngine$5.run(PartRenderingEngine.java:1160)
	at org.eclipse.core.databinding.observable.Realm.runWithDefault(Realm.java:338)
	at org.eclipse.e4.ui.internal.workbench.swt.PartRenderingEngine.run(PartRenderingEngine.java:1049)
	at org.eclipse.e4.ui.internal.workbench.E4Workbench.createAndRunUI(E4Workbench.java:155)
	at org.eclipse.ui.internal.Workbench.lambda$3(Workbench.java:658)
	at org.eclipse.core.databinding.observable.Realm.runWithDefault(Realm.java:338)
	at org.eclipse.ui.internal.Workbench.createAndRunWorkbench(Workbench.java:557)
	at org.eclipse.ui.PlatformUI.createAndRunWorkbench(PlatformUI.java:154)
	at com.xilinx.ide.application.ui.Application.start(Application.java:80)
	at org.eclipse.equinox.internal.app.EclipseAppHandle.run(EclipseAppHandle.java:203)
	at org.eclipse.core.runtime.internal.adaptor.EclipseAppLauncher.runApplication(EclipseAppLauncher.java:137)
	at org.eclipse.core.runtime.internal.adaptor.EclipseAppLauncher.start(EclipseAppLauncher.java:107)
	at org.eclipse.core.runtime.adaptor.EclipseStarter.run(EclipseStarter.java:401)
	at org.eclipse.core.runtime.adaptor.EclipseStarter.run(EclipseStarter.java:255)
	at java.base/jdk.internal.reflect.NativeMethodAccessorImpl.invoke0(Native Method)
	at java.base/jdk.internal.reflect.NativeMethodAccessorImpl.invoke(NativeMethodAccessorImpl.java:62)
	at java.base/jdk.internal.reflect.DelegatingMethodAccessorImpl.invoke(DelegatingMethodAccessorImpl.java:43)
	at java.base/java.lang.reflect.Method.invoke(Method.java:566)
	at org.eclipse.equinox.launcher.Main.invokeFramework(Main.java:657)
	at org.eclipse.equinox.launcher.Main.basicRun(Main.java:594)
	at org.eclipse.equinox.launcher.Main.run(Main.java:1447)
20:04:01 INFO  : Checking for BSP changes to sync application flags for project 'TP3_channel14'...
20:04:42 INFO  : Checking for BSP changes to sync application flags for project 'TP3_channel14'...
20:05:08 INFO  : Checking for BSP changes to sync application flags for project 'TP3_channel14'...
20:05:22 INFO  : Checking for BSP changes to sync application flags for project 'TP3_channel14'...
20:05:34 INFO  : Checking for BSP changes to sync application flags for project 'TP3_channel14'...
20:05:42 INFO  : Checking for BSP changes to sync application flags for project 'TP3_channel14'...
20:06:35 ERROR : Unexpected error while testing for AIE type project 
org.eclipse.core.internal.resources.ResourceException(/test_dma_system)[368]: java.lang.Exception: Resource '/test_dma_system' does not exist.
	at org.eclipse.core.internal.resources.ResourceException.provideStackTrace(ResourceException.java:42)
	at org.eclipse.core.internal.resources.ResourceException.<init>(ResourceException.java:38)
	at org.eclipse.core.internal.resources.Resource.checkExists(Resource.java:330)
	at org.eclipse.core.internal.resources.Resource.checkAccessible(Resource.java:204)
	at org.eclipse.core.internal.resources.Project.checkAccessible(Project.java:145)
	at org.eclipse.core.internal.resources.Project.hasNature(Project.java:530)
	at com.xilinx.sdx.aie.core.util.AIEProjectUtils.isAIEProject(AIEProjectUtils.java:265)
	at com.xilinx.sdx.aie.core.util.AIEUtilityTester.test(AIEUtilityTester.java:23)
	at org.eclipse.core.internal.expressions.Property.test(Property.java:65)
	at org.eclipse.core.internal.expressions.TestExpression.evaluate(TestExpression.java:103)
	at org.eclipse.e4.ui.internal.workbench.ContributionsAnalyzer.isCoreExpressionVisible(ContributionsAnalyzer.java:281)
	at org.eclipse.e4.ui.internal.workbench.ContributionsAnalyzer.isVisible(ContributionsAnalyzer.java:255)
	at org.eclipse.e4.ui.workbench.renderers.swt.ToolBarContributionRecord.computeVisibility(ToolBarContributionRecord.java:160)
	at org.eclipse.e4.ui.workbench.renderers.swt.ToolBarContributionRecord.updateVisibility(ToolBarContributionRecord.java:74)
	at org.eclipse.e4.ui.workbench.renderers.swt.ToolBarManagerRenderer$2.changed(ToolBarManagerRenderer.java:514)
	at org.eclipse.e4.core.internal.contexts.TrackableComputationExt.update(TrackableComputationExt.java:108)
	at org.eclipse.e4.core.internal.contexts.EclipseContext.processScheduled(EclipseContext.java:364)
	at org.eclipse.e4.core.internal.contexts.EclipseContext.set(EclipseContext.java:379)
	at org.eclipse.e4.core.internal.contexts.EclipseContext.deactivate(EclipseContext.java:703)
	at org.eclipse.e4.ui.workbench.renderers.swt.MenuManagerHideProcessor.lambda$1(MenuManagerHideProcessor.java:139)
	at org.eclipse.swt.widgets.RunnableLock.run(RunnableLock.java:40)
	at org.eclipse.swt.widgets.Synchronizer.runAsyncMessages(Synchronizer.java:185)
	at org.eclipse.swt.widgets.Display.runAsyncMessages(Display.java:3897)
	at org.eclipse.swt.widgets.Display.readAndDispatch(Display.java:3527)
	at org.eclipse.e4.ui.internal.workbench.swt.PartRenderingEngine$5.run(PartRenderingEngine.java:1160)
	at org.eclipse.core.databinding.observable.Realm.runWithDefault(Realm.java:338)
	at org.eclipse.e4.ui.internal.workbench.swt.PartRenderingEngine.run(PartRenderingEngine.java:1049)
	at org.eclipse.e4.ui.internal.workbench.E4Workbench.createAndRunUI(E4Workbench.java:155)
	at org.eclipse.ui.internal.Workbench.lambda$3(Workbench.java:658)
	at org.eclipse.core.databinding.observable.Realm.runWithDefault(Realm.java:338)
	at org.eclipse.ui.internal.Workbench.createAndRunWorkbench(Workbench.java:557)
	at org.eclipse.ui.PlatformUI.createAndRunWorkbench(PlatformUI.java:154)
	at com.xilinx.ide.application.ui.Application.start(Application.java:80)
	at org.eclipse.equinox.internal.app.EclipseAppHandle.run(EclipseAppHandle.java:203)
	at org.eclipse.core.runtime.internal.adaptor.EclipseAppLauncher.runApplication(EclipseAppLauncher.java:137)
	at org.eclipse.core.runtime.internal.adaptor.EclipseAppLauncher.start(EclipseAppLauncher.java:107)
	at org.eclipse.core.runtime.adaptor.EclipseStarter.run(EclipseStarter.java:401)
	at org.eclipse.core.runtime.adaptor.EclipseStarter.run(EclipseStarter.java:255)
	at java.base/jdk.internal.reflect.NativeMethodAccessorImpl.invoke0(Native Method)
	at java.base/jdk.internal.reflect.NativeMethodAccessorImpl.invoke(NativeMethodAccessorImpl.java:62)
	at java.base/jdk.internal.reflect.DelegatingMethodAccessorImpl.invoke(DelegatingMethodAccessorImpl.java:43)
	at java.base/java.lang.reflect.Method.invoke(Method.java:566)
	at org.eclipse.equinox.launcher.Main.invokeFramework(Main.java:657)
	at org.eclipse.equinox.launcher.Main.basicRun(Main.java:594)
	at org.eclipse.equinox.launcher.Main.run(Main.java:1447)
20:07:07 INFO  : Result from executing command 'getProjects': PS_ET_BRAM
20:07:07 INFO  : Result from executing command 'getPlatforms': C:\Users\Thomas\Desktop\TP_MISTRE\TP_PROCESSEUR\Projet_Vitis\PS_ET_BRAM\export\PS_ET_BRAM\PS_ET_BRAM.xpfm|C:/Users/Thomas/Desktop/TP_MISTRE/TP_PROCESSEUR/Projet_Vitis/PS_ET_BRAM/export/PS_ET_BRAM/PS_ET_BRAM.xpfm;PS_Only_ZyboZ7|C:/Users/Thomas/Desktop/TP_MISTRE/TP_PROCESSEUR/Projet_Vitis/PS_Only_ZyboZ7/export/PS_Only_ZyboZ7/PS_Only_ZyboZ7.xpfm;XADC_SingleCh14|C:/Users/Thomas/Desktop/TP_MISTRE/TP_PROCESSEUR/Projet_Vitis/XADC_SingleCh14/export/XADC_SingleCh14/XADC_SingleCh14.xpfm
20:07:08 INFO  : Checking for BSP changes to sync application flags for project 'test_dma'...
20:26:54 INFO  : Checking for BSP changes to sync application flags for project 'test_dma'...
20:27:20 INFO  : Checking for BSP changes to sync application flags for project 'test_dma'...
20:28:29 INFO  : Checking for BSP changes to sync application flags for project 'test_dma'...
20:28:38 INFO  : Checking for BSP changes to sync application flags for project 'test_dma'...
20:30:15 INFO  : Checking for BSP changes to sync application flags for project 'test_dma'...
20:30:41 INFO  : Checking for BSP changes to sync application flags for project 'test_dma'...
20:31:20 INFO  : Checking for BSP changes to sync application flags for project 'test_dma'...
20:29:39 INFO  : Launching XSCT server: xsct.bat -n  -interactive C:\Users\Thomas\Desktop\TP_MISTRE\TP_PROCESSEUR\Projet_Vitis\temp_xsdb_launch_script.tcl
20:29:41 INFO  : XSCT server has started successfully.
20:29:41 INFO  : Successfully done setting XSCT server connection channel  
20:29:41 INFO  : plnx-install-location is set to ''
20:29:41 INFO  : Successfully done setting workspace for the tool. 
20:29:47 INFO  : Registering command handlers for Vitis TCF services
20:29:47 INFO  : Platform repository initialization has completed.
20:29:50 INFO  : Successfully done query RDI_DATADIR 
20:31:12 INFO  : Result from executing command 'getProjects': PS_ET_BRAM;Zynq_Timer48_wrapper
20:31:12 INFO  : Result from executing command 'getPlatforms': PS_ET_BRAM|C:/Users/Thomas/Desktop/TP_MISTRE/TP_PROCESSEUR/Projet_Vitis/PS_ET_BRAM/export/PS_ET_BRAM/PS_ET_BRAM.xpfm;PS_Only_ZyboZ7|C:/Users/Thomas/Desktop/TP_MISTRE/TP_PROCESSEUR/Projet_Vitis/PS_Only_ZyboZ7/export/PS_Only_ZyboZ7/PS_Only_ZyboZ7.xpfm;XADC_SingleCh14|C:/Users/Thomas/Desktop/TP_MISTRE/TP_PROCESSEUR/Projet_Vitis/XADC_SingleCh14/export/XADC_SingleCh14/XADC_SingleCh14.xpfm
20:31:12 WARN  : An unexpected exception occurred in the module 'platform project logging'
20:31:13 INFO  : Platform 'Zynq_Timer48_wrapper' is added to custom repositories.
20:31:18 INFO  : Platform 'Zynq_Timer48_wrapper' is added to custom repositories.
20:33:59 INFO  : Result from executing command 'getProjects': Zynq_Timer48_wrapper
20:33:59 INFO  : Result from executing command 'getPlatforms': C:\Users\Thomas\Desktop\TP_MISTRE\TP_PROCESSEUR\Projet_Vitis\Zynq_Timer48_wrapper\export\Zynq_Timer48_wrapper\Zynq_Timer48_wrapper.xpfm|C:/Users/Thomas/Desktop/TP_MISTRE/TP_PROCESSEUR/Projet_Vitis/Zynq_Timer48_wrapper/export/Zynq_Timer48_wrapper/Zynq_Timer48_wrapper.xpfm;PS_ET_BRAM|C:/Users/Thomas/Desktop/TP_MISTRE/TP_PROCESSEUR/Projet_Vitis/PS_ET_BRAM/export/PS_ET_BRAM/PS_ET_BRAM.xpfm;PS_Only_ZyboZ7|C:/Users/Thomas/Desktop/TP_MISTRE/TP_PROCESSEUR/Projet_Vitis/PS_Only_ZyboZ7/export/PS_Only_ZyboZ7/PS_Only_ZyboZ7.xpfm;XADC_SingleCh14|C:/Users/Thomas/Desktop/TP_MISTRE/TP_PROCESSEUR/Projet_Vitis/XADC_SingleCh14/export/XADC_SingleCh14/XADC_SingleCh14.xpfm
18:41:23 INFO  : Launching XSCT server: xsct.bat -n  -interactive C:\Users\Thomas\Desktop\TP_MISTRE\TP_PROCESSEUR\Projet_Vitis\temp_xsdb_launch_script.tcl
18:41:26 INFO  : XSCT server has started successfully.
18:41:26 INFO  : Successfully done setting XSCT server connection channel  
18:41:26 INFO  : plnx-install-location is set to ''
18:41:26 INFO  : Successfully done setting workspace for the tool. 
18:41:29 INFO  : Registering command handlers for Vitis TCF services
18:41:30 INFO  : Platform repository initialization has completed.
18:41:33 INFO  : Successfully done query RDI_DATADIR 
18:47:32 INFO  : Result from executing command 'getProjects': Zynq_Timer48_wrapper
18:47:32 INFO  : Result from executing command 'getPlatforms': PS_ET_BRAM|C:/Users/Thomas/Desktop/TP_MISTRE/TP_PROCESSEUR/Projet_Vitis/PS_ET_BRAM/export/PS_ET_BRAM/PS_ET_BRAM.xpfm;PS_Only_ZyboZ7|C:/Users/Thomas/Desktop/TP_MISTRE/TP_PROCESSEUR/Projet_Vitis/PS_Only_ZyboZ7/export/PS_Only_ZyboZ7/PS_Only_ZyboZ7.xpfm;XADC_SingleCh14|C:/Users/Thomas/Desktop/TP_MISTRE/TP_PROCESSEUR/Projet_Vitis/XADC_SingleCh14/export/XADC_SingleCh14/XADC_SingleCh14.xpfm;Zynq_Timer48_wrapper|C:/Users/Thomas/Desktop/TP_MISTRE/TP_PROCESSEUR/Projet_Vitis/Zynq_Timer48_wrapper/export/Zynq_Timer48_wrapper/Zynq_Timer48_wrapper.xpfm
18:47:33 INFO  : Checking for BSP changes to sync application flags for project 'test_timer48'...
18:52:45 INFO  : Checking for BSP changes to sync application flags for project 'test_timer48'...
18:54:16 INFO  : Checking for BSP changes to sync application flags for project 'test_timer48'...
18:54:32 INFO  : Checking for BSP changes to sync application flags for project 'test_timer48'...
18:54:53 INFO  : Checking for BSP changes to sync application flags for project 'test_timer48'...
18:55:11 INFO  : Checking for BSP changes to sync application flags for project 'test_timer48'...
18:55:36 INFO  : Checking for BSP changes to sync application flags for project 'test_timer48'...
20:12:51 INFO  : Checking for BSP changes to sync application flags for project 'test_timer48'...
20:13:01 INFO  : Checking for BSP changes to sync application flags for project 'test_timer48'...
20:13:19 INFO  : Checking for BSP changes to sync application flags for project 'test_timer48'...
20:13:29 INFO  : Checking for BSP changes to sync application flags for project 'test_timer48'...
20:13:42 ERROR : Unexpected error while testing for AIE type project 
org.eclipse.core.internal.resources.ResourceException(/TP3_channel14_system)[368]: java.lang.Exception: Resource '/TP3_channel14_system' does not exist.
	at org.eclipse.core.internal.resources.ResourceException.provideStackTrace(ResourceException.java:42)
	at org.eclipse.core.internal.resources.ResourceException.<init>(ResourceException.java:38)
	at org.eclipse.core.internal.resources.Resource.checkExists(Resource.java:330)
	at org.eclipse.core.internal.resources.Resource.checkAccessible(Resource.java:204)
	at org.eclipse.core.internal.resources.Project.checkAccessible(Project.java:145)
	at org.eclipse.core.internal.resources.Project.hasNature(Project.java:530)
	at com.xilinx.sdx.aie.core.util.AIEProjectUtils.isAIEProject(AIEProjectUtils.java:265)
	at com.xilinx.sdx.aie.core.util.AIEUtilityTester.test(AIEUtilityTester.java:23)
	at org.eclipse.core.internal.expressions.Property.test(Property.java:65)
	at org.eclipse.core.internal.expressions.TestExpression.evaluate(TestExpression.java:103)
	at org.eclipse.e4.ui.internal.workbench.ContributionsAnalyzer.isCoreExpressionVisible(ContributionsAnalyzer.java:281)
	at org.eclipse.e4.ui.internal.workbench.ContributionsAnalyzer.isVisible(ContributionsAnalyzer.java:255)
	at org.eclipse.e4.ui.workbench.renderers.swt.ToolBarContributionRecord.computeVisibility(ToolBarContributionRecord.java:160)
	at org.eclipse.e4.ui.workbench.renderers.swt.ToolBarContributionRecord.updateVisibility(ToolBarContributionRecord.java:74)
	at org.eclipse.e4.ui.workbench.renderers.swt.ToolBarManagerRenderer$2.changed(ToolBarManagerRenderer.java:514)
	at org.eclipse.e4.core.internal.contexts.TrackableComputationExt.update(TrackableComputationExt.java:108)
	at org.eclipse.e4.core.internal.contexts.EclipseContext.processScheduled(EclipseContext.java:364)
	at org.eclipse.e4.core.internal.contexts.EclipseContext.set(EclipseContext.java:379)
	at org.eclipse.e4.core.internal.contexts.EclipseContext.deactivate(EclipseContext.java:703)
	at org.eclipse.e4.ui.workbench.renderers.swt.MenuManagerHideProcessor.lambda$1(MenuManagerHideProcessor.java:139)
	at org.eclipse.swt.widgets.RunnableLock.run(RunnableLock.java:40)
	at org.eclipse.swt.widgets.Synchronizer.runAsyncMessages(Synchronizer.java:185)
	at org.eclipse.swt.widgets.Display.runAsyncMessages(Display.java:3897)
	at org.eclipse.swt.widgets.Display.readAndDispatch(Display.java:3527)
	at org.eclipse.e4.ui.internal.workbench.swt.PartRenderingEngine$5.run(PartRenderingEngine.java:1160)
	at org.eclipse.core.databinding.observable.Realm.runWithDefault(Realm.java:338)
	at org.eclipse.e4.ui.internal.workbench.swt.PartRenderingEngine.run(PartRenderingEngine.java:1049)
	at org.eclipse.e4.ui.internal.workbench.E4Workbench.createAndRunUI(E4Workbench.java:155)
	at org.eclipse.ui.internal.Workbench.lambda$3(Workbench.java:658)
	at org.eclipse.core.databinding.observable.Realm.runWithDefault(Realm.java:338)
	at org.eclipse.ui.internal.Workbench.createAndRunWorkbench(Workbench.java:557)
	at org.eclipse.ui.PlatformUI.createAndRunWorkbench(PlatformUI.java:154)
	at com.xilinx.ide.application.ui.Application.start(Application.java:80)
	at org.eclipse.equinox.internal.app.EclipseAppHandle.run(EclipseAppHandle.java:203)
	at org.eclipse.core.runtime.internal.adaptor.EclipseAppLauncher.runApplication(EclipseAppLauncher.java:137)
	at org.eclipse.core.runtime.internal.adaptor.EclipseAppLauncher.start(EclipseAppLauncher.java:107)
	at org.eclipse.core.runtime.adaptor.EclipseStarter.run(EclipseStarter.java:401)
	at org.eclipse.core.runtime.adaptor.EclipseStarter.run(EclipseStarter.java:255)
	at java.base/jdk.internal.reflect.NativeMethodAccessorImpl.invoke0(Native Method)
	at java.base/jdk.internal.reflect.NativeMethodAccessorImpl.invoke(NativeMethodAccessorImpl.java:62)
	at java.base/jdk.internal.reflect.DelegatingMethodAccessorImpl.invoke(DelegatingMethodAccessorImpl.java:43)
	at java.base/java.lang.reflect.Method.invoke(Method.java:566)
	at org.eclipse.equinox.launcher.Main.invokeFramework(Main.java:657)
	at org.eclipse.equinox.launcher.Main.basicRun(Main.java:594)
	at org.eclipse.equinox.launcher.Main.run(Main.java:1447)
20:14:24 INFO  : Checking for BSP changes to sync application flags for project 'test_timer48'...
20:14:29 INFO  : Checking for BSP changes to sync application flags for project 'test_timer48'...
20:15:39 INFO  : Checking for BSP changes to sync application flags for project 'test_timer48'...
