Copyright 1986-2020 Xilinx, Inc. All Rights Reserved.
---------------------------------------------------------------------------------------------------------------------------------------
| Tool Version : Vivado v.2020.2 (win64) Build 3064766 Wed Nov 18 09:12:45 MST 2020
| Date         : Tue Aug  4 13:46:18 2026
| Host         : DESKTOP-9P149NQ running 64-bit major release  (build 9200)
| Command      : report_drc -file design_1_wrapper_drc_opted.rpt -pb design_1_wrapper_drc_opted.pb -rpx design_1_wrapper_drc_opted.rpx
| Design       : design_1_wrapper
| Device       : xc7z020clg400-1
| Speed File   : -1
| Design State : Synthesized
---------------------------------------------------------------------------------------------------------------------------------------

Report DRC

Table of Contents
-----------------
1. REPORT SUMMARY
2. REPORT DETAILS

1. REPORT SUMMARY
-----------------
            Netlist: netlist
          Floorplan: design_1
      Design limits: <entire design considered>
           Ruledeck: default
             Max violations: <unlimited>
             Violations found: 21
+--------+----------+-------------------------------------------------------------------+------------+
| Rule   | Severity | Description                                                       | Violations |
+--------+----------+-------------------------------------------------------------------+------------+
| DPIP-1 | Warning  | Input pipelining                                                  | 5          |
| DPOP-1 | Warning  | PREG Output pipelining                                            | 5          |
| DPOP-2 | Warning  | MREG Output pipelining                                            | 5          |
| ZPS7-1 | Warning  | PS7 block required                                                | 1          |
| AVAL-4 | Advisory | enum_USE_DPORT_FALSE_enum_DREG_ADREG_0_connects_CED_CEAD_RSTD_GND | 5          |
+--------+----------+-------------------------------------------------------------------+------------+

2. REPORT DETAILS
-----------------
DPIP-1#1 Warning
Input pipelining  
DSP design_1_i/FIR5_Mult_0/U0/Mult0/U0/i_synth/i_synth_option.i_synth_model/opt_7series.i_uniwrap/i_primitive input design_1_i/FIR5_Mult_0/U0/Mult0/U0/i_synth/i_synth_option.i_synth_model/opt_7series.i_uniwrap/i_primitive/A[29:0] is not pipelined. Pipelining DSP48 input will improve performance.
Related violations: <none>

DPIP-1#2 Warning
Input pipelining  
DSP design_1_i/FIR5_Mult_0/U0/Mult1/U0/i_synth/i_synth_option.i_synth_model/opt_7series.i_uniwrap/i_primitive input design_1_i/FIR5_Mult_0/U0/Mult1/U0/i_synth/i_synth_option.i_synth_model/opt_7series.i_uniwrap/i_primitive/A[29:0] is not pipelined. Pipelining DSP48 input will improve performance.
Related violations: <none>

DPIP-1#3 Warning
Input pipelining  
DSP design_1_i/FIR5_Mult_0/U0/Mult2/U0/i_synth/i_synth_option.i_synth_model/opt_7series.i_uniwrap/i_primitive input design_1_i/FIR5_Mult_0/U0/Mult2/U0/i_synth/i_synth_option.i_synth_model/opt_7series.i_uniwrap/i_primitive/A[29:0] is not pipelined. Pipelining DSP48 input will improve performance.
Related violations: <none>

DPIP-1#4 Warning
Input pipelining  
DSP design_1_i/FIR5_Mult_0/U0/Mult3/U0/i_synth/i_synth_option.i_synth_model/opt_7series.i_uniwrap/i_primitive input design_1_i/FIR5_Mult_0/U0/Mult3/U0/i_synth/i_synth_option.i_synth_model/opt_7series.i_uniwrap/i_primitive/A[29:0] is not pipelined. Pipelining DSP48 input will improve performance.
Related violations: <none>

DPIP-1#5 Warning
Input pipelining  
DSP design_1_i/FIR5_Mult_0/U0/Mult4/U0/i_synth/i_synth_option.i_synth_model/opt_7series.i_uniwrap/i_primitive input design_1_i/FIR5_Mult_0/U0/Mult4/U0/i_synth/i_synth_option.i_synth_model/opt_7series.i_uniwrap/i_primitive/A[29:0] is not pipelined. Pipelining DSP48 input will improve performance.
Related violations: <none>

DPOP-1#1 Warning
PREG Output pipelining  
DSP design_1_i/FIR5_Mult_0/U0/Mult0/U0/i_synth/i_synth_option.i_synth_model/opt_7series.i_uniwrap/i_primitive output design_1_i/FIR5_Mult_0/U0/Mult0/U0/i_synth/i_synth_option.i_synth_model/opt_7series.i_uniwrap/i_primitive/P[47:0] is not pipelined (PREG=0). Pipelining the DSP48 output will improve performance and often saves power so it is suggested whenever possible to fully pipeline this function.  If this DSP48 function was inferred, it is suggested to describe an additional register stage after this function.  If the DSP48 was instantiated in the design, it is suggested to set the PREG attribute to 1.
Related violations: <none>

DPOP-1#2 Warning
PREG Output pipelining  
DSP design_1_i/FIR5_Mult_0/U0/Mult1/U0/i_synth/i_synth_option.i_synth_model/opt_7series.i_uniwrap/i_primitive output design_1_i/FIR5_Mult_0/U0/Mult1/U0/i_synth/i_synth_option.i_synth_model/opt_7series.i_uniwrap/i_primitive/P[47:0] is not pipelined (PREG=0). Pipelining the DSP48 output will improve performance and often saves power so it is suggested whenever possible to fully pipeline this function.  If this DSP48 function was inferred, it is suggested to describe an additional register stage after this function.  If the DSP48 was instantiated in the design, it is suggested to set the PREG attribute to 1.
Related violations: <none>

DPOP-1#3 Warning
PREG Output pipelining  
DSP design_1_i/FIR5_Mult_0/U0/Mult2/U0/i_synth/i_synth_option.i_synth_model/opt_7series.i_uniwrap/i_primitive output design_1_i/FIR5_Mult_0/U0/Mult2/U0/i_synth/i_synth_option.i_synth_model/opt_7series.i_uniwrap/i_primitive/P[47:0] is not pipelined (PREG=0). Pipelining the DSP48 output will improve performance and often saves power so it is suggested whenever possible to fully pipeline this function.  If this DSP48 function was inferred, it is suggested to describe an additional register stage after this function.  If the DSP48 was instantiated in the design, it is suggested to set the PREG attribute to 1.
Related violations: <none>

DPOP-1#4 Warning
PREG Output pipelining  
DSP design_1_i/FIR5_Mult_0/U0/Mult3/U0/i_synth/i_synth_option.i_synth_model/opt_7series.i_uniwrap/i_primitive output design_1_i/FIR5_Mult_0/U0/Mult3/U0/i_synth/i_synth_option.i_synth_model/opt_7series.i_uniwrap/i_primitive/P[47:0] is not pipelined (PREG=0). Pipelining the DSP48 output will improve performance and often saves power so it is suggested whenever possible to fully pipeline this function.  If this DSP48 function was inferred, it is suggested to describe an additional register stage after this function.  If the DSP48 was instantiated in the design, it is suggested to set the PREG attribute to 1.
Related violations: <none>

DPOP-1#5 Warning
PREG Output pipelining  
DSP design_1_i/FIR5_Mult_0/U0/Mult4/U0/i_synth/i_synth_option.i_synth_model/opt_7series.i_uniwrap/i_primitive output design_1_i/FIR5_Mult_0/U0/Mult4/U0/i_synth/i_synth_option.i_synth_model/opt_7series.i_uniwrap/i_primitive/P[47:0] is not pipelined (PREG=0). Pipelining the DSP48 output will improve performance and often saves power so it is suggested whenever possible to fully pipeline this function.  If this DSP48 function was inferred, it is suggested to describe an additional register stage after this function.  If the DSP48 was instantiated in the design, it is suggested to set the PREG attribute to 1.
Related violations: <none>

DPOP-2#1 Warning
MREG Output pipelining  
DSP design_1_i/FIR5_Mult_0/U0/Mult0/U0/i_synth/i_synth_option.i_synth_model/opt_7series.i_uniwrap/i_primitive multiplier stage design_1_i/FIR5_Mult_0/U0/Mult0/U0/i_synth/i_synth_option.i_synth_model/opt_7series.i_uniwrap/i_primitive/P[47:0] is not pipelined (MREG=0). Pipelining the multiplier function will improve performance and will save significant power so it is suggested whenever possible to fully pipeline this function.  If this multiplier was inferred, it is suggested to describe an additional register stage after this function.  If there is no registered adder/accumulator following the multiply function, two pipeline stages are suggested to allow both the MREG and PREG registers to be used.  If the DSP48 was instantiated in the design, it is suggested to set both the MREG and PREG attributes to 1 when performing multiply functions.
Related violations: <none>

DPOP-2#2 Warning
MREG Output pipelining  
DSP design_1_i/FIR5_Mult_0/U0/Mult1/U0/i_synth/i_synth_option.i_synth_model/opt_7series.i_uniwrap/i_primitive multiplier stage design_1_i/FIR5_Mult_0/U0/Mult1/U0/i_synth/i_synth_option.i_synth_model/opt_7series.i_uniwrap/i_primitive/P[47:0] is not pipelined (MREG=0). Pipelining the multiplier function will improve performance and will save significant power so it is suggested whenever possible to fully pipeline this function.  If this multiplier was inferred, it is suggested to describe an additional register stage after this function.  If there is no registered adder/accumulator following the multiply function, two pipeline stages are suggested to allow both the MREG and PREG registers to be used.  If the DSP48 was instantiated in the design, it is suggested to set both the MREG and PREG attributes to 1 when performing multiply functions.
Related violations: <none>

DPOP-2#3 Warning
MREG Output pipelining  
DSP design_1_i/FIR5_Mult_0/U0/Mult2/U0/i_synth/i_synth_option.i_synth_model/opt_7series.i_uniwrap/i_primitive multiplier stage design_1_i/FIR5_Mult_0/U0/Mult2/U0/i_synth/i_synth_option.i_synth_model/opt_7series.i_uniwrap/i_primitive/P[47:0] is not pipelined (MREG=0). Pipelining the multiplier function will improve performance and will save significant power so it is suggested whenever possible to fully pipeline this function.  If this multiplier was inferred, it is suggested to describe an additional register stage after this function.  If there is no registered adder/accumulator following the multiply function, two pipeline stages are suggested to allow both the MREG and PREG registers to be used.  If the DSP48 was instantiated in the design, it is suggested to set both the MREG and PREG attributes to 1 when performing multiply functions.
Related violations: <none>

DPOP-2#4 Warning
MREG Output pipelining  
DSP design_1_i/FIR5_Mult_0/U0/Mult3/U0/i_synth/i_synth_option.i_synth_model/opt_7series.i_uniwrap/i_primitive multiplier stage design_1_i/FIR5_Mult_0/U0/Mult3/U0/i_synth/i_synth_option.i_synth_model/opt_7series.i_uniwrap/i_primitive/P[47:0] is not pipelined (MREG=0). Pipelining the multiplier function will improve performance and will save significant power so it is suggested whenever possible to fully pipeline this function.  If this multiplier was inferred, it is suggested to describe an additional register stage after this function.  If there is no registered adder/accumulator following the multiply function, two pipeline stages are suggested to allow both the MREG and PREG registers to be used.  If the DSP48 was instantiated in the design, it is suggested to set both the MREG and PREG attributes to 1 when performing multiply functions.
Related violations: <none>

DPOP-2#5 Warning
MREG Output pipelining  
DSP design_1_i/FIR5_Mult_0/U0/Mult4/U0/i_synth/i_synth_option.i_synth_model/opt_7series.i_uniwrap/i_primitive multiplier stage design_1_i/FIR5_Mult_0/U0/Mult4/U0/i_synth/i_synth_option.i_synth_model/opt_7series.i_uniwrap/i_primitive/P[47:0] is not pipelined (MREG=0). Pipelining the multiplier function will improve performance and will save significant power so it is suggested whenever possible to fully pipeline this function.  If this multiplier was inferred, it is suggested to describe an additional register stage after this function.  If there is no registered adder/accumulator following the multiply function, two pipeline stages are suggested to allow both the MREG and PREG registers to be used.  If the DSP48 was instantiated in the design, it is suggested to set both the MREG and PREG attributes to 1 when performing multiply functions.
Related violations: <none>

ZPS7-1#1 Warning
PS7 block required  
The PS7 cell must be used in this Zynq design in order to enable correct default configuration.
Related violations: <none>

AVAL-4#1 Advisory
enum_USE_DPORT_FALSE_enum_DREG_ADREG_0_connects_CED_CEAD_RSTD_GND  
design_1_i/FIR5_Mult_0/U0/Mult0/U0/i_synth/i_synth_option.i_synth_model/opt_7series.i_uniwrap/i_primitive: DSP48E1 is not using the D port (USE_DPORT = FALSE). For improved power characteristics, set DREG and ADREG to '1', tie CED, CEAD, and RSTD to logic '0'.
Related violations: <none>

AVAL-4#2 Advisory
enum_USE_DPORT_FALSE_enum_DREG_ADREG_0_connects_CED_CEAD_RSTD_GND  
design_1_i/FIR5_Mult_0/U0/Mult1/U0/i_synth/i_synth_option.i_synth_model/opt_7series.i_uniwrap/i_primitive: DSP48E1 is not using the D port (USE_DPORT = FALSE). For improved power characteristics, set DREG and ADREG to '1', tie CED, CEAD, and RSTD to logic '0'.
Related violations: <none>

AVAL-4#3 Advisory
enum_USE_DPORT_FALSE_enum_DREG_ADREG_0_connects_CED_CEAD_RSTD_GND  
design_1_i/FIR5_Mult_0/U0/Mult2/U0/i_synth/i_synth_option.i_synth_model/opt_7series.i_uniwrap/i_primitive: DSP48E1 is not using the D port (USE_DPORT = FALSE). For improved power characteristics, set DREG and ADREG to '1', tie CED, CEAD, and RSTD to logic '0'.
Related violations: <none>

AVAL-4#4 Advisory
enum_USE_DPORT_FALSE_enum_DREG_ADREG_0_connects_CED_CEAD_RSTD_GND  
design_1_i/FIR5_Mult_0/U0/Mult3/U0/i_synth/i_synth_option.i_synth_model/opt_7series.i_uniwrap/i_primitive: DSP48E1 is not using the D port (USE_DPORT = FALSE). For improved power characteristics, set DREG and ADREG to '1', tie CED, CEAD, and RSTD to logic '0'.
Related violations: <none>

AVAL-4#5 Advisory
enum_USE_DPORT_FALSE_enum_DREG_ADREG_0_connects_CED_CEAD_RSTD_GND  
design_1_i/FIR5_Mult_0/U0/Mult4/U0/i_synth/i_synth_option.i_synth_model/opt_7series.i_uniwrap/i_primitive: DSP48E1 is not using the D port (USE_DPORT = FALSE). For improved power characteristics, set DREG and ADREG to '1', tie CED, CEAD, and RSTD to logic '0'.
Related violations: <none>


