#-----------------------------------------------------------
# Vivado v2020.2 (64-bit)
# SW Build 3064766 on Wed Nov 18 09:12:45 MST 2020
# IP Build 3064653 on Wed Nov 18 14:17:31 MST 2020
# Start of session at: Sun Aug  9 03:49:48 2026
# Process ID: 36204
# Current directory: C:/Users/Thomas/Desktop/TP_MISTRE/TP_SOC/test_timer_48bits
# Command line: vivado.exe -gui_launcher_event rodinguilauncherevent3168 C:\Users\Thomas\Desktop\TP_MISTRE\TP_SOC\test_timer_48bits\test_timer_48bits.xpr
# Log file: C:/Users/Thomas/Desktop/TP_MISTRE/TP_SOC/test_timer_48bits/vivado.log
# Journal file: C:/Users/Thomas/Desktop/TP_MISTRE/TP_SOC/test_timer_48bits\vivado.jou
#-----------------------------------------------------------
start_gui
open_project C:/Users/Thomas/Desktop/TP_MISTRE/TP_SOC/test_timer_48bits/test_timer_48bits.xpr
update_compile_order -fileset sources_1
update_compile_order -fileset sources_1
launch_simulation
source TB_timer_48.tcl
close_sim
launch_simulation
launch_simulation
source TB_timer_48.tcl
close_sim
