
*** Running vivado
    with args -log design_1_module_RS232_0_0.vds -m64 -product Vivado -mode batch -messageDb vivado.pb -notrace -source design_1_module_RS232_0_0.tcl



****** Vivado v2020.2 (64-bit)
  **** SW Build 3064766 on Wed Nov 18 09:12:45 MST 2020
  **** IP Build 3064653 on Wed Nov 18 14:17:31 MST 2020
    ** Copyright 1986-2020 Xilinx, Inc. All Rights Reserved.

source design_1_module_RS232_0_0.tcl -notrace
INFO: [IP_Flow 19-234] Refreshing IP repositories
INFO: [IP_Flow 19-1700] Loaded user IP repository 'c:/Users/Matt/Desktop/Git/TP_MISTRE/TP_ROBOTIQUE/MACE_LEMIERE_S7/X1_Robot/IP'.
INFO: [IP_Flow 19-2313] Loaded Vivado IP repository 'D:/Xilinx/Vivado/2020.2/data/ip'.
WARNING: [IP_Flow 19-4995] The host OS only allows 260 characters in a normal path. The IP cache path is more than 80 characters. If you experience issues with IP caching, please consider changing the IP cache to a location with a shorter path. Alternately consider using the OS subst command to map part of the path to a drive letter. 
Current IP cache path is c:/Users/Matt/Desktop/Git/TP_MISTRE/TP_ROBOTIQUE/MACE_LEMIERE_S7/X1_Robot/X1_Robot.cache/ip 
Command: synth_design -top design_1_module_RS232_0_0 -part xc7z020clg400-1 -mode out_of_context
Starting synth_design
Attempting to get a license for feature 'Synthesis' and/or device 'xc7z020'
INFO: [Common 17-349] Got license for feature 'Synthesis' and/or device 'xc7z020'
INFO: [Synth 8-7079] Multithreading enabled for synth_design using a maximum of 2 processes.
INFO: [Synth 8-7078] Launching helper process for spawning children vivado processes
INFO: [Synth 8-7075] Helper process launched with PID 14880
---------------------------------------------------------------------------------
Starting Synthesize : Time (s): cpu = 00:00:05 ; elapsed = 00:00:05 . Memory (MB): peak = 1011.418 ; gain = 0.000
---------------------------------------------------------------------------------
WARNING: [Synth 8-1565] actual for formal port key is neither a static name nor a globally static expression [c:/Users/Matt/Desktop/Git/TP_MISTRE/TP_ROBOTIQUE/MACE_LEMIERE_S7/X1_Robot/X1_Robot.gen/sources_1/bd/design_1/ipshared/740c/src/module_RS232.vhd:79]
INFO: [Synth 8-638] synthesizing module 'design_1_module_RS232_0_0' [c:/Users/Matt/Desktop/Git/TP_MISTRE/TP_ROBOTIQUE/MACE_LEMIERE_S7/X1_Robot/X1_Robot.gen/sources_1/bd/design_1/ip/design_1_module_RS232_0_0/synth/design_1_module_RS232_0_0.vhd:68]
INFO: [Synth 8-3491] module 'module_RS232' declared at 'c:/Users/Matt/Desktop/Git/TP_MISTRE/TP_ROBOTIQUE/MACE_LEMIERE_S7/X1_Robot/X1_Robot.gen/sources_1/bd/design_1/ipshared/740c/src/module_RS232.vhd:4' bound to instance 'U0' of component 'module_RS232' [c:/Users/Matt/Desktop/Git/TP_MISTRE/TP_ROBOTIQUE/MACE_LEMIERE_S7/X1_Robot/X1_Robot.gen/sources_1/bd/design_1/ip/design_1_module_RS232_0_0/synth/design_1_module_RS232_0_0.vhd:93]
INFO: [Synth 8-638] synthesizing module 'module_RS232' [c:/Users/Matt/Desktop/Git/TP_MISTRE/TP_ROBOTIQUE/MACE_LEMIERE_S7/X1_Robot/X1_Robot.gen/sources_1/bd/design_1/ipshared/740c/src/module_RS232.vhd:15]
	Parameter N bound to: 8 - type: integer 
	Parameter M bound to: 68 - type: integer 
INFO: [Synth 8-3491] module 'mod_m_cnter' declared at 'c:/Users/Matt/Desktop/Git/TP_MISTRE/TP_ROBOTIQUE/MACE_LEMIERE_S7/X1_Robot/X1_Robot.gen/sources_1/bd/design_1/ipshared/740c/src/mod_m_cnter.vhd:5' bound to instance 'I1' of component 'mod_m_cnter' [c:/Users/Matt/Desktop/Git/TP_MISTRE/TP_ROBOTIQUE/MACE_LEMIERE_S7/X1_Robot/X1_Robot.gen/sources_1/bd/design_1/ipshared/740c/src/module_RS232.vhd:75]
INFO: [Synth 8-638] synthesizing module 'mod_m_cnter' [c:/Users/Matt/Desktop/Git/TP_MISTRE/TP_ROBOTIQUE/MACE_LEMIERE_S7/X1_Robot/X1_Robot.gen/sources_1/bd/design_1/ipshared/740c/src/mod_m_cnter.vhd:14]
	Parameter N bound to: 8 - type: integer 
	Parameter M bound to: 68 - type: integer 
INFO: [Synth 8-256] done synthesizing module 'mod_m_cnter' (1#1) [c:/Users/Matt/Desktop/Git/TP_MISTRE/TP_ROBOTIQUE/MACE_LEMIERE_S7/X1_Robot/X1_Robot.gen/sources_1/bd/design_1/ipshared/740c/src/mod_m_cnter.vhd:14]
	Parameter DBIT bound to: 8 - type: integer 
	Parameter SB_TICK bound to: 16 - type: integer 
INFO: [Synth 8-3491] module 'uart_rx' declared at 'c:/Users/Matt/Desktop/Git/TP_MISTRE/TP_ROBOTIQUE/MACE_LEMIERE_S7/X1_Robot/X1_Robot.gen/sources_1/bd/design_1/ipshared/740c/src/uart_rx.vhd:4' bound to instance 'I2' of component 'uart_rx' [c:/Users/Matt/Desktop/Git/TP_MISTRE/TP_ROBOTIQUE/MACE_LEMIERE_S7/X1_Robot/X1_Robot.gen/sources_1/bd/design_1/ipshared/740c/src/module_RS232.vhd:76]
INFO: [Synth 8-638] synthesizing module 'uart_rx' [c:/Users/Matt/Desktop/Git/TP_MISTRE/TP_ROBOTIQUE/MACE_LEMIERE_S7/X1_Robot/X1_Robot.gen/sources_1/bd/design_1/ipshared/740c/src/uart_rx.vhd:18]
	Parameter DBIT bound to: 8 - type: integer 
	Parameter SB_TICK bound to: 16 - type: integer 
INFO: [Synth 8-256] done synthesizing module 'uart_rx' (2#1) [c:/Users/Matt/Desktop/Git/TP_MISTRE/TP_ROBOTIQUE/MACE_LEMIERE_S7/X1_Robot/X1_Robot.gen/sources_1/bd/design_1/ipshared/740c/src/uart_rx.vhd:18]
	Parameter DBIT bound to: 8 - type: integer 
	Parameter SB_TICK bound to: 16 - type: integer 
INFO: [Synth 8-3491] module 'uart_tx' declared at 'c:/Users/Matt/Desktop/Git/TP_MISTRE/TP_ROBOTIQUE/MACE_LEMIERE_S7/X1_Robot/X1_Robot.gen/sources_1/bd/design_1/ipshared/740c/src/uart_tx.vhd:4' bound to instance 'I3' of component 'uart_tx' [c:/Users/Matt/Desktop/Git/TP_MISTRE/TP_ROBOTIQUE/MACE_LEMIERE_S7/X1_Robot/X1_Robot.gen/sources_1/bd/design_1/ipshared/740c/src/module_RS232.vhd:77]
INFO: [Synth 8-638] synthesizing module 'uart_tx' [c:/Users/Matt/Desktop/Git/TP_MISTRE/TP_ROBOTIQUE/MACE_LEMIERE_S7/X1_Robot/X1_Robot.gen/sources_1/bd/design_1/ipshared/740c/src/uart_tx.vhd:19]
	Parameter DBIT bound to: 8 - type: integer 
	Parameter SB_TICK bound to: 16 - type: integer 
INFO: [Synth 8-256] done synthesizing module 'uart_tx' (3#1) [c:/Users/Matt/Desktop/Git/TP_MISTRE/TP_ROBOTIQUE/MACE_LEMIERE_S7/X1_Robot/X1_Robot.gen/sources_1/bd/design_1/ipshared/740c/src/uart_tx.vhd:19]
INFO: [Synth 8-3491] module 'registre' declared at 'c:/Users/Matt/Desktop/Git/TP_MISTRE/TP_ROBOTIQUE/MACE_LEMIERE_S7/X1_Robot/X1_Robot.gen/sources_1/bd/design_1/ipshared/740c/src/registre.vhd:3' bound to instance 'I4' of component 'registre' [c:/Users/Matt/Desktop/Git/TP_MISTRE/TP_ROBOTIQUE/MACE_LEMIERE_S7/X1_Robot/X1_Robot.gen/sources_1/bd/design_1/ipshared/740c/src/module_RS232.vhd:78]
INFO: [Synth 8-638] synthesizing module 'registre' [c:/Users/Matt/Desktop/Git/TP_MISTRE/TP_ROBOTIQUE/MACE_LEMIERE_S7/X1_Robot/X1_Robot.gen/sources_1/bd/design_1/ipshared/740c/src/registre.vhd:8]
WARNING: [Synth 8-614] signal 'reset' is read in the process but is not in the sensitivity list [c:/Users/Matt/Desktop/Git/TP_MISTRE/TP_ROBOTIQUE/MACE_LEMIERE_S7/X1_Robot/X1_Robot.gen/sources_1/bd/design_1/ipshared/740c/src/registre.vhd:10]
INFO: [Synth 8-256] done synthesizing module 'registre' (4#1) [c:/Users/Matt/Desktop/Git/TP_MISTRE/TP_ROBOTIQUE/MACE_LEMIERE_S7/X1_Robot/X1_Robot.gen/sources_1/bd/design_1/ipshared/740c/src/registre.vhd:8]
	Parameter lenght bound to: 159 - type: integer 
INFO: [Synth 8-3491] module 'pulse' declared at 'c:/Users/Matt/Desktop/Git/TP_MISTRE/TP_ROBOTIQUE/MACE_LEMIERE_S7/X1_Robot/X1_Robot.gen/sources_1/bd/design_1/ipshared/740c/src/pulse.vhd:5' bound to instance 'I5' of component 'pulse' [c:/Users/Matt/Desktop/Git/TP_MISTRE/TP_ROBOTIQUE/MACE_LEMIERE_S7/X1_Robot/X1_Robot.gen/sources_1/bd/design_1/ipshared/740c/src/module_RS232.vhd:79]
INFO: [Synth 8-638] synthesizing module 'pulse' [c:/Users/Matt/Desktop/Git/TP_MISTRE/TP_ROBOTIQUE/MACE_LEMIERE_S7/X1_Robot/X1_Robot.gen/sources_1/bd/design_1/ipshared/740c/src/pulse.vhd:14]
	Parameter lenght bound to: 159 - type: integer 
INFO: [Synth 8-256] done synthesizing module 'pulse' (5#1) [c:/Users/Matt/Desktop/Git/TP_MISTRE/TP_ROBOTIQUE/MACE_LEMIERE_S7/X1_Robot/X1_Robot.gen/sources_1/bd/design_1/ipshared/740c/src/pulse.vhd:14]
INFO: [Synth 8-256] done synthesizing module 'module_RS232' (6#1) [c:/Users/Matt/Desktop/Git/TP_MISTRE/TP_ROBOTIQUE/MACE_LEMIERE_S7/X1_Robot/X1_Robot.gen/sources_1/bd/design_1/ipshared/740c/src/module_RS232.vhd:15]
INFO: [Synth 8-256] done synthesizing module 'design_1_module_RS232_0_0' (7#1) [c:/Users/Matt/Desktop/Git/TP_MISTRE/TP_ROBOTIQUE/MACE_LEMIERE_S7/X1_Robot/X1_Robot.gen/sources_1/bd/design_1/ip/design_1_module_RS232_0_0/synth/design_1_module_RS232_0_0.vhd:68]
---------------------------------------------------------------------------------
Finished Synthesize : Time (s): cpu = 00:00:06 ; elapsed = 00:00:06 . Memory (MB): peak = 1011.418 ; gain = 0.000
---------------------------------------------------------------------------------
---------------------------------------------------------------------------------
Finished Constraint Validation : Time (s): cpu = 00:00:06 ; elapsed = 00:00:06 . Memory (MB): peak = 1011.418 ; gain = 0.000
---------------------------------------------------------------------------------
---------------------------------------------------------------------------------
Start Loading Part and Timing Information
---------------------------------------------------------------------------------
Loading part: xc7z020clg400-1
---------------------------------------------------------------------------------
Finished Loading Part and Timing Information : Time (s): cpu = 00:00:06 ; elapsed = 00:00:06 . Memory (MB): peak = 1011.418 ; gain = 0.000
---------------------------------------------------------------------------------
INFO: [Device 21-403] Loading part xc7z020clg400-1
INFO: [Synth 8-802] inferred FSM for state register 'state_reg_reg' in module 'uart_rx'
INFO: [Synth 8-802] inferred FSM for state register 'state_reg_reg' in module 'uart_tx'
INFO: [Synth 8-802] inferred FSM for state register 'state_reg' in module 'pulse'
---------------------------------------------------------------------------------------------------
                   State |                     New Encoding |                Previous Encoding 
---------------------------------------------------------------------------------------------------
                    idle |                               00 |                               00
                   start |                               01 |                               01
                    data |                               10 |                               10
                    stop |                               11 |                               11
---------------------------------------------------------------------------------------------------
INFO: [Synth 8-3354] encoded FSM with state register 'state_reg_reg' using encoding 'sequential' in module 'uart_rx'
---------------------------------------------------------------------------------------------------
                   State |                     New Encoding |                Previous Encoding 
---------------------------------------------------------------------------------------------------
                    idle |                               00 |                               00
                   start |                               01 |                               01
                    data |                               10 |                               10
                    stop |                               11 |                               11
---------------------------------------------------------------------------------------------------
INFO: [Synth 8-3354] encoded FSM with state register 'state_reg_reg' using encoding 'sequential' in module 'uart_tx'
---------------------------------------------------------------------------------------------------
                   State |                     New Encoding |                Previous Encoding 
---------------------------------------------------------------------------------------------------
                    idle |                               00 |                               00
                 impulse |                               01 |                               01
                    stop |                               10 |                               10
---------------------------------------------------------------------------------------------------
INFO: [Synth 8-3354] encoded FSM with state register 'state_reg' using encoding 'sequential' in module 'pulse'
---------------------------------------------------------------------------------
Finished RTL Optimization Phase 2 : Time (s): cpu = 00:00:07 ; elapsed = 00:00:07 . Memory (MB): peak = 1011.418 ; gain = 0.000
---------------------------------------------------------------------------------
No constraint files found.
---------------------------------------------------------------------------------
Start RTL Component Statistics 
---------------------------------------------------------------------------------
Detailed RTL Component Info : 
+---Adders : 
	   2 Input   32 Bit       Adders := 1     
	   2 Input    8 Bit       Adders := 1     
	   2 Input    4 Bit       Adders := 2     
	   2 Input    3 Bit       Adders := 2     
+---Registers : 
	               32 Bit    Registers := 1     
	                8 Bit    Registers := 4     
	                4 Bit    Registers := 2     
	                3 Bit    Registers := 2     
	                1 Bit    Registers := 2     
+---Muxes : 
	   3 Input   32 Bit        Muxes := 1     
	   2 Input    8 Bit        Muxes := 1     
	   4 Input    8 Bit        Muxes := 1     
	   2 Input    4 Bit        Muxes := 3     
	   4 Input    4 Bit        Muxes := 2     
	   4 Input    3 Bit        Muxes := 2     
	   4 Input    2 Bit        Muxes := 2     
	   2 Input    2 Bit        Muxes := 4     
	   3 Input    2 Bit        Muxes := 1     
	   2 Input    1 Bit        Muxes := 5     
	   3 Input    1 Bit        Muxes := 7     
	   4 Input    1 Bit        Muxes := 11    
---------------------------------------------------------------------------------
Finished RTL Component Statistics 
---------------------------------------------------------------------------------
---------------------------------------------------------------------------------
Start Part Resource Summary
---------------------------------------------------------------------------------
Part Resources:
DSPs: 220 (col length:60)
BRAMs: 280 (col length: RAMB18 60 RAMB36 30)
---------------------------------------------------------------------------------
Finished Part Resource Summary
---------------------------------------------------------------------------------
No constraint files found.
---------------------------------------------------------------------------------
Start Cross Boundary and Area Optimization
---------------------------------------------------------------------------------
---------------------------------------------------------------------------------
Finished Cross Boundary and Area Optimization : Time (s): cpu = 00:00:11 ; elapsed = 00:00:11 . Memory (MB): peak = 1011.418 ; gain = 0.000
---------------------------------------------------------------------------------
No constraint files found.
---------------------------------------------------------------------------------
Start Timing Optimization
---------------------------------------------------------------------------------
---------------------------------------------------------------------------------
Finished Timing Optimization : Time (s): cpu = 00:00:11 ; elapsed = 00:00:11 . Memory (MB): peak = 1011.418 ; gain = 0.000
---------------------------------------------------------------------------------
---------------------------------------------------------------------------------
Start Technology Mapping
---------------------------------------------------------------------------------
---------------------------------------------------------------------------------
Finished Technology Mapping : Time (s): cpu = 00:00:11 ; elapsed = 00:00:11 . Memory (MB): peak = 1011.418 ; gain = 0.000
---------------------------------------------------------------------------------
---------------------------------------------------------------------------------
Start IO Insertion
---------------------------------------------------------------------------------
---------------------------------------------------------------------------------
Start Flattening Before IO Insertion
---------------------------------------------------------------------------------
---------------------------------------------------------------------------------
Finished Flattening Before IO Insertion
---------------------------------------------------------------------------------
---------------------------------------------------------------------------------
Start Final Netlist Cleanup
---------------------------------------------------------------------------------
---------------------------------------------------------------------------------
Finished Final Netlist Cleanup
---------------------------------------------------------------------------------
---------------------------------------------------------------------------------
Finished IO Insertion : Time (s): cpu = 00:00:13 ; elapsed = 00:00:14 . Memory (MB): peak = 1011.418 ; gain = 0.000
---------------------------------------------------------------------------------
---------------------------------------------------------------------------------
Start Renaming Generated Instances
---------------------------------------------------------------------------------
---------------------------------------------------------------------------------
Finished Renaming Generated Instances : Time (s): cpu = 00:00:13 ; elapsed = 00:00:14 . Memory (MB): peak = 1011.418 ; gain = 0.000
---------------------------------------------------------------------------------
---------------------------------------------------------------------------------
Start Rebuilding User Hierarchy
---------------------------------------------------------------------------------
---------------------------------------------------------------------------------
Finished Rebuilding User Hierarchy : Time (s): cpu = 00:00:13 ; elapsed = 00:00:14 . Memory (MB): peak = 1011.418 ; gain = 0.000
---------------------------------------------------------------------------------
---------------------------------------------------------------------------------
Start Renaming Generated Ports
---------------------------------------------------------------------------------
---------------------------------------------------------------------------------
Finished Renaming Generated Ports : Time (s): cpu = 00:00:13 ; elapsed = 00:00:14 . Memory (MB): peak = 1011.418 ; gain = 0.000
---------------------------------------------------------------------------------
---------------------------------------------------------------------------------
Start Handling Custom Attributes
---------------------------------------------------------------------------------
---------------------------------------------------------------------------------
Finished Handling Custom Attributes : Time (s): cpu = 00:00:13 ; elapsed = 00:00:14 . Memory (MB): peak = 1011.418 ; gain = 0.000
---------------------------------------------------------------------------------
---------------------------------------------------------------------------------
Start Renaming Generated Nets
---------------------------------------------------------------------------------
---------------------------------------------------------------------------------
Finished Renaming Generated Nets : Time (s): cpu = 00:00:13 ; elapsed = 00:00:14 . Memory (MB): peak = 1011.418 ; gain = 0.000
---------------------------------------------------------------------------------
---------------------------------------------------------------------------------
Start Writing Synthesis Report
---------------------------------------------------------------------------------

Report BlackBoxes: 
+-+--------------+----------+
| |BlackBox name |Instances |
+-+--------------+----------+
+-+--------------+----------+

Report Cell Usage: 
+------+-------+------+
|      |Cell   |Count |
+------+-------+------+
|1     |CARRY4 |     8|
|2     |LUT1   |     3|
|3     |LUT2   |     7|
|4     |LUT3   |    13|
|5     |LUT4   |    15|
|6     |LUT5   |    17|
|7     |LUT6   |    21|
|8     |FDCE   |    50|
|9     |FDPE   |     1|
|10    |FDRE   |    35|
+------+-------+------+

Report Instance Areas: 
+------+---------+-------------+------+
|      |Instance |Module       |Cells |
+------+---------+-------------+------+
|1     |top      |             |   170|
|2     |  U0     |module_RS232 |   170|
|3     |    I1   |mod_m_cnter  |    23|
|4     |    I2   |uart_rx      |    35|
|5     |    I3   |uart_tx      |    44|
|6     |    I4   |registre     |     8|
|7     |    I5   |pulse        |    60|
+------+---------+-------------+------+
---------------------------------------------------------------------------------
Finished Writing Synthesis Report : Time (s): cpu = 00:00:13 ; elapsed = 00:00:14 . Memory (MB): peak = 1011.418 ; gain = 0.000
---------------------------------------------------------------------------------
Synthesis finished with 0 errors, 0 critical warnings and 2 warnings.
Synthesis Optimization Runtime : Time (s): cpu = 00:00:13 ; elapsed = 00:00:14 . Memory (MB): peak = 1011.418 ; gain = 0.000
Synthesis Optimization Complete : Time (s): cpu = 00:00:13 ; elapsed = 00:00:14 . Memory (MB): peak = 1011.418 ; gain = 0.000
INFO: [Project 1-571] Translating synthesized netlist
Netlist sorting complete. Time (s): cpu = 00:00:00 ; elapsed = 00:00:00.001 . Memory (MB): peak = 1011.418 ; gain = 0.000
INFO: [Netlist 29-17] Analyzing 8 Unisim elements for replacement
INFO: [Netlist 29-28] Unisim Transformation completed in 0 CPU seconds
INFO: [Project 1-570] Preparing netlist for logic optimization
INFO: [Opt 31-138] Pushed 0 inverter(s) to 0 load pin(s).
Netlist sorting complete. Time (s): cpu = 00:00:00 ; elapsed = 00:00:00 . Memory (MB): peak = 1011.418 ; gain = 0.000
INFO: [Project 1-111] Unisim Transformation Summary:
No Unisim elements were transformed.

INFO: [Common 17-83] Releasing license: Synthesis
41 Infos, 3 Warnings, 0 Critical Warnings and 0 Errors encountered.
synth_design completed successfully
synth_design: Time (s): cpu = 00:00:17 ; elapsed = 00:00:18 . Memory (MB): peak = 1011.418 ; gain = 0.000

*** Running vivado
    with args -log design_1_module_RS232_0_0.vds -m64 -product Vivado -mode batch -messageDb vivado.pb -notrace -source design_1_module_RS232_0_0.tcl



****** Vivado v2020.2 (64-bit)
  **** SW Build 3064766 on Wed Nov 18 09:12:45 MST 2020
  **** IP Build 3064653 on Wed Nov 18 14:17:31 MST 2020
    ** Copyright 1986-2020 Xilinx, Inc. All Rights Reserved.

source design_1_module_RS232_0_0.tcl -notrace
INFO: [IP_Flow 19-234] Refreshing IP repositories
INFO: [IP_Flow 19-1700] Loaded user IP repository 'c:/Users/Matt/Desktop/Git/TP_MISTRE/TP_ROBOTIQUE/MACE_LEMIERE_S7/X1_Robot/IP'.
INFO: [IP_Flow 19-2313] Loaded Vivado IP repository 'D:/Xilinx/Vivado/2020.2/data/ip'.
WARNING: [IP_Flow 19-4995] The host OS only allows 260 characters in a normal path. The IP cache path is more than 80 characters. If you experience issues with IP caching, please consider changing the IP cache to a location with a shorter path. Alternately consider using the OS subst command to map part of the path to a drive letter. 
Current IP cache path is c:/Users/Matt/Desktop/Git/TP_MISTRE/TP_ROBOTIQUE/MACE_LEMIERE_S7/X1_Robot/X1_Robot.cache/ip 
Command: synth_design -top design_1_module_RS232_0_0 -part xc7z020clg400-1 -mode out_of_context
Starting synth_design
Attempting to get a license for feature 'Synthesis' and/or device 'xc7z020'
INFO: [Common 17-349] Got license for feature 'Synthesis' and/or device 'xc7z020'
INFO: [Synth 8-7079] Multithreading enabled for synth_design using a maximum of 2 processes.
INFO: [Synth 8-7078] Launching helper process for spawning children vivado processes
INFO: [Synth 8-7075] Helper process launched with PID 2896
---------------------------------------------------------------------------------
Starting Synthesize : Time (s): cpu = 00:00:05 ; elapsed = 00:00:05 . Memory (MB): peak = 1018.918 ; gain = 0.000
---------------------------------------------------------------------------------
WARNING: [Synth 8-1565] actual for formal port key is neither a static name nor a globally static expression [c:/Users/Matt/Desktop/Git/TP_MISTRE/TP_ROBOTIQUE/MACE_LEMIERE_S7/X1_Robot/X1_Robot.gen/sources_1/bd/design_1/ipshared/740c/src/module_RS232.vhd:79]
INFO: [Synth 8-638] synthesizing module 'design_1_module_RS232_0_0' [c:/Users/Matt/Desktop/Git/TP_MISTRE/TP_ROBOTIQUE/MACE_LEMIERE_S7/X1_Robot/X1_Robot.gen/sources_1/bd/design_1/ip/design_1_module_RS232_0_0/synth/design_1_module_RS232_0_0.vhd:68]
INFO: [Synth 8-3491] module 'module_RS232' declared at 'c:/Users/Matt/Desktop/Git/TP_MISTRE/TP_ROBOTIQUE/MACE_LEMIERE_S7/X1_Robot/X1_Robot.gen/sources_1/bd/design_1/ipshared/740c/src/module_RS232.vhd:4' bound to instance 'U0' of component 'module_RS232' [c:/Users/Matt/Desktop/Git/TP_MISTRE/TP_ROBOTIQUE/MACE_LEMIERE_S7/X1_Robot/X1_Robot.gen/sources_1/bd/design_1/ip/design_1_module_RS232_0_0/synth/design_1_module_RS232_0_0.vhd:93]
INFO: [Synth 8-638] synthesizing module 'module_RS232' [c:/Users/Matt/Desktop/Git/TP_MISTRE/TP_ROBOTIQUE/MACE_LEMIERE_S7/X1_Robot/X1_Robot.gen/sources_1/bd/design_1/ipshared/740c/src/module_RS232.vhd:15]
	Parameter N bound to: 8 - type: integer 
	Parameter M bound to: 68 - type: integer 
INFO: [Synth 8-3491] module 'mod_m_cnter' declared at 'c:/Users/Matt/Desktop/Git/TP_MISTRE/TP_ROBOTIQUE/MACE_LEMIERE_S7/X1_Robot/X1_Robot.gen/sources_1/bd/design_1/ipshared/740c/src/mod_m_cnter.vhd:5' bound to instance 'I1' of component 'mod_m_cnter' [c:/Users/Matt/Desktop/Git/TP_MISTRE/TP_ROBOTIQUE/MACE_LEMIERE_S7/X1_Robot/X1_Robot.gen/sources_1/bd/design_1/ipshared/740c/src/module_RS232.vhd:75]
INFO: [Synth 8-638] synthesizing module 'mod_m_cnter' [c:/Users/Matt/Desktop/Git/TP_MISTRE/TP_ROBOTIQUE/MACE_LEMIERE_S7/X1_Robot/X1_Robot.gen/sources_1/bd/design_1/ipshared/740c/src/mod_m_cnter.vhd:14]
	Parameter N bound to: 8 - type: integer 
	Parameter M bound to: 68 - type: integer 
INFO: [Synth 8-256] done synthesizing module 'mod_m_cnter' (1#1) [c:/Users/Matt/Desktop/Git/TP_MISTRE/TP_ROBOTIQUE/MACE_LEMIERE_S7/X1_Robot/X1_Robot.gen/sources_1/bd/design_1/ipshared/740c/src/mod_m_cnter.vhd:14]
	Parameter DBIT bound to: 8 - type: integer 
	Parameter SB_TICK bound to: 16 - type: integer 
INFO: [Synth 8-3491] module 'uart_rx' declared at 'c:/Users/Matt/Desktop/Git/TP_MISTRE/TP_ROBOTIQUE/MACE_LEMIERE_S7/X1_Robot/X1_Robot.gen/sources_1/bd/design_1/ipshared/740c/src/uart_rx.vhd:4' bound to instance 'I2' of component 'uart_rx' [c:/Users/Matt/Desktop/Git/TP_MISTRE/TP_ROBOTIQUE/MACE_LEMIERE_S7/X1_Robot/X1_Robot.gen/sources_1/bd/design_1/ipshared/740c/src/module_RS232.vhd:76]
INFO: [Synth 8-638] synthesizing module 'uart_rx' [c:/Users/Matt/Desktop/Git/TP_MISTRE/TP_ROBOTIQUE/MACE_LEMIERE_S7/X1_Robot/X1_Robot.gen/sources_1/bd/design_1/ipshared/740c/src/uart_rx.vhd:18]
	Parameter DBIT bound to: 8 - type: integer 
	Parameter SB_TICK bound to: 16 - type: integer 
INFO: [Synth 8-256] done synthesizing module 'uart_rx' (2#1) [c:/Users/Matt/Desktop/Git/TP_MISTRE/TP_ROBOTIQUE/MACE_LEMIERE_S7/X1_Robot/X1_Robot.gen/sources_1/bd/design_1/ipshared/740c/src/uart_rx.vhd:18]
	Parameter DBIT bound to: 8 - type: integer 
	Parameter SB_TICK bound to: 16 - type: integer 
INFO: [Synth 8-3491] module 'uart_tx' declared at 'c:/Users/Matt/Desktop/Git/TP_MISTRE/TP_ROBOTIQUE/MACE_LEMIERE_S7/X1_Robot/X1_Robot.gen/sources_1/bd/design_1/ipshared/740c/src/uart_tx.vhd:4' bound to instance 'I3' of component 'uart_tx' [c:/Users/Matt/Desktop/Git/TP_MISTRE/TP_ROBOTIQUE/MACE_LEMIERE_S7/X1_Robot/X1_Robot.gen/sources_1/bd/design_1/ipshared/740c/src/module_RS232.vhd:77]
INFO: [Synth 8-638] synthesizing module 'uart_tx' [c:/Users/Matt/Desktop/Git/TP_MISTRE/TP_ROBOTIQUE/MACE_LEMIERE_S7/X1_Robot/X1_Robot.gen/sources_1/bd/design_1/ipshared/740c/src/uart_tx.vhd:19]
	Parameter DBIT bound to: 8 - type: integer 
	Parameter SB_TICK bound to: 16 - type: integer 
INFO: [Synth 8-256] done synthesizing module 'uart_tx' (3#1) [c:/Users/Matt/Desktop/Git/TP_MISTRE/TP_ROBOTIQUE/MACE_LEMIERE_S7/X1_Robot/X1_Robot.gen/sources_1/bd/design_1/ipshared/740c/src/uart_tx.vhd:19]
INFO: [Synth 8-3491] module 'registre' declared at 'c:/Users/Matt/Desktop/Git/TP_MISTRE/TP_ROBOTIQUE/MACE_LEMIERE_S7/X1_Robot/X1_Robot.gen/sources_1/bd/design_1/ipshared/740c/src/registre.vhd:3' bound to instance 'I4' of component 'registre' [c:/Users/Matt/Desktop/Git/TP_MISTRE/TP_ROBOTIQUE/MACE_LEMIERE_S7/X1_Robot/X1_Robot.gen/sources_1/bd/design_1/ipshared/740c/src/module_RS232.vhd:78]
INFO: [Synth 8-638] synthesizing module 'registre' [c:/Users/Matt/Desktop/Git/TP_MISTRE/TP_ROBOTIQUE/MACE_LEMIERE_S7/X1_Robot/X1_Robot.gen/sources_1/bd/design_1/ipshared/740c/src/registre.vhd:8]
WARNING: [Synth 8-614] signal 'reset' is read in the process but is not in the sensitivity list [c:/Users/Matt/Desktop/Git/TP_MISTRE/TP_ROBOTIQUE/MACE_LEMIERE_S7/X1_Robot/X1_Robot.gen/sources_1/bd/design_1/ipshared/740c/src/registre.vhd:10]
INFO: [Synth 8-256] done synthesizing module 'registre' (4#1) [c:/Users/Matt/Desktop/Git/TP_MISTRE/TP_ROBOTIQUE/MACE_LEMIERE_S7/X1_Robot/X1_Robot.gen/sources_1/bd/design_1/ipshared/740c/src/registre.vhd:8]
	Parameter lenght bound to: 159 - type: integer 
INFO: [Synth 8-3491] module 'pulse' declared at 'c:/Users/Matt/Desktop/Git/TP_MISTRE/TP_ROBOTIQUE/MACE_LEMIERE_S7/X1_Robot/X1_Robot.gen/sources_1/bd/design_1/ipshared/740c/src/pulse.vhd:5' bound to instance 'I5' of component 'pulse' [c:/Users/Matt/Desktop/Git/TP_MISTRE/TP_ROBOTIQUE/MACE_LEMIERE_S7/X1_Robot/X1_Robot.gen/sources_1/bd/design_1/ipshared/740c/src/module_RS232.vhd:79]
INFO: [Synth 8-638] synthesizing module 'pulse' [c:/Users/Matt/Desktop/Git/TP_MISTRE/TP_ROBOTIQUE/MACE_LEMIERE_S7/X1_Robot/X1_Robot.gen/sources_1/bd/design_1/ipshared/740c/src/pulse.vhd:14]
	Parameter lenght bound to: 159 - type: integer 
INFO: [Synth 8-256] done synthesizing module 'pulse' (5#1) [c:/Users/Matt/Desktop/Git/TP_MISTRE/TP_ROBOTIQUE/MACE_LEMIERE_S7/X1_Robot/X1_Robot.gen/sources_1/bd/design_1/ipshared/740c/src/pulse.vhd:14]
INFO: [Synth 8-256] done synthesizing module 'module_RS232' (6#1) [c:/Users/Matt/Desktop/Git/TP_MISTRE/TP_ROBOTIQUE/MACE_LEMIERE_S7/X1_Robot/X1_Robot.gen/sources_1/bd/design_1/ipshared/740c/src/module_RS232.vhd:15]
INFO: [Synth 8-256] done synthesizing module 'design_1_module_RS232_0_0' (7#1) [c:/Users/Matt/Desktop/Git/TP_MISTRE/TP_ROBOTIQUE/MACE_LEMIERE_S7/X1_Robot/X1_Robot.gen/sources_1/bd/design_1/ip/design_1_module_RS232_0_0/synth/design_1_module_RS232_0_0.vhd:68]
---------------------------------------------------------------------------------
Finished Synthesize : Time (s): cpu = 00:00:06 ; elapsed = 00:00:06 . Memory (MB): peak = 1018.918 ; gain = 0.000
---------------------------------------------------------------------------------
---------------------------------------------------------------------------------
Finished Constraint Validation : Time (s): cpu = 00:00:06 ; elapsed = 00:00:07 . Memory (MB): peak = 1018.918 ; gain = 0.000
---------------------------------------------------------------------------------
---------------------------------------------------------------------------------
Start Loading Part and Timing Information
---------------------------------------------------------------------------------
Loading part: xc7z020clg400-1
---------------------------------------------------------------------------------
Finished Loading Part and Timing Information : Time (s): cpu = 00:00:06 ; elapsed = 00:00:07 . Memory (MB): peak = 1018.918 ; gain = 0.000
---------------------------------------------------------------------------------
INFO: [Device 21-403] Loading part xc7z020clg400-1
INFO: [Synth 8-802] inferred FSM for state register 'state_reg_reg' in module 'uart_rx'
INFO: [Synth 8-802] inferred FSM for state register 'state_reg_reg' in module 'uart_tx'
INFO: [Synth 8-802] inferred FSM for state register 'state_reg' in module 'pulse'
---------------------------------------------------------------------------------------------------
                   State |                     New Encoding |                Previous Encoding 
---------------------------------------------------------------------------------------------------
                    idle |                               00 |                               00
                   start |                               01 |                               01
                    data |                               10 |                               10
                    stop |                               11 |                               11
---------------------------------------------------------------------------------------------------
INFO: [Synth 8-3354] encoded FSM with state register 'state_reg_reg' using encoding 'sequential' in module 'uart_rx'
---------------------------------------------------------------------------------------------------
                   State |                     New Encoding |                Previous Encoding 
---------------------------------------------------------------------------------------------------
                    idle |                               00 |                               00
                   start |                               01 |                               01
                    data |                               10 |                               10
                    stop |                               11 |                               11
---------------------------------------------------------------------------------------------------
INFO: [Synth 8-3354] encoded FSM with state register 'state_reg_reg' using encoding 'sequential' in module 'uart_tx'
---------------------------------------------------------------------------------------------------
                   State |                     New Encoding |                Previous Encoding 
---------------------------------------------------------------------------------------------------
                    idle |                               00 |                               00
                 impulse |                               01 |                               01
                    stop |                               10 |                               10
---------------------------------------------------------------------------------------------------
INFO: [Synth 8-3354] encoded FSM with state register 'state_reg' using encoding 'sequential' in module 'pulse'
---------------------------------------------------------------------------------
Finished RTL Optimization Phase 2 : Time (s): cpu = 00:00:07 ; elapsed = 00:00:07 . Memory (MB): peak = 1018.918 ; gain = 0.000
---------------------------------------------------------------------------------
No constraint files found.
---------------------------------------------------------------------------------
Start RTL Component Statistics 
---------------------------------------------------------------------------------
Detailed RTL Component Info : 
+---Adders : 
	   2 Input   32 Bit       Adders := 1     
	   2 Input    8 Bit       Adders := 1     
	   2 Input    4 Bit       Adders := 2     
	   2 Input    3 Bit       Adders := 2     
+---Registers : 
	               32 Bit    Registers := 1     
	                8 Bit    Registers := 4     
	                4 Bit    Registers := 2     
	                3 Bit    Registers := 2     
	                1 Bit    Registers := 2     
+---Muxes : 
	   3 Input   32 Bit        Muxes := 1     
	   2 Input    8 Bit        Muxes := 1     
	   4 Input    8 Bit        Muxes := 1     
	   2 Input    4 Bit        Muxes := 3     
	   4 Input    4 Bit        Muxes := 2     
	   4 Input    3 Bit        Muxes := 2     
	   4 Input    2 Bit        Muxes := 2     
	   2 Input    2 Bit        Muxes := 4     
	   3 Input    2 Bit        Muxes := 1     
	   2 Input    1 Bit        Muxes := 5     
	   3 Input    1 Bit        Muxes := 7     
	   4 Input    1 Bit        Muxes := 11    
---------------------------------------------------------------------------------
Finished RTL Component Statistics 
---------------------------------------------------------------------------------
---------------------------------------------------------------------------------
Start Part Resource Summary
---------------------------------------------------------------------------------
Part Resources:
DSPs: 220 (col length:60)
BRAMs: 280 (col length: RAMB18 60 RAMB36 30)
---------------------------------------------------------------------------------
Finished Part Resource Summary
---------------------------------------------------------------------------------
No constraint files found.
---------------------------------------------------------------------------------
Start Cross Boundary and Area Optimization
---------------------------------------------------------------------------------
---------------------------------------------------------------------------------
Finished Cross Boundary and Area Optimization : Time (s): cpu = 00:00:10 ; elapsed = 00:00:11 . Memory (MB): peak = 1018.918 ; gain = 0.000
---------------------------------------------------------------------------------
No constraint files found.
---------------------------------------------------------------------------------
Start Timing Optimization
---------------------------------------------------------------------------------
---------------------------------------------------------------------------------
Finished Timing Optimization : Time (s): cpu = 00:00:10 ; elapsed = 00:00:11 . Memory (MB): peak = 1018.918 ; gain = 0.000
---------------------------------------------------------------------------------
---------------------------------------------------------------------------------
Start Technology Mapping
---------------------------------------------------------------------------------
---------------------------------------------------------------------------------
Finished Technology Mapping : Time (s): cpu = 00:00:10 ; elapsed = 00:00:11 . Memory (MB): peak = 1018.918 ; gain = 0.000
---------------------------------------------------------------------------------
---------------------------------------------------------------------------------
Start IO Insertion
---------------------------------------------------------------------------------
---------------------------------------------------------------------------------
Start Flattening Before IO Insertion
---------------------------------------------------------------------------------
---------------------------------------------------------------------------------
Finished Flattening Before IO Insertion
---------------------------------------------------------------------------------
---------------------------------------------------------------------------------
Start Final Netlist Cleanup
---------------------------------------------------------------------------------
---------------------------------------------------------------------------------
Finished Final Netlist Cleanup
---------------------------------------------------------------------------------
---------------------------------------------------------------------------------
Finished IO Insertion : Time (s): cpu = 00:00:14 ; elapsed = 00:00:15 . Memory (MB): peak = 1018.918 ; gain = 0.000
---------------------------------------------------------------------------------
---------------------------------------------------------------------------------
Start Renaming Generated Instances
---------------------------------------------------------------------------------
---------------------------------------------------------------------------------
Finished Renaming Generated Instances : Time (s): cpu = 00:00:14 ; elapsed = 00:00:15 . Memory (MB): peak = 1018.918 ; gain = 0.000
---------------------------------------------------------------------------------
---------------------------------------------------------------------------------
Start Rebuilding User Hierarchy
---------------------------------------------------------------------------------
---------------------------------------------------------------------------------
Finished Rebuilding User Hierarchy : Time (s): cpu = 00:00:14 ; elapsed = 00:00:15 . Memory (MB): peak = 1018.918 ; gain = 0.000
---------------------------------------------------------------------------------
---------------------------------------------------------------------------------
Start Renaming Generated Ports
---------------------------------------------------------------------------------
---------------------------------------------------------------------------------
Finished Renaming Generated Ports : Time (s): cpu = 00:00:14 ; elapsed = 00:00:15 . Memory (MB): peak = 1018.918 ; gain = 0.000
---------------------------------------------------------------------------------
---------------------------------------------------------------------------------
Start Handling Custom Attributes
---------------------------------------------------------------------------------
---------------------------------------------------------------------------------
Finished Handling Custom Attributes : Time (s): cpu = 00:00:14 ; elapsed = 00:00:15 . Memory (MB): peak = 1018.918 ; gain = 0.000
---------------------------------------------------------------------------------
---------------------------------------------------------------------------------
Start Renaming Generated Nets
---------------------------------------------------------------------------------
---------------------------------------------------------------------------------
Finished Renaming Generated Nets : Time (s): cpu = 00:00:14 ; elapsed = 00:00:15 . Memory (MB): peak = 1018.918 ; gain = 0.000
---------------------------------------------------------------------------------
---------------------------------------------------------------------------------
Start Writing Synthesis Report
---------------------------------------------------------------------------------

Report BlackBoxes: 
+-+--------------+----------+
| |BlackBox name |Instances |
+-+--------------+----------+
+-+--------------+----------+

Report Cell Usage: 
+------+-------+------+
|      |Cell   |Count |
+------+-------+------+
|1     |CARRY4 |     8|
|2     |LUT1   |     3|
|3     |LUT2   |     7|
|4     |LUT3   |    13|
|5     |LUT4   |    15|
|6     |LUT5   |    17|
|7     |LUT6   |    21|
|8     |FDCE   |    50|
|9     |FDPE   |     1|
|10    |FDRE   |    35|
+------+-------+------+

Report Instance Areas: 
+------+---------+-------------+------+
|      |Instance |Module       |Cells |
+------+---------+-------------+------+
|1     |top      |             |   170|
|2     |  U0     |module_RS232 |   170|
|3     |    I1   |mod_m_cnter  |    23|
|4     |    I2   |uart_rx      |    35|
|5     |    I3   |uart_tx      |    44|
|6     |    I4   |registre     |     8|
|7     |    I5   |pulse        |    60|
+------+---------+-------------+------+
---------------------------------------------------------------------------------
Finished Writing Synthesis Report : Time (s): cpu = 00:00:14 ; elapsed = 00:00:15 . Memory (MB): peak = 1018.918 ; gain = 0.000
---------------------------------------------------------------------------------
Synthesis finished with 0 errors, 0 critical warnings and 2 warnings.
Synthesis Optimization Runtime : Time (s): cpu = 00:00:14 ; elapsed = 00:00:15 . Memory (MB): peak = 1018.918 ; gain = 0.000
Synthesis Optimization Complete : Time (s): cpu = 00:00:14 ; elapsed = 00:00:15 . Memory (MB): peak = 1018.918 ; gain = 0.000
INFO: [Project 1-571] Translating synthesized netlist
Netlist sorting complete. Time (s): cpu = 00:00:00 ; elapsed = 00:00:00.002 . Memory (MB): peak = 1018.918 ; gain = 0.000
INFO: [Netlist 29-17] Analyzing 8 Unisim elements for replacement
INFO: [Netlist 29-28] Unisim Transformation completed in 0 CPU seconds
INFO: [Project 1-570] Preparing netlist for logic optimization
INFO: [Opt 31-138] Pushed 0 inverter(s) to 0 load pin(s).
Netlist sorting complete. Time (s): cpu = 00:00:00 ; elapsed = 00:00:00 . Memory (MB): peak = 1018.918 ; gain = 0.000
INFO: [Project 1-111] Unisim Transformation Summary:
No Unisim elements were transformed.

INFO: [Common 17-83] Releasing license: Synthesis
41 Infos, 3 Warnings, 0 Critical Warnings and 0 Errors encountered.
synth_design completed successfully
synth_design: Time (s): cpu = 00:00:18 ; elapsed = 00:00:19 . Memory (MB): peak = 1018.918 ; gain = 0.000
INFO: [Timing 38-35] Done setting XDC timing constraints.
INFO: [Common 17-1381] The checkpoint 'C:/Users/Matt/Desktop/Git/TP_MISTRE/TP_ROBOTIQUE/MACE_LEMIERE_S7/X1_Robot/X1_Robot.runs/design_1_module_RS232_0_0_synth_1/design_1_module_RS232_0_0.dcp' has been generated.
write_checkpoint: Time (s): cpu = 00:00:05 ; elapsed = 00:00:06 . Memory (MB): peak = 1350.473 ; gain = 331.555
WARNING: [Common 17-576] 'use_project_ipc' is deprecated. This option is deprecated and no longer used.
INFO: [Coretcl 2-1648] Added synthesis output to IP cache for IP design_1_module_RS232_0_0, cache-ID = 36de14ff0ad31287
INFO: [Coretcl 2-1174] Renamed 6 cell refs.
INFO: [Common 17-1381] The checkpoint 'C:/Users/Matt/Desktop/Git/TP_MISTRE/TP_ROBOTIQUE/MACE_LEMIERE_S7/X1_Robot/X1_Robot.runs/design_1_module_RS232_0_0_synth_1/design_1_module_RS232_0_0.dcp' has been generated.
INFO: [runtcl-4] Executing : report_utilization -file design_1_module_RS232_0_0_utilization_synth.rpt -pb design_1_module_RS232_0_0_utilization_synth.pb
INFO: [Common 17-206] Exiting Vivado at Thu Sep 24 15:35:16 2026...
