#-----------------------------------------------------------
# Webtalk v2020.2 (64-bit)
# SW Build 3064766 on Wed Nov 18 09:12:45 MST 2020
# IP Build 3064653 on Wed Nov 18 14:17:31 MST 2020
# Start of session at: Wed Sep  9 11:50:20 2026
# Process ID: 21480
# Current directory: C:/Users/Thomas/Desktop/TP_MISTRE/TP_ROBOTIQUE/test_sur_7010_fpga/test_sur_7010_fpga.sim/sim_1/behav/xsim
# Command line: wbtcv.exe -mode batch -source C:/Users/Thomas/Desktop/TP_MISTRE/TP_ROBOTIQUE/test_sur_7010_fpga/test_sur_7010_fpga.sim/sim_1/behav/xsim/xsim.dir/sim_pi_behav/webtalk/xsim_webtalk.tcl -notrace
# Log file: C:/Users/Thomas/Desktop/TP_MISTRE/TP_ROBOTIQUE/test_sur_7010_fpga/test_sur_7010_fpga.sim/sim_1/behav/xsim/webtalk.log
# Journal file: C:/Users/Thomas/Desktop/TP_MISTRE/TP_ROBOTIQUE/test_sur_7010_fpga/test_sur_7010_fpga.sim/sim_1/behav/xsim\webtalk.jou
#-----------------------------------------------------------
source C:/Users/Thomas/Desktop/TP_MISTRE/TP_ROBOTIQUE/test_sur_7010_fpga/test_sur_7010_fpga.sim/sim_1/behav/xsim/xsim.dir/sim_pi_behav/webtalk/xsim_webtalk.tcl -notrace
