#-----------------------------------------------------------
# Vivado v2020.2 (64-bit)
# SW Build 3064766 on Wed Nov 18 09:12:45 MST 2020
# IP Build 3064653 on Wed Nov 18 14:17:31 MST 2020
# Start of session at: Sun Aug 23 14:19:32 2026
# Process ID: 5364
# Current directory: C:/Users/Thomas/Desktop/TP_MISTRE/TP_ROBOTIQUE/test_sur_7010_fpga/test_sur_7010_fpga.runs/test_driver_pwm_util_vector_logic_0_2_synth_1
# Command line: vivado.exe -log test_driver_pwm_util_vector_logic_0_2.vds -product Vivado -mode batch -messageDb vivado.pb -notrace -source test_driver_pwm_util_vector_logic_0_2.tcl
# Log file: C:/Users/Thomas/Desktop/TP_MISTRE/TP_ROBOTIQUE/test_sur_7010_fpga/test_sur_7010_fpga.runs/test_driver_pwm_util_vector_logic_0_2_synth_1/test_driver_pwm_util_vector_logic_0_2.vds
# Journal file: C:/Users/Thomas/Desktop/TP_MISTRE/TP_ROBOTIQUE/test_sur_7010_fpga/test_sur_7010_fpga.runs/test_driver_pwm_util_vector_logic_0_2_synth_1\vivado.jou
#-----------------------------------------------------------
source test_driver_pwm_util_vector_logic_0_2.tcl -notrace
