Copyright 1986-2020 Xilinx, Inc. All Rights Reserved.
---------------------------------------------------------------------------------------------
| Tool Version : Vivado v.2020.2 (win64) Build 3064766 Wed Nov 18 09:12:45 MST 2020
| Date         : Thu Sep 24 17:01:33 2026
| Host         : Ordi-Matt running 64-bit major release  (build 9200)
| Command      : report_control_sets -verbose -file design_1_wrapper_control_sets_placed.rpt
| Design       : design_1_wrapper
| Device       : xc7z020
---------------------------------------------------------------------------------------------

Control Set Information

Table of Contents
-----------------
1. Summary
2. Histogram
3. Flip-Flop Distribution
4. Detailed Control Set Information

1. Summary
----------

+----------------------------------------------------------+-------+
|                          Status                          | Count |
+----------------------------------------------------------+-------+
| Total control sets                                       |    10 |
|    Minimum number of control sets                        |    10 |
|    Addition due to synthesis replication                 |     0 |
|    Addition due to physical synthesis replication        |     0 |
| Unused register locations in slices containing registers |    30 |
+----------------------------------------------------------+-------+
* Control sets can be merged at opt_design using control_set_merge or merge_equivalent_drivers
** Run report_qor_suggestions for automated merging and remapping suggestions


2. Histogram
------------

+--------------------+-------+
|       Fanout       | Count |
+--------------------+-------+
| Total control sets |    10 |
| >= 0 to < 4        |     1 |
| >= 4 to < 6        |     1 |
| >= 6 to < 8        |     0 |
| >= 8 to < 10       |     2 |
| >= 10 to < 12      |     0 |
| >= 12 to < 14      |     3 |
| >= 14 to < 16      |     0 |
| >= 16              |     3 |
+--------------------+-------+
* Control sets can be remapped at either synth_design or opt_design


3. Flip-Flop Distribution
-------------------------

+--------------+-----------------------+------------------------+-----------------+--------------+
| Clock Enable | Synchronous Set/Reset | Asynchronous Set/Reset | Total Registers | Total Slices |
+--------------+-----------------------+------------------------+-----------------+--------------+
| No           | No                    | No                     |              38 |           16 |
| No           | No                    | Yes                    |               0 |            0 |
| No           | Yes                   | No                     |              26 |            8 |
| Yes          | No                    | No                     |              45 |           17 |
| Yes          | No                    | Yes                    |               0 |            0 |
| Yes          | Yes                   | No                     |              45 |           13 |
+--------------+-----------------------+------------------------+-----------------+--------------+


4. Detailed Control Set Information
-----------------------------------

+---------------+-----------------------------------------------------------+-----------------------------------------------------------+------------------+----------------+--------------+
|  Clock Signal |                       Enable Signal                       |                      Set/Reset Signal                     | Slice Load Count | Bel Load Count | Bels / Slice |
+---------------+-----------------------------------------------------------+-----------------------------------------------------------+------------------+----------------+--------------+
|  A1_IBUF      |                                                           |                                                           |                1 |              3 |         3.00 |
|  H2_IBUF_BUFG | design_1_i/module_RS232_0/U0/I3/s_next                    |                                                           |                1 |              4 |         4.00 |
|  H2_IBUF_BUFG | design_1_i/module_RS232_0/U0/I3/b_next_0                  |                                                           |                1 |              8 |         8.00 |
|  H2_IBUF_BUFG | design_1_i/transmissionDonnee_0/U0/TX[7]_i_1_n_0          |                                                           |                3 |              8 |         2.67 |
|  H2_IBUF_BUFG |                                                           | design_1_i/PWM_D/U0/compteur[0]_i_1_n_0                   |                4 |             13 |         3.25 |
|  H2_IBUF_BUFG |                                                           | design_1_i/PWM_G/U0/compteur[0]_i_1_n_0                   |                4 |             13 |         3.25 |
|  H2_IBUF_BUFG | design_1_i/transmissionDonnee_0/U0/cptrPeriod[12]_i_2_n_0 | design_1_i/transmissionDonnee_0/U0/cptrPeriod[12]_i_1_n_0 |                4 |             13 |         3.25 |
|  H2_IBUF_BUFG | design_1_i/transmissionDonnee_0/U0/dataTmp[39]_i_1_n_0    |                                                           |               12 |             25 |         2.08 |
|  H2_IBUF_BUFG | design_1_i/module_RS232_0/U0/I5/count                     | design_1_i/module_RS232_0/U0/I5/count[31]_i_1_n_0         |                9 |             32 |         3.56 |
|  H2_IBUF_BUFG |                                                           |                                                           |               15 |             35 |         2.33 |
+---------------+-----------------------------------------------------------+-----------------------------------------------------------+------------------+----------------+--------------+


