
*** Running vivado
    with args -log design_1_transmissionDonnee_0_0.vds -m64 -product Vivado -mode batch -messageDb vivado.pb -notrace -source design_1_transmissionDonnee_0_0.tcl



****** Vivado v2020.2 (64-bit)
  **** SW Build 3064766 on Wed Nov 18 09:12:45 MST 2020
  **** IP Build 3064653 on Wed Nov 18 14:17:31 MST 2020
    ** Copyright 1986-2020 Xilinx, Inc. All Rights Reserved.

source design_1_transmissionDonnee_0_0.tcl -notrace
INFO: [IP_Flow 19-234] Refreshing IP repositories
INFO: [IP_Flow 19-1700] Loaded user IP repository 'c:/Users/Matt/Desktop/Git/TP_MISTRE/TP_ROBOTIQUE/MACE_LEMIERE_S7/X1_Robot/IP'.
INFO: [IP_Flow 19-2313] Loaded Vivado IP repository 'D:/Xilinx/Vivado/2020.2/data/ip'.
WARNING: [IP_Flow 19-4995] The host OS only allows 260 characters in a normal path. The IP cache path is more than 80 characters. If you experience issues with IP caching, please consider changing the IP cache to a location with a shorter path. Alternately consider using the OS subst command to map part of the path to a drive letter. 
Current IP cache path is c:/Users/Matt/Desktop/Git/TP_MISTRE/TP_ROBOTIQUE/MACE_LEMIERE_S7/X1_Robot/X1_Robot.cache/ip 
Command: synth_design -top design_1_transmissionDonnee_0_0 -part xc7z020clg400-1 -mode out_of_context
Starting synth_design
WARNING: [IP_Flow 19-3571] IP 'design_1_transmissionDonnee_0_0' is restricted:
* Module reference is stale and needs refreshing.
Attempting to get a license for feature 'Synthesis' and/or device 'xc7z020'
INFO: [Common 17-349] Got license for feature 'Synthesis' and/or device 'xc7z020'
INFO: [Synth 8-7079] Multithreading enabled for synth_design using a maximum of 2 processes.
INFO: [Synth 8-7078] Launching helper process for spawning children vivado processes
INFO: [Synth 8-7075] Helper process launched with PID 33236
---------------------------------------------------------------------------------
Starting Synthesize : Time (s): cpu = 00:00:03 ; elapsed = 00:00:03 . Memory (MB): peak = 1008.586 ; gain = 0.000
---------------------------------------------------------------------------------
INFO: [Synth 8-638] synthesizing module 'design_1_transmissionDonnee_0_0' [c:/Users/Matt/Desktop/Git/TP_MISTRE/TP_ROBOTIQUE/MACE_LEMIERE_S7/X1_Robot/X1_Robot.gen/sources_1/bd/design_1/ip/design_1_transmissionDonnee_0_0/synth/design_1_transmissionDonnee_0_0.vhd:67]
	Parameter NData bound to: 1 - type: integer 
	Parameter dataSize bound to: 5 - type: integer 
	Parameter period bound to: 8000 - type: integer 
	Parameter periodOctet bound to: 1000 - type: integer 
INFO: [Synth 8-3491] module 'transmissionDonnee' declared at 'C:/Users/Matt/Desktop/Git/TP_MISTRE/TP_ROBOTIQUE/MACE_LEMIERE_S7/X1_Robot/X1_Robot.srcs/sources_1/imports/Downloads/transmissionDonnee.vhd:5' bound to instance 'U0' of component 'transmissionDonnee' [c:/Users/Matt/Desktop/Git/TP_MISTRE/TP_ROBOTIQUE/MACE_LEMIERE_S7/X1_Robot/X1_Robot.gen/sources_1/bd/design_1/ip/design_1_transmissionDonnee_0_0/synth/design_1_transmissionDonnee_0_0.vhd:95]
INFO: [Synth 8-638] synthesizing module 'transmissionDonnee' [C:/Users/Matt/Desktop/Git/TP_MISTRE/TP_ROBOTIQUE/MACE_LEMIERE_S7/X1_Robot/X1_Robot.srcs/sources_1/imports/Downloads/transmissionDonnee.vhd:20]
	Parameter NData bound to: 1 - type: integer 
	Parameter dataSize bound to: 5 - type: integer 
	Parameter period bound to: 8000 - type: integer 
	Parameter periodOctet bound to: 1000 - type: integer 
INFO: [Synth 8-226] default block is never used [C:/Users/Matt/Desktop/Git/TP_MISTRE/TP_ROBOTIQUE/MACE_LEMIERE_S7/X1_Robot/X1_Robot.srcs/sources_1/imports/Downloads/transmissionDonnee.vhd:31]
INFO: [Synth 8-256] done synthesizing module 'transmissionDonnee' (1#1) [C:/Users/Matt/Desktop/Git/TP_MISTRE/TP_ROBOTIQUE/MACE_LEMIERE_S7/X1_Robot/X1_Robot.srcs/sources_1/imports/Downloads/transmissionDonnee.vhd:20]
INFO: [Synth 8-256] done synthesizing module 'design_1_transmissionDonnee_0_0' (2#1) [c:/Users/Matt/Desktop/Git/TP_MISTRE/TP_ROBOTIQUE/MACE_LEMIERE_S7/X1_Robot/X1_Robot.gen/sources_1/bd/design_1/ip/design_1_transmissionDonnee_0_0/synth/design_1_transmissionDonnee_0_0.vhd:67]
---------------------------------------------------------------------------------
Finished Synthesize : Time (s): cpu = 00:00:03 ; elapsed = 00:00:04 . Memory (MB): peak = 1008.586 ; gain = 0.000
---------------------------------------------------------------------------------
---------------------------------------------------------------------------------
Finished Constraint Validation : Time (s): cpu = 00:00:04 ; elapsed = 00:00:04 . Memory (MB): peak = 1008.586 ; gain = 0.000
---------------------------------------------------------------------------------
---------------------------------------------------------------------------------
Start Loading Part and Timing Information
---------------------------------------------------------------------------------
Loading part: xc7z020clg400-1
---------------------------------------------------------------------------------
Finished Loading Part and Timing Information : Time (s): cpu = 00:00:04 ; elapsed = 00:00:04 . Memory (MB): peak = 1008.586 ; gain = 0.000
---------------------------------------------------------------------------------
INFO: [Device 21-403] Loading part xc7z020clg400-1
---------------------------------------------------------------------------------
Finished RTL Optimization Phase 2 : Time (s): cpu = 00:00:04 ; elapsed = 00:00:04 . Memory (MB): peak = 1008.586 ; gain = 0.000
---------------------------------------------------------------------------------
No constraint files found.
---------------------------------------------------------------------------------
Start RTL Component Statistics 
---------------------------------------------------------------------------------
Detailed RTL Component Info : 
+---Adders : 
	   2 Input   13 Bit       Adders := 1     
+---Registers : 
	               40 Bit    Registers := 1     
	               13 Bit    Registers := 1     
	                8 Bit    Registers := 1     
	                1 Bit    Registers := 3     
+---Muxes : 
	   2 Input   13 Bit        Muxes := 1     
	   3 Input    8 Bit        Muxes := 1     
	   2 Input    8 Bit        Muxes := 3     
	   4 Input    2 Bit        Muxes := 1     
	   2 Input    1 Bit        Muxes := 15    
	   8 Input    1 Bit        Muxes := 1     
	   3 Input    1 Bit        Muxes := 1     
	   9 Input    1 Bit        Muxes := 1     
	   4 Input    1 Bit        Muxes := 1     
---------------------------------------------------------------------------------
Finished RTL Component Statistics 
---------------------------------------------------------------------------------
---------------------------------------------------------------------------------
Start Part Resource Summary
---------------------------------------------------------------------------------
Part Resources:
DSPs: 220 (col length:60)
BRAMs: 280 (col length: RAMB18 60 RAMB36 30)
---------------------------------------------------------------------------------
Finished Part Resource Summary
---------------------------------------------------------------------------------
No constraint files found.
---------------------------------------------------------------------------------
Start Cross Boundary and Area Optimization
---------------------------------------------------------------------------------
---------------------------------------------------------------------------------
Finished Cross Boundary and Area Optimization : Time (s): cpu = 00:00:07 ; elapsed = 00:00:08 . Memory (MB): peak = 1008.586 ; gain = 0.000
---------------------------------------------------------------------------------
No constraint files found.
---------------------------------------------------------------------------------
Start Timing Optimization
---------------------------------------------------------------------------------
---------------------------------------------------------------------------------
Finished Timing Optimization : Time (s): cpu = 00:00:07 ; elapsed = 00:00:08 . Memory (MB): peak = 1008.586 ; gain = 0.000
---------------------------------------------------------------------------------
---------------------------------------------------------------------------------
Start Technology Mapping
---------------------------------------------------------------------------------
---------------------------------------------------------------------------------
Finished Technology Mapping : Time (s): cpu = 00:00:07 ; elapsed = 00:00:08 . Memory (MB): peak = 1008.586 ; gain = 0.000
---------------------------------------------------------------------------------
---------------------------------------------------------------------------------
Start IO Insertion
---------------------------------------------------------------------------------
---------------------------------------------------------------------------------
Start Flattening Before IO Insertion
---------------------------------------------------------------------------------
---------------------------------------------------------------------------------
Finished Flattening Before IO Insertion
---------------------------------------------------------------------------------
---------------------------------------------------------------------------------
Start Final Netlist Cleanup
---------------------------------------------------------------------------------
---------------------------------------------------------------------------------
Finished Final Netlist Cleanup
---------------------------------------------------------------------------------
---------------------------------------------------------------------------------
Finished IO Insertion : Time (s): cpu = 00:00:09 ; elapsed = 00:00:10 . Memory (MB): peak = 1008.586 ; gain = 0.000
---------------------------------------------------------------------------------
---------------------------------------------------------------------------------
Start Renaming Generated Instances
---------------------------------------------------------------------------------
---------------------------------------------------------------------------------
Finished Renaming Generated Instances : Time (s): cpu = 00:00:09 ; elapsed = 00:00:10 . Memory (MB): peak = 1008.586 ; gain = 0.000
---------------------------------------------------------------------------------
---------------------------------------------------------------------------------
Start Rebuilding User Hierarchy
---------------------------------------------------------------------------------
---------------------------------------------------------------------------------
Finished Rebuilding User Hierarchy : Time (s): cpu = 00:00:09 ; elapsed = 00:00:10 . Memory (MB): peak = 1008.586 ; gain = 0.000
---------------------------------------------------------------------------------
---------------------------------------------------------------------------------
Start Renaming Generated Ports
---------------------------------------------------------------------------------
---------------------------------------------------------------------------------
Finished Renaming Generated Ports : Time (s): cpu = 00:00:09 ; elapsed = 00:00:10 . Memory (MB): peak = 1008.586 ; gain = 0.000
---------------------------------------------------------------------------------
---------------------------------------------------------------------------------
Start Handling Custom Attributes
---------------------------------------------------------------------------------
---------------------------------------------------------------------------------
Finished Handling Custom Attributes : Time (s): cpu = 00:00:09 ; elapsed = 00:00:10 . Memory (MB): peak = 1008.586 ; gain = 0.000
---------------------------------------------------------------------------------
---------------------------------------------------------------------------------
Start Renaming Generated Nets
---------------------------------------------------------------------------------
---------------------------------------------------------------------------------
Finished Renaming Generated Nets : Time (s): cpu = 00:00:09 ; elapsed = 00:00:10 . Memory (MB): peak = 1008.586 ; gain = 0.000
---------------------------------------------------------------------------------
---------------------------------------------------------------------------------
Start Writing Synthesis Report
---------------------------------------------------------------------------------

Report BlackBoxes: 
+-+--------------+----------+
| |BlackBox name |Instances |
+-+--------------+----------+
+-+--------------+----------+

Report Cell Usage: 
+------+-------+------+
|      |Cell   |Count |
+------+-------+------+
|1     |CARRY4 |     3|
|2     |LUT1   |     1|
|3     |LUT2   |    15|
|4     |LUT3   |     4|
|5     |LUT4   |     6|
|6     |LUT5   |    15|
|7     |LUT6   |    21|
|8     |FDRE   |    56|
+------+-------+------+

Report Instance Areas: 
+------+---------+-------------------+------+
|      |Instance |Module             |Cells |
+------+---------+-------------------+------+
|1     |top      |                   |   121|
|2     |  U0     |transmissionDonnee |   121|
+------+---------+-------------------+------+
---------------------------------------------------------------------------------
Finished Writing Synthesis Report : Time (s): cpu = 00:00:09 ; elapsed = 00:00:10 . Memory (MB): peak = 1008.586 ; gain = 0.000
---------------------------------------------------------------------------------
Synthesis finished with 0 errors, 0 critical warnings and 0 warnings.
Synthesis Optimization Runtime : Time (s): cpu = 00:00:09 ; elapsed = 00:00:10 . Memory (MB): peak = 1008.586 ; gain = 0.000
Synthesis Optimization Complete : Time (s): cpu = 00:00:09 ; elapsed = 00:00:10 . Memory (MB): peak = 1008.586 ; gain = 0.000
INFO: [Project 1-571] Translating synthesized netlist
Netlist sorting complete. Time (s): cpu = 00:00:00 ; elapsed = 00:00:00.001 . Memory (MB): peak = 1008.586 ; gain = 0.000
INFO: [Netlist 29-17] Analyzing 3 Unisim elements for replacement
INFO: [Netlist 29-28] Unisim Transformation completed in 0 CPU seconds
INFO: [Project 1-570] Preparing netlist for logic optimization
INFO: [Opt 31-138] Pushed 0 inverter(s) to 0 load pin(s).
Netlist sorting complete. Time (s): cpu = 00:00:00 ; elapsed = 00:00:00.001 . Memory (MB): peak = 1008.586 ; gain = 0.000
INFO: [Project 1-111] Unisim Transformation Summary:
No Unisim elements were transformed.

INFO: [Common 17-83] Releasing license: Synthesis
21 Infos, 2 Warnings, 0 Critical Warnings and 0 Errors encountered.
synth_design completed successfully
synth_design: Time (s): cpu = 00:00:12 ; elapsed = 00:00:13 . Memory (MB): peak = 1008.586 ; gain = 0.000
INFO: [Timing 38-35] Done setting XDC timing constraints.
INFO: [Common 17-1381] The checkpoint 'C:/Users/Matt/Desktop/Git/TP_MISTRE/TP_ROBOTIQUE/MACE_LEMIERE_S7/X1_Robot/X1_Robot.runs/design_1_transmissionDonnee_0_0_synth_1/design_1_transmissionDonnee_0_0.dcp' has been generated.
write_checkpoint: Time (s): cpu = 00:00:04 ; elapsed = 00:00:05 . Memory (MB): peak = 1345.855 ; gain = 337.270
WARNING: [Common 17-576] 'use_project_ipc' is deprecated. This option is deprecated and no longer used.
INFO: [Common 17-1381] The checkpoint 'C:/Users/Matt/Desktop/Git/TP_MISTRE/TP_ROBOTIQUE/MACE_LEMIERE_S7/X1_Robot/X1_Robot.runs/design_1_transmissionDonnee_0_0_synth_1/design_1_transmissionDonnee_0_0.dcp' has been generated.
INFO: [runtcl-4] Executing : report_utilization -file design_1_transmissionDonnee_0_0_utilization_synth.rpt -pb design_1_transmissionDonnee_0_0_utilization_synth.pb
INFO: [Common 17-206] Exiting Vivado at Thu Sep 24 16:16:22 2026...
