#-----------------------------------------------------------
# Vivado v2020.2 (64-bit)
# SW Build 3064766 on Wed Nov 18 09:12:45 MST 2020
# IP Build 3064653 on Wed Nov 18 14:17:31 MST 2020
# Start of session at: Fri Jul 17 03:48:02 2026
# Process ID: 15268
# Current directory: C:/Users/Thomas/Desktop/TP_MISTRE/TP_FPGA/TP1/FIR5
# Command line: vivado.exe -gui_launcher_event rodinguilauncherevent16744 C:\Users\Thomas\Desktop\TP_MISTRE\TP_FPGA\TP1\FIR5\FIR5.xpr
# Log file: C:/Users/Thomas/Desktop/TP_MISTRE/TP_FPGA/TP1/FIR5/vivado.log
# Journal file: C:/Users/Thomas/Desktop/TP_MISTRE/TP_FPGA/TP1/FIR5\vivado.jou
#-----------------------------------------------------------
start_gui
open_project C:/Users/Thomas/Desktop/TP_MISTRE/TP_FPGA/TP1/FIR5/FIR5.xpr
INFO: [Project 1-313] Project file moved from 'C:/Users/Thomas/Desktop/TP MISTRE/TP_FPGA/FIR5' since last save.
INFO: [filemgmt 56-1] Board Part Repository Path: Directory not found as 'C:/Users/Thomas/Desktop/AppData/Roaming/Xilinx/Vivado/2020.2/xhub/board_store/xilinx_board_store'; using path 'C:/Users/Thomas/AppData/Roaming/Xilinx/Vivado/2020.2/xhub/board_store/xilinx_board_store' instead.
CRITICAL WARNING: [Project 1-311] Could not find the file 'C:/Users/Thomas/Desktop/OneDrive/Cours/M1/S7/SEA/TP_FPGA/TP1_MISTRE/FIR5.vhd', nor could it be found using path 'C:/Users/Thomas/OneDrive/Cours/M1/S7/SEA/TP_FPGA/TP1_MISTRE/FIR5.vhd'.
CRITICAL WARNING: [Project 1-311] Could not find the file 'C:/Users/Thomas/Desktop/OneDrive/Cours/M1/S7/SEA/TP_FPGA/TP1_MISTRE/div_clk.vhd', nor could it be found using path 'C:/Users/Thomas/OneDrive/Cours/M1/S7/SEA/TP_FPGA/TP1_MISTRE/div_clk.vhd'.
CRITICAL WARNING: [Project 1-311] Could not find the file 'C:/Users/Thomas/Desktop/OneDrive/Cours/M1/S7/SEA/TP_FPGA/TP1_MISTRE/signals_gen.vhd', nor could it be found using path 'C:/Users/Thomas/OneDrive/Cours/M1/S7/SEA/TP_FPGA/TP1_MISTRE/signals_gen.vhd'.
CRITICAL WARNING: [Project 1-311] Could not find the file 'C:/Users/Thomas/Desktop/OneDrive/Cours/M1/S7/SEA/TP_FPGA/TP1_MISTRE/constraint.xdc', nor could it be found using path 'C:/Users/Thomas/OneDrive/Cours/M1/S7/SEA/TP_FPGA/TP1_MISTRE/constraint.xdc'.
CRITICAL WARNING: [Project 1-311] Could not find the file 'C:/Users/Thomas/Desktop/OneDrive/Cours/M1/S7/SEA/TP_FPGA/TP1_MISTRE/Zybo-Z7-FIR_DAC.xdc', nor could it be found using path 'C:/Users/Thomas/OneDrive/Cours/M1/S7/SEA/TP_FPGA/TP1_MISTRE/Zybo-Z7-FIR_DAC.xdc'.
CRITICAL WARNING: [Project 1-311] Could not find the file 'C:/Users/Thomas/Desktop/OneDrive/Cours/M1/S7/SEA/TP_FPGA/TP1_MISTRE/SIM_COMPLETE.vhd', nor could it be found using path 'C:/Users/Thomas/OneDrive/Cours/M1/S7/SEA/TP_FPGA/TP1_MISTRE/SIM_COMPLETE.vhd'.
CRITICAL WARNING: [Project 1-311] Could not find the file 'C:/Users/Thomas/Desktop/OneDrive/Cours/M1/S7/SEA/TP_FPGA/TP1_MISTRE/tstFIR5.vhd', nor could it be found using path 'C:/Users/Thomas/OneDrive/Cours/M1/S7/SEA/TP_FPGA/TP1_MISTRE/tstFIR5.vhd'.
Scanning sources...
Finished scanning sources
INFO: [IP_Flow 19-234] Refreshing IP repositories
INFO: [IP_Flow 19-1704] No user IP repositories specified
INFO: [IP_Flow 19-2313] Loaded Vivado IP repository 'C:/Xilinx/Vivado/2020.2/data/ip'.
open_project: Time (s): cpu = 00:00:13 ; elapsed = 00:00:08 . Memory (MB): peak = 1081.785 ; gain = 0.000
update_compile_order -fileset sources_1
update_compile_order -fileset sim_1
export_ip_user_files -of_objects  [get_files C:/Users/Thomas/Desktop/OneDrive/Cours/M1/S7/SEA/TP_FPGA/TP1_MISTRE/FIR5.vhd] -no_script -reset -force -quiet
remove_files  C:/Users/Thomas/Desktop/OneDrive/Cours/M1/S7/SEA/TP_FPGA/TP1_MISTRE/FIR5.vhd
export_ip_user_files -of_objects  [get_files C:/Users/Thomas/Desktop/OneDrive/Cours/M1/S7/SEA/TP_FPGA/TP1_MISTRE/div_clk.vhd] -no_script -reset -force -quiet
remove_files  C:/Users/Thomas/Desktop/OneDrive/Cours/M1/S7/SEA/TP_FPGA/TP1_MISTRE/div_clk.vhd
export_ip_user_files -of_objects  [get_files C:/Users/Thomas/Desktop/OneDrive/Cours/M1/S7/SEA/TP_FPGA/TP1_MISTRE/signals_gen.vhd] -no_script -reset -force -quiet
remove_files  C:/Users/Thomas/Desktop/OneDrive/Cours/M1/S7/SEA/TP_FPGA/TP1_MISTRE/signals_gen.vhd
export_ip_user_files -of_objects  [get_files C:/Users/Thomas/Desktop/OneDrive/Cours/M1/S7/SEA/TP_FPGA/TP1_MISTRE/Zybo-Z7-FIR_DAC.xdc] -no_script -reset -force -quiet
remove_files  -fileset constrs_1 C:/Users/Thomas/Desktop/OneDrive/Cours/M1/S7/SEA/TP_FPGA/TP1_MISTRE/Zybo-Z7-FIR_DAC.xdc
export_ip_user_files -of_objects  [get_files C:/Users/Thomas/Desktop/OneDrive/Cours/M1/S7/SEA/TP_FPGA/TP1_MISTRE/constraint.xdc] -no_script -reset -force -quiet
remove_files  -fileset constrs_1 C:/Users/Thomas/Desktop/OneDrive/Cours/M1/S7/SEA/TP_FPGA/TP1_MISTRE/constraint.xdc
export_ip_user_files -of_objects  [get_files C:/Users/Thomas/Desktop/OneDrive/Cours/M1/S7/SEA/TP_FPGA/TP1_MISTRE/SIM_COMPLETE.vhd] -no_script -reset -force -quiet
remove_files  -fileset sim_1 C:/Users/Thomas/Desktop/OneDrive/Cours/M1/S7/SEA/TP_FPGA/TP1_MISTRE/SIM_COMPLETE.vhd
export_ip_user_files -of_objects  [get_files C:/Users/Thomas/Desktop/OneDrive/Cours/M1/S7/SEA/TP_FPGA/TP1_MISTRE/tstFIR5.vhd] -no_script -reset -force -quiet
remove_files  -fileset sim_1 C:/Users/Thomas/Desktop/OneDrive/Cours/M1/S7/SEA/TP_FPGA/TP1_MISTRE/tstFIR5.vhd
export_ip_user_files -of_objects  [get_files C:/Users/Thomas/Desktop/TP_MISTRE/TP_FPGA/TP1/FIR5/tstFIR5_behav.wcfg] -no_script -reset -force -quiet
remove_files  -fileset sim_1 C:/Users/Thomas/Desktop/TP_MISTRE/TP_FPGA/TP1/FIR5/tstFIR5_behav.wcfg
export_ip_user_files -of_objects  [get_files C:/Users/Thomas/Desktop/TP_MISTRE/TP_FPGA/TP1/FIR5/SIM_COMPLETE_behav.wcfg] -no_script -reset -force -quiet
remove_files  -fileset sim_1 C:/Users/Thomas/Desktop/TP_MISTRE/TP_FPGA/TP1/FIR5/SIM_COMPLETE_behav.wcfg
add_files -norecurse -scan_for_includes {{C:/Users/Thomas/OneDrive/Cours/M1/S7/SEA/TP FPGA/TP1 MISTRE/FIR5.vhd} {C:/Users/Thomas/OneDrive/Cours/M1/S7/SEA/TP FPGA/TP1 MISTRE/div_clk.vhd} {C:/Users/Thomas/OneDrive/Cours/M1/S7/SEA/TP FPGA/TP1 MISTRE/signals_gen.vhd} {C:/Users/Thomas/OneDrive/Cours/M1/S7/SEA/TP FPGA/TP1 MISTRE/FIR_DAC_top.vhd}}
add_files: Time (s): cpu = 00:00:00 ; elapsed = 00:00:05 . Memory (MB): peak = 1081.785 ; gain = 0.000
import_files -norecurse {{C:/Users/Thomas/OneDrive/Cours/M1/S7/SEA/TP FPGA/TP1 MISTRE/FIR5.vhd} {C:/Users/Thomas/OneDrive/Cours/M1/S7/SEA/TP FPGA/TP1 MISTRE/div_clk.vhd} {C:/Users/Thomas/OneDrive/Cours/M1/S7/SEA/TP FPGA/TP1 MISTRE/signals_gen.vhd} {C:/Users/Thomas/OneDrive/Cours/M1/S7/SEA/TP FPGA/TP1 MISTRE/FIR_DAC_top.vhd}}
update_compile_order -fileset sources_1
update_compile_order -fileset sources_1
add_files -fileset constrs_1 -norecurse {{C:/Users/Thomas/OneDrive/Cours/M1/S7/SEA/TP FPGA/TP1 MISTRE/Zybo-Z7-FIR_DAC.xdc} {C:/Users/Thomas/OneDrive/Cours/M1/S7/SEA/TP FPGA/TP1 MISTRE/constraint.xdc}}
import_files -fileset constrs_1 {{C:/Users/Thomas/OneDrive/Cours/M1/S7/SEA/TP FPGA/TP1 MISTRE/Zybo-Z7-FIR_DAC.xdc} {C:/Users/Thomas/OneDrive/Cours/M1/S7/SEA/TP FPGA/TP1 MISTRE/constraint.xdc}}
set_property SOURCE_SET sources_1 [get_filesets sim_1]
add_files -fileset sim_1 -norecurse -scan_for_includes {{C:/Users/Thomas/OneDrive/Cours/M1/S7/SEA/TP FPGA/TP1 MISTRE/tstFIR5.vhd} {C:/Users/Thomas/OneDrive/Cours/M1/S7/SEA/TP FPGA/TP1 MISTRE/SIM_COMPLETE.vhd}}
import_files -fileset sim_1 -norecurse {{C:/Users/Thomas/OneDrive/Cours/M1/S7/SEA/TP FPGA/TP1 MISTRE/tstFIR5.vhd} {C:/Users/Thomas/OneDrive/Cours/M1/S7/SEA/TP FPGA/TP1 MISTRE/SIM_COMPLETE.vhd}}
update_compile_order -fileset sim_1
set_property is_enabled false [get_files  {{C:/Users/Thomas/Desktop/TP_MISTRE/TP_FPGA/TP1/FIR5/FIR5.srcs/constrs_1/imports/TP1 MISTRE/constraint.xdc}}]
update_compile_order -fileset sim_1
set_property is_enabled false [get_files  {{C:/Users/Thomas/Desktop/TP_MISTRE/TP_FPGA/TP1/FIR5/FIR5.srcs/sim_1/imports/TP1 MISTRE/tstFIR5.vhd}}]
reset_run synth_1
launch_runs impl_1 -jobs 28
[Fri Jul 17 03:53:43 2026] Launched synth_1...
Run output will be captured here: C:/Users/Thomas/Desktop/TP_MISTRE/TP_FPGA/TP1/FIR5/FIR5.runs/synth_1/runme.log
[Fri Jul 17 03:53:43 2026] Launched impl_1...
Run output will be captured here: C:/Users/Thomas/Desktop/TP_MISTRE/TP_FPGA/TP1/FIR5/FIR5.runs/impl_1/runme.log
open_run impl_1
INFO: [Device 21-403] Loading part xc7z020clg400-1
Netlist sorting complete. Time (s): cpu = 00:00:00 ; elapsed = 00:00:00.007 . Memory (MB): peak = 1389.035 ; gain = 0.000
INFO: [Netlist 29-17] Analyzing 21 Unisim elements for replacement
INFO: [Netlist 29-28] Unisim Transformation completed in 0 CPU seconds
INFO: [Project 1-479] Netlist was created with Vivado 2020.2
INFO: [Project 1-570] Preparing netlist for logic optimization
INFO: [Timing 38-478] Restoring timing data from binary archive.
INFO: [Timing 38-479] Binary timing data restore complete.
INFO: [Project 1-856] Restoring constraints from binary archive.
INFO: [Project 1-853] Binary constraint restore complete.
Reading XDEF placement.
Reading placer database...
Reading XDEF routing.
Read XDEF File: Time (s): cpu = 00:00:00 ; elapsed = 00:00:00.036 . Memory (MB): peak = 2027.816 ; gain = 0.000
Restored from archive | CPU: 0.000000 secs | Memory: 0.000000 MB |
Finished XDEF File Restore: Time (s): cpu = 00:00:00 ; elapsed = 00:00:00.036 . Memory (MB): peak = 2027.816 ; gain = 0.000
Netlist sorting complete. Time (s): cpu = 00:00:00 ; elapsed = 00:00:00 . Memory (MB): peak = 2027.816 ; gain = 0.000
INFO: [Project 1-111] Unisim Transformation Summary:
No Unisim elements were transformed.

open_run: Time (s): cpu = 00:00:12 ; elapsed = 00:00:10 . Memory (MB): peak = 2210.051 ; gain = 1128.266
launch_simulation
Command: launch_simulation 
INFO: [Vivado 12-5698] Checking validity of IPs in the design for the 'XSim' simulator...
INFO: [Vivado 12-5682] Launching behavioral simulation in 'C:/Users/Thomas/Desktop/TP_MISTRE/TP_FPGA/TP1/FIR5/FIR5.sim/sim_1/behav/xsim'
INFO: [Vivado 12-4795] Using compiled simulation libraries for IPs
INFO: [SIM-utils-51] Simulation object is 'sim_1'
INFO: [USF-XSim-7] Finding pre-compiled libraries...
INFO: [USF-XSim-11] File 'C:/Xilinx/Vivado/2020.2/data/xsim/xsim.ini' copied to run dir:'C:/Users/Thomas/Desktop/TP_MISTRE/TP_FPGA/TP1/FIR5/FIR5.sim/sim_1/behav/xsim'
INFO: [SIM-utils-54] Inspecting design source files for 'SIM_COMPLETE' in fileset 'sim_1'...
INFO: [USF-XSim-97] Finding global include files...
INFO: [USF-XSim-98] Fetching design files from 'sim_1'...
INFO: [USF-XSim-2] XSim::Compile design
INFO: [USF-XSim-61] Executing 'COMPILE and ANALYZE' step in 'C:/Users/Thomas/Desktop/TP_MISTRE/TP_FPGA/TP1/FIR5/FIR5.sim/sim_1/behav/xsim'
"xvhdl --incr --relax -prj SIM_COMPLETE_vhdl.prj"
INFO: [VRFC 10-163] Analyzing VHDL file "C:/Users/Thomas/Desktop/TP_MISTRE/TP_FPGA/TP1/FIR5/FIR5.gen/sources_1/ip/DSP_mult16/sim/DSP_mult16.vhd" into library xil_defaultlib
INFO: [VRFC 10-3107] analyzing entity 'DSP_mult16'
INFO: [VRFC 10-163] Analyzing VHDL file "C:/Users/Thomas/Desktop/TP_MISTRE/TP_FPGA/TP1/FIR5/FIR5.srcs/sources_1/imports/TP1 MISTRE/FIR5.vhd" into library xil_defaultlib
INFO: [VRFC 10-3107] analyzing entity 'FIR5'
INFO: [VRFC 10-163] Analyzing VHDL file "C:/Users/Thomas/Desktop/TP_MISTRE/TP_FPGA/TP1/FIR5/FIR5.srcs/sources_1/imports/TP1 MISTRE/FIR_DAC_top.vhd" into library xil_defaultlib
INFO: [VRFC 10-3107] analyzing entity 'FIR_DAC_top'
INFO: [VRFC 10-163] Analyzing VHDL file "C:/Users/Thomas/Desktop/TP_MISTRE/TP_FPGA/TP1/FIR5/FIR5.srcs/sources_1/imports/TP1 MISTRE/div_clk.vhd" into library xil_defaultlib
INFO: [VRFC 10-3107] analyzing entity 'div_clk'
INFO: [VRFC 10-163] Analyzing VHDL file "C:/Users/Thomas/Desktop/TP_MISTRE/TP_FPGA/TP1/FIR5/FIR5.srcs/sources_1/imports/TP1 MISTRE/signals_gen.vhd" into library xil_defaultlib
INFO: [VRFC 10-3107] analyzing entity 'signals_gen'
INFO: [VRFC 10-163] Analyzing VHDL file "C:/Users/Thomas/Desktop/TP_MISTRE/TP_FPGA/TP1/FIR5/FIR5.srcs/sim_1/imports/TP1 MISTRE/SIM_COMPLETE.vhd" into library xil_defaultlib
INFO: [VRFC 10-3107] analyzing entity 'SIM_COMPLETE'
INFO: [USF-XSim-69] 'compile' step finished in '1' seconds
INFO: [USF-XSim-3] XSim::Elaborate design
INFO: [USF-XSim-61] Executing 'ELABORATE' step in 'C:/Users/Thomas/Desktop/TP_MISTRE/TP_FPGA/TP1/FIR5/FIR5.sim/sim_1/behav/xsim'
"xelab -wto d778a7d63f2b40d081f62021906e452a --incr --debug typical --relax --mt 2 -L xil_defaultlib -L xbip_dsp48_wrapper_v3_0_4 -L xbip_utils_v3_0_10 -L xbip_pipe_v3_0_6 -L dsp_macro_v1_0_1 -L secureip -L xpm --snapshot SIM_COMPLETE_behav xil_defaultlib.SIM_COMPLETE -log elaborate.log"
Vivado Simulator 2020.2
Copyright 1986-1999, 2001-2020 Xilinx, Inc. All Rights Reserved.
Running: C:/Xilinx/Vivado/2020.2/bin/unwrapped/win64.o/xelab.exe -wto d778a7d63f2b40d081f62021906e452a --incr --debug typical --relax --mt 2 -L xil_defaultlib -L xbip_dsp48_wrapper_v3_0_4 -L xbip_utils_v3_0_10 -L xbip_pipe_v3_0_6 -L dsp_macro_v1_0_1 -L secureip -L xpm --snapshot SIM_COMPLETE_behav xil_defaultlib.SIM_COMPLETE -log elaborate.log 
Using 2 slave threads.
Starting static elaboration
Completed static elaboration
Starting simulation data flow analysis
Completed simulation data flow analysis
Time Resolution for simulation is 1ps
Compiling package std.standard
Compiling package std.textio
Compiling package ieee.std_logic_1164
Compiling package ieee.numeric_std
Compiling package ieee.std_logic_arith
Compiling package ieee.std_logic_signed
Compiling package xbip_utils_v3_0_10.xbip_utils_v3_0_10_pkg
Compiling package dsp_macro_v1_0_1.dsp_macro_v1_0_1_viv_comp
Compiling package dsp_macro_v1_0_1.dsp_macro_v1_0_1_pkg
Compiling package unisim.vcomponents
Compiling package ieee.vital_timing
Compiling package ieee.vital_primitives
Compiling package unisim.vpkg
Compiling architecture behavioral of entity xil_defaultlib.div_clk [div_clk_default]
Compiling architecture table of entity xil_defaultlib.signals_gen [signals_gen_default]
Compiling architecture synth of entity xbip_pipe_v3_0_6.xbip_pipe_v3_0_6_viv [\xbip_pipe_v3_0_6_viv(c_width=16...]
Compiling architecture dsp48e1_v of entity unisim.DSP48E1 [\DSP48E1(acascreg=0,adreg=0,alum...]
Compiling architecture synth of entity xbip_dsp48_wrapper_v3_0_4.xbip_dsp48e1_wrapper_v3_0 [\xbip_dsp48e1_wrapper_v3_0(acasc...]
Compiling architecture synth of entity xbip_pipe_v3_0_6.xbip_pipe_v3_0_6_viv [\xbip_pipe_v3_0_6_viv(c_width=18...]
Compiling architecture synth of entity xbip_pipe_v3_0_6.xbip_pipe_v3_0_6_viv [\xbip_pipe_v3_0_6_viv(c_width=48...]
Compiling architecture synth of entity xbip_pipe_v3_0_6.xbip_pipe_v3_0_6_viv [\xbip_pipe_v3_0_6_viv(c_width=24...]
Compiling architecture synth of entity xbip_pipe_v3_0_6.xbip_pipe_v3_0_6_viv [\xbip_pipe_v3_0_6_viv(1,1)(1,1)\]
Compiling architecture synth of entity dsp_macro_v1_0_1.dsp_macro_synth [\dsp_macro_synth(c_xdevicefamily...]
Compiling architecture synth of entity dsp_macro_v1_0_1.dsp_macro_v1_0_1_viv [\dsp_macro_v1_0_1_viv(c_xdevicef...]
Compiling architecture xilinx of entity dsp_macro_v1_0_1.dsp_macro_v1_0_1 [\dsp_macro_v1_0_1(c_xdevicefamil...]
Compiling architecture dsp_mult16_arch of entity xil_defaultlib.DSP_mult16 [dsp_mult16_default]
Compiling architecture behavioral of entity xil_defaultlib.FIR5 [fir5_default]
Compiling architecture struct of entity xil_defaultlib.FIR_DAC_top [fir_dac_top_default]
Compiling architecture simu of entity xil_defaultlib.sim_complete
Built simulation snapshot SIM_COMPLETE_behav
INFO: [USF-XSim-69] 'elaborate' step finished in '5' seconds
INFO: [USF-XSim-4] XSim::Simulate design
INFO: [USF-XSim-61] Executing 'SIMULATE' step in 'C:/Users/Thomas/Desktop/TP_MISTRE/TP_FPGA/TP1/FIR5/FIR5.sim/sim_1/behav/xsim'
INFO: [USF-XSim-98] *** Running xsim
   with args "SIM_COMPLETE_behav -key {Behavioral:sim_1:Functional:SIM_COMPLETE} -tclbatch {SIM_COMPLETE.tcl} -log {simulate.log}"
INFO: [USF-XSim-8] Loading simulator feature
Vivado Simulator 2020.2
Time resolution is 1 ps
source SIM_COMPLETE.tcl
# set curr_wave [current_wave_config]
# if { [string length $curr_wave] == 0 } {
#   if { [llength [get_objects]] > 0} {
#     add_wave /
#     set_property needs_save false [current_wave_config]
#   } else {
#      send_msg_id Add_Wave-1 WARNING "No top level signals found. Simulator will start without a wave window. If you want to open a wave window go to 'File->New Waveform Configuration' or type 'create_wave_config' in the TCL console."
#   }
# }
# run 1000ns
INFO: [USF-XSim-96] XSim completed. Design snapshot 'SIM_COMPLETE_behav' loaded.
INFO: [USF-XSim-97] XSim simulation ran for 1000ns
launch_simulation: Time (s): cpu = 00:00:05 ; elapsed = 00:00:10 . Memory (MB): peak = 2343.922 ; gain = 87.656
restart
INFO: [Simtcl 6-17] Simulation restarted
run 20 ms
save_wave_config {C:/Users/Thomas/Desktop/TP_MISTRE/TP_FPGA/TP1/FIR5/SIM_COMPLETE_behav1.wcfg}
add_files -fileset sim_1 -norecurse C:/Users/Thomas/Desktop/TP_MISTRE/TP_FPGA/TP1/FIR5/SIM_COMPLETE_behav1.wcfg
set_property xsim.view {C:/Users/Thomas/Desktop/TP_MISTRE/TP_FPGA/TP1/FIR5/tstFIR5_behav.wcfg C:/Users/Thomas/Desktop/TP_MISTRE/TP_FPGA/TP1/FIR5/SIM_COMPLETE_behav.wcfg C:/Users/Thomas/Desktop/TP_MISTRE/TP_FPGA/TP1/FIR5/SIM_COMPLETE_behav1.wcfg} [get_filesets sim_1]
close_sim
INFO: [Simtcl 6-16] Simulation closed
close_project
create_project FIR_DAC C:/Users/Thomas/Desktop/TP_MISTRE/TP_FPGA/TP1/FIR_DAC -part xc7z020clg400-1
INFO: [IP_Flow 19-234] Refreshing IP repositories
INFO: [IP_Flow 19-1704] No user IP repositories specified
INFO: [IP_Flow 19-2313] Loaded Vivado IP repository 'C:/Xilinx/Vivado/2020.2/data/ip'.
set_property board_part digilentinc.com:zybo-z7-20:part0:1.0 [current_project]
add_files -norecurse -scan_for_includes {{C:/Users/Thomas/OneDrive/Cours/M1/S7/SEA/TP FPGA/TP1 MISTRE/FIR5.vhd} {C:/Users/Thomas/OneDrive/Cours/M1/S7/SEA/TP FPGA/TP1 MISTRE/div_clk.vhd}}
import_files -force -norecurse
INFO: [filemgmt 20-348] Importing the appropriate files for fileset: 'sources_1'
import_files -fileset constrs_1 -force -norecurse {{C:/Users/Thomas/OneDrive/Cours/M1/S7/SEA/TP FPGA/TP1 MISTRE/Zybo-Z7-FIR_DAC.xdc}}
update_compile_order -fileset sources_1
update_compile_order -fileset sources_1
add_files -norecurse -scan_for_includes {{C:/Users/Thomas/OneDrive/Cours/M1/S7/SEA/TP FPGA/TP1 MISTRE/signals_gen.vhd}}
import_files -norecurse {{C:/Users/Thomas/OneDrive/Cours/M1/S7/SEA/TP FPGA/TP1 MISTRE/signals_gen.vhd}}
export_ip_user_files -of_objects  [get_files {{C:/Users/Thomas/Desktop/TP_MISTRE/TP_FPGA/TP1/FIR_DAC/FIR_DAC.srcs/sources_1/imports/TP1 MISTRE/FIR5.vhd}}] -no_script -reset -force -quiet
remove_files  {{C:/Users/Thomas/Desktop/TP_MISTRE/TP_FPGA/TP1/FIR_DAC/FIR_DAC.srcs/sources_1/imports/TP1 MISTRE/FIR5.vhd}}
update_compile_order -fileset sources_1
update_compile_order -fileset sources_1
add_files -norecurse -scan_for_includes {{C:/Users/Thomas/OneDrive/Cours/M1/S7/SEA/TP FPGA/TP1 MISTRE/FIR_DAC_top_original.vhd}}
import_files -norecurse {{C:/Users/Thomas/OneDrive/Cours/M1/S7/SEA/TP FPGA/TP1 MISTRE/FIR_DAC_top_original.vhd}}
launch_runs impl_1 -jobs 28
[Fri Jul 17 04:01:19 2026] Launched synth_1...
Run output will be captured here: C:/Users/Thomas/Desktop/TP_MISTRE/TP_FPGA/TP1/FIR_DAC/FIR_DAC.runs/synth_1/runme.log
[Fri Jul 17 04:01:19 2026] Launched impl_1...
Run output will be captured here: C:/Users/Thomas/Desktop/TP_MISTRE/TP_FPGA/TP1/FIR_DAC/FIR_DAC.runs/impl_1/runme.log
update_compile_order -fileset sources_1
update_compile_order -fileset sources_1
update_compile_order -fileset sources_1
reset_run synth_1
launch_runs impl_1 -jobs 28
[Fri Jul 17 04:02:13 2026] Launched synth_1...
Run output will be captured here: C:/Users/Thomas/Desktop/TP_MISTRE/TP_FPGA/TP1/FIR_DAC/FIR_DAC.runs/synth_1/runme.log
[Fri Jul 17 04:02:13 2026] Launched impl_1...
Run output will be captured here: C:/Users/Thomas/Desktop/TP_MISTRE/TP_FPGA/TP1/FIR_DAC/FIR_DAC.runs/impl_1/runme.log
update_compile_order -fileset sources_1
set_msg_config -suppress -id {Synth 8-439} 
reset_run synth_1
launch_runs impl_1 -jobs 28
[Fri Jul 17 04:04:06 2026] Launched synth_1...
Run output will be captured here: C:/Users/Thomas/Desktop/TP_MISTRE/TP_FPGA/TP1/FIR_DAC/FIR_DAC.runs/synth_1/runme.log
[Fri Jul 17 04:04:06 2026] Launched impl_1...
Run output will be captured here: C:/Users/Thomas/Desktop/TP_MISTRE/TP_FPGA/TP1/FIR_DAC/FIR_DAC.runs/impl_1/runme.log
open_run impl_1
Netlist sorting complete. Time (s): cpu = 00:00:00 ; elapsed = 00:00:00 . Memory (MB): peak = 2456.621 ; gain = 0.000
INFO: [Project 1-479] Netlist was created with Vivado 2020.2
INFO: [Project 1-570] Preparing netlist for logic optimization
INFO: [Timing 38-478] Restoring timing data from binary archive.
INFO: [Timing 38-479] Binary timing data restore complete.
INFO: [Project 1-856] Restoring constraints from binary archive.
INFO: [Project 1-853] Binary constraint restore complete.
Reading XDEF placement.
Reading placer database...
Reading XDEF routing.
Read XDEF File: Time (s): cpu = 00:00:00 ; elapsed = 00:00:00.023 . Memory (MB): peak = 2456.621 ; gain = 0.000
Restored from archive | CPU: 0.000000 secs | Memory: 0.000000 MB |
Finished XDEF File Restore: Time (s): cpu = 00:00:00 ; elapsed = 00:00:00.024 . Memory (MB): peak = 2456.621 ; gain = 0.000
Netlist sorting complete. Time (s): cpu = 00:00:00 ; elapsed = 00:00:00 . Memory (MB): peak = 2456.621 ; gain = 0.000
INFO: [Project 1-111] Unisim Transformation Summary:
No Unisim elements were transformed.

close_design
exit
INFO: [Common 17-206] Exiting Vivado at Fri Jul 17 04:06:14 2026...
