Copyright 1986-2020 Xilinx, Inc. All Rights Reserved.
-----------------------------------------------------------------------------------------------------------------------------------------------------------------------------------
| Tool Version : Vivado v.2020.2 (win64) Build 3064766 Wed Nov 18 09:12:45 MST 2020
| Date         : Tue Aug  4 11:28:39 2026
| Host         : DESKTOP-9P149NQ running 64-bit major release  (build 9200)
| Command      : report_timing_summary -max_paths 10 -file FIR5_timing_summary_routed.rpt -pb FIR5_timing_summary_routed.pb -rpx FIR5_timing_summary_routed.rpx -warn_on_violation
| Design       : FIR5
| Device       : 7z020-clg400
| Speed File   : -1  PRODUCTION 1.12 2019-11-22
-----------------------------------------------------------------------------------------------------------------------------------------------------------------------------------

Timing Summary Report

------------------------------------------------------------------------------------------------
| Timer Settings
| --------------
------------------------------------------------------------------------------------------------

  Enable Multi Corner Analysis               :  Yes
  Enable Pessimism Removal                   :  Yes
  Pessimism Removal Resolution               :  Nearest Common Node
  Enable Input Delay Default Clock           :  No
  Enable Preset / Clear Arcs                 :  No
  Disable Flight Delays                      :  No
  Ignore I/O Paths                           :  No
  Timing Early Launch at Borrowing Latches   :  No
  Borrow Time for Max Delay Exceptions       :  Yes
  Merge Timing Exceptions                    :  Yes

  Corner  Analyze    Analyze    
  Name    Max Paths  Min Paths  
  ------  ---------  ---------  
  Slow    Yes        Yes        
  Fast    Yes        Yes        



check_timing report

Table of Contents
-----------------
1. checking no_clock (0)
2. checking constant_clock (0)
3. checking pulse_width_clock (0)
4. checking unconstrained_internal_endpoints (0)
5. checking no_input_delay (16)
6. checking no_output_delay (16)
7. checking multiple_clock (0)
8. checking generated_clocks (0)
9. checking loops (0)
10. checking partial_input_delay (0)
11. checking partial_output_delay (0)
12. checking latch_loops (0)

1. checking no_clock (0)
------------------------
 There are 0 register/latch pins with no clock.


2. checking constant_clock (0)
------------------------------
 There are 0 register/latch pins with constant_clock.


3. checking pulse_width_clock (0)
---------------------------------
 There are 0 register/latch pins which need pulse_width check


4. checking unconstrained_internal_endpoints (0)
------------------------------------------------
 There are 0 pins that are not constrained for maximum delay.

 There are 0 pins that are not constrained for maximum delay due to constant clock.


5. checking no_input_delay (16)
-------------------------------
 There are 16 input ports with no input delay specified. (HIGH)

 There are 0 input ports with no input delay but user has a false path constraint.


6. checking no_output_delay (16)
--------------------------------
 There are 16 ports with no output delay specified. (HIGH)

 There are 0 ports with no output delay but user has a false path constraint

 There are 0 ports with no output delay but with a timing clock defined on it or propagating through it


7. checking multiple_clock (0)
------------------------------
 There are 0 register/latch pins with multiple clocks.


8. checking generated_clocks (0)
--------------------------------
 There are 0 generated clocks that are not connected to a clock source.


9. checking loops (0)
---------------------
 There are 0 combinational loops in the design.


10. checking partial_input_delay (0)
------------------------------------
 There are 0 input ports with partial input delay specified.


11. checking partial_output_delay (0)
-------------------------------------
 There are 0 ports with partial output delay specified.


12. checking latch_loops (0)
----------------------------
 There are 0 combinational latch loops in the design through latch input



------------------------------------------------------------------------------------------------
| Design Timing Summary
| ---------------------
------------------------------------------------------------------------------------------------

    WNS(ns)      TNS(ns)  TNS Failing Endpoints  TNS Total Endpoints      WHS(ns)      THS(ns)  THS Failing Endpoints  THS Total Endpoints     WPWS(ns)     TPWS(ns)  TPWS Failing Endpoints  TPWS Total Endpoints  
    -------      -------  ---------------------  -------------------      -------      -------  ---------------------  -------------------     --------     --------  ----------------------  --------------------  
      1.222        0.000                      0                  188        0.133        0.000                      0                  188        3.500        0.000                       0                   236  


All user specified timing constraints are met.


------------------------------------------------------------------------------------------------
| Clock Summary
| -------------
------------------------------------------------------------------------------------------------

Clock        Waveform(ns)         Period(ns)      Frequency(MHz)
-----        ------------         ----------      --------------
sys_clk_pin  {0.000 4.000}        8.000           125.000         


------------------------------------------------------------------------------------------------
| Intra Clock Table
| -----------------
------------------------------------------------------------------------------------------------

Clock             WNS(ns)      TNS(ns)  TNS Failing Endpoints  TNS Total Endpoints      WHS(ns)      THS(ns)  THS Failing Endpoints  THS Total Endpoints     WPWS(ns)     TPWS(ns)  TPWS Failing Endpoints  TPWS Total Endpoints  
-----             -------      -------  ---------------------  -------------------      -------      -------  ---------------------  -------------------     --------     --------  ----------------------  --------------------  
sys_clk_pin         1.222        0.000                      0                  188        0.133        0.000                      0                  188        3.500        0.000                       0                   236  


------------------------------------------------------------------------------------------------
| Inter Clock Table
| -----------------
------------------------------------------------------------------------------------------------

From Clock    To Clock          WNS(ns)      TNS(ns)  TNS Failing Endpoints  TNS Total Endpoints      WHS(ns)      THS(ns)  THS Failing Endpoints  THS Total Endpoints  
----------    --------          -------      -------  ---------------------  -------------------      -------      -------  ---------------------  -------------------  


------------------------------------------------------------------------------------------------
| Other Path Groups Table
| -----------------------
------------------------------------------------------------------------------------------------

Path Group    From Clock    To Clock          WNS(ns)      TNS(ns)  TNS Failing Endpoints  TNS Total Endpoints      WHS(ns)      THS(ns)  THS Failing Endpoints  THS Total Endpoints  
----------    ----------    --------          -------      -------  ---------------------  -------------------      -------      -------  ---------------------  -------------------  


------------------------------------------------------------------------------------------------
| Timing Details
| --------------
------------------------------------------------------------------------------------------------


---------------------------------------------------------------------------------------------------
From Clock:  sys_clk_pin
  To Clock:  sys_clk_pin

Setup :            0  Failing Endpoints,  Worst Slack        1.222ns,  Total Violation        0.000ns
Hold  :            0  Failing Endpoints,  Worst Slack        0.133ns,  Total Violation        0.000ns
PW    :            0  Failing Endpoints,  Worst Slack        3.500ns,  Total Violation        0.000ns
---------------------------------------------------------------------------------------------------


Max Delay Paths
--------------------------------------------------------------------------------------
Slack (MET) :             1.222ns  (required time - arrival time)
  Source:                 x3_reg[15]/C
                            (rising edge-triggered cell FDRE clocked by sys_clk_pin  {rise@0.000ns fall@4.000ns period=8.000ns})
  Destination:            M3_reg[27]/D
                            (rising edge-triggered cell FDRE clocked by sys_clk_pin  {rise@0.000ns fall@4.000ns period=8.000ns})
  Path Group:             sys_clk_pin
  Path Type:              Setup (Max at Slow Process Corner)
  Requirement:            8.000ns  (sys_clk_pin rise@8.000ns - sys_clk_pin rise@0.000ns)
  Data Path Delay:        6.658ns  (logic 4.433ns (66.586%)  route 2.225ns (33.414%))
  Logic Levels:           1  (DSP48E1=1)
  Clock Path Skew:        -0.024ns (DCD - SCD + CPR)
    Destination Clock Delay (DCD):    5.284ns = ( 13.284 - 8.000 ) 
    Source Clock Delay      (SCD):    5.765ns
    Clock Pessimism Removal (CPR):    0.457ns
  Clock Uncertainty:      0.035ns  ((TSJ^2 + TIJ^2)^1/2 + DJ) / 2 + PE
    Total System Jitter     (TSJ):    0.071ns
    Total Input Jitter      (TIJ):    0.000ns
    Discrete Jitter          (DJ):    0.000ns
    Phase Error              (PE):    0.000ns

    Location             Delay type                Incr(ns)  Path(ns)    Netlist Resource(s)
  -------------------------------------------------------------------    -------------------
                         (clock sys_clk_pin rise edge)
                                                      0.000     0.000 r  
    K17                                               0.000     0.000 r  clk (IN)
                         net (fo=0)                   0.000     0.000    clk
    K17                  IBUF (Prop_ibuf_I_O)         1.475     1.475 r  clk_IBUF_inst/O
                         net (fo=1, routed)           2.522     3.997    clk_IBUF
    BUFGCTRL_X0Y16       BUFG (Prop_bufg_I_O)         0.101     4.098 r  clk_IBUF_BUFG_inst/O
                         net (fo=235, routed)         1.667     5.765    clk_IBUF_BUFG
    SLICE_X35Y40         FDRE                                         r  x3_reg[15]/C
  -------------------------------------------------------------------    -------------------
    SLICE_X35Y40         FDRE (Prop_fdre_C_Q)         0.419     6.184 r  x3_reg[15]/Q
                         net (fo=16, routed)          1.227     7.411    Mult3/U0/i_synth/i_synth_option.i_synth_model/opt_7series.i_uniwrap/A[15]
    DSP48_X2Y15          DSP48E1 (Prop_dsp48e1_A[27]_P[27])
                                                      4.014    11.425 r  Mult3/U0/i_synth/i_synth_option.i_synth_model/opt_7series.i_uniwrap/i_primitive/P[27]
                         net (fo=1, routed)           0.997    12.422    M3_int[27]
    SLICE_X35Y42         FDRE                                         r  M3_reg[27]/D
  -------------------------------------------------------------------    -------------------

                         (clock sys_clk_pin rise edge)
                                                      8.000     8.000 r  
    K17                                               0.000     8.000 r  clk (IN)
                         net (fo=0)                   0.000     8.000    clk
    K17                  IBUF (Prop_ibuf_I_O)         1.404     9.404 r  clk_IBUF_inst/O
                         net (fo=1, routed)           2.293    11.697    clk_IBUF
    BUFGCTRL_X0Y16       BUFG (Prop_bufg_I_O)         0.091    11.788 r  clk_IBUF_BUFG_inst/O
                         net (fo=235, routed)         1.495    13.284    clk_IBUF_BUFG
    SLICE_X35Y42         FDRE                                         r  M3_reg[27]/C
                         clock pessimism              0.457    13.741    
                         clock uncertainty           -0.035    13.705    
    SLICE_X35Y42         FDRE (Setup_fdre_C_D)       -0.061    13.644    M3_reg[27]
  -------------------------------------------------------------------
                         required time                         13.644    
                         arrival time                         -12.422    
  -------------------------------------------------------------------
                         slack                                  1.222    

Slack (MET) :             1.232ns  (required time - arrival time)
  Source:                 x3_reg[15]/C
                            (rising edge-triggered cell FDRE clocked by sys_clk_pin  {rise@0.000ns fall@4.000ns period=8.000ns})
  Destination:            M3_reg[21]/D
                            (rising edge-triggered cell FDRE clocked by sys_clk_pin  {rise@0.000ns fall@4.000ns period=8.000ns})
  Path Group:             sys_clk_pin
  Path Type:              Setup (Max at Slow Process Corner)
  Requirement:            8.000ns  (sys_clk_pin rise@8.000ns - sys_clk_pin rise@0.000ns)
  Data Path Delay:        6.666ns  (logic 4.433ns (66.504%)  route 2.233ns (33.496%))
  Logic Levels:           1  (DSP48E1=1)
  Clock Path Skew:        -0.022ns (DCD - SCD + CPR)
    Destination Clock Delay (DCD):    5.283ns = ( 13.283 - 8.000 ) 
    Source Clock Delay      (SCD):    5.765ns
    Clock Pessimism Removal (CPR):    0.460ns
  Clock Uncertainty:      0.035ns  ((TSJ^2 + TIJ^2)^1/2 + DJ) / 2 + PE
    Total System Jitter     (TSJ):    0.071ns
    Total Input Jitter      (TIJ):    0.000ns
    Discrete Jitter          (DJ):    0.000ns
    Phase Error              (PE):    0.000ns

    Location             Delay type                Incr(ns)  Path(ns)    Netlist Resource(s)
  -------------------------------------------------------------------    -------------------
                         (clock sys_clk_pin rise edge)
                                                      0.000     0.000 r  
    K17                                               0.000     0.000 r  clk (IN)
                         net (fo=0)                   0.000     0.000    clk
    K17                  IBUF (Prop_ibuf_I_O)         1.475     1.475 r  clk_IBUF_inst/O
                         net (fo=1, routed)           2.522     3.997    clk_IBUF
    BUFGCTRL_X0Y16       BUFG (Prop_bufg_I_O)         0.101     4.098 r  clk_IBUF_BUFG_inst/O
                         net (fo=235, routed)         1.667     5.765    clk_IBUF_BUFG
    SLICE_X35Y40         FDRE                                         r  x3_reg[15]/C
  -------------------------------------------------------------------    -------------------
    SLICE_X35Y40         FDRE (Prop_fdre_C_Q)         0.419     6.184 r  x3_reg[15]/Q
                         net (fo=16, routed)          1.227     7.411    Mult3/U0/i_synth/i_synth_option.i_synth_model/opt_7series.i_uniwrap/A[15]
    DSP48_X2Y15          DSP48E1 (Prop_dsp48e1_A[27]_P[21])
                                                      4.014    11.425 r  Mult3/U0/i_synth/i_synth_option.i_synth_model/opt_7series.i_uniwrap/i_primitive/P[21]
                         net (fo=1, routed)           1.006    12.431    M3_int[21]
    SLICE_X34Y40         FDRE                                         r  M3_reg[21]/D
  -------------------------------------------------------------------    -------------------

                         (clock sys_clk_pin rise edge)
                                                      8.000     8.000 r  
    K17                                               0.000     8.000 r  clk (IN)
                         net (fo=0)                   0.000     8.000    clk
    K17                  IBUF (Prop_ibuf_I_O)         1.404     9.404 r  clk_IBUF_inst/O
                         net (fo=1, routed)           2.293    11.697    clk_IBUF
    BUFGCTRL_X0Y16       BUFG (Prop_bufg_I_O)         0.091    11.788 r  clk_IBUF_BUFG_inst/O
                         net (fo=235, routed)         1.494    13.283    clk_IBUF_BUFG
    SLICE_X34Y40         FDRE                                         r  M3_reg[21]/C
                         clock pessimism              0.460    13.743    
                         clock uncertainty           -0.035    13.707    
    SLICE_X34Y40         FDRE (Setup_fdre_C_D)       -0.045    13.662    M3_reg[21]
  -------------------------------------------------------------------
                         required time                         13.662    
                         arrival time                         -12.431    
  -------------------------------------------------------------------
                         slack                                  1.232    

Slack (MET) :             1.265ns  (required time - arrival time)
  Source:                 x3_reg[15]/C
                            (rising edge-triggered cell FDRE clocked by sys_clk_pin  {rise@0.000ns fall@4.000ns period=8.000ns})
  Destination:            M3_reg[24]/D
                            (rising edge-triggered cell FDRE clocked by sys_clk_pin  {rise@0.000ns fall@4.000ns period=8.000ns})
  Path Group:             sys_clk_pin
  Path Type:              Setup (Max at Slow Process Corner)
  Requirement:            8.000ns  (sys_clk_pin rise@8.000ns - sys_clk_pin rise@0.000ns)
  Data Path Delay:        6.631ns  (logic 4.433ns (66.853%)  route 2.198ns (33.147%))
  Logic Levels:           1  (DSP48E1=1)
  Clock Path Skew:        -0.024ns (DCD - SCD + CPR)
    Destination Clock Delay (DCD):    5.284ns = ( 13.284 - 8.000 ) 
    Source Clock Delay      (SCD):    5.765ns
    Clock Pessimism Removal (CPR):    0.457ns
  Clock Uncertainty:      0.035ns  ((TSJ^2 + TIJ^2)^1/2 + DJ) / 2 + PE
    Total System Jitter     (TSJ):    0.071ns
    Total Input Jitter      (TIJ):    0.000ns
    Discrete Jitter          (DJ):    0.000ns
    Phase Error              (PE):    0.000ns

    Location             Delay type                Incr(ns)  Path(ns)    Netlist Resource(s)
  -------------------------------------------------------------------    -------------------
                         (clock sys_clk_pin rise edge)
                                                      0.000     0.000 r  
    K17                                               0.000     0.000 r  clk (IN)
                         net (fo=0)                   0.000     0.000    clk
    K17                  IBUF (Prop_ibuf_I_O)         1.475     1.475 r  clk_IBUF_inst/O
                         net (fo=1, routed)           2.522     3.997    clk_IBUF
    BUFGCTRL_X0Y16       BUFG (Prop_bufg_I_O)         0.101     4.098 r  clk_IBUF_BUFG_inst/O
                         net (fo=235, routed)         1.667     5.765    clk_IBUF_BUFG
    SLICE_X35Y40         FDRE                                         r  x3_reg[15]/C
  -------------------------------------------------------------------    -------------------
    SLICE_X35Y40         FDRE (Prop_fdre_C_Q)         0.419     6.184 r  x3_reg[15]/Q
                         net (fo=16, routed)          1.227     7.411    Mult3/U0/i_synth/i_synth_option.i_synth_model/opt_7series.i_uniwrap/A[15]
    DSP48_X2Y15          DSP48E1 (Prop_dsp48e1_A[27]_P[24])
                                                      4.014    11.425 r  Mult3/U0/i_synth/i_synth_option.i_synth_model/opt_7series.i_uniwrap/i_primitive/P[24]
                         net (fo=1, routed)           0.971    12.396    M3_int[24]
    SLICE_X34Y41         FDRE                                         r  M3_reg[24]/D
  -------------------------------------------------------------------    -------------------

                         (clock sys_clk_pin rise edge)
                                                      8.000     8.000 r  
    K17                                               0.000     8.000 r  clk (IN)
                         net (fo=0)                   0.000     8.000    clk
    K17                  IBUF (Prop_ibuf_I_O)         1.404     9.404 r  clk_IBUF_inst/O
                         net (fo=1, routed)           2.293    11.697    clk_IBUF
    BUFGCTRL_X0Y16       BUFG (Prop_bufg_I_O)         0.091    11.788 r  clk_IBUF_BUFG_inst/O
                         net (fo=235, routed)         1.495    13.284    clk_IBUF_BUFG
    SLICE_X34Y41         FDRE                                         r  M3_reg[24]/C
                         clock pessimism              0.457    13.741    
                         clock uncertainty           -0.035    13.705    
    SLICE_X34Y41         FDRE (Setup_fdre_C_D)       -0.045    13.660    M3_reg[24]
  -------------------------------------------------------------------
                         required time                         13.660    
                         arrival time                         -12.396    
  -------------------------------------------------------------------
                         slack                                  1.265    

Slack (MET) :             1.313ns  (required time - arrival time)
  Source:                 M3_reg[3]/C
                            (rising edge-triggered cell FDRE clocked by sys_clk_pin  {rise@0.000ns fall@4.000ns period=8.000ns})
  Destination:            y_reg[14]/D
                            (rising edge-triggered cell FDRE clocked by sys_clk_pin  {rise@0.000ns fall@4.000ns period=8.000ns})
  Path Group:             sys_clk_pin
  Path Type:              Setup (Max at Slow Process Corner)
  Requirement:            8.000ns  (sys_clk_pin rise@8.000ns - sys_clk_pin rise@0.000ns)
  Data Path Delay:        6.707ns  (logic 3.729ns (55.600%)  route 2.978ns (44.400%))
  Logic Levels:           12  (CARRY4=8 LUT3=2 LUT4=2)
  Clock Path Skew:        -0.054ns (DCD - SCD + CPR)
    Destination Clock Delay (DCD):    5.284ns = ( 13.284 - 8.000 ) 
    Source Clock Delay      (SCD):    5.762ns
    Clock Pessimism Removal (CPR):    0.424ns
  Clock Uncertainty:      0.035ns  ((TSJ^2 + TIJ^2)^1/2 + DJ) / 2 + PE
    Total System Jitter     (TSJ):    0.071ns
    Total Input Jitter      (TIJ):    0.000ns
    Discrete Jitter          (DJ):    0.000ns
    Phase Error              (PE):    0.000ns

    Location             Delay type                Incr(ns)  Path(ns)    Netlist Resource(s)
  -------------------------------------------------------------------    -------------------
                         (clock sys_clk_pin rise edge)
                                                      0.000     0.000 r  
    K17                                               0.000     0.000 r  clk (IN)
                         net (fo=0)                   0.000     0.000    clk
    K17                  IBUF (Prop_ibuf_I_O)         1.475     1.475 r  clk_IBUF_inst/O
                         net (fo=1, routed)           2.522     3.997    clk_IBUF
    BUFGCTRL_X0Y16       BUFG (Prop_bufg_I_O)         0.101     4.098 r  clk_IBUF_BUFG_inst/O
                         net (fo=235, routed)         1.664     5.762    clk_IBUF_BUFG
    SLICE_X32Y36         FDRE                                         r  M3_reg[3]/C
  -------------------------------------------------------------------    -------------------
    SLICE_X32Y36         FDRE (Prop_fdre_C_Q)         0.518     6.280 r  M3_reg[3]/Q
                         net (fo=2, routed)           0.825     7.105    M3[3]
    SLICE_X33Y36         LUT3 (Prop_lut3_I0_O)        0.149     7.254 r  y[0]_i_48/O
                         net (fo=2, routed)           0.817     8.071    y[0]_i_48_n_0
    SLICE_X33Y37         LUT4 (Prop_lut4_I3_O)        0.332     8.403 r  y[0]_i_52/O
                         net (fo=1, routed)           0.000     8.403    y[0]_i_52_n_0
    SLICE_X33Y37         CARRY4 (Prop_carry4_S[0]_CO[3])
                                                      0.532     8.935 r  y_reg[0]_i_30/CO[3]
                         net (fo=1, routed)           0.000     8.935    y_reg[0]_i_30_n_0
    SLICE_X33Y38         CARRY4 (Prop_carry4_CI_O[0])
                                                      0.223     9.158 r  y_reg[0]_i_20/O[0]
                         net (fo=2, routed)           0.845    10.004    y_reg[0]_i_20_n_7
    SLICE_X36Y39         LUT3 (Prop_lut3_I2_O)        0.323    10.327 r  y[0]_i_14/O
                         net (fo=2, routed)           0.490    10.817    y[0]_i_14_n_0
    SLICE_X36Y39         LUT4 (Prop_lut4_I3_O)        0.328    11.145 r  y[0]_i_18/O
                         net (fo=1, routed)           0.000    11.145    y[0]_i_18_n_0
    SLICE_X36Y39         CARRY4 (Prop_carry4_S[1]_CO[3])
                                                      0.533    11.678 r  y_reg[0]_i_2/CO[3]
                         net (fo=1, routed)           0.000    11.678    y_reg[0]_i_2_n_0
    SLICE_X36Y40         CARRY4 (Prop_carry4_CI_CO[3])
                                                      0.117    11.795 r  y_reg[0]_i_1/CO[3]
                         net (fo=1, routed)           0.000    11.795    y_reg[0]_i_1_n_0
    SLICE_X36Y41         CARRY4 (Prop_carry4_CI_CO[3])
                                                      0.117    11.912 r  y_reg[4]_i_1/CO[3]
                         net (fo=1, routed)           0.000    11.912    y_reg[4]_i_1_n_0
    SLICE_X36Y42         CARRY4 (Prop_carry4_CI_CO[3])
                                                      0.117    12.029 r  y_reg[8]_i_1/CO[3]
                         net (fo=1, routed)           0.000    12.029    y_reg[8]_i_1_n_0
    SLICE_X36Y43         CARRY4 (Prop_carry4_CI_CO[3])
                                                      0.117    12.146 r  y_reg[12]_i_1/CO[3]
                         net (fo=1, routed)           0.000    12.146    y_reg[12]_i_1_n_0
    SLICE_X36Y44         CARRY4 (Prop_carry4_CI_O[1])
                                                      0.323    12.469 r  y_reg[15]_i_1/O[1]
                         net (fo=1, routed)           0.000    12.469    p_0_in[14]
    SLICE_X36Y44         FDRE                                         r  y_reg[14]/D
  -------------------------------------------------------------------    -------------------

                         (clock sys_clk_pin rise edge)
                                                      8.000     8.000 r  
    K17                                               0.000     8.000 r  clk (IN)
                         net (fo=0)                   0.000     8.000    clk
    K17                  IBUF (Prop_ibuf_I_O)         1.404     9.404 r  clk_IBUF_inst/O
                         net (fo=1, routed)           2.293    11.697    clk_IBUF
    BUFGCTRL_X0Y16       BUFG (Prop_bufg_I_O)         0.091    11.788 r  clk_IBUF_BUFG_inst/O
                         net (fo=235, routed)         1.495    13.284    clk_IBUF_BUFG
    SLICE_X36Y44         FDRE                                         r  y_reg[14]/C
                         clock pessimism              0.424    13.708    
                         clock uncertainty           -0.035    13.672    
    SLICE_X36Y44         FDRE (Setup_fdre_C_D)        0.109    13.781    y_reg[14]
  -------------------------------------------------------------------
                         required time                         13.781    
                         arrival time                         -12.469    
  -------------------------------------------------------------------
                         slack                                  1.313    

Slack (MET) :             1.318ns  (required time - arrival time)
  Source:                 x3_reg[15]/C
                            (rising edge-triggered cell FDRE clocked by sys_clk_pin  {rise@0.000ns fall@4.000ns period=8.000ns})
  Destination:            M3_reg[26]/D
                            (rising edge-triggered cell FDRE clocked by sys_clk_pin  {rise@0.000ns fall@4.000ns period=8.000ns})
  Path Group:             sys_clk_pin
  Path Type:              Setup (Max at Slow Process Corner)
  Requirement:            8.000ns  (sys_clk_pin rise@8.000ns - sys_clk_pin rise@0.000ns)
  Data Path Delay:        6.542ns  (logic 4.433ns (67.766%)  route 2.109ns (32.234%))
  Logic Levels:           1  (DSP48E1=1)
  Clock Path Skew:        -0.024ns (DCD - SCD + CPR)
    Destination Clock Delay (DCD):    5.284ns = ( 13.284 - 8.000 ) 
    Source Clock Delay      (SCD):    5.765ns
    Clock Pessimism Removal (CPR):    0.457ns
  Clock Uncertainty:      0.035ns  ((TSJ^2 + TIJ^2)^1/2 + DJ) / 2 + PE
    Total System Jitter     (TSJ):    0.071ns
    Total Input Jitter      (TIJ):    0.000ns
    Discrete Jitter          (DJ):    0.000ns
    Phase Error              (PE):    0.000ns

    Location             Delay type                Incr(ns)  Path(ns)    Netlist Resource(s)
  -------------------------------------------------------------------    -------------------
                         (clock sys_clk_pin rise edge)
                                                      0.000     0.000 r  
    K17                                               0.000     0.000 r  clk (IN)
                         net (fo=0)                   0.000     0.000    clk
    K17                  IBUF (Prop_ibuf_I_O)         1.475     1.475 r  clk_IBUF_inst/O
                         net (fo=1, routed)           2.522     3.997    clk_IBUF
    BUFGCTRL_X0Y16       BUFG (Prop_bufg_I_O)         0.101     4.098 r  clk_IBUF_BUFG_inst/O
                         net (fo=235, routed)         1.667     5.765    clk_IBUF_BUFG
    SLICE_X35Y40         FDRE                                         r  x3_reg[15]/C
  -------------------------------------------------------------------    -------------------
    SLICE_X35Y40         FDRE (Prop_fdre_C_Q)         0.419     6.184 r  x3_reg[15]/Q
                         net (fo=16, routed)          1.227     7.411    Mult3/U0/i_synth/i_synth_option.i_synth_model/opt_7series.i_uniwrap/A[15]
    DSP48_X2Y15          DSP48E1 (Prop_dsp48e1_A[27]_P[26])
                                                      4.014    11.425 r  Mult3/U0/i_synth/i_synth_option.i_synth_model/opt_7series.i_uniwrap/i_primitive/P[26]
                         net (fo=1, routed)           0.882    12.306    M3_int[26]
    SLICE_X35Y42         FDRE                                         r  M3_reg[26]/D
  -------------------------------------------------------------------    -------------------

                         (clock sys_clk_pin rise edge)
                                                      8.000     8.000 r  
    K17                                               0.000     8.000 r  clk (IN)
                         net (fo=0)                   0.000     8.000    clk
    K17                  IBUF (Prop_ibuf_I_O)         1.404     9.404 r  clk_IBUF_inst/O
                         net (fo=1, routed)           2.293    11.697    clk_IBUF
    BUFGCTRL_X0Y16       BUFG (Prop_bufg_I_O)         0.091    11.788 r  clk_IBUF_BUFG_inst/O
                         net (fo=235, routed)         1.495    13.284    clk_IBUF_BUFG
    SLICE_X35Y42         FDRE                                         r  M3_reg[26]/C
                         clock pessimism              0.457    13.741    
                         clock uncertainty           -0.035    13.705    
    SLICE_X35Y42         FDRE (Setup_fdre_C_D)       -0.081    13.624    M3_reg[26]
  -------------------------------------------------------------------
                         required time                         13.624    
                         arrival time                         -12.306    
  -------------------------------------------------------------------
                         slack                                  1.318    

Slack (MET) :             1.350ns  (required time - arrival time)
  Source:                 x3_reg[15]/C
                            (rising edge-triggered cell FDRE clocked by sys_clk_pin  {rise@0.000ns fall@4.000ns period=8.000ns})
  Destination:            M3_reg[29]/D
                            (rising edge-triggered cell FDRE clocked by sys_clk_pin  {rise@0.000ns fall@4.000ns period=8.000ns})
  Path Group:             sys_clk_pin
  Path Type:              Setup (Max at Slow Process Corner)
  Requirement:            8.000ns  (sys_clk_pin rise@8.000ns - sys_clk_pin rise@0.000ns)
  Data Path Delay:        6.562ns  (logic 4.433ns (67.555%)  route 2.129ns (32.445%))
  Logic Levels:           1  (DSP48E1=1)
  Clock Path Skew:        -0.023ns (DCD - SCD + CPR)
    Destination Clock Delay (DCD):    5.285ns = ( 13.285 - 8.000 ) 
    Source Clock Delay      (SCD):    5.765ns
    Clock Pessimism Removal (CPR):    0.457ns
  Clock Uncertainty:      0.035ns  ((TSJ^2 + TIJ^2)^1/2 + DJ) / 2 + PE
    Total System Jitter     (TSJ):    0.071ns
    Total Input Jitter      (TIJ):    0.000ns
    Discrete Jitter          (DJ):    0.000ns
    Phase Error              (PE):    0.000ns

    Location             Delay type                Incr(ns)  Path(ns)    Netlist Resource(s)
  -------------------------------------------------------------------    -------------------
                         (clock sys_clk_pin rise edge)
                                                      0.000     0.000 r  
    K17                                               0.000     0.000 r  clk (IN)
                         net (fo=0)                   0.000     0.000    clk
    K17                  IBUF (Prop_ibuf_I_O)         1.475     1.475 r  clk_IBUF_inst/O
                         net (fo=1, routed)           2.522     3.997    clk_IBUF
    BUFGCTRL_X0Y16       BUFG (Prop_bufg_I_O)         0.101     4.098 r  clk_IBUF_BUFG_inst/O
                         net (fo=235, routed)         1.667     5.765    clk_IBUF_BUFG
    SLICE_X35Y40         FDRE                                         r  x3_reg[15]/C
  -------------------------------------------------------------------    -------------------
    SLICE_X35Y40         FDRE (Prop_fdre_C_Q)         0.419     6.184 r  x3_reg[15]/Q
                         net (fo=16, routed)          1.227     7.411    Mult3/U0/i_synth/i_synth_option.i_synth_model/opt_7series.i_uniwrap/A[15]
    DSP48_X2Y15          DSP48E1 (Prop_dsp48e1_A[27]_P[29])
                                                      4.014    11.425 r  Mult3/U0/i_synth/i_synth_option.i_synth_model/opt_7series.i_uniwrap/i_primitive/P[29]
                         net (fo=1, routed)           0.902    12.327    M3_int[29]
    SLICE_X34Y43         FDRE                                         r  M3_reg[29]/D
  -------------------------------------------------------------------    -------------------

                         (clock sys_clk_pin rise edge)
                                                      8.000     8.000 r  
    K17                                               0.000     8.000 r  clk (IN)
                         net (fo=0)                   0.000     8.000    clk
    K17                  IBUF (Prop_ibuf_I_O)         1.404     9.404 r  clk_IBUF_inst/O
                         net (fo=1, routed)           2.293    11.697    clk_IBUF
    BUFGCTRL_X0Y16       BUFG (Prop_bufg_I_O)         0.091    11.788 r  clk_IBUF_BUFG_inst/O
                         net (fo=235, routed)         1.496    13.285    clk_IBUF_BUFG
    SLICE_X34Y43         FDRE                                         r  M3_reg[29]/C
                         clock pessimism              0.457    13.742    
                         clock uncertainty           -0.035    13.706    
    SLICE_X34Y43         FDRE (Setup_fdre_C_D)       -0.030    13.676    M3_reg[29]
  -------------------------------------------------------------------
                         required time                         13.676    
                         arrival time                         -12.327    
  -------------------------------------------------------------------
                         slack                                  1.350    

Slack (MET) :             1.351ns  (required time - arrival time)
  Source:                 x3_reg[15]/C
                            (rising edge-triggered cell FDRE clocked by sys_clk_pin  {rise@0.000ns fall@4.000ns period=8.000ns})
  Destination:            M3_reg[25]/D
                            (rising edge-triggered cell FDRE clocked by sys_clk_pin  {rise@0.000ns fall@4.000ns period=8.000ns})
  Path Group:             sys_clk_pin
  Path Type:              Setup (Max at Slow Process Corner)
  Requirement:            8.000ns  (sys_clk_pin rise@8.000ns - sys_clk_pin rise@0.000ns)
  Data Path Delay:        6.523ns  (logic 4.433ns (67.961%)  route 2.090ns (32.039%))
  Logic Levels:           1  (DSP48E1=1)
  Clock Path Skew:        -0.024ns (DCD - SCD + CPR)
    Destination Clock Delay (DCD):    5.284ns = ( 13.284 - 8.000 ) 
    Source Clock Delay      (SCD):    5.765ns
    Clock Pessimism Removal (CPR):    0.457ns
  Clock Uncertainty:      0.035ns  ((TSJ^2 + TIJ^2)^1/2 + DJ) / 2 + PE
    Total System Jitter     (TSJ):    0.071ns
    Total Input Jitter      (TIJ):    0.000ns
    Discrete Jitter          (DJ):    0.000ns
    Phase Error              (PE):    0.000ns

    Location             Delay type                Incr(ns)  Path(ns)    Netlist Resource(s)
  -------------------------------------------------------------------    -------------------
                         (clock sys_clk_pin rise edge)
                                                      0.000     0.000 r  
    K17                                               0.000     0.000 r  clk (IN)
                         net (fo=0)                   0.000     0.000    clk
    K17                  IBUF (Prop_ibuf_I_O)         1.475     1.475 r  clk_IBUF_inst/O
                         net (fo=1, routed)           2.522     3.997    clk_IBUF
    BUFGCTRL_X0Y16       BUFG (Prop_bufg_I_O)         0.101     4.098 r  clk_IBUF_BUFG_inst/O
                         net (fo=235, routed)         1.667     5.765    clk_IBUF_BUFG
    SLICE_X35Y40         FDRE                                         r  x3_reg[15]/C
  -------------------------------------------------------------------    -------------------
    SLICE_X35Y40         FDRE (Prop_fdre_C_Q)         0.419     6.184 r  x3_reg[15]/Q
                         net (fo=16, routed)          1.227     7.411    Mult3/U0/i_synth/i_synth_option.i_synth_model/opt_7series.i_uniwrap/A[15]
    DSP48_X2Y15          DSP48E1 (Prop_dsp48e1_A[27]_P[25])
                                                      4.014    11.425 r  Mult3/U0/i_synth/i_synth_option.i_synth_model/opt_7series.i_uniwrap/i_primitive/P[25]
                         net (fo=1, routed)           0.863    12.288    M3_int[25]
    SLICE_X35Y42         FDRE                                         r  M3_reg[25]/D
  -------------------------------------------------------------------    -------------------

                         (clock sys_clk_pin rise edge)
                                                      8.000     8.000 r  
    K17                                               0.000     8.000 r  clk (IN)
                         net (fo=0)                   0.000     8.000    clk
    K17                  IBUF (Prop_ibuf_I_O)         1.404     9.404 r  clk_IBUF_inst/O
                         net (fo=1, routed)           2.293    11.697    clk_IBUF
    BUFGCTRL_X0Y16       BUFG (Prop_bufg_I_O)         0.091    11.788 r  clk_IBUF_BUFG_inst/O
                         net (fo=235, routed)         1.495    13.284    clk_IBUF_BUFG
    SLICE_X35Y42         FDRE                                         r  M3_reg[25]/C
                         clock pessimism              0.457    13.741    
                         clock uncertainty           -0.035    13.705    
    SLICE_X35Y42         FDRE (Setup_fdre_C_D)       -0.067    13.638    M3_reg[25]
  -------------------------------------------------------------------
                         required time                         13.638    
                         arrival time                         -12.288    
  -------------------------------------------------------------------
                         slack                                  1.351    

Slack (MET) :             1.376ns  (required time - arrival time)
  Source:                 x3_reg[15]/C
                            (rising edge-triggered cell FDRE clocked by sys_clk_pin  {rise@0.000ns fall@4.000ns period=8.000ns})
  Destination:            M3_reg[20]/D
                            (rising edge-triggered cell FDRE clocked by sys_clk_pin  {rise@0.000ns fall@4.000ns period=8.000ns})
  Path Group:             sys_clk_pin
  Path Type:              Setup (Max at Slow Process Corner)
  Requirement:            8.000ns  (sys_clk_pin rise@8.000ns - sys_clk_pin rise@0.000ns)
  Data Path Delay:        6.518ns  (logic 4.433ns (68.011%)  route 2.085ns (31.989%))
  Logic Levels:           1  (DSP48E1=1)
  Clock Path Skew:        -0.024ns (DCD - SCD + CPR)
    Destination Clock Delay (DCD):    5.284ns = ( 13.284 - 8.000 ) 
    Source Clock Delay      (SCD):    5.765ns
    Clock Pessimism Removal (CPR):    0.457ns
  Clock Uncertainty:      0.035ns  ((TSJ^2 + TIJ^2)^1/2 + DJ) / 2 + PE
    Total System Jitter     (TSJ):    0.071ns
    Total Input Jitter      (TIJ):    0.000ns
    Discrete Jitter          (DJ):    0.000ns
    Phase Error              (PE):    0.000ns

    Location             Delay type                Incr(ns)  Path(ns)    Netlist Resource(s)
  -------------------------------------------------------------------    -------------------
                         (clock sys_clk_pin rise edge)
                                                      0.000     0.000 r  
    K17                                               0.000     0.000 r  clk (IN)
                         net (fo=0)                   0.000     0.000    clk
    K17                  IBUF (Prop_ibuf_I_O)         1.475     1.475 r  clk_IBUF_inst/O
                         net (fo=1, routed)           2.522     3.997    clk_IBUF
    BUFGCTRL_X0Y16       BUFG (Prop_bufg_I_O)         0.101     4.098 r  clk_IBUF_BUFG_inst/O
                         net (fo=235, routed)         1.667     5.765    clk_IBUF_BUFG
    SLICE_X35Y40         FDRE                                         r  x3_reg[15]/C
  -------------------------------------------------------------------    -------------------
    SLICE_X35Y40         FDRE (Prop_fdre_C_Q)         0.419     6.184 r  x3_reg[15]/Q
                         net (fo=16, routed)          1.227     7.411    Mult3/U0/i_synth/i_synth_option.i_synth_model/opt_7series.i_uniwrap/A[15]
    DSP48_X2Y15          DSP48E1 (Prop_dsp48e1_A[27]_P[20])
                                                      4.014    11.425 r  Mult3/U0/i_synth/i_synth_option.i_synth_model/opt_7series.i_uniwrap/i_primitive/P[20]
                         net (fo=1, routed)           0.858    12.283    M3_int[20]
    SLICE_X34Y41         FDRE                                         r  M3_reg[20]/D
  -------------------------------------------------------------------    -------------------

                         (clock sys_clk_pin rise edge)
                                                      8.000     8.000 r  
    K17                                               0.000     8.000 r  clk (IN)
                         net (fo=0)                   0.000     8.000    clk
    K17                  IBUF (Prop_ibuf_I_O)         1.404     9.404 r  clk_IBUF_inst/O
                         net (fo=1, routed)           2.293    11.697    clk_IBUF
    BUFGCTRL_X0Y16       BUFG (Prop_bufg_I_O)         0.091    11.788 r  clk_IBUF_BUFG_inst/O
                         net (fo=235, routed)         1.495    13.284    clk_IBUF_BUFG
    SLICE_X34Y41         FDRE                                         r  M3_reg[20]/C
                         clock pessimism              0.457    13.741    
                         clock uncertainty           -0.035    13.705    
    SLICE_X34Y41         FDRE (Setup_fdre_C_D)       -0.047    13.658    M3_reg[20]
  -------------------------------------------------------------------
                         required time                         13.658    
                         arrival time                         -12.283    
  -------------------------------------------------------------------
                         slack                                  1.376    

Slack (MET) :             1.382ns  (required time - arrival time)
  Source:                 x3_reg[15]/C
                            (rising edge-triggered cell FDRE clocked by sys_clk_pin  {rise@0.000ns fall@4.000ns period=8.000ns})
  Destination:            M3_reg[14]/D
                            (rising edge-triggered cell FDRE clocked by sys_clk_pin  {rise@0.000ns fall@4.000ns period=8.000ns})
  Path Group:             sys_clk_pin
  Path Type:              Setup (Max at Slow Process Corner)
  Requirement:            8.000ns  (sys_clk_pin rise@8.000ns - sys_clk_pin rise@0.000ns)
  Data Path Delay:        6.493ns  (logic 4.433ns (68.279%)  route 2.060ns (31.721%))
  Logic Levels:           1  (DSP48E1=1)
  Clock Path Skew:        -0.059ns (DCD - SCD + CPR)
    Destination Clock Delay (DCD):    5.282ns = ( 13.282 - 8.000 ) 
    Source Clock Delay      (SCD):    5.765ns
    Clock Pessimism Removal (CPR):    0.424ns
  Clock Uncertainty:      0.035ns  ((TSJ^2 + TIJ^2)^1/2 + DJ) / 2 + PE
    Total System Jitter     (TSJ):    0.071ns
    Total Input Jitter      (TIJ):    0.000ns
    Discrete Jitter          (DJ):    0.000ns
    Phase Error              (PE):    0.000ns

    Location             Delay type                Incr(ns)  Path(ns)    Netlist Resource(s)
  -------------------------------------------------------------------    -------------------
                         (clock sys_clk_pin rise edge)
                                                      0.000     0.000 r  
    K17                                               0.000     0.000 r  clk (IN)
                         net (fo=0)                   0.000     0.000    clk
    K17                  IBUF (Prop_ibuf_I_O)         1.475     1.475 r  clk_IBUF_inst/O
                         net (fo=1, routed)           2.522     3.997    clk_IBUF
    BUFGCTRL_X0Y16       BUFG (Prop_bufg_I_O)         0.101     4.098 r  clk_IBUF_BUFG_inst/O
                         net (fo=235, routed)         1.667     5.765    clk_IBUF_BUFG
    SLICE_X35Y40         FDRE                                         r  x3_reg[15]/C
  -------------------------------------------------------------------    -------------------
    SLICE_X35Y40         FDRE (Prop_fdre_C_Q)         0.419     6.184 r  x3_reg[15]/Q
                         net (fo=16, routed)          1.227     7.411    Mult3/U0/i_synth/i_synth_option.i_synth_model/opt_7series.i_uniwrap/A[15]
    DSP48_X2Y15          DSP48E1 (Prop_dsp48e1_A[27]_P[14])
                                                      4.014    11.425 r  Mult3/U0/i_synth/i_synth_option.i_synth_model/opt_7series.i_uniwrap/i_primitive/P[14]
                         net (fo=1, routed)           0.832    12.257    M3_int[14]
    SLICE_X32Y39         FDRE                                         r  M3_reg[14]/D
  -------------------------------------------------------------------    -------------------

                         (clock sys_clk_pin rise edge)
                                                      8.000     8.000 r  
    K17                                               0.000     8.000 r  clk (IN)
                         net (fo=0)                   0.000     8.000    clk
    K17                  IBUF (Prop_ibuf_I_O)         1.404     9.404 r  clk_IBUF_inst/O
                         net (fo=1, routed)           2.293    11.697    clk_IBUF
    BUFGCTRL_X0Y16       BUFG (Prop_bufg_I_O)         0.091    11.788 r  clk_IBUF_BUFG_inst/O
                         net (fo=235, routed)         1.493    13.282    clk_IBUF_BUFG
    SLICE_X32Y39         FDRE                                         r  M3_reg[14]/C
                         clock pessimism              0.424    13.706    
                         clock uncertainty           -0.035    13.670    
    SLICE_X32Y39         FDRE (Setup_fdre_C_D)       -0.031    13.639    M3_reg[14]
  -------------------------------------------------------------------
                         required time                         13.639    
                         arrival time                         -12.257    
  -------------------------------------------------------------------
                         slack                                  1.382    

Slack (MET) :             1.382ns  (required time - arrival time)
  Source:                 x3_reg[15]/C
                            (rising edge-triggered cell FDRE clocked by sys_clk_pin  {rise@0.000ns fall@4.000ns period=8.000ns})
  Destination:            M3_reg[22]/D
                            (rising edge-triggered cell FDRE clocked by sys_clk_pin  {rise@0.000ns fall@4.000ns period=8.000ns})
  Path Group:             sys_clk_pin
  Path Type:              Setup (Max at Slow Process Corner)
  Requirement:            8.000ns  (sys_clk_pin rise@8.000ns - sys_clk_pin rise@0.000ns)
  Data Path Delay:        6.515ns  (logic 4.433ns (68.041%)  route 2.082ns (31.959%))
  Logic Levels:           1  (DSP48E1=1)
  Clock Path Skew:        -0.024ns (DCD - SCD + CPR)
    Destination Clock Delay (DCD):    5.284ns = ( 13.284 - 8.000 ) 
    Source Clock Delay      (SCD):    5.765ns
    Clock Pessimism Removal (CPR):    0.457ns
  Clock Uncertainty:      0.035ns  ((TSJ^2 + TIJ^2)^1/2 + DJ) / 2 + PE
    Total System Jitter     (TSJ):    0.071ns
    Total Input Jitter      (TIJ):    0.000ns
    Discrete Jitter          (DJ):    0.000ns
    Phase Error              (PE):    0.000ns

    Location             Delay type                Incr(ns)  Path(ns)    Netlist Resource(s)
  -------------------------------------------------------------------    -------------------
                         (clock sys_clk_pin rise edge)
                                                      0.000     0.000 r  
    K17                                               0.000     0.000 r  clk (IN)
                         net (fo=0)                   0.000     0.000    clk
    K17                  IBUF (Prop_ibuf_I_O)         1.475     1.475 r  clk_IBUF_inst/O
                         net (fo=1, routed)           2.522     3.997    clk_IBUF
    BUFGCTRL_X0Y16       BUFG (Prop_bufg_I_O)         0.101     4.098 r  clk_IBUF_BUFG_inst/O
                         net (fo=235, routed)         1.667     5.765    clk_IBUF_BUFG
    SLICE_X35Y40         FDRE                                         r  x3_reg[15]/C
  -------------------------------------------------------------------    -------------------
    SLICE_X35Y40         FDRE (Prop_fdre_C_Q)         0.419     6.184 r  x3_reg[15]/Q
                         net (fo=16, routed)          1.227     7.411    Mult3/U0/i_synth/i_synth_option.i_synth_model/opt_7series.i_uniwrap/A[15]
    DSP48_X2Y15          DSP48E1 (Prop_dsp48e1_A[27]_P[22])
                                                      4.014    11.425 r  Mult3/U0/i_synth/i_synth_option.i_synth_model/opt_7series.i_uniwrap/i_primitive/P[22]
                         net (fo=1, routed)           0.855    12.280    M3_int[22]
    SLICE_X34Y41         FDRE                                         r  M3_reg[22]/D
  -------------------------------------------------------------------    -------------------

                         (clock sys_clk_pin rise edge)
                                                      8.000     8.000 r  
    K17                                               0.000     8.000 r  clk (IN)
                         net (fo=0)                   0.000     8.000    clk
    K17                  IBUF (Prop_ibuf_I_O)         1.404     9.404 r  clk_IBUF_inst/O
                         net (fo=1, routed)           2.293    11.697    clk_IBUF
    BUFGCTRL_X0Y16       BUFG (Prop_bufg_I_O)         0.091    11.788 r  clk_IBUF_BUFG_inst/O
                         net (fo=235, routed)         1.495    13.284    clk_IBUF_BUFG
    SLICE_X34Y41         FDRE                                         r  M3_reg[22]/C
                         clock pessimism              0.457    13.741    
                         clock uncertainty           -0.035    13.705    
    SLICE_X34Y41         FDRE (Setup_fdre_C_D)       -0.043    13.662    M3_reg[22]
  -------------------------------------------------------------------
                         required time                         13.662    
                         arrival time                         -12.280    
  -------------------------------------------------------------------
                         slack                                  1.382    





Min Delay Paths
--------------------------------------------------------------------------------------
Slack (MET) :             0.133ns  (arrival time - required time)
  Source:                 x2_reg[14]/C
                            (rising edge-triggered cell FDRE clocked by sys_clk_pin  {rise@0.000ns fall@4.000ns period=8.000ns})
  Destination:            x3_reg[14]/D
                            (rising edge-triggered cell FDRE clocked by sys_clk_pin  {rise@0.000ns fall@4.000ns period=8.000ns})
  Path Group:             sys_clk_pin
  Path Type:              Hold (Min at Fast Process Corner)
  Requirement:            0.000ns  (sys_clk_pin rise@0.000ns - sys_clk_pin rise@0.000ns)
  Data Path Delay:        0.209ns  (logic 0.141ns (67.454%)  route 0.068ns (32.546%))
  Logic Levels:           0  
  Clock Path Skew:        0.000ns (DCD - SCD - CPR)
    Destination Clock Delay (DCD):    2.196ns
    Source Clock Delay      (SCD):    1.673ns
    Clock Pessimism Removal (CPR):    0.523ns

    Location             Delay type                Incr(ns)  Path(ns)    Netlist Resource(s)
  -------------------------------------------------------------------    -------------------
                         (clock sys_clk_pin rise edge)
                                                      0.000     0.000 r  
    K17                                               0.000     0.000 r  clk (IN)
                         net (fo=0)                   0.000     0.000    clk
    K17                  IBUF (Prop_ibuf_I_O)         0.243     0.243 r  clk_IBUF_inst/O
                         net (fo=1, routed)           0.842     1.084    clk_IBUF
    BUFGCTRL_X0Y16       BUFG (Prop_bufg_I_O)         0.026     1.110 r  clk_IBUF_BUFG_inst/O
                         net (fo=235, routed)         0.563     1.673    clk_IBUF_BUFG
    SLICE_X35Y41         FDRE                                         r  x2_reg[14]/C
  -------------------------------------------------------------------    -------------------
    SLICE_X35Y41         FDRE (Prop_fdre_C_Q)         0.141     1.814 r  x2_reg[14]/Q
                         net (fo=2, routed)           0.068     1.882    x2[14]
    SLICE_X35Y41         FDRE                                         r  x3_reg[14]/D
  -------------------------------------------------------------------    -------------------

                         (clock sys_clk_pin rise edge)
                                                      0.000     0.000 r  
    K17                                               0.000     0.000 r  clk (IN)
                         net (fo=0)                   0.000     0.000    clk
    K17                  IBUF (Prop_ibuf_I_O)         0.431     0.431 r  clk_IBUF_inst/O
                         net (fo=1, routed)           0.907     1.338    clk_IBUF
    BUFGCTRL_X0Y16       BUFG (Prop_bufg_I_O)         0.029     1.367 r  clk_IBUF_BUFG_inst/O
                         net (fo=235, routed)         0.829     2.196    clk_IBUF_BUFG
    SLICE_X35Y41         FDRE                                         r  x3_reg[14]/C
                         clock pessimism             -0.523     1.673    
    SLICE_X35Y41         FDRE (Hold_fdre_C_D)         0.076     1.749    x3_reg[14]
  -------------------------------------------------------------------
                         required time                         -1.749    
                         arrival time                           1.882    
  -------------------------------------------------------------------
                         slack                                  0.133    

Slack (MET) :             0.181ns  (arrival time - required time)
  Source:                 x3_reg[8]/C
                            (rising edge-triggered cell FDRE clocked by sys_clk_pin  {rise@0.000ns fall@4.000ns period=8.000ns})
  Destination:            x4_reg[8]/D
                            (rising edge-triggered cell FDRE clocked by sys_clk_pin  {rise@0.000ns fall@4.000ns period=8.000ns})
  Path Group:             sys_clk_pin
  Path Type:              Hold (Min at Fast Process Corner)
  Requirement:            0.000ns  (sys_clk_pin rise@0.000ns - sys_clk_pin rise@0.000ns)
  Data Path Delay:        0.265ns  (logic 0.141ns (53.180%)  route 0.124ns (46.820%))
  Logic Levels:           0  
  Clock Path Skew:        0.014ns (DCD - SCD - CPR)
    Destination Clock Delay (DCD):    2.193ns
    Source Clock Delay      (SCD):    1.672ns
    Clock Pessimism Removal (CPR):    0.507ns

    Location             Delay type                Incr(ns)  Path(ns)    Netlist Resource(s)
  -------------------------------------------------------------------    -------------------
                         (clock sys_clk_pin rise edge)
                                                      0.000     0.000 r  
    K17                                               0.000     0.000 r  clk (IN)
                         net (fo=0)                   0.000     0.000    clk
    K17                  IBUF (Prop_ibuf_I_O)         0.243     0.243 r  clk_IBUF_inst/O
                         net (fo=1, routed)           0.842     1.084    clk_IBUF
    BUFGCTRL_X0Y16       BUFG (Prop_bufg_I_O)         0.026     1.110 r  clk_IBUF_BUFG_inst/O
                         net (fo=235, routed)         0.562     1.672    clk_IBUF_BUFG
    SLICE_X35Y38         FDRE                                         r  x3_reg[8]/C
  -------------------------------------------------------------------    -------------------
    SLICE_X35Y38         FDRE (Prop_fdre_C_Q)         0.141     1.813 r  x3_reg[8]/Q
                         net (fo=2, routed)           0.124     1.937    x3[8]
    SLICE_X35Y37         FDRE                                         r  x4_reg[8]/D
  -------------------------------------------------------------------    -------------------

                         (clock sys_clk_pin rise edge)
                                                      0.000     0.000 r  
    K17                                               0.000     0.000 r  clk (IN)
                         net (fo=0)                   0.000     0.000    clk
    K17                  IBUF (Prop_ibuf_I_O)         0.431     0.431 r  clk_IBUF_inst/O
                         net (fo=1, routed)           0.907     1.338    clk_IBUF
    BUFGCTRL_X0Y16       BUFG (Prop_bufg_I_O)         0.029     1.367 r  clk_IBUF_BUFG_inst/O
                         net (fo=235, routed)         0.826     2.193    clk_IBUF_BUFG
    SLICE_X35Y37         FDRE                                         r  x4_reg[8]/C
                         clock pessimism             -0.507     1.686    
    SLICE_X35Y37         FDRE (Hold_fdre_C_D)         0.070     1.756    x4_reg[8]
  -------------------------------------------------------------------
                         required time                         -1.756    
                         arrival time                           1.937    
  -------------------------------------------------------------------
                         slack                                  0.181    

Slack (MET) :             0.183ns  (arrival time - required time)
  Source:                 x3_reg[9]/C
                            (rising edge-triggered cell FDRE clocked by sys_clk_pin  {rise@0.000ns fall@4.000ns period=8.000ns})
  Destination:            x4_reg[9]/D
                            (rising edge-triggered cell FDRE clocked by sys_clk_pin  {rise@0.000ns fall@4.000ns period=8.000ns})
  Path Group:             sys_clk_pin
  Path Type:              Hold (Min at Fast Process Corner)
  Requirement:            0.000ns  (sys_clk_pin rise@0.000ns - sys_clk_pin rise@0.000ns)
  Data Path Delay:        0.269ns  (logic 0.141ns (52.345%)  route 0.128ns (47.655%))
  Logic Levels:           0  
  Clock Path Skew:        0.014ns (DCD - SCD - CPR)
    Destination Clock Delay (DCD):    2.193ns
    Source Clock Delay      (SCD):    1.672ns
    Clock Pessimism Removal (CPR):    0.507ns

    Location             Delay type                Incr(ns)  Path(ns)    Netlist Resource(s)
  -------------------------------------------------------------------    -------------------
                         (clock sys_clk_pin rise edge)
                                                      0.000     0.000 r  
    K17                                               0.000     0.000 r  clk (IN)
                         net (fo=0)                   0.000     0.000    clk
    K17                  IBUF (Prop_ibuf_I_O)         0.243     0.243 r  clk_IBUF_inst/O
                         net (fo=1, routed)           0.842     1.084    clk_IBUF
    BUFGCTRL_X0Y16       BUFG (Prop_bufg_I_O)         0.026     1.110 r  clk_IBUF_BUFG_inst/O
                         net (fo=235, routed)         0.562     1.672    clk_IBUF_BUFG
    SLICE_X35Y38         FDRE                                         r  x3_reg[9]/C
  -------------------------------------------------------------------    -------------------
    SLICE_X35Y38         FDRE (Prop_fdre_C_Q)         0.141     1.813 r  x3_reg[9]/Q
                         net (fo=2, routed)           0.128     1.941    x3[9]
    SLICE_X35Y37         FDRE                                         r  x4_reg[9]/D
  -------------------------------------------------------------------    -------------------

                         (clock sys_clk_pin rise edge)
                                                      0.000     0.000 r  
    K17                                               0.000     0.000 r  clk (IN)
                         net (fo=0)                   0.000     0.000    clk
    K17                  IBUF (Prop_ibuf_I_O)         0.431     0.431 r  clk_IBUF_inst/O
                         net (fo=1, routed)           0.907     1.338    clk_IBUF
    BUFGCTRL_X0Y16       BUFG (Prop_bufg_I_O)         0.029     1.367 r  clk_IBUF_BUFG_inst/O
                         net (fo=235, routed)         0.826     2.193    clk_IBUF_BUFG
    SLICE_X35Y37         FDRE                                         r  x4_reg[9]/C
                         clock pessimism             -0.507     1.686    
    SLICE_X35Y37         FDRE (Hold_fdre_C_D)         0.072     1.758    x4_reg[9]
  -------------------------------------------------------------------
                         required time                         -1.758    
                         arrival time                           1.941    
  -------------------------------------------------------------------
                         slack                                  0.183    

Slack (MET) :             0.189ns  (arrival time - required time)
  Source:                 x1_reg[8]/C
                            (rising edge-triggered cell FDRE clocked by sys_clk_pin  {rise@0.000ns fall@4.000ns period=8.000ns})
  Destination:            x2_reg[8]/D
                            (rising edge-triggered cell FDRE clocked by sys_clk_pin  {rise@0.000ns fall@4.000ns period=8.000ns})
  Path Group:             sys_clk_pin
  Path Type:              Hold (Min at Fast Process Corner)
  Requirement:            0.000ns  (sys_clk_pin rise@0.000ns - sys_clk_pin rise@0.000ns)
  Data Path Delay:        0.261ns  (logic 0.141ns (54.048%)  route 0.120ns (45.952%))
  Logic Levels:           0  
  Clock Path Skew:        0.000ns (DCD - SCD - CPR)
    Destination Clock Delay (DCD):    2.196ns
    Source Clock Delay      (SCD):    1.673ns
    Clock Pessimism Removal (CPR):    0.523ns

    Location             Delay type                Incr(ns)  Path(ns)    Netlist Resource(s)
  -------------------------------------------------------------------    -------------------
                         (clock sys_clk_pin rise edge)
                                                      0.000     0.000 r  
    K17                                               0.000     0.000 r  clk (IN)
                         net (fo=0)                   0.000     0.000    clk
    K17                  IBUF (Prop_ibuf_I_O)         0.243     0.243 r  clk_IBUF_inst/O
                         net (fo=1, routed)           0.842     1.084    clk_IBUF
    BUFGCTRL_X0Y16       BUFG (Prop_bufg_I_O)         0.026     1.110 r  clk_IBUF_BUFG_inst/O
                         net (fo=235, routed)         0.563     1.673    clk_IBUF_BUFG
    SLICE_X35Y41         FDRE                                         r  x1_reg[8]/C
  -------------------------------------------------------------------    -------------------
    SLICE_X35Y41         FDRE (Prop_fdre_C_Q)         0.141     1.814 r  x1_reg[8]/Q
                         net (fo=2, routed)           0.120     1.934    A[8]
    SLICE_X35Y41         FDRE                                         r  x2_reg[8]/D
  -------------------------------------------------------------------    -------------------

                         (clock sys_clk_pin rise edge)
                                                      0.000     0.000 r  
    K17                                               0.000     0.000 r  clk (IN)
                         net (fo=0)                   0.000     0.000    clk
    K17                  IBUF (Prop_ibuf_I_O)         0.431     0.431 r  clk_IBUF_inst/O
                         net (fo=1, routed)           0.907     1.338    clk_IBUF
    BUFGCTRL_X0Y16       BUFG (Prop_bufg_I_O)         0.029     1.367 r  clk_IBUF_BUFG_inst/O
                         net (fo=235, routed)         0.829     2.196    clk_IBUF_BUFG
    SLICE_X35Y41         FDRE                                         r  x2_reg[8]/C
                         clock pessimism             -0.523     1.673    
    SLICE_X35Y41         FDRE (Hold_fdre_C_D)         0.072     1.745    x2_reg[8]
  -------------------------------------------------------------------
                         required time                         -1.745    
                         arrival time                           1.934    
  -------------------------------------------------------------------
                         slack                                  0.189    

Slack (MET) :             0.191ns  (arrival time - required time)
  Source:                 x1_reg[13]/C
                            (rising edge-triggered cell FDRE clocked by sys_clk_pin  {rise@0.000ns fall@4.000ns period=8.000ns})
  Destination:            x2_reg[13]/D
                            (rising edge-triggered cell FDRE clocked by sys_clk_pin  {rise@0.000ns fall@4.000ns period=8.000ns})
  Path Group:             sys_clk_pin
  Path Type:              Hold (Min at Fast Process Corner)
  Requirement:            0.000ns  (sys_clk_pin rise@0.000ns - sys_clk_pin rise@0.000ns)
  Data Path Delay:        0.263ns  (logic 0.141ns (53.584%)  route 0.122ns (46.416%))
  Logic Levels:           0  
  Clock Path Skew:        0.000ns (DCD - SCD - CPR)
    Destination Clock Delay (DCD):    2.197ns
    Source Clock Delay      (SCD):    1.674ns
    Clock Pessimism Removal (CPR):    0.523ns

    Location             Delay type                Incr(ns)  Path(ns)    Netlist Resource(s)
  -------------------------------------------------------------------    -------------------
                         (clock sys_clk_pin rise edge)
                                                      0.000     0.000 r  
    K17                                               0.000     0.000 r  clk (IN)
                         net (fo=0)                   0.000     0.000    clk
    K17                  IBUF (Prop_ibuf_I_O)         0.243     0.243 r  clk_IBUF_inst/O
                         net (fo=1, routed)           0.842     1.084    clk_IBUF
    BUFGCTRL_X0Y16       BUFG (Prop_bufg_I_O)         0.026     1.110 r  clk_IBUF_BUFG_inst/O
                         net (fo=235, routed)         0.564     1.674    clk_IBUF_BUFG
    SLICE_X35Y43         FDRE                                         r  x1_reg[13]/C
  -------------------------------------------------------------------    -------------------
    SLICE_X35Y43         FDRE (Prop_fdre_C_Q)         0.141     1.815 r  x1_reg[13]/Q
                         net (fo=2, routed)           0.122     1.937    A[13]
    SLICE_X35Y43         FDRE                                         r  x2_reg[13]/D
  -------------------------------------------------------------------    -------------------

                         (clock sys_clk_pin rise edge)
                                                      0.000     0.000 r  
    K17                                               0.000     0.000 r  clk (IN)
                         net (fo=0)                   0.000     0.000    clk
    K17                  IBUF (Prop_ibuf_I_O)         0.431     0.431 r  clk_IBUF_inst/O
                         net (fo=1, routed)           0.907     1.338    clk_IBUF
    BUFGCTRL_X0Y16       BUFG (Prop_bufg_I_O)         0.029     1.367 r  clk_IBUF_BUFG_inst/O
                         net (fo=235, routed)         0.830     2.197    clk_IBUF_BUFG
    SLICE_X35Y43         FDRE                                         r  x2_reg[13]/C
                         clock pessimism             -0.523     1.674    
    SLICE_X35Y43         FDRE (Hold_fdre_C_D)         0.072     1.746    x2_reg[13]
  -------------------------------------------------------------------
                         required time                         -1.746    
                         arrival time                           1.937    
  -------------------------------------------------------------------
                         slack                                  0.191    

Slack (MET) :             0.218ns  (arrival time - required time)
  Source:                 x1_reg[15]/C
                            (rising edge-triggered cell FDRE clocked by sys_clk_pin  {rise@0.000ns fall@4.000ns period=8.000ns})
  Destination:            x2_reg[15]/D
                            (rising edge-triggered cell FDRE clocked by sys_clk_pin  {rise@0.000ns fall@4.000ns period=8.000ns})
  Path Group:             sys_clk_pin
  Path Type:              Hold (Min at Fast Process Corner)
  Requirement:            0.000ns  (sys_clk_pin rise@0.000ns - sys_clk_pin rise@0.000ns)
  Data Path Delay:        0.305ns  (logic 0.141ns (46.181%)  route 0.164ns (53.819%))
  Logic Levels:           0  
  Clock Path Skew:        0.015ns (DCD - SCD - CPR)
    Destination Clock Delay (DCD):    2.196ns
    Source Clock Delay      (SCD):    1.674ns
    Clock Pessimism Removal (CPR):    0.507ns

    Location             Delay type                Incr(ns)  Path(ns)    Netlist Resource(s)
  -------------------------------------------------------------------    -------------------
                         (clock sys_clk_pin rise edge)
                                                      0.000     0.000 r  
    K17                                               0.000     0.000 r  clk (IN)
                         net (fo=0)                   0.000     0.000    clk
    K17                  IBUF (Prop_ibuf_I_O)         0.243     0.243 r  clk_IBUF_inst/O
                         net (fo=1, routed)           0.842     1.084    clk_IBUF
    BUFGCTRL_X0Y16       BUFG (Prop_bufg_I_O)         0.026     1.110 r  clk_IBUF_BUFG_inst/O
                         net (fo=235, routed)         0.564     1.674    clk_IBUF_BUFG
    SLICE_X35Y44         FDRE                                         r  x1_reg[15]/C
  -------------------------------------------------------------------    -------------------
    SLICE_X35Y44         FDRE (Prop_fdre_C_Q)         0.141     1.815 r  x1_reg[15]/Q
                         net (fo=16, routed)          0.164     1.979    A[15]
    SLICE_X35Y42         FDRE                                         r  x2_reg[15]/D
  -------------------------------------------------------------------    -------------------

                         (clock sys_clk_pin rise edge)
                                                      0.000     0.000 r  
    K17                                               0.000     0.000 r  clk (IN)
                         net (fo=0)                   0.000     0.000    clk
    K17                  IBUF (Prop_ibuf_I_O)         0.431     0.431 r  clk_IBUF_inst/O
                         net (fo=1, routed)           0.907     1.338    clk_IBUF
    BUFGCTRL_X0Y16       BUFG (Prop_bufg_I_O)         0.029     1.367 r  clk_IBUF_BUFG_inst/O
                         net (fo=235, routed)         0.829     2.196    clk_IBUF_BUFG
    SLICE_X35Y42         FDRE                                         r  x2_reg[15]/C
                         clock pessimism             -0.507     1.689    
    SLICE_X35Y42         FDRE (Hold_fdre_C_D)         0.072     1.761    x2_reg[15]
  -------------------------------------------------------------------
                         required time                         -1.761    
                         arrival time                           1.979    
  -------------------------------------------------------------------
                         slack                                  0.218    

Slack (MET) :             0.227ns  (arrival time - required time)
  Source:                 x2_reg[11]/C
                            (rising edge-triggered cell FDRE clocked by sys_clk_pin  {rise@0.000ns fall@4.000ns period=8.000ns})
  Destination:            x3_reg[11]/D
                            (rising edge-triggered cell FDRE clocked by sys_clk_pin  {rise@0.000ns fall@4.000ns period=8.000ns})
  Path Group:             sys_clk_pin
  Path Type:              Hold (Min at Fast Process Corner)
  Requirement:            0.000ns  (sys_clk_pin rise@0.000ns - sys_clk_pin rise@0.000ns)
  Data Path Delay:        0.260ns  (logic 0.128ns (49.147%)  route 0.132ns (50.853%))
  Logic Levels:           0  
  Clock Path Skew:        0.015ns (DCD - SCD - CPR)
    Destination Clock Delay (DCD):    2.195ns
    Source Clock Delay      (SCD):    1.673ns
    Clock Pessimism Removal (CPR):    0.507ns

    Location             Delay type                Incr(ns)  Path(ns)    Netlist Resource(s)
  -------------------------------------------------------------------    -------------------
                         (clock sys_clk_pin rise edge)
                                                      0.000     0.000 r  
    K17                                               0.000     0.000 r  clk (IN)
                         net (fo=0)                   0.000     0.000    clk
    K17                  IBUF (Prop_ibuf_I_O)         0.243     0.243 r  clk_IBUF_inst/O
                         net (fo=1, routed)           0.842     1.084    clk_IBUF
    BUFGCTRL_X0Y16       BUFG (Prop_bufg_I_O)         0.026     1.110 r  clk_IBUF_BUFG_inst/O
                         net (fo=235, routed)         0.563     1.673    clk_IBUF_BUFG
    SLICE_X35Y40         FDRE                                         r  x2_reg[11]/C
  -------------------------------------------------------------------    -------------------
    SLICE_X35Y40         FDRE (Prop_fdre_C_Q)         0.128     1.801 r  x2_reg[11]/Q
                         net (fo=2, routed)           0.132     1.933    x2[11]
    SLICE_X35Y39         FDRE                                         r  x3_reg[11]/D
  -------------------------------------------------------------------    -------------------

                         (clock sys_clk_pin rise edge)
                                                      0.000     0.000 r  
    K17                                               0.000     0.000 r  clk (IN)
                         net (fo=0)                   0.000     0.000    clk
    K17                  IBUF (Prop_ibuf_I_O)         0.431     0.431 r  clk_IBUF_inst/O
                         net (fo=1, routed)           0.907     1.338    clk_IBUF
    BUFGCTRL_X0Y16       BUFG (Prop_bufg_I_O)         0.029     1.367 r  clk_IBUF_BUFG_inst/O
                         net (fo=235, routed)         0.828     2.195    clk_IBUF_BUFG
    SLICE_X35Y39         FDRE                                         r  x3_reg[11]/C
                         clock pessimism             -0.507     1.688    
    SLICE_X35Y39         FDRE (Hold_fdre_C_D)         0.018     1.706    x3_reg[11]
  -------------------------------------------------------------------
                         required time                         -1.706    
                         arrival time                           1.933    
  -------------------------------------------------------------------
                         slack                                  0.227    

Slack (MET) :             0.235ns  (arrival time - required time)
  Source:                 x2_reg[12]/C
                            (rising edge-triggered cell FDRE clocked by sys_clk_pin  {rise@0.000ns fall@4.000ns period=8.000ns})
  Destination:            x3_reg[12]/D
                            (rising edge-triggered cell FDRE clocked by sys_clk_pin  {rise@0.000ns fall@4.000ns period=8.000ns})
  Path Group:             sys_clk_pin
  Path Type:              Hold (Min at Fast Process Corner)
  Requirement:            0.000ns  (sys_clk_pin rise@0.000ns - sys_clk_pin rise@0.000ns)
  Data Path Delay:        0.325ns  (logic 0.141ns (43.348%)  route 0.184ns (56.652%))
  Logic Levels:           0  
  Clock Path Skew:        0.015ns (DCD - SCD - CPR)
    Destination Clock Delay (DCD):    2.196ns
    Source Clock Delay      (SCD):    1.674ns
    Clock Pessimism Removal (CPR):    0.507ns

    Location             Delay type                Incr(ns)  Path(ns)    Netlist Resource(s)
  -------------------------------------------------------------------    -------------------
                         (clock sys_clk_pin rise edge)
                                                      0.000     0.000 r  
    K17                                               0.000     0.000 r  clk (IN)
                         net (fo=0)                   0.000     0.000    clk
    K17                  IBUF (Prop_ibuf_I_O)         0.243     0.243 r  clk_IBUF_inst/O
                         net (fo=1, routed)           0.842     1.084    clk_IBUF
    BUFGCTRL_X0Y16       BUFG (Prop_bufg_I_O)         0.026     1.110 r  clk_IBUF_BUFG_inst/O
                         net (fo=235, routed)         0.564     1.674    clk_IBUF_BUFG
    SLICE_X35Y43         FDRE                                         r  x2_reg[12]/C
  -------------------------------------------------------------------    -------------------
    SLICE_X35Y43         FDRE (Prop_fdre_C_Q)         0.141     1.815 r  x2_reg[12]/Q
                         net (fo=2, routed)           0.184     1.999    x2[12]
    SLICE_X35Y41         FDRE                                         r  x3_reg[12]/D
  -------------------------------------------------------------------    -------------------

                         (clock sys_clk_pin rise edge)
                                                      0.000     0.000 r  
    K17                                               0.000     0.000 r  clk (IN)
                         net (fo=0)                   0.000     0.000    clk
    K17                  IBUF (Prop_ibuf_I_O)         0.431     0.431 r  clk_IBUF_inst/O
                         net (fo=1, routed)           0.907     1.338    clk_IBUF
    BUFGCTRL_X0Y16       BUFG (Prop_bufg_I_O)         0.029     1.367 r  clk_IBUF_BUFG_inst/O
                         net (fo=235, routed)         0.829     2.196    clk_IBUF_BUFG
    SLICE_X35Y41         FDRE                                         r  x3_reg[12]/C
                         clock pessimism             -0.507     1.689    
    SLICE_X35Y41         FDRE (Hold_fdre_C_D)         0.075     1.764    x3_reg[12]
  -------------------------------------------------------------------
                         required time                         -1.764    
                         arrival time                           1.999    
  -------------------------------------------------------------------
                         slack                                  0.235    

Slack (MET) :             0.236ns  (arrival time - required time)
  Source:                 x2_reg[10]/C
                            (rising edge-triggered cell FDRE clocked by sys_clk_pin  {rise@0.000ns fall@4.000ns period=8.000ns})
  Destination:            x3_reg[10]/D
                            (rising edge-triggered cell FDRE clocked by sys_clk_pin  {rise@0.000ns fall@4.000ns period=8.000ns})
  Path Group:             sys_clk_pin
  Path Type:              Hold (Min at Fast Process Corner)
  Requirement:            0.000ns  (sys_clk_pin rise@0.000ns - sys_clk_pin rise@0.000ns)
  Data Path Delay:        0.321ns  (logic 0.141ns (43.923%)  route 0.180ns (56.077%))
  Logic Levels:           0  
  Clock Path Skew:        0.015ns (DCD - SCD - CPR)
    Destination Clock Delay (DCD):    2.195ns
    Source Clock Delay      (SCD):    1.673ns
    Clock Pessimism Removal (CPR):    0.507ns

    Location             Delay type                Incr(ns)  Path(ns)    Netlist Resource(s)
  -------------------------------------------------------------------    -------------------
                         (clock sys_clk_pin rise edge)
                                                      0.000     0.000 r  
    K17                                               0.000     0.000 r  clk (IN)
                         net (fo=0)                   0.000     0.000    clk
    K17                  IBUF (Prop_ibuf_I_O)         0.243     0.243 r  clk_IBUF_inst/O
                         net (fo=1, routed)           0.842     1.084    clk_IBUF
    BUFGCTRL_X0Y16       BUFG (Prop_bufg_I_O)         0.026     1.110 r  clk_IBUF_BUFG_inst/O
                         net (fo=235, routed)         0.563     1.673    clk_IBUF_BUFG
    SLICE_X35Y40         FDRE                                         r  x2_reg[10]/C
  -------------------------------------------------------------------    -------------------
    SLICE_X35Y40         FDRE (Prop_fdre_C_Q)         0.141     1.814 r  x2_reg[10]/Q
                         net (fo=2, routed)           0.180     1.994    x2[10]
    SLICE_X35Y39         FDRE                                         r  x3_reg[10]/D
  -------------------------------------------------------------------    -------------------

                         (clock sys_clk_pin rise edge)
                                                      0.000     0.000 r  
    K17                                               0.000     0.000 r  clk (IN)
                         net (fo=0)                   0.000     0.000    clk
    K17                  IBUF (Prop_ibuf_I_O)         0.431     0.431 r  clk_IBUF_inst/O
                         net (fo=1, routed)           0.907     1.338    clk_IBUF
    BUFGCTRL_X0Y16       BUFG (Prop_bufg_I_O)         0.029     1.367 r  clk_IBUF_BUFG_inst/O
                         net (fo=235, routed)         0.828     2.195    clk_IBUF_BUFG
    SLICE_X35Y39         FDRE                                         r  x3_reg[10]/C
                         clock pessimism             -0.507     1.688    
    SLICE_X35Y39         FDRE (Hold_fdre_C_D)         0.070     1.758    x3_reg[10]
  -------------------------------------------------------------------
                         required time                         -1.758    
                         arrival time                           1.994    
  -------------------------------------------------------------------
                         slack                                  0.236    

Slack (MET) :             0.247ns  (arrival time - required time)
  Source:                 x3_reg[11]/C
                            (rising edge-triggered cell FDRE clocked by sys_clk_pin  {rise@0.000ns fall@4.000ns period=8.000ns})
  Destination:            x4_reg[11]/D
                            (rising edge-triggered cell FDRE clocked by sys_clk_pin  {rise@0.000ns fall@4.000ns period=8.000ns})
  Path Group:             sys_clk_pin
  Path Type:              Hold (Min at Fast Process Corner)
  Requirement:            0.000ns  (sys_clk_pin rise@0.000ns - sys_clk_pin rise@0.000ns)
  Data Path Delay:        0.327ns  (logic 0.141ns (43.174%)  route 0.186ns (56.826%))
  Logic Levels:           0  
  Clock Path Skew:        0.014ns (DCD - SCD - CPR)
    Destination Clock Delay (DCD):    2.193ns
    Source Clock Delay      (SCD):    1.672ns
    Clock Pessimism Removal (CPR):    0.507ns

    Location             Delay type                Incr(ns)  Path(ns)    Netlist Resource(s)
  -------------------------------------------------------------------    -------------------
                         (clock sys_clk_pin rise edge)
                                                      0.000     0.000 r  
    K17                                               0.000     0.000 r  clk (IN)
                         net (fo=0)                   0.000     0.000    clk
    K17                  IBUF (Prop_ibuf_I_O)         0.243     0.243 r  clk_IBUF_inst/O
                         net (fo=1, routed)           0.842     1.084    clk_IBUF
    BUFGCTRL_X0Y16       BUFG (Prop_bufg_I_O)         0.026     1.110 r  clk_IBUF_BUFG_inst/O
                         net (fo=235, routed)         0.562     1.672    clk_IBUF_BUFG
    SLICE_X35Y39         FDRE                                         r  x3_reg[11]/C
  -------------------------------------------------------------------    -------------------
    SLICE_X35Y39         FDRE (Prop_fdre_C_Q)         0.141     1.813 r  x3_reg[11]/Q
                         net (fo=2, routed)           0.186     1.999    x3[11]
    SLICE_X35Y37         FDRE                                         r  x4_reg[11]/D
  -------------------------------------------------------------------    -------------------

                         (clock sys_clk_pin rise edge)
                                                      0.000     0.000 r  
    K17                                               0.000     0.000 r  clk (IN)
                         net (fo=0)                   0.000     0.000    clk
    K17                  IBUF (Prop_ibuf_I_O)         0.431     0.431 r  clk_IBUF_inst/O
                         net (fo=1, routed)           0.907     1.338    clk_IBUF
    BUFGCTRL_X0Y16       BUFG (Prop_bufg_I_O)         0.029     1.367 r  clk_IBUF_BUFG_inst/O
                         net (fo=235, routed)         0.826     2.193    clk_IBUF_BUFG
    SLICE_X35Y37         FDRE                                         r  x4_reg[11]/C
                         clock pessimism             -0.507     1.686    
    SLICE_X35Y37         FDRE (Hold_fdre_C_D)         0.066     1.752    x4_reg[11]
  -------------------------------------------------------------------
                         required time                         -1.752    
                         arrival time                           1.999    
  -------------------------------------------------------------------
                         slack                                  0.247    





Pulse Width Checks
--------------------------------------------------------------------------------------
Clock Name:         sys_clk_pin
Waveform(ns):       { 0.000 4.000 }
Period(ns):         8.000
Sources:            { clk }

Check Type        Corner  Lib Pin  Reference Pin  Required(ns)  Actual(ns)  Slack(ns)  Location        Pin
Min Period        n/a     BUFG/I   n/a            2.155         8.000       5.845      BUFGCTRL_X0Y16  clk_IBUF_BUFG_inst/I
Min Period        n/a     FDRE/C   n/a            1.000         8.000       7.000      SLICE_X35Y36    M0_reg[0]/C
Min Period        n/a     FDRE/C   n/a            1.000         8.000       7.000      SLICE_X35Y39    M0_reg[10]/C
Min Period        n/a     FDRE/C   n/a            1.000         8.000       7.000      SLICE_X35Y39    M0_reg[11]/C
Min Period        n/a     FDRE/C   n/a            1.000         8.000       7.000      SLICE_X32Y45    M0_reg[12]/C
Min Period        n/a     FDRE/C   n/a            1.000         8.000       7.000      SLICE_X34Y39    M0_reg[13]/C
Min Period        n/a     FDRE/C   n/a            1.000         8.000       7.000      SLICE_X32Y45    M0_reg[14]/C
Min Period        n/a     FDRE/C   n/a            1.000         8.000       7.000      SLICE_X34Y43    M0_reg[15]/C
Min Period        n/a     FDRE/C   n/a            1.000         8.000       7.000      SLICE_X33Y48    M0_reg[16]/C
Min Period        n/a     FDRE/C   n/a            1.000         8.000       7.000      SLICE_X33Y48    M0_reg[17]/C
Low Pulse Width   Slow    FDRE/C   n/a            0.500         4.000       3.500      SLICE_X35Y39    M0_reg[10]/C
Low Pulse Width   Slow    FDRE/C   n/a            0.500         4.000       3.500      SLICE_X35Y39    M0_reg[11]/C
Low Pulse Width   Slow    FDRE/C   n/a            0.500         4.000       3.500      SLICE_X34Y39    M0_reg[13]/C
Low Pulse Width   Slow    FDRE/C   n/a            0.500         4.000       3.500      SLICE_X35Y40    x1_reg[10]/C
Low Pulse Width   Slow    FDRE/C   n/a            0.500         4.000       3.500      SLICE_X35Y40    x1_reg[11]/C
Low Pulse Width   Slow    FDRE/C   n/a            0.500         4.000       3.500      SLICE_X35Y41    x1_reg[14]/C
Low Pulse Width   Slow    FDRE/C   n/a            0.500         4.000       3.500      SLICE_X38Y42    x1_reg[2]/C
Low Pulse Width   Slow    FDRE/C   n/a            0.500         4.000       3.500      SLICE_X38Y42    x1_reg[5]/C
Low Pulse Width   Slow    FDRE/C   n/a            0.500         4.000       3.500      SLICE_X35Y41    x1_reg[8]/C
Low Pulse Width   Slow    FDRE/C   n/a            0.500         4.000       3.500      SLICE_X35Y40    x1_reg[9]/C
High Pulse Width  Fast    FDRE/C   n/a            0.500         4.000       3.500      SLICE_X35Y36    M0_reg[0]/C
High Pulse Width  Fast    FDRE/C   n/a            0.500         4.000       3.500      SLICE_X35Y39    M0_reg[10]/C
High Pulse Width  Fast    FDRE/C   n/a            0.500         4.000       3.500      SLICE_X35Y39    M0_reg[11]/C
High Pulse Width  Fast    FDRE/C   n/a            0.500         4.000       3.500      SLICE_X32Y45    M0_reg[12]/C
High Pulse Width  Fast    FDRE/C   n/a            0.500         4.000       3.500      SLICE_X34Y39    M0_reg[13]/C
High Pulse Width  Fast    FDRE/C   n/a            0.500         4.000       3.500      SLICE_X32Y45    M0_reg[14]/C
High Pulse Width  Fast    FDRE/C   n/a            0.500         4.000       3.500      SLICE_X34Y43    M0_reg[15]/C
High Pulse Width  Fast    FDRE/C   n/a            0.500         4.000       3.500      SLICE_X33Y48    M0_reg[16]/C
High Pulse Width  Fast    FDRE/C   n/a            0.500         4.000       3.500      SLICE_X33Y48    M0_reg[17]/C
High Pulse Width  Fast    FDRE/C   n/a            0.500         4.000       3.500      SLICE_X33Y46    M0_reg[18]/C



