
*** Running vivado
    with args -log FIR5.vdi -applog -m64 -product Vivado -messageDb vivado.pb -mode batch -source FIR5.tcl -notrace



****** Vivado v2020.2 (64-bit)
  **** SW Build 3064766 on Wed Nov 18 09:12:45 MST 2020
  **** IP Build 3064653 on Wed Nov 18 14:17:31 MST 2020
    ** Copyright 1986-2020 Xilinx, Inc. All Rights Reserved.

source FIR5.tcl -notrace
Command: open_checkpoint C:/Users/Thomas/Desktop/TP_MISTRE/TP_FPGA/TP2/FIR5_timings_vivado_2020_2/FIR5_timings_vivado_2020_2.runs/impl_1/FIR5.dcp

Starting open_checkpoint Task

Time (s): cpu = 00:00:00 ; elapsed = 00:00:00.020 . Memory (MB): peak = 1102.051 ; gain = 0.000
CRITICAL WARNING: [Board 49-67] The board_part definition was not found for digilentinc.com:zybo-z7-20:part0:1.0. This can happen sometimes when you use custom board part. You can resolve this issue by setting 'board.repoPaths' parameter, pointing to the location of custom board files. Valid board_part values can be retrieved with the 'get_board_parts' Tcl command.
CRITICAL WARNING: [Board 49-67] The board_part definition was not found for digilentinc.com:zybo-z7-20:part0:1.0. This can happen sometimes when you use custom board part. You can resolve this issue by setting 'board.repoPaths' parameter, pointing to the location of custom board files. Valid board_part values can be retrieved with the 'get_board_parts' Tcl command.
INFO: [Device 21-403] Loading part xc7z020clg400-1
Netlist sorting complete. Time (s): cpu = 00:00:00 ; elapsed = 00:00:00.011 . Memory (MB): peak = 1102.051 ; gain = 0.000
INFO: [Netlist 29-17] Analyzing 21 Unisim elements for replacement
INFO: [Netlist 29-28] Unisim Transformation completed in 0 CPU seconds
INFO: [Project 1-479] Netlist was created with Vivado 2020.2
INFO: [Project 1-570] Preparing netlist for logic optimization
INFO: [Timing 38-478] Restoring timing data from binary archive.
INFO: [Timing 38-479] Binary timing data restore complete.
INFO: [Project 1-856] Restoring constraints from binary archive.
INFO: [Project 1-853] Binary constraint restore complete.
Reading XDEF placement.
Reading placer database...
Reading XDEF routing.
Read XDEF File: Time (s): cpu = 00:00:00 ; elapsed = 00:00:00.053 . Memory (MB): peak = 1373.188 ; gain = 0.000
Restored from archive | CPU: 0.000000 secs | Memory: 0.000000 MB |
Finished XDEF File Restore: Time (s): cpu = 00:00:00 ; elapsed = 00:00:00.054 . Memory (MB): peak = 1373.188 ; gain = 0.000
Netlist sorting complete. Time (s): cpu = 00:00:00 ; elapsed = 00:00:00 . Memory (MB): peak = 1373.188 ; gain = 0.000
INFO: [Project 1-111] Unisim Transformation Summary:
No Unisim elements were transformed.

INFO: [Project 1-604] Checkpoint was created with Vivado v2020.2 (64-bit) build 3064766
open_checkpoint: Time (s): cpu = 00:00:09 ; elapsed = 00:00:10 . Memory (MB): peak = 1373.188 ; gain = 271.137
Command: opt_design
Attempting to get a license for feature 'Implementation' and/or device 'xc7z020'
INFO: [Common 17-349] Got license for feature 'Implementation' and/or device 'xc7z020'
Running DRC as a precondition to command opt_design

Starting DRC Task
INFO: [DRC 23-27] Running DRC with 2 threads
INFO: [Project 1-461] DRC finished with 0 Errors
INFO: [Project 1-462] Please refer to the DRC report (report_drc) for more information.

Time (s): cpu = 00:00:01 ; elapsed = 00:00:00.581 . Memory (MB): peak = 1394.941 ; gain = 21.754

Starting Cache Timing Information Task
INFO: [Timing 38-35] Done setting XDC timing constraints.
Ending Cache Timing Information Task | Checksum: 1433110e4

Time (s): cpu = 00:00:00 ; elapsed = 00:00:00.060 . Memory (MB): peak = 1428.398 ; gain = 33.457

Starting Logic Optimization Task

Phase 1 Retarget
INFO: [Opt 31-138] Pushed 0 inverter(s) to 0 load pin(s).
INFO: [Opt 31-49] Retargeted 0 cell(s).
Phase 1 Retarget | Checksum: 1433110e4

Time (s): cpu = 00:00:00 ; elapsed = 00:00:00.047 . Memory (MB): peak = 1628.465 ; gain = 0.000
INFO: [Opt 31-389] Phase Retarget created 0 cells and removed 0 cells

Phase 2 Constant propagation
INFO: [Opt 31-138] Pushed 0 inverter(s) to 0 load pin(s).
Phase 2 Constant propagation | Checksum: 14ac1667b

Time (s): cpu = 00:00:00 ; elapsed = 00:00:00.050 . Memory (MB): peak = 1628.465 ; gain = 0.000
INFO: [Opt 31-389] Phase Constant propagation created 0 cells and removed 0 cells

Phase 3 Sweep
Phase 3 Sweep | Checksum: 1005f403a

Time (s): cpu = 00:00:00 ; elapsed = 00:00:00.064 . Memory (MB): peak = 1628.465 ; gain = 0.000
INFO: [Opt 31-389] Phase Sweep created 0 cells and removed 0 cells

Phase 4 BUFG optimization
Phase 4 BUFG optimization | Checksum: 1005f403a

Time (s): cpu = 00:00:00 ; elapsed = 00:00:00.072 . Memory (MB): peak = 1628.465 ; gain = 0.000
INFO: [Opt 31-662] Phase BUFG optimization created 0 cells of which 0 are BUFGs and removed 0 cells.

Phase 5 Shift Register Optimization
INFO: [Opt 31-1064] SRL Remap converted 0 SRLs to 0 registers and converted 0 registers of register chains to 0 SRLs
Phase 5 Shift Register Optimization | Checksum: 1005f403a

Time (s): cpu = 00:00:00 ; elapsed = 00:00:00.073 . Memory (MB): peak = 1628.465 ; gain = 0.000
INFO: [Opt 31-389] Phase Shift Register Optimization created 0 cells and removed 0 cells

Phase 6 Post Processing Netlist
Phase 6 Post Processing Netlist | Checksum: 1005f403a

Time (s): cpu = 00:00:00 ; elapsed = 00:00:00.075 . Memory (MB): peak = 1628.465 ; gain = 0.000
INFO: [Opt 31-389] Phase Post Processing Netlist created 0 cells and removed 0 cells
Opt_design Change Summary
=========================


-------------------------------------------------------------------------------------------------------------------------
|  Phase                        |  #Cells created  |  #Cells Removed  |  #Constrained objects preventing optimizations  |
-------------------------------------------------------------------------------------------------------------------------
|  Retarget                     |               0  |               0  |                                              0  |
|  Constant propagation         |               0  |               0  |                                              0  |
|  Sweep                        |               0  |               0  |                                              0  |
|  BUFG optimization            |               0  |               0  |                                              0  |
|  Shift Register Optimization  |               0  |               0  |                                              0  |
|  Post Processing Netlist      |               0  |               0  |                                              0  |
-------------------------------------------------------------------------------------------------------------------------



Starting Connectivity Check Task

Time (s): cpu = 00:00:00 ; elapsed = 00:00:00 . Memory (MB): peak = 1628.465 ; gain = 0.000
Ending Logic Optimization Task | Checksum: 254d3f3b6

Time (s): cpu = 00:00:00 ; elapsed = 00:00:00.084 . Memory (MB): peak = 1628.465 ; gain = 0.000

Starting Power Optimization Task
INFO: [Pwropt 34-132] Skipping clock gating for clocks with a period < 2.00 ns.
Ending Power Optimization Task | Checksum: 254d3f3b6

Time (s): cpu = 00:00:00 ; elapsed = 00:00:00.007 . Memory (MB): peak = 1628.465 ; gain = 0.000

Starting Final Cleanup Task
Ending Final Cleanup Task | Checksum: 254d3f3b6

Time (s): cpu = 00:00:00 ; elapsed = 00:00:00 . Memory (MB): peak = 1628.465 ; gain = 0.000

Starting Netlist Obfuscation Task
Netlist sorting complete. Time (s): cpu = 00:00:00 ; elapsed = 00:00:00 . Memory (MB): peak = 1628.465 ; gain = 0.000
Ending Netlist Obfuscation Task | Checksum: 254d3f3b6

Time (s): cpu = 00:00:00 ; elapsed = 00:00:00 . Memory (MB): peak = 1628.465 ; gain = 0.000
INFO: [Common 17-83] Releasing license: Implementation
28 Infos, 0 Warnings, 2 Critical Warnings and 0 Errors encountered.
opt_design completed successfully
INFO: [Timing 38-480] Writing timing data to binary archive.
Writing placer database...
Writing XDEF routing.
Writing XDEF routing logical nets.
Writing XDEF routing special nets.
Write XDEF Complete: Time (s): cpu = 00:00:00 ; elapsed = 00:00:00.017 . Memory (MB): peak = 1628.465 ; gain = 0.000
INFO: [Common 17-1381] The checkpoint 'C:/Users/Thomas/Desktop/TP_MISTRE/TP_FPGA/TP2/FIR5_timings_vivado_2020_2/FIR5_timings_vivado_2020_2.runs/impl_1/FIR5_opt.dcp' has been generated.
INFO: [runtcl-4] Executing : report_drc -file FIR5_drc_opted.rpt -pb FIR5_drc_opted.pb -rpx FIR5_drc_opted.rpx
Command: report_drc -file FIR5_drc_opted.rpt -pb FIR5_drc_opted.pb -rpx FIR5_drc_opted.rpx
INFO: [IP_Flow 19-234] Refreshing IP repositories
INFO: [IP_Flow 19-1704] No user IP repositories specified
INFO: [IP_Flow 19-2313] Loaded Vivado IP repository 'C:/Xilinx/Vivado/2020.2/data/ip'.
INFO: [Timing 38-35] Done setting XDC timing constraints.
INFO: [DRC 23-27] Running DRC with 2 threads
INFO: [Coretcl 2-168] The results of DRC are in file C:/Users/Thomas/Desktop/TP_MISTRE/TP_FPGA/TP2/FIR5_timings_vivado_2020_2/FIR5_timings_vivado_2020_2.runs/impl_1/FIR5_drc_opted.rpt.
report_drc completed successfully
Command: place_design
Attempting to get a license for feature 'Implementation' and/or device 'xc7z020'
INFO: [Common 17-349] Got license for feature 'Implementation' and/or device 'xc7z020'
INFO: [DRC 23-27] Running DRC with 2 threads
INFO: [Vivado_Tcl 4-198] DRC finished with 0 Errors
INFO: [Vivado_Tcl 4-199] Please refer to the DRC report (report_drc) for more information.
Running DRC as a precondition to command place_design
INFO: [DRC 23-27] Running DRC with 2 threads
INFO: [Vivado_Tcl 4-198] DRC finished with 0 Errors
INFO: [Vivado_Tcl 4-199] Please refer to the DRC report (report_drc) for more information.

Starting Placer Task
INFO: [Place 30-611] Multithreading enabled for place_design using a maximum of 2 CPUs

Phase 1 Placer Initialization

Phase 1.1 Placer Initialization Netlist Sorting
Netlist sorting complete. Time (s): cpu = 00:00:00 ; elapsed = 00:00:00 . Memory (MB): peak = 1678.324 ; gain = 0.000
Phase 1.1 Placer Initialization Netlist Sorting | Checksum: 1657ad155

Time (s): cpu = 00:00:00 ; elapsed = 00:00:00.005 . Memory (MB): peak = 1678.324 ; gain = 0.000
Netlist sorting complete. Time (s): cpu = 00:00:00 ; elapsed = 00:00:00 . Memory (MB): peak = 1678.324 ; gain = 0.000

Phase 1.2 IO Placement/ Clock Placement/ Build Placer Device
WARNING: [Place 30-87] Partially locked IO Bus is found. Following components of the IO Bus x are not locked:  'x[15]'  'x[14]'  'x[13]'  'x[12]'  'x[11]'  'x[10]'  'x[9]'  'x[8]' 
WARNING: [Place 30-87] Partially locked IO Bus is found. Following components of the IO Bus y are not locked:  'y[15]'  'y[14]'  'y[13]'  'y[12]'  'y[11]'  'y[10]'  'y[9]'  'y[8]' 
Phase 1.2 IO Placement/ Clock Placement/ Build Placer Device | Checksum: 109491572

Time (s): cpu = 00:00:01 ; elapsed = 00:00:00.146 . Memory (MB): peak = 1678.324 ; gain = 0.000

Phase 1.3 Build Placer Netlist Model
Phase 1.3 Build Placer Netlist Model | Checksum: 1bab269e1

Time (s): cpu = 00:00:01 ; elapsed = 00:00:00.229 . Memory (MB): peak = 1678.324 ; gain = 0.000

Phase 1.4 Constrain Clocks/Macros
Phase 1.4 Constrain Clocks/Macros | Checksum: 1bab269e1

Time (s): cpu = 00:00:01 ; elapsed = 00:00:00.230 . Memory (MB): peak = 1678.324 ; gain = 0.000
Phase 1 Placer Initialization | Checksum: 1bab269e1

Time (s): cpu = 00:00:01 ; elapsed = 00:00:00.233 . Memory (MB): peak = 1678.324 ; gain = 0.000

Phase 2 Global Placement

Phase 2.1 Floorplanning
Phase 2.1 Floorplanning | Checksum: 17b924028

Time (s): cpu = 00:00:01 ; elapsed = 00:00:00.291 . Memory (MB): peak = 1678.324 ; gain = 0.000

Phase 2.2 Update Timing before SLR Path Opt
Phase 2.2 Update Timing before SLR Path Opt | Checksum: 1c37a4516

Time (s): cpu = 00:00:01 ; elapsed = 00:00:00.313 . Memory (MB): peak = 1678.324 ; gain = 0.000

Phase 2.3 Global Placement Core

Phase 2.3.1 Physical Synthesis In Placer
INFO: [Physopt 32-1044] Break lutnm for timing: one critical 0, two critical 0, total 0, new lutff created 0
INFO: [Physopt 32-775] End 1 Pass. Optimized 0 net or cell. Created 0 new cell, deleted 0 existing cell and moved 0 existing cell
INFO: [Physopt 32-65] No nets found for high-fanout optimization.
INFO: [Physopt 32-232] Optimized 0 net. Created 0 new instance.
INFO: [Physopt 32-775] End 1 Pass. Optimized 0 net or cell. Created 0 new cell, deleted 0 existing cell and moved 0 existing cell
INFO: [Physopt 32-457] Pass 1. Identified 1 candidate cell for DSP register optimization.
INFO: [Physopt 32-775] End 2 Pass. Optimized 0 net or cell. Created 0 new cell, deleted 0 existing cell and moved 0 existing cell
Netlist sorting complete. Time (s): cpu = 00:00:00 ; elapsed = 00:00:00.001 . Memory (MB): peak = 1678.324 ; gain = 0.000
INFO: [Physopt 32-1123] No candidate cells found for Shift Register to Pipeline optimization
INFO: [Physopt 32-775] End 1 Pass. Optimized 0 net or cell. Created 0 new cell, deleted 0 existing cell and moved 0 existing cell
INFO: [Physopt 32-677] No candidate cells for Shift Register optimization found in the design
INFO: [Physopt 32-775] End 1 Pass. Optimized 0 net or cell. Created 0 new cell, deleted 0 existing cell and moved 0 existing cell
INFO: [Physopt 32-526] No candidate cells for BRAM register optimization found in the design
INFO: [Physopt 32-775] End 1 Pass. Optimized 0 net or cell. Created 0 new cell, deleted 0 existing cell and moved 0 existing cell
INFO: [Physopt 32-846] No candidate cells for URAM register optimization found in the design
INFO: [Physopt 32-775] End 2 Pass. Optimized 0 net or cell. Created 0 new cell, deleted 0 existing cell and moved 0 existing cell
INFO: [Physopt 32-949] No candidate nets found for dynamic/static region interface net replication
INFO: [Physopt 32-775] End 1 Pass. Optimized 0 net or cell. Created 0 new cell, deleted 0 existing cell and moved 0 existing cell
Netlist sorting complete. Time (s): cpu = 00:00:00 ; elapsed = 00:00:00 . Memory (MB): peak = 1678.324 ; gain = 0.000

Summary of Physical Synthesis Optimizations
============================================


-----------------------------------------------------------------------------------------------------------------------------------------------------------
|  Optimization                                     |  Added Cells  |  Removed Cells  |  Optimized Cells/Nets  |  Dont Touch  |  Iterations  |  Elapsed   |
-----------------------------------------------------------------------------------------------------------------------------------------------------------
|  LUT Combining                                    |            0  |              0  |                     0  |           0  |           1  |  00:00:00  |
|  Very High Fanout                                 |            0  |              0  |                     0  |           0  |           1  |  00:00:00  |
|  DSP Register                                     |            0  |              0  |                     0  |           0  |           1  |  00:00:00  |
|  Shift Register to Pipeline                       |            0  |              0  |                     0  |           0  |           1  |  00:00:00  |
|  Shift Register                                   |            0  |              0  |                     0  |           0  |           1  |  00:00:00  |
|  BRAM Register                                    |            0  |              0  |                     0  |           0  |           1  |  00:00:00  |
|  URAM Register                                    |            0  |              0  |                     0  |           0  |           1  |  00:00:00  |
|  Dynamic/Static Region Interface Net Replication  |            0  |              0  |                     0  |           0  |           1  |  00:00:00  |
|  Total                                            |            0  |              0  |                     0  |           0  |           8  |  00:00:00  |
-----------------------------------------------------------------------------------------------------------------------------------------------------------


Phase 2.3.1 Physical Synthesis In Placer | Checksum: 16505e71d

Time (s): cpu = 00:00:02 ; elapsed = 00:00:00.941 . Memory (MB): peak = 1678.324 ; gain = 0.000
Phase 2.3 Global Placement Core | Checksum: 223cdd1cc

Time (s): cpu = 00:00:02 ; elapsed = 00:00:00.969 . Memory (MB): peak = 1678.324 ; gain = 0.000
Phase 2 Global Placement | Checksum: 223cdd1cc

Time (s): cpu = 00:00:02 ; elapsed = 00:00:00.971 . Memory (MB): peak = 1678.324 ; gain = 0.000

Phase 3 Detail Placement

Phase 3.1 Commit Multi Column Macros
Phase 3.1 Commit Multi Column Macros | Checksum: 203f390f3

Time (s): cpu = 00:00:02 ; elapsed = 00:00:00.995 . Memory (MB): peak = 1678.324 ; gain = 0.000

Phase 3.2 Commit Most Macros & LUTRAMs
Phase 3.2 Commit Most Macros & LUTRAMs | Checksum: 2703f877b

Time (s): cpu = 00:00:02 ; elapsed = 00:00:01 . Memory (MB): peak = 1678.324 ; gain = 0.000

Phase 3.3 Area Swap Optimization
Phase 3.3 Area Swap Optimization | Checksum: 19b418d5c

Time (s): cpu = 00:00:02 ; elapsed = 00:00:01 . Memory (MB): peak = 1678.324 ; gain = 0.000

Phase 3.4 Pipeline Register Optimization
Phase 3.4 Pipeline Register Optimization | Checksum: 27b40183b

Time (s): cpu = 00:00:02 ; elapsed = 00:00:01 . Memory (MB): peak = 1678.324 ; gain = 0.000

Phase 3.5 Fast Optimization
Phase 3.5 Fast Optimization | Checksum: 200b98a42

Time (s): cpu = 00:00:02 ; elapsed = 00:00:01 . Memory (MB): peak = 1678.324 ; gain = 0.000

Phase 3.6 Small Shape Detail Placement
Phase 3.6 Small Shape Detail Placement | Checksum: 27d8fa6f2

Time (s): cpu = 00:00:02 ; elapsed = 00:00:02 . Memory (MB): peak = 1678.324 ; gain = 0.000

Phase 3.7 Re-assign LUT pins
Phase 3.7 Re-assign LUT pins | Checksum: 24bbdaf7d

Time (s): cpu = 00:00:02 ; elapsed = 00:00:02 . Memory (MB): peak = 1678.324 ; gain = 0.000

Phase 3.8 Pipeline Register Optimization
Phase 3.8 Pipeline Register Optimization | Checksum: 1abc42c9c

Time (s): cpu = 00:00:02 ; elapsed = 00:00:02 . Memory (MB): peak = 1678.324 ; gain = 0.000

Phase 3.9 Fast Optimization
Phase 3.9 Fast Optimization | Checksum: 1ff9c29cd

Time (s): cpu = 00:00:02 ; elapsed = 00:00:02 . Memory (MB): peak = 1678.324 ; gain = 0.000
Phase 3 Detail Placement | Checksum: 1ff9c29cd

Time (s): cpu = 00:00:02 ; elapsed = 00:00:02 . Memory (MB): peak = 1678.324 ; gain = 0.000

Phase 4 Post Placement Optimization and Clean-Up

Phase 4.1 Post Commit Optimization
INFO: [Timing 38-35] Done setting XDC timing constraints.

Phase 4.1.1 Post Placement Optimization
Post Placement Optimization Initialization | Checksum: 175ab5bb4

Phase 4.1.1.1 BUFG Insertion

Starting Physical Synthesis Task

Phase 1 Physical Synthesis Initialization
INFO: [Physopt 32-721] Multithreading enabled for phys_opt_design using a maximum of 2 CPUs
INFO: [Physopt 32-619] Estimated Timing Summary | WNS=-3.244 | TNS=-47.739 |
Phase 1 Physical Synthesis Initialization | Checksum: 23e64f400

Time (s): cpu = 00:00:00 ; elapsed = 00:00:00.011 . Memory (MB): peak = 1678.324 ; gain = 0.000
INFO: [Place 46-56] BUFG insertion identified 0 candidate nets. Inserted BUFG: 0, Replicated BUFG Driver: 0, Skipped due to Placement/Routing Conflicts: 0, Skipped due to Timing Degradation: 0, Skipped due to Illegal Netlist: 0.
Ending Physical Synthesis Task | Checksum: 2093512b2

Time (s): cpu = 00:00:00 ; elapsed = 00:00:00.013 . Memory (MB): peak = 1678.324 ; gain = 0.000
Phase 4.1.1.1 BUFG Insertion | Checksum: 175ab5bb4

Time (s): cpu = 00:00:03 ; elapsed = 00:00:02 . Memory (MB): peak = 1678.324 ; gain = 0.000
INFO: [Place 30-746] Post Placement Timing Summary WNS=-3.127. For the most accurate timing information please run report_timing.

Time (s): cpu = 00:00:08 ; elapsed = 00:00:09 . Memory (MB): peak = 1678.324 ; gain = 0.000
Phase 4.1 Post Commit Optimization | Checksum: 145611590

Time (s): cpu = 00:00:08 ; elapsed = 00:00:09 . Memory (MB): peak = 1678.324 ; gain = 0.000

Phase 4.2 Post Placement Cleanup
Phase 4.2 Post Placement Cleanup | Checksum: 145611590

Time (s): cpu = 00:00:09 ; elapsed = 00:00:09 . Memory (MB): peak = 1678.324 ; gain = 0.000

Phase 4.3 Placer Reporting

Phase 4.3.1 Print Estimated Congestion
INFO: [Place 30-612] Post-Placement Estimated Congestion 
 ____________________________________________________
|           | Global Congestion | Short Congestion  |
| Direction | Region Size       | Region Size       |
|___________|___________________|___________________|
|      North|                1x1|                1x1|
|___________|___________________|___________________|
|      South|                1x1|                1x1|
|___________|___________________|___________________|
|       East|                1x1|                1x1|
|___________|___________________|___________________|
|       West|                1x1|                1x1|
|___________|___________________|___________________|

Phase 4.3.1 Print Estimated Congestion | Checksum: 145611590

Time (s): cpu = 00:00:09 ; elapsed = 00:00:09 . Memory (MB): peak = 1678.324 ; gain = 0.000
Phase 4.3 Placer Reporting | Checksum: 145611590

Time (s): cpu = 00:00:09 ; elapsed = 00:00:09 . Memory (MB): peak = 1678.324 ; gain = 0.000

Phase 4.4 Final Placement Cleanup
Netlist sorting complete. Time (s): cpu = 00:00:00 ; elapsed = 00:00:00 . Memory (MB): peak = 1678.324 ; gain = 0.000

Time (s): cpu = 00:00:09 ; elapsed = 00:00:09 . Memory (MB): peak = 1678.324 ; gain = 0.000
Phase 4 Post Placement Optimization and Clean-Up | Checksum: 145611590

Time (s): cpu = 00:00:09 ; elapsed = 00:00:09 . Memory (MB): peak = 1678.324 ; gain = 0.000
Ending Placer Task | Checksum: 12938e1b3

Time (s): cpu = 00:00:09 ; elapsed = 00:00:09 . Memory (MB): peak = 1678.324 ; gain = 0.000
INFO: [Common 17-83] Releasing license: Implementation
69 Infos, 2 Warnings, 2 Critical Warnings and 0 Errors encountered.
place_design completed successfully
place_design: Time (s): cpu = 00:00:09 ; elapsed = 00:00:10 . Memory (MB): peak = 1678.324 ; gain = 2.016
INFO: [Timing 38-480] Writing timing data to binary archive.
Writing placer database...
Writing XDEF routing.
Writing XDEF routing logical nets.
Writing XDEF routing special nets.
Write XDEF Complete: Time (s): cpu = 00:00:00 ; elapsed = 00:00:00.036 . Memory (MB): peak = 1678.324 ; gain = 0.000
INFO: [Common 17-1381] The checkpoint 'C:/Users/Thomas/Desktop/TP_MISTRE/TP_FPGA/TP2/FIR5_timings_vivado_2020_2/FIR5_timings_vivado_2020_2.runs/impl_1/FIR5_placed.dcp' has been generated.
INFO: [runtcl-4] Executing : report_io -file FIR5_io_placed.rpt
report_io: Time (s): cpu = 00:00:00 ; elapsed = 00:00:00.030 . Memory (MB): peak = 1678.324 ; gain = 0.000
INFO: [runtcl-4] Executing : report_utilization -file FIR5_utilization_placed.rpt -pb FIR5_utilization_placed.pb
INFO: [runtcl-4] Executing : report_control_sets -verbose -file FIR5_control_sets_placed.rpt
report_control_sets: Time (s): cpu = 00:00:00 ; elapsed = 00:00:00.001 . Memory (MB): peak = 1678.324 ; gain = 0.000
Command: phys_opt_design
Attempting to get a license for feature 'Implementation' and/or device 'xc7z020'
INFO: [Common 17-349] Got license for feature 'Implementation' and/or device 'xc7z020'
Netlist sorting complete. Time (s): cpu = 00:00:00 ; elapsed = 00:00:00 . Memory (MB): peak = 1678.324 ; gain = 0.000

Starting Physical Synthesis Task

Phase 1 Physical Synthesis Initialization
INFO: [Physopt 32-721] Multithreading enabled for phys_opt_design using a maximum of 2 CPUs
INFO: [Physopt 32-619] Estimated Timing Summary | WNS=-3.127 | TNS=-45.175 |
Phase 1 Physical Synthesis Initialization | Checksum: 1c07f5382

Time (s): cpu = 00:00:00 ; elapsed = 00:00:00.072 . Memory (MB): peak = 1678.324 ; gain = 0.000
INFO: [Physopt 32-619] Estimated Timing Summary | WNS=-3.127 | TNS=-45.175 |

Phase 2 DSP Register Optimization
INFO: [Physopt 32-457] Pass 1. Identified 1 candidate cell for DSP register optimization.
INFO: [Physopt 32-775] End 2 Pass. Optimized 0 net or cell. Created 0 new cell, deleted 0 existing cell and moved 0 existing cell
Netlist sorting complete. Time (s): cpu = 00:00:00 ; elapsed = 00:00:00 . Memory (MB): peak = 1678.324 ; gain = 0.000
Phase 2 DSP Register Optimization | Checksum: 1c07f5382

Time (s): cpu = 00:00:00 ; elapsed = 00:00:00.096 . Memory (MB): peak = 1678.324 ; gain = 0.000

Phase 3 Critical Path Optimization
INFO: [Physopt 32-619] Estimated Timing Summary | WNS=-3.127 | TNS=-45.175 |
INFO: [Physopt 32-702] Processed net y_OBUF[15]. Optimizations did not improve timing on the net.
INFO: [Physopt 32-81] Processed net x3[15]. Replicated 1 times.
INFO: [Physopt 32-735] Processed net x3[15]. Optimization improves timing on the net.
INFO: [Physopt 32-619] Estimated Timing Summary | WNS=-3.127 | TNS=-45.175 |
INFO: [Physopt 32-572] Net x3[15]_repN was not replicated.
Resolution: phys_opt_design can be forced to replicate a net driver using the option -force_replication_on_nets <list of net objects>.
INFO: [Physopt 32-662] Processed net x3[15]_repN.  Did not re-place instance x3_reg[15]_replica
INFO: [Physopt 32-572] Net x3[15]_repN was not replicated.
Resolution: phys_opt_design can be forced to replicate a net driver using the option -force_replication_on_nets <list of net objects>.
INFO: [Physopt 32-702] Processed net x3[15]_repN. Optimizations did not improve timing on the net.
INFO: [Physopt 32-735] Processed net y[15]_i_5_n_0. Optimization improves timing on the net.
INFO: [Physopt 32-619] Estimated Timing Summary | WNS=-3.067 | TNS=-45.031 |
INFO: [Physopt 32-702] Processed net y_OBUF[14]. Optimizations did not improve timing on the net.
INFO: [Physopt 32-702] Processed net y_reg[12]_i_1_n_0. Optimizations did not improve timing on the net.
INFO: [Physopt 32-702] Processed net y[12]_i_6_n_0. Optimizations did not improve timing on the net.
INFO: [Physopt 32-662] Processed net y[12]_i_2_n_0.  Did not re-place instance y[12]_i_2
INFO: [Physopt 32-702] Processed net y[12]_i_2_n_0. Optimizations did not improve timing on the net.
INFO: [Physopt 32-702] Processed net y_reg[15]_i_8_n_5. Optimizations did not improve timing on the net.
INFO: [Physopt 32-702] Processed net y_reg[12]_i_10_n_0. Optimizations did not improve timing on the net.
INFO: [Physopt 32-702] Processed net y_reg[8]_i_10_n_0. Optimizations did not improve timing on the net.
INFO: [Physopt 32-702] Processed net y_reg[4]_i_10_n_0. Optimizations did not improve timing on the net.
INFO: [Physopt 32-702] Processed net y_reg[0]_i_20_n_0. Optimizations did not improve timing on the net.
INFO: [Physopt 32-702] Processed net y_reg[0]_i_30_n_0. Optimizations did not improve timing on the net.
INFO: [Physopt 32-702] Processed net y_reg[0]_i_46_n_0. Optimizations did not improve timing on the net.
INFO: [Physopt 32-702] Processed net y[0]_i_58_n_0. Optimizations did not improve timing on the net.
INFO: [Physopt 32-662] Processed net y[0]_i_55_n_0.  Did not re-place instance y[0]_i_55
INFO: [Physopt 32-702] Processed net y[0]_i_55_n_0. Optimizations did not improve timing on the net.
INFO: [Physopt 32-702] Processed net p_0_in[14]. Optimizations did not improve timing on the net.
INFO: [Physopt 32-702] Processed net Mult3/U0/i_synth/i_synth_option.i_synth_model/opt_7series.i_uniwrap/P[2]. Optimizations did not improve timing on the net.
INFO: [Physopt 32-702] Processed net clk_IBUF. Optimizations did not improve timing on the net.
INFO: [Physopt 32-702] Processed net clk. Optimizations did not improve timing on the net.
INFO: [Physopt 32-702] Processed net y_OBUF[14]. Optimizations did not improve timing on the net.
INFO: [Physopt 32-662] Processed net x3[15]_repN.  Did not re-place instance x3_reg[15]_replica
INFO: [Physopt 32-702] Processed net x3[15]_repN. Optimizations did not improve timing on the net.
INFO: [Physopt 32-702] Processed net y[12]_i_6_n_0. Optimizations did not improve timing on the net.
INFO: [Physopt 32-662] Processed net y[12]_i_2_n_0.  Did not re-place instance y[12]_i_2
INFO: [Physopt 32-702] Processed net y[12]_i_2_n_0. Optimizations did not improve timing on the net.
INFO: [Physopt 32-702] Processed net y_reg[15]_i_8_n_5. Optimizations did not improve timing on the net.
INFO: [Physopt 32-702] Processed net y[0]_i_58_n_0. Optimizations did not improve timing on the net.
INFO: [Physopt 32-662] Processed net y[0]_i_55_n_0.  Did not re-place instance y[0]_i_55
INFO: [Physopt 32-702] Processed net y[0]_i_55_n_0. Optimizations did not improve timing on the net.
INFO: [Physopt 32-702] Processed net p_0_in[14]. Optimizations did not improve timing on the net.
INFO: [Physopt 32-702] Processed net Mult3/U0/i_synth/i_synth_option.i_synth_model/opt_7series.i_uniwrap/P[2]. Optimizations did not improve timing on the net.
INFO: [Physopt 32-702] Processed net clk_IBUF. Optimizations did not improve timing on the net.
INFO: [Physopt 32-702] Processed net clk. Optimizations did not improve timing on the net.
INFO: [Physopt 32-619] Estimated Timing Summary | WNS=-3.067 | TNS=-45.031 |
Phase 3 Critical Path Optimization | Checksum: 1c07f5382

Time (s): cpu = 00:00:00 ; elapsed = 00:00:00.319 . Memory (MB): peak = 1678.324 ; gain = 0.000

Phase 4 Critical Path Optimization
INFO: [Physopt 32-619] Estimated Timing Summary | WNS=-3.067 | TNS=-45.031 |
INFO: [Physopt 32-702] Processed net y_OBUF[14]. Optimizations did not improve timing on the net.
INFO: [Physopt 32-572] Net x3[15]_repN was not replicated.
Resolution: phys_opt_design can be forced to replicate a net driver using the option -force_replication_on_nets <list of net objects>.
INFO: [Physopt 32-662] Processed net x3[15]_repN.  Did not re-place instance x3_reg[15]_replica
INFO: [Physopt 32-572] Net x3[15]_repN was not replicated.
Resolution: phys_opt_design can be forced to replicate a net driver using the option -force_replication_on_nets <list of net objects>.
INFO: [Physopt 32-702] Processed net x3[15]_repN. Optimizations did not improve timing on the net.
INFO: [Physopt 32-702] Processed net y_reg[12]_i_1_n_0. Optimizations did not improve timing on the net.
INFO: [Physopt 32-702] Processed net y[12]_i_6_n_0. Optimizations did not improve timing on the net.
INFO: [Physopt 32-662] Processed net y[12]_i_2_n_0.  Did not re-place instance y[12]_i_2
INFO: [Physopt 32-702] Processed net y[12]_i_2_n_0. Optimizations did not improve timing on the net.
INFO: [Physopt 32-702] Processed net y_reg[15]_i_8_n_5. Optimizations did not improve timing on the net.
INFO: [Physopt 32-702] Processed net y_reg[12]_i_10_n_0. Optimizations did not improve timing on the net.
INFO: [Physopt 32-702] Processed net y_reg[8]_i_10_n_0. Optimizations did not improve timing on the net.
INFO: [Physopt 32-702] Processed net y_reg[4]_i_10_n_0. Optimizations did not improve timing on the net.
INFO: [Physopt 32-702] Processed net y_reg[0]_i_20_n_0. Optimizations did not improve timing on the net.
INFO: [Physopt 32-702] Processed net y_reg[0]_i_30_n_0. Optimizations did not improve timing on the net.
INFO: [Physopt 32-702] Processed net y_reg[0]_i_46_n_0. Optimizations did not improve timing on the net.
INFO: [Physopt 32-702] Processed net y[0]_i_58_n_0. Optimizations did not improve timing on the net.
INFO: [Physopt 32-662] Processed net y[0]_i_55_n_0.  Did not re-place instance y[0]_i_55
INFO: [Physopt 32-702] Processed net y[0]_i_55_n_0. Optimizations did not improve timing on the net.
INFO: [Physopt 32-702] Processed net p_0_in[14]. Optimizations did not improve timing on the net.
INFO: [Physopt 32-702] Processed net Mult3/U0/i_synth/i_synth_option.i_synth_model/opt_7series.i_uniwrap/P[2]. Optimizations did not improve timing on the net.
INFO: [Physopt 32-702] Processed net clk_IBUF. Optimizations did not improve timing on the net.
INFO: [Physopt 32-702] Processed net clk. Optimizations did not improve timing on the net.
INFO: [Physopt 32-702] Processed net y_OBUF[14]. Optimizations did not improve timing on the net.
INFO: [Physopt 32-662] Processed net x3[15]_repN.  Did not re-place instance x3_reg[15]_replica
INFO: [Physopt 32-702] Processed net x3[15]_repN. Optimizations did not improve timing on the net.
INFO: [Physopt 32-702] Processed net y[12]_i_6_n_0. Optimizations did not improve timing on the net.
INFO: [Physopt 32-662] Processed net y[12]_i_2_n_0.  Did not re-place instance y[12]_i_2
INFO: [Physopt 32-702] Processed net y[12]_i_2_n_0. Optimizations did not improve timing on the net.
INFO: [Physopt 32-702] Processed net y_reg[15]_i_8_n_5. Optimizations did not improve timing on the net.
INFO: [Physopt 32-702] Processed net y[0]_i_58_n_0. Optimizations did not improve timing on the net.
INFO: [Physopt 32-662] Processed net y[0]_i_55_n_0.  Did not re-place instance y[0]_i_55
INFO: [Physopt 32-702] Processed net y[0]_i_55_n_0. Optimizations did not improve timing on the net.
INFO: [Physopt 32-702] Processed net p_0_in[14]. Optimizations did not improve timing on the net.
INFO: [Physopt 32-702] Processed net Mult3/U0/i_synth/i_synth_option.i_synth_model/opt_7series.i_uniwrap/P[2]. Optimizations did not improve timing on the net.
INFO: [Physopt 32-702] Processed net clk_IBUF. Optimizations did not improve timing on the net.
INFO: [Physopt 32-702] Processed net clk. Optimizations did not improve timing on the net.
INFO: [Physopt 32-619] Estimated Timing Summary | WNS=-3.067 | TNS=-45.031 |
Phase 4 Critical Path Optimization | Checksum: 1c07f5382

Time (s): cpu = 00:00:01 ; elapsed = 00:00:00.475 . Memory (MB): peak = 1678.324 ; gain = 0.000
Netlist sorting complete. Time (s): cpu = 00:00:00 ; elapsed = 00:00:00.002 . Memory (MB): peak = 1678.324 ; gain = 0.000
INFO: [Physopt 32-603] Post Physical Optimization Timing Summary | WNS=-3.067 | TNS=-45.031 |

Summary of Physical Synthesis Optimizations
============================================


-------------------------------------------------------------------------------------------------------------------------------------------------------------
|  Optimization   |  WNS Gain (ns)  |  TNS Gain (ns)  |  Added Cells  |  Removed Cells  |  Optimized Cells/Nets  |  Dont Touch  |  Iterations  |  Elapsed   |
-------------------------------------------------------------------------------------------------------------------------------------------------------------
|  DSP Register   |          0.000  |          0.000  |            0  |              0  |                     0  |           0  |           1  |  00:00:00  |
|  Critical Path  |          0.060  |          0.144  |            1  |              0  |                     2  |           0  |           2  |  00:00:00  |
|  Total          |          0.060  |          0.144  |            1  |              0  |                     2  |           0  |           3  |  00:00:00  |
-------------------------------------------------------------------------------------------------------------------------------------------------------------


Netlist sorting complete. Time (s): cpu = 00:00:00 ; elapsed = 00:00:00 . Memory (MB): peak = 1678.324 ; gain = 0.000
Ending Physical Synthesis Task | Checksum: f819318d

Time (s): cpu = 00:00:01 ; elapsed = 00:00:00.478 . Memory (MB): peak = 1678.324 ; gain = 0.000
INFO: [Common 17-83] Releasing license: Implementation
166 Infos, 2 Warnings, 2 Critical Warnings and 0 Errors encountered.
phys_opt_design completed successfully
INFO: [Timing 38-480] Writing timing data to binary archive.
Writing placer database...
Writing XDEF routing.
Writing XDEF routing logical nets.
Writing XDEF routing special nets.
Write XDEF Complete: Time (s): cpu = 00:00:00 ; elapsed = 00:00:00.037 . Memory (MB): peak = 1692.082 ; gain = 13.758
INFO: [Common 17-1381] The checkpoint 'C:/Users/Thomas/Desktop/TP_MISTRE/TP_FPGA/TP2/FIR5_timings_vivado_2020_2/FIR5_timings_vivado_2020_2.runs/impl_1/FIR5_physopt.dcp' has been generated.
Command: route_design
Attempting to get a license for feature 'Implementation' and/or device 'xc7z020'
INFO: [Common 17-349] Got license for feature 'Implementation' and/or device 'xc7z020'
INFO: [DRC 23-27] Running DRC with 2 threads
INFO: [Vivado_Tcl 4-198] DRC finished with 0 Errors
INFO: [Vivado_Tcl 4-199] Please refer to the DRC report (report_drc) for more information.
Running DRC as a precondition to command route_design
INFO: [DRC 23-27] Running DRC with 2 threads
WARNING: [DRC PLIO-3] Placement Constraints Check for IO constraints: Partially locked IO Bus is found. Following components of the IO Bus x[15:0] are not locked:  x[15] x[14] x[13] x[12] x[11] x[10] x[9] x[8]
WARNING: [DRC PLIO-3] Placement Constraints Check for IO constraints: Partially locked IO Bus is found. Following components of the IO Bus y[15:0] are not locked:  y[15] y[14] y[13] y[12] y[11] y[10] y[9] y[8]
INFO: [Vivado_Tcl 4-198] DRC finished with 0 Errors, 2 Warnings
INFO: [Vivado_Tcl 4-199] Please refer to the DRC report (report_drc) for more information.


Starting Routing Task
INFO: [Route 35-254] Multithreading enabled for route_design using a maximum of 2 CPUs
Checksum: PlaceDB: 44ce88fb ConstDB: 0 ShapeSum: 2e21c42 RouteDB: 0

Phase 1 Build RT Design
Phase 1 Build RT Design | Checksum: 6081ee19

Time (s): cpu = 00:00:12 ; elapsed = 00:00:11 . Memory (MB): peak = 1803.492 ; gain = 111.324
Post Restoration Checksum: NetGraph: b2e337d NumContArr: 5553ba9c Constraints: 0 Timing: 0

Phase 2 Router Initialization

Phase 2.1 Create Timer
Phase 2.1 Create Timer | Checksum: 6081ee19

Time (s): cpu = 00:00:12 ; elapsed = 00:00:11 . Memory (MB): peak = 1803.508 ; gain = 111.340

Phase 2.2 Fix Topology Constraints
Phase 2.2 Fix Topology Constraints | Checksum: 6081ee19

Time (s): cpu = 00:00:12 ; elapsed = 00:00:11 . Memory (MB): peak = 1809.762 ; gain = 117.594

Phase 2.3 Pre Route Cleanup
Phase 2.3 Pre Route Cleanup | Checksum: 6081ee19

Time (s): cpu = 00:00:12 ; elapsed = 00:00:11 . Memory (MB): peak = 1809.762 ; gain = 117.594
 Number of Nodes with overlaps = 0

Phase 2.4 Update Timing
Phase 2.4 Update Timing | Checksum: 1487c51ae

Time (s): cpu = 00:00:12 ; elapsed = 00:00:11 . Memory (MB): peak = 1823.492 ; gain = 131.324
INFO: [Route 35-416] Intermediate Timing Summary | WNS=-3.132 | TNS=-46.071| WHS=-0.075 | THS=-0.498 |

Phase 2 Router Initialization | Checksum: 1490bc558

Time (s): cpu = 00:00:12 ; elapsed = 00:00:11 . Memory (MB): peak = 1823.492 ; gain = 131.324

Router Utilization Summary
  Global Vertical Routing Utilization    = 0 %
  Global Horizontal Routing Utilization  = 0 %
  Routable Net Status*
  *Does not include unroutable nets such as driverless and loadless.
  Run report_route_status for detailed report.
  Number of Failed Nets               = 355
    (Failed Nets is the sum of unrouted and partially routed nets)
  Number of Unrouted Nets             = 355
  Number of Partially Routed Nets     = 0
  Number of Node Overlaps             = 0


Phase 3 Initial Routing

Phase 3.1 Global Routing
Phase 3.1 Global Routing | Checksum: 1490bc558

Time (s): cpu = 00:00:12 ; elapsed = 00:00:11 . Memory (MB): peak = 1827.562 ; gain = 135.395
Phase 3 Initial Routing | Checksum: 13edad585

Time (s): cpu = 00:00:12 ; elapsed = 00:00:11 . Memory (MB): peak = 1827.562 ; gain = 135.395

Phase 4 Rip-up And Reroute

Phase 4.1 Global Iteration 0
 Number of Nodes with overlaps = 69
 Number of Nodes with overlaps = 41
 Number of Nodes with overlaps = 9
 Number of Nodes with overlaps = 1
 Number of Nodes with overlaps = 0
INFO: [Route 35-416] Intermediate Timing Summary | WNS=-3.461 | TNS=-51.315| WHS=N/A    | THS=N/A    |

Phase 4.1 Global Iteration 0 | Checksum: 1a61ced9b

Time (s): cpu = 00:00:13 ; elapsed = 00:00:12 . Memory (MB): peak = 1827.562 ; gain = 135.395

Phase 4.2 Global Iteration 1
 Number of Nodes with overlaps = 49
 Number of Nodes with overlaps = 35
 Number of Nodes with overlaps = 11
 Number of Nodes with overlaps = 9
 Number of Nodes with overlaps = 2
 Number of Nodes with overlaps = 1
 Number of Nodes with overlaps = 0
INFO: [Route 35-416] Intermediate Timing Summary | WNS=-3.182 | TNS=-46.858| WHS=N/A    | THS=N/A    |

Phase 4.2 Global Iteration 1 | Checksum: 228880a25

Time (s): cpu = 00:00:13 ; elapsed = 00:00:12 . Memory (MB): peak = 1827.562 ; gain = 135.395

Phase 4.3 Global Iteration 2
 Number of Nodes with overlaps = 45
 Number of Nodes with overlaps = 27
 Number of Nodes with overlaps = 21
 Number of Nodes with overlaps = 1
 Number of Nodes with overlaps = 1
 Number of Nodes with overlaps = 1
 Number of Nodes with overlaps = 1
 Number of Nodes with overlaps = 1
 Number of Nodes with overlaps = 0
INFO: [Route 35-416] Intermediate Timing Summary | WNS=-3.206 | TNS=-47.242| WHS=N/A    | THS=N/A    |

Phase 4.3 Global Iteration 2 | Checksum: 8ba328af

Time (s): cpu = 00:00:13 ; elapsed = 00:00:12 . Memory (MB): peak = 1827.562 ; gain = 135.395
Phase 4 Rip-up And Reroute | Checksum: 8ba328af

Time (s): cpu = 00:00:13 ; elapsed = 00:00:12 . Memory (MB): peak = 1827.562 ; gain = 135.395

Phase 5 Delay and Skew Optimization

Phase 5.1 Delay CleanUp

Phase 5.1.1 Update Timing
Phase 5.1.1 Update Timing | Checksum: 107adcf58

Time (s): cpu = 00:00:13 ; elapsed = 00:00:12 . Memory (MB): peak = 1827.562 ; gain = 135.395
INFO: [Route 35-416] Intermediate Timing Summary | WNS=-3.045 | TNS=-44.666| WHS=N/A    | THS=N/A    |

 Number of Nodes with overlaps = 0
Phase 5.1 Delay CleanUp | Checksum: 1096a334f

Time (s): cpu = 00:00:13 ; elapsed = 00:00:12 . Memory (MB): peak = 1827.562 ; gain = 135.395

Phase 5.2 Clock Skew Optimization
Phase 5.2 Clock Skew Optimization | Checksum: 1096a334f

Time (s): cpu = 00:00:13 ; elapsed = 00:00:12 . Memory (MB): peak = 1827.562 ; gain = 135.395
Phase 5 Delay and Skew Optimization | Checksum: 1096a334f

Time (s): cpu = 00:00:13 ; elapsed = 00:00:12 . Memory (MB): peak = 1827.562 ; gain = 135.395

Phase 6 Post Hold Fix

Phase 6.1 Hold Fix Iter

Phase 6.1.1 Update Timing
Phase 6.1.1 Update Timing | Checksum: 9fa56a8d

Time (s): cpu = 00:00:13 ; elapsed = 00:00:12 . Memory (MB): peak = 1827.562 ; gain = 135.395
INFO: [Route 35-416] Intermediate Timing Summary | WNS=-3.045 | TNS=-44.666| WHS=0.175  | THS=0.000  |

Phase 6.1 Hold Fix Iter | Checksum: 9fa56a8d

Time (s): cpu = 00:00:13 ; elapsed = 00:00:12 . Memory (MB): peak = 1827.562 ; gain = 135.395
Phase 6 Post Hold Fix | Checksum: 9fa56a8d

Time (s): cpu = 00:00:13 ; elapsed = 00:00:12 . Memory (MB): peak = 1827.562 ; gain = 135.395

Phase 7 Route finalize

Router Utilization Summary
  Global Vertical Routing Utilization    = 0.117894 %
  Global Horizontal Routing Utilization  = 0.144354 %
  Routable Net Status*
  *Does not include unroutable nets such as driverless and loadless.
  Run report_route_status for detailed report.
  Number of Failed Nets               = 0
    (Failed Nets is the sum of unrouted and partially routed nets)
  Number of Unrouted Nets             = 0
  Number of Partially Routed Nets     = 0
  Number of Node Overlaps             = 0

Congestion Report
North Dir 1x1 Area, Max Cong = 32.4324%, No Congested Regions.
South Dir 1x1 Area, Max Cong = 32.4324%, No Congested Regions.
East Dir 1x1 Area, Max Cong = 36.7647%, No Congested Regions.
West Dir 1x1 Area, Max Cong = 23.5294%, No Congested Regions.

------------------------------
Reporting congestion hotspots
------------------------------
Direction: North
----------------
Congested clusters found at Level 0
Effective congestion level: 0 Aspect Ratio: 1 Sparse Ratio: 0
Direction: South
----------------
Congested clusters found at Level 0
Effective congestion level: 0 Aspect Ratio: 1 Sparse Ratio: 0
Direction: East
----------------
Congested clusters found at Level 0
Effective congestion level: 0 Aspect Ratio: 1 Sparse Ratio: 0
Direction: West
----------------
Congested clusters found at Level 0
Effective congestion level: 0 Aspect Ratio: 1 Sparse Ratio: 0

Phase 7 Route finalize | Checksum: e547afb1

Time (s): cpu = 00:00:13 ; elapsed = 00:00:12 . Memory (MB): peak = 1827.562 ; gain = 135.395

Phase 8 Verifying routed nets

 Verification completed successfully
Phase 8 Verifying routed nets | Checksum: e547afb1

Time (s): cpu = 00:00:13 ; elapsed = 00:00:12 . Memory (MB): peak = 1827.562 ; gain = 135.395

Phase 9 Depositing Routes
Phase 9 Depositing Routes | Checksum: 113d146eb

Time (s): cpu = 00:00:13 ; elapsed = 00:00:12 . Memory (MB): peak = 1827.562 ; gain = 135.395

Phase 10 Post Router Timing
INFO: [Route 35-57] Estimated Timing Summary | WNS=-3.045 | TNS=-44.666| WHS=0.175  | THS=0.000  |

WARNING: [Route 35-328] Router estimated timing not met.
Resolution: For a complete and accurate timing signoff, report_timing_summary must be run after route_design. Alternatively, route_design can be run with the -timing_summary option to enable a complete timing signoff at the end of route_design.
Phase 10 Post Router Timing | Checksum: 113d146eb

Time (s): cpu = 00:00:13 ; elapsed = 00:00:12 . Memory (MB): peak = 1827.562 ; gain = 135.395
INFO: [Route 35-16] Router Completed Successfully

Time (s): cpu = 00:00:13 ; elapsed = 00:00:12 . Memory (MB): peak = 1827.562 ; gain = 135.395

Routing Is Done.
INFO: [Common 17-83] Releasing license: Implementation
185 Infos, 5 Warnings, 2 Critical Warnings and 0 Errors encountered.
route_design completed successfully
route_design: Time (s): cpu = 00:00:14 ; elapsed = 00:00:13 . Memory (MB): peak = 1827.562 ; gain = 135.480
INFO: [Timing 38-480] Writing timing data to binary archive.
Writing placer database...
Writing XDEF routing.
Writing XDEF routing logical nets.
Writing XDEF routing special nets.
Write XDEF Complete: Time (s): cpu = 00:00:01 ; elapsed = 00:00:00.043 . Memory (MB): peak = 1846.121 ; gain = 18.559
INFO: [Common 17-1381] The checkpoint 'C:/Users/Thomas/Desktop/TP_MISTRE/TP_FPGA/TP2/FIR5_timings_vivado_2020_2/FIR5_timings_vivado_2020_2.runs/impl_1/FIR5_routed.dcp' has been generated.
INFO: [runtcl-4] Executing : report_drc -file FIR5_drc_routed.rpt -pb FIR5_drc_routed.pb -rpx FIR5_drc_routed.rpx
Command: report_drc -file FIR5_drc_routed.rpt -pb FIR5_drc_routed.pb -rpx FIR5_drc_routed.rpx
INFO: [IP_Flow 19-1839] IP Catalog is up to date.
INFO: [DRC 23-27] Running DRC with 2 threads
INFO: [Coretcl 2-168] The results of DRC are in file C:/Users/Thomas/Desktop/TP_MISTRE/TP_FPGA/TP2/FIR5_timings_vivado_2020_2/FIR5_timings_vivado_2020_2.runs/impl_1/FIR5_drc_routed.rpt.
report_drc completed successfully
INFO: [runtcl-4] Executing : report_methodology -file FIR5_methodology_drc_routed.rpt -pb FIR5_methodology_drc_routed.pb -rpx FIR5_methodology_drc_routed.rpx
Command: report_methodology -file FIR5_methodology_drc_routed.rpt -pb FIR5_methodology_drc_routed.pb -rpx FIR5_methodology_drc_routed.rpx
INFO: [Timing 38-35] Done setting XDC timing constraints.
INFO: [DRC 23-133] Running Methodology with 2 threads
INFO: [Coretcl 2-1520] The results of Report Methodology are in file C:/Users/Thomas/Desktop/TP_MISTRE/TP_FPGA/TP2/FIR5_timings_vivado_2020_2/FIR5_timings_vivado_2020_2.runs/impl_1/FIR5_methodology_drc_routed.rpt.
report_methodology completed successfully
INFO: [runtcl-4] Executing : report_power -file FIR5_power_routed.rpt -pb FIR5_power_summary_routed.pb -rpx FIR5_power_routed.rpx
Command: report_power -file FIR5_power_routed.rpt -pb FIR5_power_summary_routed.pb -rpx FIR5_power_routed.rpx
INFO: [Timing 38-35] Done setting XDC timing constraints.
Running Vector-less Activity Propagation...

Finished Running Vector-less Activity Propagation
197 Infos, 5 Warnings, 2 Critical Warnings and 0 Errors encountered.
report_power completed successfully
INFO: [runtcl-4] Executing : report_route_status -file FIR5_route_status.rpt -pb FIR5_route_status.pb
INFO: [runtcl-4] Executing : report_timing_summary -max_paths 10 -file FIR5_timing_summary_routed.rpt -pb FIR5_timing_summary_routed.pb -rpx FIR5_timing_summary_routed.rpx -warn_on_violation 
INFO: [Timing 38-91] UpdateTimingParams: Speed grade: -1, Delay Type: min_max.
INFO: [Timing 38-191] Multithreading enabled for timing update using a maximum of 2 CPUs
CRITICAL WARNING: [Timing 38-282] The design failed to meet the timing requirements. Please see the timing summary report for details on the timing violations.
INFO: [runtcl-4] Executing : report_incremental_reuse -file FIR5_incremental_reuse_routed.rpt
INFO: [Vivado_Tcl 4-1062] Incremental flow is disabled. No incremental reuse Info to report.
INFO: [runtcl-4] Executing : report_clock_utilization -file FIR5_clock_utilization_routed.rpt
INFO: [runtcl-4] Executing : report_bus_skew -warn_on_violation -file FIR5_bus_skew_routed.rpt -pb FIR5_bus_skew_routed.pb -rpx FIR5_bus_skew_routed.rpx
INFO: [Timing 38-91] UpdateTimingParams: Speed grade: -1, Delay Type: min_max.
INFO: [Timing 38-191] Multithreading enabled for timing update using a maximum of 2 CPUs
INFO: [Common 17-206] Exiting Vivado at Mon Aug  3 15:03:17 2026...
