#-----------------------------------------------------------
# Vivado v2020.2 (64-bit)
# SW Build 3064766 on Wed Nov 18 09:12:45 MST 2020
# IP Build 3064653 on Wed Nov 18 14:17:31 MST 2020
# Start of session at: Thu Nov 24 15:58:15 2022
# Process ID: 3704
# Current directory: C:/Users/vincent/AppData/Roaming/Xilinx/Vivado
# Command line: vivado.exe -gui_launcher_event rodinguilauncherevent7988
# Log file: C:/Users/vincent/AppData/Roaming/Xilinx/Vivado/vivado.log
# Journal file: C:/Users/vincent/AppData/Roaming/Xilinx/Vivado\vivado.jou
#-----------------------------------------------------------
start_gui
open_project D:/Projets_Vivado_Win/FIR5_Timings_ILA/FIR5_Timings_ILA.xpr
INFO: [Project 1-313] Project file moved from 'C:/Users/vincent/AppData/Roaming/Xilinx/Vivado/.Xil/Vivado-9996-DESKTOP-VJKAB20/PrjAr/_X_' since last save.
Scanning sources...
Finished scanning sources
INFO: [IP_Flow 19-234] Refreshing IP repositories
INFO: [IP_Flow 19-1704] No user IP repositories specified
INFO: [IP_Flow 19-2313] Loaded Vivado IP repository 'C:/Xilinx/Vivado/2020.2/data/ip'.
open_project: Time (s): cpu = 00:00:12 ; elapsed = 00:00:05 . Memory (MB): peak = 982.090 ; gain = 0.000
update_compile_order -fileset sources_1
file mkdir D:/Projets_Vivado_Win/FIR5_Timings_ILA/FIR5_Timings_ILA.srcs/sources_1/new
close [ open D:/Projets_Vivado_Win/FIR5_Timings_ILA/FIR5_Timings_ILA.srcs/sources_1/new/FIR5_Add.vhd w ]
add_files D:/Projets_Vivado_Win/FIR5_Timings_ILA/FIR5_Timings_ILA.srcs/sources_1/new/FIR5_Add.vhd
update_compile_order -fileset sources_1
update_compile_order -fileset sources_1
update_compile_order -fileset sources_1
export_ip_user_files -of_objects  [get_files D:/Projets_Vivado_Win/FIR5_Timings_ILA/FIR5_Timings_ILA.srcs/sources_1/imports/FIR5_Timing/FIR5.vhd] -no_script -reset -force -quiet
remove_files  D:/Projets_Vivado_Win/FIR5_Timings_ILA/FIR5_Timings_ILA.srcs/sources_1/imports/FIR5_Timing/FIR5.vhd
update_compile_order -fileset sources_1
update_compile_order -fileset sources_1
export_ip_user_files -of_objects  [get_files D:/Projets_Vivado_Win/FIR5_Timings_ILA/FIR5_Timings_ILA.srcs/sources_1/imports/FIR5_Timing/tst_FIR5.vhd] -no_script -reset -force -quiet
remove_files  D:/Projets_Vivado_Win/FIR5_Timings_ILA/FIR5_Timings_ILA.srcs/sources_1/imports/FIR5_Timing/tst_FIR5.vhd
file delete -force D:/Projets_Vivado_Win/FIR5_Timings_ILA/FIR5_Timings_ILA.srcs/sources_1/imports/FIR5_Timing/tst_FIR5.vhd
add_files -norecurse D:/Projets_Vivado_Win/FIR5_Timings_ILA/FIR5_Timings_ILA.srcs/sources_1/imports/FIR5_Timing/FIR5_Mult.vhd
update_compile_order -fileset sources_1
export_ip_user_files -of_objects  [get_files D:/Projets_Vivado_Win/FIR5_Timings_ILA/FIR5_Timings_ILA.srcs/sources_1/imports/FIR5_Timings_ILA/archive_project_summary.txt] -no_script -reset -force -quiet
remove_files  D:/Projets_Vivado_Win/FIR5_Timings_ILA/FIR5_Timings_ILA.srcs/sources_1/imports/FIR5_Timings_ILA/archive_project_summary.txt
update_compile_order -fileset sources_1
export_ip_user_files -of_objects  [get_files D:/Projets_Vivado_Win/FIR5_Timings_ILA/archive_project_summary.txt] -no_script -reset -force -quiet
remove_files  D:/Projets_Vivado_Win/FIR5_Timings_ILA/archive_project_summary.txt
generate_target all [get_files D:/Projets_Vivado_Win/FIR5_Timings_ILA/FIR5_Timings_ILA.srcs/sources_1/ip/dsp_mult16/dsp_mult16.xci]
INFO: [IP_Flow 19-1686] Generating 'Instantiation Template' target for IP 'dsp_mult16'...
INFO: [IP_Flow 19-1686] Generating 'Synthesis' target for IP 'dsp_mult16'...
INFO: [IP_Flow 19-1686] Generating 'Simulation' target for IP 'dsp_mult16'...
INFO: [IP_Flow 19-1686] Generating 'Change Log' target for IP 'dsp_mult16'...
synth_design -rtl -rtl_skip_mlo -name rtl_1
Command: synth_design -rtl -rtl_skip_mlo -name rtl_1
Starting synth_design
Using part: xc7z020clg400-1
Top: FIR5_Mult
INFO: [Device 21-403] Loading part xc7z020clg400-1
---------------------------------------------------------------------------------
Starting RTL Elaboration : Time (s): cpu = 00:00:05 ; elapsed = 00:00:05 . Memory (MB): peak = 1286.668 ; gain = 251.809
---------------------------------------------------------------------------------
INFO: [Synth 8-638] synthesizing module 'FIR5_Mult' [D:/Projets_Vivado_Win/FIR5_Timings_ILA/FIR5_Timings_ILA.srcs/sources_1/imports/FIR5_Timing/FIR5_Mult.vhd:23]
INFO: [Synth 8-3491] module 'dsp_mult16' declared at 'd:/Projets_Vivado_Win/FIR5_Timings_ILA/FIR5_Timings_ILA.gen/sources_1/ip/dsp_mult16/synth/dsp_mult16.vhd:59' bound to instance 'Mult0' of component 'dsp_mult16' [D:/Projets_Vivado_Win/FIR5_Timings_ILA/FIR5_Timings_ILA.srcs/sources_1/imports/FIR5_Timing/FIR5_Mult.vhd:51]
INFO: [Synth 8-638] synthesizing module 'dsp_mult16' [d:/Projets_Vivado_Win/FIR5_Timings_ILA/FIR5_Timings_ILA.gen/sources_1/ip/dsp_mult16/synth/dsp_mult16.vhd:67]
	Parameter C_VERBOSITY bound to: 0 - type: integer 
	Parameter C_MODEL_TYPE bound to: 0 - type: integer 
	Parameter C_XDEVICEFAMILY bound to: zynq - type: string 
	Parameter C_HAS_CE bound to: 0 - type: integer 
	Parameter C_HAS_INDEP_CE bound to: 0 - type: integer 
	Parameter C_HAS_CED bound to: 0 - type: integer 
	Parameter C_HAS_CEA bound to: 0 - type: integer 
	Parameter C_HAS_CEB bound to: 0 - type: integer 
	Parameter C_HAS_CEC bound to: 0 - type: integer 
	Parameter C_HAS_CECONCAT bound to: 0 - type: integer 
	Parameter C_HAS_CEM bound to: 0 - type: integer 
	Parameter C_HAS_CEP bound to: 0 - type: integer 
	Parameter C_HAS_CESEL bound to: 0 - type: integer 
	Parameter C_HAS_SCLR bound to: 0 - type: integer 
	Parameter C_HAS_INDEP_SCLR bound to: 0 - type: integer 
	Parameter C_HAS_SCLRD bound to: 0 - type: integer 
	Parameter C_HAS_SCLRA bound to: 0 - type: integer 
	Parameter C_HAS_SCLRB bound to: 0 - type: integer 
	Parameter C_HAS_SCLRC bound to: 0 - type: integer 
	Parameter C_HAS_SCLRM bound to: 0 - type: integer 
	Parameter C_HAS_SCLRP bound to: 0 - type: integer 
	Parameter C_HAS_SCLRCONCAT bound to: 0 - type: integer 
	Parameter C_HAS_SCLRSEL bound to: 0 - type: integer 
	Parameter C_HAS_CARRYCASCIN bound to: 0 - type: integer 
	Parameter C_HAS_CARRYIN bound to: 0 - type: integer 
	Parameter C_HAS_ACIN bound to: 0 - type: integer 
	Parameter C_HAS_BCIN bound to: 0 - type: integer 
	Parameter C_HAS_PCIN bound to: 0 - type: integer 
	Parameter C_HAS_A bound to: 1 - type: integer 
	Parameter C_HAS_B bound to: 1 - type: integer 
	Parameter C_HAS_D bound to: 0 - type: integer 
	Parameter C_HAS_CONCAT bound to: 0 - type: integer 
	Parameter C_HAS_C bound to: 0 - type: integer 
	Parameter C_SQUARE_FCN bound to: 0 - type: integer 
	Parameter C_A_WIDTH bound to: 16 - type: integer 
	Parameter C_B_WIDTH bound to: 16 - type: integer 
	Parameter C_C_WIDTH bound to: 48 - type: integer 
	Parameter C_D_WIDTH bound to: 18 - type: integer 
	Parameter C_CONCAT_WIDTH bound to: 48 - type: integer 
	Parameter C_P_MSB bound to: 31 - type: integer 
	Parameter C_P_LSB bound to: 0 - type: integer 
	Parameter C_SEL_WIDTH bound to: 0 - type: integer 
	Parameter C_HAS_ACOUT bound to: 0 - type: integer 
	Parameter C_HAS_BCOUT bound to: 0 - type: integer 
	Parameter C_HAS_CARRYCASCOUT bound to: 0 - type: integer 
	Parameter C_HAS_CARRYOUT bound to: 0 - type: integer 
	Parameter C_HAS_PCOUT bound to: 0 - type: integer 
	Parameter C_CONSTANT_1 bound to: 1 - type: integer 
	Parameter C_LATENCY bound to: 128 - type: integer 
	Parameter C_OPMODES bound to: 000100100000010100000000 - type: string 
	Parameter C_REG_CONFIG bound to: 00000000000000000000000000000000 - type: string 
	Parameter C_TEST_CORE bound to: 0 - type: integer 
INFO: [Synth 8-3491] module 'dsp_macro_v1_0_1' declared at 'd:/Projets_Vivado_Win/FIR5_Timings_ILA/FIR5_Timings_ILA.gen/sources_1/ip/dsp_mult16/hdl/dsp_macro_v1_0_rfs.vhd:5245' bound to instance 'U0' of component 'dsp_macro_v1_0_1' [d:/Projets_Vivado_Win/FIR5_Timings_ILA/FIR5_Timings_ILA.gen/sources_1/ip/dsp_mult16/synth/dsp_mult16.vhd:204]
INFO: [Synth 8-256] done synthesizing module 'dsp_mult16' (6#1) [d:/Projets_Vivado_Win/FIR5_Timings_ILA/FIR5_Timings_ILA.gen/sources_1/ip/dsp_mult16/synth/dsp_mult16.vhd:67]
INFO: [Synth 8-3491] module 'dsp_mult16' declared at 'd:/Projets_Vivado_Win/FIR5_Timings_ILA/FIR5_Timings_ILA.gen/sources_1/ip/dsp_mult16/synth/dsp_mult16.vhd:59' bound to instance 'Mult1' of component 'dsp_mult16' [D:/Projets_Vivado_Win/FIR5_Timings_ILA/FIR5_Timings_ILA.srcs/sources_1/imports/FIR5_Timing/FIR5_Mult.vhd:57]
INFO: [Synth 8-3491] module 'dsp_mult16' declared at 'd:/Projets_Vivado_Win/FIR5_Timings_ILA/FIR5_Timings_ILA.gen/sources_1/ip/dsp_mult16/synth/dsp_mult16.vhd:59' bound to instance 'Mult2' of component 'dsp_mult16' [D:/Projets_Vivado_Win/FIR5_Timings_ILA/FIR5_Timings_ILA.srcs/sources_1/imports/FIR5_Timing/FIR5_Mult.vhd:63]
INFO: [Synth 8-3491] module 'dsp_mult16' declared at 'd:/Projets_Vivado_Win/FIR5_Timings_ILA/FIR5_Timings_ILA.gen/sources_1/ip/dsp_mult16/synth/dsp_mult16.vhd:59' bound to instance 'Mult3' of component 'dsp_mult16' [D:/Projets_Vivado_Win/FIR5_Timings_ILA/FIR5_Timings_ILA.srcs/sources_1/imports/FIR5_Timing/FIR5_Mult.vhd:69]
INFO: [Synth 8-3491] module 'dsp_mult16' declared at 'd:/Projets_Vivado_Win/FIR5_Timings_ILA/FIR5_Timings_ILA.gen/sources_1/ip/dsp_mult16/synth/dsp_mult16.vhd:59' bound to instance 'Mult4' of component 'dsp_mult16' [D:/Projets_Vivado_Win/FIR5_Timings_ILA/FIR5_Timings_ILA.srcs/sources_1/imports/FIR5_Timing/FIR5_Mult.vhd:75]
INFO: [Synth 8-256] done synthesizing module 'FIR5_Mult' (7#1) [D:/Projets_Vivado_Win/FIR5_Timings_ILA/FIR5_Timings_ILA.srcs/sources_1/imports/FIR5_Timing/FIR5_Mult.vhd:23]
---------------------------------------------------------------------------------
Finished RTL Elaboration : Time (s): cpu = 00:00:08 ; elapsed = 00:00:08 . Memory (MB): peak = 1405.086 ; gain = 370.227
---------------------------------------------------------------------------------
---------------------------------------------------------------------------------
Start Handling Custom Attributes
---------------------------------------------------------------------------------
---------------------------------------------------------------------------------
Finished Handling Custom Attributes : Time (s): cpu = 00:00:09 ; elapsed = 00:00:09 . Memory (MB): peak = 1405.086 ; gain = 370.227
---------------------------------------------------------------------------------
---------------------------------------------------------------------------------
Finished RTL Optimization Phase 1 : Time (s): cpu = 00:00:09 ; elapsed = 00:00:09 . Memory (MB): peak = 1405.086 ; gain = 370.227
---------------------------------------------------------------------------------
INFO: [Synth 37-8] Instance 'i_synth' of a module 'dsp_macro_v1_0_1_viv' contains a secure attribute.  This instance will appear as a black box in elaborated RTL design. [d:/Projets_Vivado_Win/FIR5_Timings_ILA/FIR5_Timings_ILA.gen/sources_1/ip/dsp_mult16/hdl/dsp_macro_v1_0_rfs.vhd:4486]
Netlist sorting complete. Time (s): cpu = 00:00:00 ; elapsed = 00:00:00.019 . Memory (MB): peak = 1405.086 ; gain = 0.000
INFO: [Project 1-570] Preparing netlist for logic optimization

Processing XDC Constraints
Initializing timing engine
Parsing XDC File [D:/Projets_Vivado_Win/FIR5_Timings_ILA/FIR5_Timings_ILA.srcs/constrs_1/imports/Zybo/Zybo-Z7-Master.xdc]
WARNING: [Vivado 12-584] No ports matched 'sw_wave'. [D:/Projets_Vivado_Win/FIR5_Timings_ILA/FIR5_Timings_ILA.srcs/constrs_1/imports/Zybo/Zybo-Z7-Master.xdc:12]
WARNING: [Vivado 12-584] No ports matched 'y[0]'. [D:/Projets_Vivado_Win/FIR5_Timings_ILA/FIR5_Timings_ILA.srcs/constrs_1/imports/Zybo/Zybo-Z7-Master.xdc:136]
WARNING: [Vivado 12-584] No ports matched 'y[1]'. [D:/Projets_Vivado_Win/FIR5_Timings_ILA/FIR5_Timings_ILA.srcs/constrs_1/imports/Zybo/Zybo-Z7-Master.xdc:137]
WARNING: [Vivado 12-584] No ports matched 'y[2]'. [D:/Projets_Vivado_Win/FIR5_Timings_ILA/FIR5_Timings_ILA.srcs/constrs_1/imports/Zybo/Zybo-Z7-Master.xdc:138]
WARNING: [Vivado 12-584] No ports matched 'y[3]'. [D:/Projets_Vivado_Win/FIR5_Timings_ILA/FIR5_Timings_ILA.srcs/constrs_1/imports/Zybo/Zybo-Z7-Master.xdc:139]
WARNING: [Vivado 12-584] No ports matched 'y[4]'. [D:/Projets_Vivado_Win/FIR5_Timings_ILA/FIR5_Timings_ILA.srcs/constrs_1/imports/Zybo/Zybo-Z7-Master.xdc:140]
WARNING: [Vivado 12-584] No ports matched 'y[5]'. [D:/Projets_Vivado_Win/FIR5_Timings_ILA/FIR5_Timings_ILA.srcs/constrs_1/imports/Zybo/Zybo-Z7-Master.xdc:141]
WARNING: [Vivado 12-584] No ports matched 'y[6]'. [D:/Projets_Vivado_Win/FIR5_Timings_ILA/FIR5_Timings_ILA.srcs/constrs_1/imports/Zybo/Zybo-Z7-Master.xdc:142]
WARNING: [Vivado 12-584] No ports matched 'y[7]'. [D:/Projets_Vivado_Win/FIR5_Timings_ILA/FIR5_Timings_ILA.srcs/constrs_1/imports/Zybo/Zybo-Z7-Master.xdc:143]
WARNING: [Vivado 12-584] No ports matched 'y[8]'. [D:/Projets_Vivado_Win/FIR5_Timings_ILA/FIR5_Timings_ILA.srcs/constrs_1/imports/Zybo/Zybo-Z7-Master.xdc:147]
WARNING: [Vivado 12-584] No ports matched 'y[9]'. [D:/Projets_Vivado_Win/FIR5_Timings_ILA/FIR5_Timings_ILA.srcs/constrs_1/imports/Zybo/Zybo-Z7-Master.xdc:148]
WARNING: [Vivado 12-584] No ports matched 'y[10]'. [D:/Projets_Vivado_Win/FIR5_Timings_ILA/FIR5_Timings_ILA.srcs/constrs_1/imports/Zybo/Zybo-Z7-Master.xdc:149]
WARNING: [Vivado 12-584] No ports matched 'y[11]'. [D:/Projets_Vivado_Win/FIR5_Timings_ILA/FIR5_Timings_ILA.srcs/constrs_1/imports/Zybo/Zybo-Z7-Master.xdc:150]
WARNING: [Vivado 12-584] No ports matched 'y[12]'. [D:/Projets_Vivado_Win/FIR5_Timings_ILA/FIR5_Timings_ILA.srcs/constrs_1/imports/Zybo/Zybo-Z7-Master.xdc:151]
WARNING: [Vivado 12-584] No ports matched 'y[13]'. [D:/Projets_Vivado_Win/FIR5_Timings_ILA/FIR5_Timings_ILA.srcs/constrs_1/imports/Zybo/Zybo-Z7-Master.xdc:152]
WARNING: [Vivado 12-584] No ports matched 'y[14]'. [D:/Projets_Vivado_Win/FIR5_Timings_ILA/FIR5_Timings_ILA.srcs/constrs_1/imports/Zybo/Zybo-Z7-Master.xdc:153]
WARNING: [Vivado 12-584] No ports matched 'y[15]'. [D:/Projets_Vivado_Win/FIR5_Timings_ILA/FIR5_Timings_ILA.srcs/constrs_1/imports/Zybo/Zybo-Z7-Master.xdc:154]
Finished Parsing XDC File [D:/Projets_Vivado_Win/FIR5_Timings_ILA/FIR5_Timings_ILA.srcs/constrs_1/imports/Zybo/Zybo-Z7-Master.xdc]
WARNING: [Project 1-498] One or more constraints failed evaluation while reading constraint file [D:/Projets_Vivado_Win/FIR5_Timings_ILA/FIR5_Timings_ILA.srcs/constrs_1/imports/Zybo/Zybo-Z7-Master.xdc] and the design contains unresolved black boxes. These constraints will be read post-synthesis (as long as their source constraint file is marked as used_in_implementation) and should be applied correctly then. You should review the constraints listed in the file [.Xil/FIR5_Mult_propImpl.xdc] and check the run log file to verify that these constraints were correctly applied.
Completed Processing XDC Constraints

Netlist sorting complete. Time (s): cpu = 00:00:00 ; elapsed = 00:00:00 . Memory (MB): peak = 1456.422 ; gain = 0.000
INFO: [Project 1-111] Unisim Transformation Summary:
No Unisim elements were transformed.

RTL Elaboration Complete:  : Time (s): cpu = 00:00:21 ; elapsed = 00:00:14 . Memory (MB): peak = 1578.504 ; gain = 543.645
14 Infos, 18 Warnings, 0 Critical Warnings and 0 Errors encountered.
synth_design completed successfully
synth_design: Time (s): cpu = 00:00:26 ; elapsed = 00:00:25 . Memory (MB): peak = 1578.504 ; gain = 596.414
set_property top FIR5_Add [current_fileset]
refresh_design
---------------------------------------------------------------------------------
Starting RTL Elaboration : Time (s): cpu = 00:00:04 ; elapsed = 00:00:04 . Memory (MB): peak = 1622.078 ; gain = 34.961
---------------------------------------------------------------------------------
ERROR: [Synth 8-439] module 'FIR5_Add' not found
---------------------------------------------------------------------------------
Finished RTL Elaboration : Time (s): cpu = 00:00:06 ; elapsed = 00:00:06 . Memory (MB): peak = 1672.504 ; gain = 85.387
---------------------------------------------------------------------------------
RTL Elaboration failed
refresh_design: Time (s): cpu = 00:00:06 ; elapsed = 00:00:06 . Memory (MB): peak = 1672.543 ; gain = 85.426
ERROR: [Common 17-39] 'refresh_design' failed due to earlier errors.
update_compile_order -fileset sources_1
close_design
synth_design -rtl -rtl_skip_mlo -name rtl_1
Command: synth_design -rtl -rtl_skip_mlo -name rtl_1
Starting synth_design
Using part: xc7z020clg400-1
Top: FIR5_Add
---------------------------------------------------------------------------------
Starting RTL Elaboration : Time (s): cpu = 00:00:04 ; elapsed = 00:00:04 . Memory (MB): peak = 1683.883 ; gain = 0.000
---------------------------------------------------------------------------------
INFO: [Synth 8-638] synthesizing module 'FIR5_Add' [D:/Projets_Vivado_Win/FIR5_Timings_ILA/FIR5_Timings_ILA.srcs/sources_1/new/FIR5_Add.vhd:23]
INFO: [Synth 8-256] done synthesizing module 'FIR5_Add' (1#1) [D:/Projets_Vivado_Win/FIR5_Timings_ILA/FIR5_Timings_ILA.srcs/sources_1/new/FIR5_Add.vhd:23]
---------------------------------------------------------------------------------
Finished RTL Elaboration : Time (s): cpu = 00:00:05 ; elapsed = 00:00:05 . Memory (MB): peak = 1683.883 ; gain = 0.000
---------------------------------------------------------------------------------
---------------------------------------------------------------------------------
Start Handling Custom Attributes
---------------------------------------------------------------------------------
---------------------------------------------------------------------------------
Finished Handling Custom Attributes : Time (s): cpu = 00:00:05 ; elapsed = 00:00:05 . Memory (MB): peak = 1683.883 ; gain = 0.000
---------------------------------------------------------------------------------
---------------------------------------------------------------------------------
Finished RTL Optimization Phase 1 : Time (s): cpu = 00:00:05 ; elapsed = 00:00:05 . Memory (MB): peak = 1683.883 ; gain = 0.000
---------------------------------------------------------------------------------
Netlist sorting complete. Time (s): cpu = 00:00:00 ; elapsed = 00:00:00.002 . Memory (MB): peak = 1683.883 ; gain = 0.000
INFO: [Project 1-570] Preparing netlist for logic optimization

Processing XDC Constraints
Initializing timing engine
Parsing XDC File [D:/Projets_Vivado_Win/FIR5_Timings_ILA/FIR5_Timings_ILA.srcs/constrs_1/imports/Zybo/Zybo-Z7-Master.xdc]
WARNING: [Vivado 12-584] No ports matched 'sw_wave'. [D:/Projets_Vivado_Win/FIR5_Timings_ILA/FIR5_Timings_ILA.srcs/constrs_1/imports/Zybo/Zybo-Z7-Master.xdc:12]
CRITICAL WARNING: [Common 17-55] 'set_property' expects at least one object. [D:/Projets_Vivado_Win/FIR5_Timings_ILA/FIR5_Timings_ILA.srcs/constrs_1/imports/Zybo/Zybo-Z7-Master.xdc:12]
Resolution: If [get_<value>] was used to populate the object, check to make sure this command returns at least one valid object.
Finished Parsing XDC File [D:/Projets_Vivado_Win/FIR5_Timings_ILA/FIR5_Timings_ILA.srcs/constrs_1/imports/Zybo/Zybo-Z7-Master.xdc]
Completed Processing XDC Constraints

Netlist sorting complete. Time (s): cpu = 00:00:00 ; elapsed = 00:00:00 . Memory (MB): peak = 1683.883 ; gain = 0.000
INFO: [Project 1-111] Unisim Transformation Summary:
No Unisim elements were transformed.

RTL Elaboration Complete:  : Time (s): cpu = 00:00:10 ; elapsed = 00:00:08 . Memory (MB): peak = 1683.883 ; gain = 0.000
4 Infos, 1 Warnings, 1 Critical Warnings and 0 Errors encountered.
synth_design completed successfully
synth_design: Time (s): cpu = 00:00:10 ; elapsed = 00:00:08 . Memory (MB): peak = 1683.883 ; gain = 0.000
close_design
set_property generate_synth_checkpoint 0 [get_files dsp_mult16.xci]
archive_project D:/Projets_Vivado_Win/FIR5_Timings_ILA.xpr.zip -temp_dir C:/Users/vincent/AppData/Roaming/Xilinx/Vivado/.Xil/Vivado-3704-DESKTOP-VJKAB20 -force -exclude_run_results
INFO: [Coretcl 2-137] starting archive...
INFO: [Coretcl 2-1499] Saving project copy to temporary location 'C:/Users/vincent/AppData/Roaming/Xilinx/Vivado/.Xil/Vivado-3704-DESKTOP-VJKAB20' for archiving project
Scanning sources...
Finished scanning sources
INFO: [IP_Flow 19-234] Refreshing IP repositories
INFO: [IP_Flow 19-1704] No user IP repositories specified
INFO: [IP_Flow 19-2313] Loaded Vivado IP repository 'C:/Xilinx/Vivado/2020.2/data/ip'.
INFO: [Coretcl 2-1211] Creating project copy for archival...
INFO: [ProjectBase 1-495] The host OS only allows 260 characters in a normal path. The project is stored in a path with more than 80 characters. If you experience any problem with archiving the project, please consider setting environment variable $TEMP to a shorter path.
Current project path is 'C:/Users/vincent/AppData/Roaming/Xilinx/Vivado/.Xil/Vivado-3704-DESKTOP-VJKAB20/PrjAr/_X_'.
INFO: [Coretcl 2-135] resetting runs for excluding generated files from archive...
INFO: [Coretcl 2-133] re-setting run 'synth_1'...
INFO: [Coretcl 2-133] re-setting run 'impl_1'...
