#-----------------------------------------------------------
# Vivado v2020.2 (64-bit)
# SW Build 3064766 on Wed Nov 18 09:12:45 MST 2020
# IP Build 3064653 on Wed Nov 18 14:17:31 MST 2020
# Start of session at: Tue Aug  4 10:43:55 2026
# Process ID: 28128
# Current directory: C:/Users/Thomas/Desktop/TP_MISTRE/TP_FPGA/TP2/FIR5_timings_vivado_2020_2
# Command line: vivado.exe -gui_launcher_event rodinguilauncherevent31200 C:\Users\Thomas\Desktop\TP_MISTRE\TP_FPGA\TP2\FIR5_timings_vivado_2020_2\FIR5_timings_vivado_2020_2.xpr
# Log file: C:/Users/Thomas/Desktop/TP_MISTRE/TP_FPGA/TP2/FIR5_timings_vivado_2020_2/vivado.log
# Journal file: C:/Users/Thomas/Desktop/TP_MISTRE/TP_FPGA/TP2/FIR5_timings_vivado_2020_2\vivado.jou
#-----------------------------------------------------------
start_gui
open_project C:/Users/Thomas/Desktop/TP_MISTRE/TP_FPGA/TP2/FIR5_timings_vivado_2020_2/FIR5_timings_vivado_2020_2.xpr
Scanning sources...
Finished scanning sources
INFO: [IP_Flow 19-234] Refreshing IP repositories
INFO: [IP_Flow 19-1704] No user IP repositories specified
INFO: [IP_Flow 19-2313] Loaded Vivado IP repository 'C:/Xilinx/Vivado/2020.2/data/ip'.
open_project: Time (s): cpu = 00:00:13 ; elapsed = 00:00:08 . Memory (MB): peak = 1081.922 ; gain = 0.000
update_compile_order -fileset sources_1
reset_run synth_1
launch_runs impl_1 -jobs 28
[Tue Aug  4 11:27:30 2026] Launched synth_1...
Run output will be captured here: C:/Users/Thomas/Desktop/TP_MISTRE/TP_FPGA/TP2/FIR5_timings_vivado_2020_2/FIR5_timings_vivado_2020_2.runs/synth_1/runme.log
[Tue Aug  4 11:27:30 2026] Launched impl_1...
Run output will be captured here: C:/Users/Thomas/Desktop/TP_MISTRE/TP_FPGA/TP2/FIR5_timings_vivado_2020_2/FIR5_timings_vivado_2020_2.runs/impl_1/runme.log
open_run impl_1
INFO: [Device 21-403] Loading part xc7z020clg400-1
Netlist sorting complete. Time (s): cpu = 00:00:00 ; elapsed = 00:00:00.007 . Memory (MB): peak = 1399.059 ; gain = 0.000
INFO: [Netlist 29-17] Analyzing 21 Unisim elements for replacement
INFO: [Netlist 29-28] Unisim Transformation completed in 0 CPU seconds
INFO: [Project 1-479] Netlist was created with Vivado 2020.2
INFO: [Project 1-570] Preparing netlist for logic optimization
INFO: [Timing 38-478] Restoring timing data from binary archive.
INFO: [Timing 38-479] Binary timing data restore complete.
INFO: [Project 1-856] Restoring constraints from binary archive.
INFO: [Project 1-853] Binary constraint restore complete.
Reading XDEF placement.
Reading placer database...
Reading XDEF routing.
Read XDEF File: Time (s): cpu = 00:00:00 ; elapsed = 00:00:00.047 . Memory (MB): peak = 2035.664 ; gain = 0.000
Restored from archive | CPU: 0.000000 secs | Memory: 0.000000 MB |
Finished XDEF File Restore: Time (s): cpu = 00:00:00 ; elapsed = 00:00:00.047 . Memory (MB): peak = 2035.664 ; gain = 0.000
Netlist sorting complete. Time (s): cpu = 00:00:00 ; elapsed = 00:00:00 . Memory (MB): peak = 2035.664 ; gain = 0.000
INFO: [Project 1-111] Unisim Transformation Summary:
No Unisim elements were transformed.

open_run: Time (s): cpu = 00:00:16 ; elapsed = 00:00:12 . Memory (MB): peak = 2205.449 ; gain = 1117.457
open_run synth_1 -name synth_1
Design is defaulting to impl run constrset: constrs_1
Design is defaulting to synth run part: xc7z020clg400-1
INFO: [Project 1-454] Reading design checkpoint 'c:/Users/Thomas/Desktop/TP_MISTRE/TP_FPGA/TP2/FIR5_timings_vivado_2020_2/FIR5_timings_vivado_2020_2.gen/sources_1/ip/dsp_mult16/dsp_mult16.dcp' for cell 'Mult0'
Netlist sorting complete. Time (s): cpu = 00:00:00 ; elapsed = 00:00:00.009 . Memory (MB): peak = 2230.922 ; gain = 0.000
INFO: [Netlist 29-17] Analyzing 21 Unisim elements for replacement
INFO: [Netlist 29-28] Unisim Transformation completed in 0 CPU seconds
INFO: [Project 1-479] Netlist was created with Vivado 2020.2
INFO: [Project 1-570] Preparing netlist for logic optimization
Parsing XDC File [C:/Users/Thomas/Desktop/TP_MISTRE/TP_FPGA/TP2/FIR5_timings_vivado_2020_2/FIR5_timings_vivado_2020_2.srcs/constrs_1/imports/Zybo/Zybo-Z7-Master.xdc]
Finished Parsing XDC File [C:/Users/Thomas/Desktop/TP_MISTRE/TP_FPGA/TP2/FIR5_timings_vivado_2020_2/FIR5_timings_vivado_2020_2.srcs/constrs_1/imports/Zybo/Zybo-Z7-Master.xdc]
INFO: [Opt 31-138] Pushed 0 inverter(s) to 0 load pin(s).
Netlist sorting complete. Time (s): cpu = 00:00:00 ; elapsed = 00:00:00 . Memory (MB): peak = 2273.328 ; gain = 0.000
INFO: [Project 1-111] Unisim Transformation Summary:
No Unisim elements were transformed.

synth_design -rtl -rtl_skip_mlo -name rtl_1
Command: synth_design -rtl -rtl_skip_mlo -name rtl_1
Starting synth_design
Using part: xc7z020clg400-1
Top: FIR5
---------------------------------------------------------------------------------
Starting RTL Elaboration : Time (s): cpu = 00:00:02 ; elapsed = 00:00:02 . Memory (MB): peak = 2623.461 ; gain = 228.609
---------------------------------------------------------------------------------
INFO: [Synth 8-638] synthesizing module 'FIR5' [C:/Users/Thomas/Desktop/TP_MISTRE/TP_FPGA/TP2/FIR5_timings_vivado_2020_2/FIR5_timings_vivado_2020_2.srcs/sources_1/imports/FIR5_Timing/FIR5.vhd:24]
INFO: [Synth 8-3491] module 'dsp_mult16' declared at 'C:/Users/Thomas/Desktop/TP_MISTRE/TP_FPGA/TP2/FIR5_timings_vivado_2020_2/.Xil/Vivado-28128-DESKTOP-9P149NQ/realtime/dsp_mult16_stub.vhdl:5' bound to instance 'Mult0' of component 'dsp_mult16' [C:/Users/Thomas/Desktop/TP_MISTRE/TP_FPGA/TP2/FIR5_timings_vivado_2020_2/FIR5_timings_vivado_2020_2.srcs/sources_1/imports/FIR5_Timing/FIR5.vhd:60]
INFO: [Synth 8-638] synthesizing module 'dsp_mult16' [C:/Users/Thomas/Desktop/TP_MISTRE/TP_FPGA/TP2/FIR5_timings_vivado_2020_2/.Xil/Vivado-28128-DESKTOP-9P149NQ/realtime/dsp_mult16_stub.vhdl:14]
INFO: [Synth 8-3491] module 'dsp_mult16' declared at 'C:/Users/Thomas/Desktop/TP_MISTRE/TP_FPGA/TP2/FIR5_timings_vivado_2020_2/.Xil/Vivado-28128-DESKTOP-9P149NQ/realtime/dsp_mult16_stub.vhdl:5' bound to instance 'Mult1' of component 'dsp_mult16' [C:/Users/Thomas/Desktop/TP_MISTRE/TP_FPGA/TP2/FIR5_timings_vivado_2020_2/FIR5_timings_vivado_2020_2.srcs/sources_1/imports/FIR5_Timing/FIR5.vhd:67]
INFO: [Synth 8-3491] module 'dsp_mult16' declared at 'C:/Users/Thomas/Desktop/TP_MISTRE/TP_FPGA/TP2/FIR5_timings_vivado_2020_2/.Xil/Vivado-28128-DESKTOP-9P149NQ/realtime/dsp_mult16_stub.vhdl:5' bound to instance 'Mult2' of component 'dsp_mult16' [C:/Users/Thomas/Desktop/TP_MISTRE/TP_FPGA/TP2/FIR5_timings_vivado_2020_2/FIR5_timings_vivado_2020_2.srcs/sources_1/imports/FIR5_Timing/FIR5.vhd:74]
INFO: [Synth 8-3491] module 'dsp_mult16' declared at 'C:/Users/Thomas/Desktop/TP_MISTRE/TP_FPGA/TP2/FIR5_timings_vivado_2020_2/.Xil/Vivado-28128-DESKTOP-9P149NQ/realtime/dsp_mult16_stub.vhdl:5' bound to instance 'Mult3' of component 'dsp_mult16' [C:/Users/Thomas/Desktop/TP_MISTRE/TP_FPGA/TP2/FIR5_timings_vivado_2020_2/FIR5_timings_vivado_2020_2.srcs/sources_1/imports/FIR5_Timing/FIR5.vhd:81]
INFO: [Synth 8-3491] module 'dsp_mult16' declared at 'C:/Users/Thomas/Desktop/TP_MISTRE/TP_FPGA/TP2/FIR5_timings_vivado_2020_2/.Xil/Vivado-28128-DESKTOP-9P149NQ/realtime/dsp_mult16_stub.vhdl:5' bound to instance 'Mult4' of component 'dsp_mult16' [C:/Users/Thomas/Desktop/TP_MISTRE/TP_FPGA/TP2/FIR5_timings_vivado_2020_2/FIR5_timings_vivado_2020_2.srcs/sources_1/imports/FIR5_Timing/FIR5.vhd:88]
INFO: [Synth 8-256] done synthesizing module 'FIR5' (1#1) [C:/Users/Thomas/Desktop/TP_MISTRE/TP_FPGA/TP2/FIR5_timings_vivado_2020_2/FIR5_timings_vivado_2020_2.srcs/sources_1/imports/FIR5_Timing/FIR5.vhd:24]
---------------------------------------------------------------------------------
Finished RTL Elaboration : Time (s): cpu = 00:00:03 ; elapsed = 00:00:02 . Memory (MB): peak = 2674.965 ; gain = 280.113
---------------------------------------------------------------------------------
---------------------------------------------------------------------------------
Start Handling Custom Attributes
---------------------------------------------------------------------------------
---------------------------------------------------------------------------------
Finished Handling Custom Attributes : Time (s): cpu = 00:00:03 ; elapsed = 00:00:03 . Memory (MB): peak = 2692.910 ; gain = 298.059
---------------------------------------------------------------------------------
---------------------------------------------------------------------------------
Finished RTL Optimization Phase 1 : Time (s): cpu = 00:00:03 ; elapsed = 00:00:03 . Memory (MB): peak = 2692.910 ; gain = 298.059
---------------------------------------------------------------------------------
INFO: [Project 1-454] Reading design checkpoint 'c:/Users/Thomas/Desktop/TP_MISTRE/TP_FPGA/TP2/FIR5_timings_vivado_2020_2/FIR5_timings_vivado_2020_2.gen/sources_1/ip/dsp_mult16/dsp_mult16.dcp' for cell 'Mult0'
Netlist sorting complete. Time (s): cpu = 00:00:00 ; elapsed = 00:00:00.010 . Memory (MB): peak = 2709.879 ; gain = 0.000
INFO: [Netlist 29-17] Analyzing 5 Unisim elements for replacement
INFO: [Netlist 29-28] Unisim Transformation completed in 0 CPU seconds
INFO: [Project 1-479] Netlist was created with Vivado 2020.2
INFO: [Project 1-570] Preparing netlist for logic optimization

Processing XDC Constraints
Initializing timing engine
Parsing XDC File [C:/Users/Thomas/Desktop/TP_MISTRE/TP_FPGA/TP2/FIR5_timings_vivado_2020_2/FIR5_timings_vivado_2020_2.srcs/constrs_1/imports/Zybo/Zybo-Z7-Master.xdc]
Finished Parsing XDC File [C:/Users/Thomas/Desktop/TP_MISTRE/TP_FPGA/TP2/FIR5_timings_vivado_2020_2/FIR5_timings_vivado_2020_2.srcs/constrs_1/imports/Zybo/Zybo-Z7-Master.xdc]
Completed Processing XDC Constraints

Netlist sorting complete. Time (s): cpu = 00:00:00 ; elapsed = 00:00:00 . Memory (MB): peak = 2801.133 ; gain = 0.000
INFO: [Project 1-111] Unisim Transformation Summary:
No Unisim elements were transformed.

RTL Elaboration Complete:  : Time (s): cpu = 00:00:07 ; elapsed = 00:00:05 . Memory (MB): peak = 2816.910 ; gain = 422.059
14 Infos, 0 Warnings, 0 Critical Warnings and 0 Errors encountered.
synth_design completed successfully
set_property nl.process_corner fast [get_filesets sim_1]
current_design impl_1
launch_simulation -mode post-implementation -type timing
Command: launch_simulation -mode post-implementation -type timing
INFO: [Vivado 12-5698] Checking validity of IPs in the design for the 'XSim' simulator...
INFO: [Vivado 12-5682] Launching post-implementation timing simulation in 'C:/Users/Thomas/Desktop/TP_MISTRE/TP_FPGA/TP2/FIR5_timings_vivado_2020_2/FIR5_timings_vivado_2020_2.sim/sim_1/impl/timing/xsim'
INFO: [Vivado 12-4795] Using compiled simulation libraries for IPs
INFO: [SIM-utils-51] Simulation object is 'sim_1'
INFO: [SIM-utils-20] The target language is set to VHDL, it is not supported for simulation type 'timing', using Verilog instead.
INFO: [SIM-utils-31] Writing simulation netlist file for design 'impl_1'...
INFO: [SIM-utils-32] write_verilog -mode timesim -nolib -sdf_anno true -force -file "C:/Users/Thomas/Desktop/TP_MISTRE/TP_FPGA/TP2/FIR5_timings_vivado_2020_2/FIR5_timings_vivado_2020_2.sim/sim_1/impl/timing/xsim/tst_FIR5_time_impl.v"
INFO: [SIM-utils-34] Writing SDF file...
INFO: [SIM-utils-35] write_sdf -mode timesim -process_corner fast -force -file "C:/Users/Thomas/Desktop/TP_MISTRE/TP_FPGA/TP2/FIR5_timings_vivado_2020_2/FIR5_timings_vivado_2020_2.sim/sim_1/impl/timing/xsim/tst_FIR5_time_impl.sdf"
INFO: [SIM-utils-36] Netlist generated:C:/Users/Thomas/Desktop/TP_MISTRE/TP_FPGA/TP2/FIR5_timings_vivado_2020_2/FIR5_timings_vivado_2020_2.sim/sim_1/impl/timing/xsim/tst_FIR5_time_impl.v
INFO: [SIM-utils-37] SDF generated:C:/Users/Thomas/Desktop/TP_MISTRE/TP_FPGA/TP2/FIR5_timings_vivado_2020_2/FIR5_timings_vivado_2020_2.sim/sim_1/impl/timing/xsim/tst_FIR5_time_impl.sdf
INFO: [USF-XSim-7] Finding pre-compiled libraries...
INFO: [USF-XSim-11] File 'C:/Xilinx/Vivado/2020.2/data/xsim/xsim.ini' copied to run dir:'C:/Users/Thomas/Desktop/TP_MISTRE/TP_FPGA/TP2/FIR5_timings_vivado_2020_2/FIR5_timings_vivado_2020_2.sim/sim_1/impl/timing/xsim'
INFO: [SIM-utils-54] Inspecting design source files for 'tst_FIR5' in fileset 'sim_1'...
INFO: [USF-XSim-2] XSim::Compile design
INFO: [USF-XSim-61] Executing 'COMPILE and ANALYZE' step in 'C:/Users/Thomas/Desktop/TP_MISTRE/TP_FPGA/TP2/FIR5_timings_vivado_2020_2/FIR5_timings_vivado_2020_2.sim/sim_1/impl/timing/xsim'
"xvlog --incr --relax -prj tst_FIR5_vlog.prj"
INFO: [VRFC 10-2263] Analyzing Verilog file "C:/Users/Thomas/Desktop/TP_MISTRE/TP_FPGA/TP2/FIR5_timings_vivado_2020_2/FIR5_timings_vivado_2020_2.sim/sim_1/impl/timing/xsim/tst_FIR5_time_impl.v" into library xil_defaultlib
INFO: [VRFC 10-311] analyzing module FIR5
INFO: [VRFC 10-311] analyzing module dsp_mult16
INFO: [VRFC 10-311] analyzing module dsp_mult16_HD10
INFO: [VRFC 10-311] analyzing module dsp_mult16_HD15
INFO: [VRFC 10-311] analyzing module dsp_mult16_HD20
INFO: [VRFC 10-311] analyzing module dsp_mult16_HD5
INFO: [VRFC 10-311] analyzing module dsp_mult16_dsp_macro_v1_0_1
INFO: [VRFC 10-311] analyzing module dsp_mult16_dsp_macro_v1_0_1_HD11
INFO: [VRFC 10-311] analyzing module dsp_mult16_dsp_macro_v1_0_1_HD16
INFO: [VRFC 10-311] analyzing module dsp_mult16_dsp_macro_v1_0_1_HD21
INFO: [VRFC 10-311] analyzing module dsp_mult16_dsp_macro_v1_0_1_HD6
INFO: [VRFC 10-311] analyzing module dsp_mult16_dsp_macro_synth
INFO: [VRFC 10-311] analyzing module dsp_mult16_dsp_macro_synth_HD13
INFO: [VRFC 10-311] analyzing module dsp_mult16_dsp_macro_synth_HD18
INFO: [VRFC 10-311] analyzing module dsp_mult16_dsp_macro_synth_HD23
INFO: [VRFC 10-311] analyzing module dsp_mult16_dsp_macro_synth_HD8
INFO: [VRFC 10-311] analyzing module dsp_mult16_dsp_macro_v1_0_1_viv
INFO: [VRFC 10-311] analyzing module dsp_mult16_dsp_macro_v1_0_1_viv_HD12
INFO: [VRFC 10-311] analyzing module dsp_mult16_dsp_macro_v1_0_1_viv_HD17
INFO: [VRFC 10-311] analyzing module dsp_mult16_dsp_macro_v1_0_1_viv_HD22
INFO: [VRFC 10-311] analyzing module dsp_mult16_dsp_macro_v1_0_1_viv_HD7
INFO: [VRFC 10-311] analyzing module dsp_mult16_xbip_dsp48e1_wrapper_v3_0
INFO: [VRFC 10-311] analyzing module dsp_mult16_xbip_dsp48e1_wrapper_v3_0_HD14
INFO: [VRFC 10-311] analyzing module dsp_mult16_xbip_dsp48e1_wrapper_v3_0_HD19
INFO: [VRFC 10-311] analyzing module dsp_mult16_xbip_dsp48e1_wrapper_v3_0_HD24
INFO: [VRFC 10-311] analyzing module dsp_mult16_xbip_dsp48e1_wrapper_v3_0_HD9
INFO: [VRFC 10-311] analyzing module glbl
"xvhdl --incr --relax -prj tst_FIR5_vhdl.prj"
INFO: [USF-XSim-69] 'compile' step finished in '2' seconds
INFO: [USF-XSim-3] XSim::Elaborate design
INFO: [USF-XSim-61] Executing 'ELABORATE' step in 'C:/Users/Thomas/Desktop/TP_MISTRE/TP_FPGA/TP2/FIR5_timings_vivado_2020_2/FIR5_timings_vivado_2020_2.sim/sim_1/impl/timing/xsim'
"xelab -wto ec7d2ab17a264b10bcf7ee4e7f07da05 --incr --debug typical --relax --mt 2 --maxdelay -L xil_defaultlib -L simprims_ver -L secureip --snapshot tst_FIR5_time_impl -transport_int_delays -pulse_r 0 -pulse_int_r 0 -pulse_e 0 -pulse_int_e 0 xil_defaultlib.tst_FIR5 xil_defaultlib.glbl -log elaborate.log"
Vivado Simulator 2020.2
Copyright 1986-1999, 2001-2020 Xilinx, Inc. All Rights Reserved.
Running: C:/Xilinx/Vivado/2020.2/bin/unwrapped/win64.o/xelab.exe -wto ec7d2ab17a264b10bcf7ee4e7f07da05 --incr --debug typical --relax --mt 2 --maxdelay -L xil_defaultlib -L simprims_ver -L secureip --snapshot tst_FIR5_time_impl -transport_int_delays -pulse_r 0 -pulse_int_r 0 -pulse_e 0 -pulse_int_e 0 xil_defaultlib.tst_FIR5 xil_defaultlib.glbl -log elaborate.log 
Using 2 slave threads.
Starting static elaboration
Pass Through NonSizing Optimizer
Completed static elaboration
Starting simulation data flow analysis
Completed simulation data flow analysis
INFO: [XSIM 43-3451] SDF backannotation process started with SDF file "tst_FIR5_time_impl.sdf", for root module "tst_FIR5/UUT".
INFO: [XSIM 43-3452] SDF backannotation was successful for SDF file "tst_FIR5_time_impl.sdf", for root module "tst_FIR5/UUT".
Time Resolution for simulation is 1ps
Compiling package std.standard
Compiling package std.textio
Compiling package ieee.std_logic_1164
Compiling package ieee.numeric_std
Compiling package vl.vl_types
Compiling module xil_defaultlib.glbl
Compiling module simprims_ver.FDRE_default
Compiling module simprims_ver.DSP48E1(ACASCREG=0,ADREG=0,ALUMO...
Compiling module xil_defaultlib.dsp_mult16
Compiling module xil_defaultlib.dsp_mult16_HD5
Compiling module xil_defaultlib.dsp_mult16_HD10
Compiling module xil_defaultlib.dsp_mult16_HD15
Compiling module xil_defaultlib.dsp_mult16_HD20
Compiling module simprims_ver.BUFG
Compiling module simprims_ver.IBUF
Compiling module simprims_ver.LUT4
Compiling module simprims_ver.x_lut3_mux8
Compiling module simprims_ver.LUT3
Compiling module simprims_ver.LUT6
Compiling module simprims_ver.LUT5(INIT=32'b011010011001011010...
Compiling module simprims_ver.OBUF
Compiling module simprims_ver.CARRY4
Compiling module xil_defaultlib.FIR5
Compiling architecture testbench of entity xil_defaultlib.tst_fir5
Built simulation snapshot tst_FIR5_time_impl
run_program: Time (s): cpu = 00:00:00 ; elapsed = 00:00:08 . Memory (MB): peak = 2889.426 ; gain = 0.000
INFO: [USF-XSim-69] 'elaborate' step finished in '8' seconds
INFO: [USF-XSim-4] XSim::Simulate design
INFO: [USF-XSim-61] Executing 'SIMULATE' step in 'C:/Users/Thomas/Desktop/TP_MISTRE/TP_FPGA/TP2/FIR5_timings_vivado_2020_2/FIR5_timings_vivado_2020_2.sim/sim_1/impl/timing/xsim'
INFO: [USF-XSim-98] *** Running xsim
   with args "tst_FIR5_time_impl -key {Post-Implementation:sim_1:Timing:tst_FIR5} -tclbatch {tst_FIR5.tcl} -view {C:/Users/Thomas/Desktop/TP_MISTRE/TP_FPGA/TP2/FIR5_timings_vivado_2020_2/tst_FIR5_time_synth.wcfg} -log {simulate.log}"
INFO: [USF-XSim-8] Loading simulator feature
Vivado Simulator 2020.2
Time resolution is 1 ps
open_wave_config C:/Users/Thomas/Desktop/TP_MISTRE/TP_FPGA/TP2/FIR5_timings_vivado_2020_2/tst_FIR5_time_synth.wcfg
source tst_FIR5.tcl
# set curr_wave [current_wave_config]
# if { [string length $curr_wave] == 0 } {
#   if { [llength [get_objects]] > 0} {
#     add_wave /
#     set_property needs_save false [current_wave_config]
#   } else {
#      send_msg_id Add_Wave-1 WARNING "No top level signals found. Simulator will start without a wave window. If you want to open a wave window go to 'File->New Waveform Configuration' or type 'create_wave_config' in the TCL console."
#   }
# }
# run 1000ns
Failure: Test stab @ 140ns failed
Time: 140 ns  Iteration: 0  Process: /tst_FIR5/self_test  File: C:/Users/Thomas/Desktop/TP_MISTRE/TP_FPGA/TP2/FIR5_timings_vivado_2020_2/FIR5_timings_vivado_2020_2.srcs/sources_1/imports/FIR5_Timing/tst_FIR5.vhd
$finish called at time : 140 ns : File "C:/Users/Thomas/Desktop/TP_MISTRE/TP_FPGA/TP2/FIR5_timings_vivado_2020_2/FIR5_timings_vivado_2020_2.srcs/sources_1/imports/FIR5_Timing/tst_FIR5.vhd" Line 56
INFO: [USF-XSim-96] XSim completed. Design snapshot 'tst_FIR5_time_impl' loaded.
INFO: [USF-XSim-97] XSim simulation ran for 1000ns
launch_simulation: Time (s): cpu = 00:00:07 ; elapsed = 00:00:16 . Memory (MB): peak = 2889.426 ; gain = 1.738
relaunch_sim
Command: launch_simulation -simset sim_1 -mode post-implementation -type timing
INFO: [Vivado 12-5698] Checking validity of IPs in the design for the 'XSim' simulator...
INFO: [Vivado 12-5682] Launching post-implementation timing simulation in 'C:/Users/Thomas/Desktop/TP_MISTRE/TP_FPGA/TP2/FIR5_timings_vivado_2020_2/FIR5_timings_vivado_2020_2.sim/sim_1/impl/timing/xsim'
INFO: [Vivado 12-4795] Using compiled simulation libraries for IPs
INFO: [SIM-utils-51] Simulation object is 'sim_1'
INFO: [SIM-utils-20] The target language is set to VHDL, it is not supported for simulation type 'timing', using Verilog instead.
INFO: [SIM-utils-31] Writing simulation netlist file for design 'impl_1'...
INFO: [SIM-utils-32] write_verilog -mode timesim -nolib -sdf_anno true -force -file "C:/Users/Thomas/Desktop/TP_MISTRE/TP_FPGA/TP2/FIR5_timings_vivado_2020_2/FIR5_timings_vivado_2020_2.sim/sim_1/impl/timing/xsim/tst_FIR5_time_impl.v"
INFO: [SIM-utils-34] Writing SDF file...
INFO: [SIM-utils-35] write_sdf -mode timesim -process_corner fast -force -file "C:/Users/Thomas/Desktop/TP_MISTRE/TP_FPGA/TP2/FIR5_timings_vivado_2020_2/FIR5_timings_vivado_2020_2.sim/sim_1/impl/timing/xsim/tst_FIR5_time_impl.sdf"
INFO: [SIM-utils-36] Netlist generated:C:/Users/Thomas/Desktop/TP_MISTRE/TP_FPGA/TP2/FIR5_timings_vivado_2020_2/FIR5_timings_vivado_2020_2.sim/sim_1/impl/timing/xsim/tst_FIR5_time_impl.v
INFO: [SIM-utils-37] SDF generated:C:/Users/Thomas/Desktop/TP_MISTRE/TP_FPGA/TP2/FIR5_timings_vivado_2020_2/FIR5_timings_vivado_2020_2.sim/sim_1/impl/timing/xsim/tst_FIR5_time_impl.sdf
INFO: [USF-XSim-7] Finding pre-compiled libraries...
INFO: [USF-XSim-11] File 'C:/Xilinx/Vivado/2020.2/data/xsim/xsim.ini' copied to run dir:'C:/Users/Thomas/Desktop/TP_MISTRE/TP_FPGA/TP2/FIR5_timings_vivado_2020_2/FIR5_timings_vivado_2020_2.sim/sim_1/impl/timing/xsim'
INFO: [SIM-utils-54] Inspecting design source files for 'tst_FIR5' in fileset 'sim_1'...
INFO: [USF-XSim-2] XSim::Compile design
INFO: [USF-XSim-61] Executing 'COMPILE and ANALYZE' step in 'C:/Users/Thomas/Desktop/TP_MISTRE/TP_FPGA/TP2/FIR5_timings_vivado_2020_2/FIR5_timings_vivado_2020_2.sim/sim_1/impl/timing/xsim'
"xvlog --incr --relax -prj tst_FIR5_vlog.prj"
INFO: [VRFC 10-2263] Analyzing Verilog file "C:/Users/Thomas/Desktop/TP_MISTRE/TP_FPGA/TP2/FIR5_timings_vivado_2020_2/FIR5_timings_vivado_2020_2.sim/sim_1/impl/timing/xsim/tst_FIR5_time_impl.v" into library xil_defaultlib
INFO: [VRFC 10-311] analyzing module FIR5
INFO: [VRFC 10-311] analyzing module dsp_mult16
INFO: [VRFC 10-311] analyzing module dsp_mult16_HD10
INFO: [VRFC 10-311] analyzing module dsp_mult16_HD15
INFO: [VRFC 10-311] analyzing module dsp_mult16_HD20
INFO: [VRFC 10-311] analyzing module dsp_mult16_HD5
INFO: [VRFC 10-311] analyzing module dsp_mult16_dsp_macro_v1_0_1
INFO: [VRFC 10-311] analyzing module dsp_mult16_dsp_macro_v1_0_1_HD11
INFO: [VRFC 10-311] analyzing module dsp_mult16_dsp_macro_v1_0_1_HD16
INFO: [VRFC 10-311] analyzing module dsp_mult16_dsp_macro_v1_0_1_HD21
INFO: [VRFC 10-311] analyzing module dsp_mult16_dsp_macro_v1_0_1_HD6
INFO: [VRFC 10-311] analyzing module dsp_mult16_dsp_macro_synth
INFO: [VRFC 10-311] analyzing module dsp_mult16_dsp_macro_synth_HD13
INFO: [VRFC 10-311] analyzing module dsp_mult16_dsp_macro_synth_HD18
INFO: [VRFC 10-311] analyzing module dsp_mult16_dsp_macro_synth_HD23
INFO: [VRFC 10-311] analyzing module dsp_mult16_dsp_macro_synth_HD8
INFO: [VRFC 10-311] analyzing module dsp_mult16_dsp_macro_v1_0_1_viv
INFO: [VRFC 10-311] analyzing module dsp_mult16_dsp_macro_v1_0_1_viv_HD12
INFO: [VRFC 10-311] analyzing module dsp_mult16_dsp_macro_v1_0_1_viv_HD17
INFO: [VRFC 10-311] analyzing module dsp_mult16_dsp_macro_v1_0_1_viv_HD22
INFO: [VRFC 10-311] analyzing module dsp_mult16_dsp_macro_v1_0_1_viv_HD7
INFO: [VRFC 10-311] analyzing module dsp_mult16_xbip_dsp48e1_wrapper_v3_0
INFO: [VRFC 10-311] analyzing module dsp_mult16_xbip_dsp48e1_wrapper_v3_0_HD14
INFO: [VRFC 10-311] analyzing module dsp_mult16_xbip_dsp48e1_wrapper_v3_0_HD19
INFO: [VRFC 10-311] analyzing module dsp_mult16_xbip_dsp48e1_wrapper_v3_0_HD24
INFO: [VRFC 10-311] analyzing module dsp_mult16_xbip_dsp48e1_wrapper_v3_0_HD9
INFO: [VRFC 10-311] analyzing module glbl
"xvhdl --incr --relax -prj tst_FIR5_vhdl.prj"
INFO: [VRFC 10-163] Analyzing VHDL file "C:/Users/Thomas/Desktop/TP_MISTRE/TP_FPGA/TP2/FIR5_timings_vivado_2020_2/FIR5_timings_vivado_2020_2.srcs/sources_1/imports/FIR5_Timing/tst_FIR5.vhd" into library xil_defaultlib
INFO: [VRFC 10-3107] analyzing entity 'tst_FIR5'
INFO: [USF-XSim-69] 'compile' step finished in '1' seconds
Command: launch_simulation -simset sim_1 -mode post-implementation -type timing
INFO: [Vivado 12-5698] Checking validity of IPs in the design for the 'XSim' simulator...
INFO: [Vivado 12-5682] Launching post-implementation timing simulation in 'C:/Users/Thomas/Desktop/TP_MISTRE/TP_FPGA/TP2/FIR5_timings_vivado_2020_2/FIR5_timings_vivado_2020_2.sim/sim_1/impl/timing/xsim'
INFO: [Vivado 12-4795] Using compiled simulation libraries for IPs
INFO: [USF-XSim-3] XSim::Elaborate design
INFO: [USF-XSim-61] Executing 'ELABORATE' step in 'C:/Users/Thomas/Desktop/TP_MISTRE/TP_FPGA/TP2/FIR5_timings_vivado_2020_2/FIR5_timings_vivado_2020_2.sim/sim_1/impl/timing/xsim'
"xelab -wto ec7d2ab17a264b10bcf7ee4e7f07da05 --incr --debug typical --relax --mt 2 --maxdelay -L xil_defaultlib -L simprims_ver -L secureip --snapshot tst_FIR5_time_impl -transport_int_delays -pulse_r 0 -pulse_int_r 0 -pulse_e 0 -pulse_int_e 0 xil_defaultlib.tst_FIR5 xil_defaultlib.glbl -log elaborate.log"
Vivado Simulator 2020.2
Copyright 1986-1999, 2001-2020 Xilinx, Inc. All Rights Reserved.
Running: C:/Xilinx/Vivado/2020.2/bin/unwrapped/win64.o/xelab.exe -wto ec7d2ab17a264b10bcf7ee4e7f07da05 --incr --debug typical --relax --mt 2 --maxdelay -L xil_defaultlib -L simprims_ver -L secureip --snapshot tst_FIR5_time_impl -transport_int_delays -pulse_r 0 -pulse_int_r 0 -pulse_e 0 -pulse_int_e 0 xil_defaultlib.tst_FIR5 xil_defaultlib.glbl -log elaborate.log 
Using 2 slave threads.
Starting static elaboration
Pass Through NonSizing Optimizer
Completed static elaboration
Starting simulation data flow analysis
Completed simulation data flow analysis
INFO: [XSIM 43-3451] SDF backannotation process started with SDF file "tst_FIR5_time_impl.sdf", for root module "tst_FIR5/UUT".
INFO: [XSIM 43-3452] SDF backannotation was successful for SDF file "tst_FIR5_time_impl.sdf", for root module "tst_FIR5/UUT".
Time Resolution for simulation is 1ps
Compiling package std.standard
Compiling package std.textio
Compiling package ieee.std_logic_1164
Compiling package ieee.numeric_std
Compiling package vl.vl_types
Compiling module xil_defaultlib.glbl
Compiling module simprims_ver.FDRE_default
Compiling module simprims_ver.DSP48E1(ACASCREG=0,ADREG=0,ALUMO...
Compiling module xil_defaultlib.dsp_mult16
Compiling module xil_defaultlib.dsp_mult16_HD5
Compiling module xil_defaultlib.dsp_mult16_HD10
Compiling module xil_defaultlib.dsp_mult16_HD15
Compiling module xil_defaultlib.dsp_mult16_HD20
Compiling module simprims_ver.BUFG
Compiling module simprims_ver.IBUF
Compiling module simprims_ver.LUT4
Compiling module simprims_ver.x_lut3_mux8
Compiling module simprims_ver.LUT3
Compiling module simprims_ver.LUT6
Compiling module simprims_ver.LUT5(INIT=32'b011010011001011010...
Compiling module simprims_ver.OBUF
Compiling module simprims_ver.CARRY4
Compiling module xil_defaultlib.FIR5
Compiling architecture testbench of entity xil_defaultlib.tst_fir5
Built simulation snapshot tst_FIR5_time_impl
run_program: Time (s): cpu = 00:00:00 ; elapsed = 00:00:06 . Memory (MB): peak = 2946.297 ; gain = 0.000
INFO: [USF-XSim-69] 'elaborate' step finished in '6' seconds
launch_simulation: Time (s): cpu = 00:00:00 ; elapsed = 00:00:06 . Memory (MB): peak = 2946.297 ; gain = 0.000
Vivado Simulator 2020.2
Time resolution is 1 ps
relaunch_sim: Time (s): cpu = 00:00:02 ; elapsed = 00:00:13 . Memory (MB): peak = 2946.586 ; gain = 0.289
relaunch_sim
Command: launch_simulation -simset sim_1 -mode post-implementation -type timing
INFO: [Vivado 12-5698] Checking validity of IPs in the design for the 'XSim' simulator...
INFO: [Vivado 12-5682] Launching post-implementation timing simulation in 'C:/Users/Thomas/Desktop/TP_MISTRE/TP_FPGA/TP2/FIR5_timings_vivado_2020_2/FIR5_timings_vivado_2020_2.sim/sim_1/impl/timing/xsim'
INFO: [Vivado 12-4795] Using compiled simulation libraries for IPs
INFO: [SIM-utils-51] Simulation object is 'sim_1'
INFO: [SIM-utils-20] The target language is set to VHDL, it is not supported for simulation type 'timing', using Verilog instead.
INFO: [SIM-utils-31] Writing simulation netlist file for design 'impl_1'...
INFO: [SIM-utils-32] write_verilog -mode timesim -nolib -sdf_anno true -force -file "C:/Users/Thomas/Desktop/TP_MISTRE/TP_FPGA/TP2/FIR5_timings_vivado_2020_2/FIR5_timings_vivado_2020_2.sim/sim_1/impl/timing/xsim/tst_FIR5_time_impl.v"
INFO: [SIM-utils-34] Writing SDF file...
INFO: [SIM-utils-35] write_sdf -mode timesim -process_corner fast -force -file "C:/Users/Thomas/Desktop/TP_MISTRE/TP_FPGA/TP2/FIR5_timings_vivado_2020_2/FIR5_timings_vivado_2020_2.sim/sim_1/impl/timing/xsim/tst_FIR5_time_impl.sdf"
INFO: [SIM-utils-36] Netlist generated:C:/Users/Thomas/Desktop/TP_MISTRE/TP_FPGA/TP2/FIR5_timings_vivado_2020_2/FIR5_timings_vivado_2020_2.sim/sim_1/impl/timing/xsim/tst_FIR5_time_impl.v
INFO: [SIM-utils-37] SDF generated:C:/Users/Thomas/Desktop/TP_MISTRE/TP_FPGA/TP2/FIR5_timings_vivado_2020_2/FIR5_timings_vivado_2020_2.sim/sim_1/impl/timing/xsim/tst_FIR5_time_impl.sdf
INFO: [USF-XSim-7] Finding pre-compiled libraries...
INFO: [USF-XSim-11] File 'C:/Xilinx/Vivado/2020.2/data/xsim/xsim.ini' copied to run dir:'C:/Users/Thomas/Desktop/TP_MISTRE/TP_FPGA/TP2/FIR5_timings_vivado_2020_2/FIR5_timings_vivado_2020_2.sim/sim_1/impl/timing/xsim'
INFO: [SIM-utils-54] Inspecting design source files for 'tst_FIR5' in fileset 'sim_1'...
INFO: [USF-XSim-2] XSim::Compile design
INFO: [USF-XSim-61] Executing 'COMPILE and ANALYZE' step in 'C:/Users/Thomas/Desktop/TP_MISTRE/TP_FPGA/TP2/FIR5_timings_vivado_2020_2/FIR5_timings_vivado_2020_2.sim/sim_1/impl/timing/xsim'
"xvlog --incr --relax -prj tst_FIR5_vlog.prj"
INFO: [VRFC 10-2263] Analyzing Verilog file "C:/Users/Thomas/Desktop/TP_MISTRE/TP_FPGA/TP2/FIR5_timings_vivado_2020_2/FIR5_timings_vivado_2020_2.sim/sim_1/impl/timing/xsim/tst_FIR5_time_impl.v" into library xil_defaultlib
INFO: [VRFC 10-311] analyzing module FIR5
INFO: [VRFC 10-311] analyzing module dsp_mult16
INFO: [VRFC 10-311] analyzing module dsp_mult16_HD10
INFO: [VRFC 10-311] analyzing module dsp_mult16_HD15
INFO: [VRFC 10-311] analyzing module dsp_mult16_HD20
INFO: [VRFC 10-311] analyzing module dsp_mult16_HD5
INFO: [VRFC 10-311] analyzing module dsp_mult16_dsp_macro_v1_0_1
INFO: [VRFC 10-311] analyzing module dsp_mult16_dsp_macro_v1_0_1_HD11
INFO: [VRFC 10-311] analyzing module dsp_mult16_dsp_macro_v1_0_1_HD16
INFO: [VRFC 10-311] analyzing module dsp_mult16_dsp_macro_v1_0_1_HD21
INFO: [VRFC 10-311] analyzing module dsp_mult16_dsp_macro_v1_0_1_HD6
INFO: [VRFC 10-311] analyzing module dsp_mult16_dsp_macro_synth
INFO: [VRFC 10-311] analyzing module dsp_mult16_dsp_macro_synth_HD13
INFO: [VRFC 10-311] analyzing module dsp_mult16_dsp_macro_synth_HD18
INFO: [VRFC 10-311] analyzing module dsp_mult16_dsp_macro_synth_HD23
INFO: [VRFC 10-311] analyzing module dsp_mult16_dsp_macro_synth_HD8
INFO: [VRFC 10-311] analyzing module dsp_mult16_dsp_macro_v1_0_1_viv
INFO: [VRFC 10-311] analyzing module dsp_mult16_dsp_macro_v1_0_1_viv_HD12
INFO: [VRFC 10-311] analyzing module dsp_mult16_dsp_macro_v1_0_1_viv_HD17
INFO: [VRFC 10-311] analyzing module dsp_mult16_dsp_macro_v1_0_1_viv_HD22
INFO: [VRFC 10-311] analyzing module dsp_mult16_dsp_macro_v1_0_1_viv_HD7
INFO: [VRFC 10-311] analyzing module dsp_mult16_xbip_dsp48e1_wrapper_v3_0
INFO: [VRFC 10-311] analyzing module dsp_mult16_xbip_dsp48e1_wrapper_v3_0_HD14
INFO: [VRFC 10-311] analyzing module dsp_mult16_xbip_dsp48e1_wrapper_v3_0_HD19
INFO: [VRFC 10-311] analyzing module dsp_mult16_xbip_dsp48e1_wrapper_v3_0_HD24
INFO: [VRFC 10-311] analyzing module dsp_mult16_xbip_dsp48e1_wrapper_v3_0_HD9
INFO: [VRFC 10-311] analyzing module glbl
"xvhdl --incr --relax -prj tst_FIR5_vhdl.prj"
INFO: [USF-XSim-69] 'compile' step finished in '2' seconds
Command: launch_simulation -simset sim_1 -mode post-implementation -type timing
INFO: [Vivado 12-5698] Checking validity of IPs in the design for the 'XSim' simulator...
INFO: [Vivado 12-5682] Launching post-implementation timing simulation in 'C:/Users/Thomas/Desktop/TP_MISTRE/TP_FPGA/TP2/FIR5_timings_vivado_2020_2/FIR5_timings_vivado_2020_2.sim/sim_1/impl/timing/xsim'
INFO: [Vivado 12-4795] Using compiled simulation libraries for IPs
INFO: [USF-XSim-3] XSim::Elaborate design
INFO: [USF-XSim-61] Executing 'ELABORATE' step in 'C:/Users/Thomas/Desktop/TP_MISTRE/TP_FPGA/TP2/FIR5_timings_vivado_2020_2/FIR5_timings_vivado_2020_2.sim/sim_1/impl/timing/xsim'
"xelab -wto ec7d2ab17a264b10bcf7ee4e7f07da05 --incr --debug typical --relax --mt 2 --maxdelay -L xil_defaultlib -L simprims_ver -L secureip --snapshot tst_FIR5_time_impl -transport_int_delays -pulse_r 0 -pulse_int_r 0 -pulse_e 0 -pulse_int_e 0 xil_defaultlib.tst_FIR5 xil_defaultlib.glbl -log elaborate.log"
Vivado Simulator 2020.2
Copyright 1986-1999, 2001-2020 Xilinx, Inc. All Rights Reserved.
Running: C:/Xilinx/Vivado/2020.2/bin/unwrapped/win64.o/xelab.exe -wto ec7d2ab17a264b10bcf7ee4e7f07da05 --incr --debug typical --relax --mt 2 --maxdelay -L xil_defaultlib -L simprims_ver -L secureip --snapshot tst_FIR5_time_impl -transport_int_delays -pulse_r 0 -pulse_int_r 0 -pulse_e 0 -pulse_int_e 0 xil_defaultlib.tst_FIR5 xil_defaultlib.glbl -log elaborate.log 
Using 2 slave threads.
Starting static elaboration
Pass Through NonSizing Optimizer
Completed static elaboration
Starting simulation data flow analysis
Completed simulation data flow analysis
INFO: [XSIM 43-3451] SDF backannotation process started with SDF file "tst_FIR5_time_impl.sdf", for root module "tst_FIR5/UUT".
INFO: [XSIM 43-3452] SDF backannotation was successful for SDF file "tst_FIR5_time_impl.sdf", for root module "tst_FIR5/UUT".
Time Resolution for simulation is 1ps
Compiling package std.standard
Compiling package std.textio
Compiling package ieee.std_logic_1164
Compiling package ieee.numeric_std
Compiling package vl.vl_types
Compiling module xil_defaultlib.glbl
Compiling module simprims_ver.FDRE_default
Compiling module simprims_ver.DSP48E1(ACASCREG=0,ADREG=0,ALUMO...
Compiling module xil_defaultlib.dsp_mult16
Compiling module xil_defaultlib.dsp_mult16_HD5
Compiling module xil_defaultlib.dsp_mult16_HD10
Compiling module xil_defaultlib.dsp_mult16_HD15
Compiling module xil_defaultlib.dsp_mult16_HD20
Compiling module simprims_ver.BUFG
Compiling module simprims_ver.IBUF
Compiling module simprims_ver.LUT4
Compiling module simprims_ver.x_lut3_mux8
Compiling module simprims_ver.LUT3
Compiling module simprims_ver.LUT6
Compiling module simprims_ver.LUT5(INIT=32'b011010011001011010...
Compiling module simprims_ver.OBUF
Compiling module simprims_ver.CARRY4
Compiling module xil_defaultlib.FIR5
Compiling architecture testbench of entity xil_defaultlib.tst_fir5
Built simulation snapshot tst_FIR5_time_impl
run_program: Time (s): cpu = 00:00:00 ; elapsed = 00:00:06 . Memory (MB): peak = 2954.750 ; gain = 0.000
INFO: [USF-XSim-69] 'elaborate' step finished in '6' seconds
launch_simulation: Time (s): cpu = 00:00:00 ; elapsed = 00:00:06 . Memory (MB): peak = 2954.750 ; gain = 0.000
Vivado Simulator 2020.2
Time resolution is 1 ps
relaunch_sim: Time (s): cpu = 00:00:04 ; elapsed = 00:00:13 . Memory (MB): peak = 2955.148 ; gain = 0.398
save_wave_config {C:/Users/Thomas/Desktop/TP_MISTRE/TP_FPGA/TP2/FIR5_timings_vivado_2020_2/tst_FIR5_time_synth.wcfg}
close_sim
INFO: [Simtcl 6-16] Simulation closed
close_project
exit
INFO: [Common 17-206] Exiting Vivado at Tue Aug  4 13:05:31 2026...
