#-----------------------------------------------------------
# Vivado v2020.2 (64-bit)
# SW Build 3064766 on Wed Nov 18 09:12:45 MST 2020
# IP Build 3064653 on Wed Nov 18 14:17:31 MST 2020
# Start of session at: Thu Jul 30 07:00:42 2026
# Process ID: 18952
# Current directory: C:/Users/Thomas/Desktop/TP_MISTRE/TP_FPGA/TP2/FIR5_timings_vivado_2020_2
# Command line: vivado.exe -gui_launcher_event rodinguilauncherevent29932 C:\Users\Thomas\Desktop\TP_MISTRE\TP_FPGA\TP2\FIR5_timings_vivado_2020_2\FIR5_timings_vivado_2020_2.xpr
# Log file: C:/Users/Thomas/Desktop/TP_MISTRE/TP_FPGA/TP2/FIR5_timings_vivado_2020_2/vivado.log
# Journal file: C:/Users/Thomas/Desktop/TP_MISTRE/TP_FPGA/TP2/FIR5_timings_vivado_2020_2\vivado.jou
#-----------------------------------------------------------
start_gui
open_project C:/Users/Thomas/Desktop/TP_MISTRE/TP_FPGA/TP2/FIR5_timings_vivado_2020_2/FIR5_timings_vivado_2020_2.xpr
Scanning sources...
Finished scanning sources
INFO: [IP_Flow 19-234] Refreshing IP repositories
INFO: [IP_Flow 19-1704] No user IP repositories specified
INFO: [IP_Flow 19-2313] Loaded Vivado IP repository 'C:/Xilinx/Vivado/2020.2/data/ip'.
open_project: Time (s): cpu = 00:00:12 ; elapsed = 00:00:08 . Memory (MB): peak = 1081.801 ; gain = 0.000
update_compile_order -fileset sources_1
launch_simulation -mode post-synthesis -type timing
Command: launch_simulation -mode post-synthesis -type timing
INFO: [Vivado 12-5698] Checking validity of IPs in the design for the 'XSim' simulator...
INFO: [Vivado 12-5682] Launching post-synthesis timing simulation in 'C:/Users/Thomas/Desktop/TP_MISTRE/TP_FPGA/TP2/FIR5_timings_vivado_2020_2/FIR5_timings_vivado_2020_2.sim/sim_1/synth/timing/xsim'
INFO: [Vivado 12-4795] Using compiled simulation libraries for IPs
INFO: [SIM-utils-51] Simulation object is 'sim_1'
INFO: [SIM-utils-20] The target language is set to VHDL, it is not supported for simulation type 'timing', using Verilog instead.
Design is defaulting to impl run constrset: constrs_1
Design is defaulting to synth run part: xc7z020clg400-1
INFO: [Device 21-403] Loading part xc7z020clg400-1
INFO: [Project 1-454] Reading design checkpoint 'c:/Users/Thomas/Desktop/TP_MISTRE/TP_FPGA/TP2/FIR5_timings_vivado_2020_2/FIR5_timings_vivado_2020_2.gen/sources_1/ip/dsp_mult16/dsp_mult16.dcp' for cell 'Mult0'
Netlist sorting complete. Time (s): cpu = 00:00:00 ; elapsed = 00:00:00.009 . Memory (MB): peak = 1366.383 ; gain = 0.000
INFO: [Netlist 29-17] Analyzing 21 Unisim elements for replacement
INFO: [Netlist 29-28] Unisim Transformation completed in 0 CPU seconds
INFO: [Project 1-479] Netlist was created with Vivado 2020.2
INFO: [Project 1-570] Preparing netlist for logic optimization
Parsing XDC File [C:/Users/Thomas/Desktop/TP_MISTRE/TP_FPGA/TP2/FIR5_timings_vivado_2020_2/FIR5_timings_vivado_2020_2.srcs/constrs_1/imports/Zybo/Zybo-Z7-Master.xdc]
Finished Parsing XDC File [C:/Users/Thomas/Desktop/TP_MISTRE/TP_FPGA/TP2/FIR5_timings_vivado_2020_2/FIR5_timings_vivado_2020_2.srcs/constrs_1/imports/Zybo/Zybo-Z7-Master.xdc]
INFO: [Opt 31-138] Pushed 0 inverter(s) to 0 load pin(s).
Netlist sorting complete. Time (s): cpu = 00:00:00 ; elapsed = 00:00:00 . Memory (MB): peak = 1466.637 ; gain = 0.000
INFO: [Project 1-111] Unisim Transformation Summary:
No Unisim elements were transformed.

open_run: Time (s): cpu = 00:00:09 ; elapsed = 00:00:12 . Memory (MB): peak = 1636.641 ; gain = 554.840
INFO: [SIM-utils-24] Writing simulation netlist file for design 'synth_1'...
INFO: [SIM-utils-25] write_verilog -mode timesim -nolib -sdf_anno true -force -file "C:/Users/Thomas/Desktop/TP_MISTRE/TP_FPGA/TP2/FIR5_timings_vivado_2020_2/FIR5_timings_vivado_2020_2.sim/sim_1/synth/timing/xsim/tst_FIR5_time_synth.v"
INFO: [SIM-utils-27] Writing SDF file...
INFO: [SIM-utils-28] write_sdf -mode timesim -process_corner slow -force -file "C:/Users/Thomas/Desktop/TP_MISTRE/TP_FPGA/TP2/FIR5_timings_vivado_2020_2/FIR5_timings_vivado_2020_2.sim/sim_1/synth/timing/xsim/tst_FIR5_time_synth.sdf"
write_sdf: Time (s): cpu = 00:00:05 ; elapsed = 00:00:05 . Memory (MB): peak = 2072.695 ; gain = 372.875
INFO: [SIM-utils-36] Netlist generated:C:/Users/Thomas/Desktop/TP_MISTRE/TP_FPGA/TP2/FIR5_timings_vivado_2020_2/FIR5_timings_vivado_2020_2.sim/sim_1/synth/timing/xsim/tst_FIR5_time_synth.v
INFO: [SIM-utils-37] SDF generated:C:/Users/Thomas/Desktop/TP_MISTRE/TP_FPGA/TP2/FIR5_timings_vivado_2020_2/FIR5_timings_vivado_2020_2.sim/sim_1/synth/timing/xsim/tst_FIR5_time_synth.sdf
INFO: [USF-XSim-7] Finding pre-compiled libraries...
INFO: [USF-XSim-11] File 'C:/Xilinx/Vivado/2020.2/data/xsim/xsim.ini' copied to run dir:'C:/Users/Thomas/Desktop/TP_MISTRE/TP_FPGA/TP2/FIR5_timings_vivado_2020_2/FIR5_timings_vivado_2020_2.sim/sim_1/synth/timing/xsim'
INFO: [SIM-utils-54] Inspecting design source files for 'tst_FIR5' in fileset 'sim_1'...
INFO: [USF-XSim-2] XSim::Compile design
INFO: [USF-XSim-61] Executing 'COMPILE and ANALYZE' step in 'C:/Users/Thomas/Desktop/TP_MISTRE/TP_FPGA/TP2/FIR5_timings_vivado_2020_2/FIR5_timings_vivado_2020_2.sim/sim_1/synth/timing/xsim'
"xvlog --incr --relax -prj tst_FIR5_vlog.prj"
INFO: [VRFC 10-2263] Analyzing Verilog file "C:/Users/Thomas/Desktop/TP_MISTRE/TP_FPGA/TP2/FIR5_timings_vivado_2020_2/FIR5_timings_vivado_2020_2.sim/sim_1/synth/timing/xsim/tst_FIR5_time_synth.v" into library xil_defaultlib
INFO: [VRFC 10-311] analyzing module FIR5
INFO: [VRFC 10-311] analyzing module dsp_mult16
INFO: [VRFC 10-311] analyzing module dsp_mult16_HD10
INFO: [VRFC 10-311] analyzing module dsp_mult16_HD15
INFO: [VRFC 10-311] analyzing module dsp_mult16_HD20
INFO: [VRFC 10-311] analyzing module dsp_mult16_HD5
INFO: [VRFC 10-311] analyzing module dsp_mult16_dsp_macro_v1_0_1
INFO: [VRFC 10-311] analyzing module dsp_mult16_dsp_macro_v1_0_1_HD11
INFO: [VRFC 10-311] analyzing module dsp_mult16_dsp_macro_v1_0_1_HD16
INFO: [VRFC 10-311] analyzing module dsp_mult16_dsp_macro_v1_0_1_HD21
INFO: [VRFC 10-311] analyzing module dsp_mult16_dsp_macro_v1_0_1_HD6
INFO: [VRFC 10-311] analyzing module dsp_mult16_dsp_macro_synth
INFO: [VRFC 10-311] analyzing module dsp_mult16_dsp_macro_synth_HD13
INFO: [VRFC 10-311] analyzing module dsp_mult16_dsp_macro_synth_HD18
INFO: [VRFC 10-311] analyzing module dsp_mult16_dsp_macro_synth_HD23
INFO: [VRFC 10-311] analyzing module dsp_mult16_dsp_macro_synth_HD8
INFO: [VRFC 10-311] analyzing module dsp_mult16_dsp_macro_v1_0_1_viv
INFO: [VRFC 10-311] analyzing module dsp_mult16_dsp_macro_v1_0_1_viv_HD12
INFO: [VRFC 10-311] analyzing module dsp_mult16_dsp_macro_v1_0_1_viv_HD17
INFO: [VRFC 10-311] analyzing module dsp_mult16_dsp_macro_v1_0_1_viv_HD22
INFO: [VRFC 10-311] analyzing module dsp_mult16_dsp_macro_v1_0_1_viv_HD7
INFO: [VRFC 10-311] analyzing module dsp_mult16_xbip_dsp48e1_wrapper_v3_0
INFO: [VRFC 10-311] analyzing module dsp_mult16_xbip_dsp48e1_wrapper_v3_0_HD14
INFO: [VRFC 10-311] analyzing module dsp_mult16_xbip_dsp48e1_wrapper_v3_0_HD19
INFO: [VRFC 10-311] analyzing module dsp_mult16_xbip_dsp48e1_wrapper_v3_0_HD24
INFO: [VRFC 10-311] analyzing module dsp_mult16_xbip_dsp48e1_wrapper_v3_0_HD9
INFO: [VRFC 10-311] analyzing module glbl
"xvhdl --incr --relax -prj tst_FIR5_vhdl.prj"
INFO: [USF-XSim-69] 'compile' step finished in '1' seconds
INFO: [USF-XSim-3] XSim::Elaborate design
INFO: [USF-XSim-61] Executing 'ELABORATE' step in 'C:/Users/Thomas/Desktop/TP_MISTRE/TP_FPGA/TP2/FIR5_timings_vivado_2020_2/FIR5_timings_vivado_2020_2.sim/sim_1/synth/timing/xsim'
"xelab -wto ec7d2ab17a264b10bcf7ee4e7f07da05 --incr --debug typical --relax --mt 2 --maxdelay -L xil_defaultlib -L simprims_ver -L secureip --snapshot tst_FIR5_time_synth -transport_int_delays -pulse_r 0 -pulse_int_r 0 -pulse_e 0 -pulse_int_e 0 xil_defaultlib.tst_FIR5 xil_defaultlib.glbl -log elaborate.log"
Vivado Simulator 2020.2
Copyright 1986-1999, 2001-2020 Xilinx, Inc. All Rights Reserved.
Running: C:/Xilinx/Vivado/2020.2/bin/unwrapped/win64.o/xelab.exe -wto ec7d2ab17a264b10bcf7ee4e7f07da05 --incr --debug typical --relax --mt 2 --maxdelay -L xil_defaultlib -L simprims_ver -L secureip --snapshot tst_FIR5_time_synth -transport_int_delays -pulse_r 0 -pulse_int_r 0 -pulse_e 0 -pulse_int_e 0 xil_defaultlib.tst_FIR5 xil_defaultlib.glbl -log elaborate.log 
Using 2 slave threads.
Starting static elaboration
Pass Through NonSizing Optimizer
Completed static elaboration
Starting simulation data flow analysis
Completed simulation data flow analysis
INFO: [XSIM 43-3451] SDF backannotation process started with SDF file "tst_FIR5_time_synth.sdf", for root module "tst_FIR5/UUT".
INFO: [XSIM 43-3452] SDF backannotation was successful for SDF file "tst_FIR5_time_synth.sdf", for root module "tst_FIR5/UUT".
Time Resolution for simulation is 1ps
Compiling package std.standard
Compiling package std.textio
Compiling package ieee.std_logic_1164
Compiling package vl.vl_types
Compiling module xil_defaultlib.glbl
Compiling module simprims_ver.GND
Compiling module simprims_ver.DSP48E1(ACASCREG=0,ADREG=0,ALUMO...
Compiling module xil_defaultlib.dsp_mult16
Compiling module xil_defaultlib.dsp_mult16_HD5
Compiling module xil_defaultlib.dsp_mult16_HD10
Compiling module xil_defaultlib.dsp_mult16_HD15
Compiling module xil_defaultlib.dsp_mult16_HD20
Compiling module simprims_ver.BUFG
Compiling module simprims_ver.IBUF
Compiling module simprims_ver.FDRE_default
Compiling module simprims_ver.LUT4
Compiling module simprims_ver.x_lut3_mux8
Compiling module simprims_ver.LUT3
Compiling module simprims_ver.LUT6
Compiling module simprims_ver.OBUF
Compiling module simprims_ver.CARRY4
Compiling module xil_defaultlib.FIR5
Compiling architecture testbench of entity xil_defaultlib.tst_fir5
Built simulation snapshot tst_FIR5_time_synth
run_program: Time (s): cpu = 00:00:00 ; elapsed = 00:00:11 . Memory (MB): peak = 2072.695 ; gain = 0.000
INFO: [USF-XSim-69] 'elaborate' step finished in '12' seconds
INFO: [USF-XSim-4] XSim::Simulate design
INFO: [USF-XSim-61] Executing 'SIMULATE' step in 'C:/Users/Thomas/Desktop/TP_MISTRE/TP_FPGA/TP2/FIR5_timings_vivado_2020_2/FIR5_timings_vivado_2020_2.sim/sim_1/synth/timing/xsim'
INFO: [USF-XSim-98] *** Running xsim
   with args "tst_FIR5_time_synth -key {Post-Synthesis:sim_1:Timing:tst_FIR5} -tclbatch {tst_FIR5.tcl} -view {C:/Users/Thomas/Desktop/TP_MISTRE/TP_FPGA/TP2/FIR5_timings_vivado_2020_2/tst_FIR5_time_synth.wcfg} -log {simulate.log}"
INFO: [USF-XSim-8] Loading simulator feature
Vivado Simulator 2020.2
Time resolution is 1 ps
open_wave_config C:/Users/Thomas/Desktop/TP_MISTRE/TP_FPGA/TP2/FIR5_timings_vivado_2020_2/tst_FIR5_time_synth.wcfg
source tst_FIR5.tcl
# set curr_wave [current_wave_config]
# if { [string length $curr_wave] == 0 } {
#   if { [llength [get_objects]] > 0} {
#     add_wave /
#     set_property needs_save false [current_wave_config]
#   } else {
#      send_msg_id Add_Wave-1 WARNING "No top level signals found. Simulator will start without a wave window. If you want to open a wave window go to 'File->New Waveform Configuration' or type 'create_wave_config' in the TCL console."
#   }
# }
# run 1000ns
xsim: Time (s): cpu = 00:00:06 ; elapsed = 00:00:05 . Memory (MB): peak = 2194.059 ; gain = 121.363
INFO: [USF-XSim-96] XSim completed. Design snapshot 'tst_FIR5_time_synth' loaded.
INFO: [USF-XSim-97] XSim simulation ran for 1000ns
launch_simulation: Time (s): cpu = 00:00:27 ; elapsed = 00:00:40 . Memory (MB): peak = 2194.059 ; gain = 1112.258
restart
INFO: [Simtcl 6-17] Simulation restarted
run 1 us
save_wave_config {C:/Users/Thomas/Desktop/TP_MISTRE/TP_FPGA/TP2/FIR5_timings_vivado_2020_2/tst_FIR5_time_synth.wcfg}
synth_design -rtl -rtl_skip_mlo -name rtl_1
Command: synth_design -rtl -rtl_skip_mlo -name rtl_1
Starting synth_design
Using part: xc7z020clg400-1
Top: FIR5
---------------------------------------------------------------------------------
Starting RTL Elaboration : Time (s): cpu = 00:00:03 ; elapsed = 00:00:03 . Memory (MB): peak = 2677.066 ; gain = 213.527
---------------------------------------------------------------------------------
INFO: [Synth 8-638] synthesizing module 'FIR5' [C:/Users/Thomas/Desktop/TP_MISTRE/TP_FPGA/TP2/FIR5_timings_vivado_2020_2/FIR5_timings_vivado_2020_2.srcs/sources_1/imports/FIR5_Timing/FIR5.vhd:24]
INFO: [Synth 8-3491] module 'dsp_mult16' declared at 'C:/Users/Thomas/Desktop/TP_MISTRE/TP_FPGA/TP2/FIR5_timings_vivado_2020_2/.Xil/Vivado-18952-DESKTOP-9P149NQ/realtime/dsp_mult16_stub.vhdl:5' bound to instance 'Mult0' of component 'dsp_mult16' [C:/Users/Thomas/Desktop/TP_MISTRE/TP_FPGA/TP2/FIR5_timings_vivado_2020_2/FIR5_timings_vivado_2020_2.srcs/sources_1/imports/FIR5_Timing/FIR5.vhd:58]
INFO: [Synth 8-638] synthesizing module 'dsp_mult16' [C:/Users/Thomas/Desktop/TP_MISTRE/TP_FPGA/TP2/FIR5_timings_vivado_2020_2/.Xil/Vivado-18952-DESKTOP-9P149NQ/realtime/dsp_mult16_stub.vhdl:14]
INFO: [Synth 8-3491] module 'dsp_mult16' declared at 'C:/Users/Thomas/Desktop/TP_MISTRE/TP_FPGA/TP2/FIR5_timings_vivado_2020_2/.Xil/Vivado-18952-DESKTOP-9P149NQ/realtime/dsp_mult16_stub.vhdl:5' bound to instance 'Mult1' of component 'dsp_mult16' [C:/Users/Thomas/Desktop/TP_MISTRE/TP_FPGA/TP2/FIR5_timings_vivado_2020_2/FIR5_timings_vivado_2020_2.srcs/sources_1/imports/FIR5_Timing/FIR5.vhd:64]
INFO: [Synth 8-3491] module 'dsp_mult16' declared at 'C:/Users/Thomas/Desktop/TP_MISTRE/TP_FPGA/TP2/FIR5_timings_vivado_2020_2/.Xil/Vivado-18952-DESKTOP-9P149NQ/realtime/dsp_mult16_stub.vhdl:5' bound to instance 'Mult2' of component 'dsp_mult16' [C:/Users/Thomas/Desktop/TP_MISTRE/TP_FPGA/TP2/FIR5_timings_vivado_2020_2/FIR5_timings_vivado_2020_2.srcs/sources_1/imports/FIR5_Timing/FIR5.vhd:70]
INFO: [Synth 8-3491] module 'dsp_mult16' declared at 'C:/Users/Thomas/Desktop/TP_MISTRE/TP_FPGA/TP2/FIR5_timings_vivado_2020_2/.Xil/Vivado-18952-DESKTOP-9P149NQ/realtime/dsp_mult16_stub.vhdl:5' bound to instance 'Mult3' of component 'dsp_mult16' [C:/Users/Thomas/Desktop/TP_MISTRE/TP_FPGA/TP2/FIR5_timings_vivado_2020_2/FIR5_timings_vivado_2020_2.srcs/sources_1/imports/FIR5_Timing/FIR5.vhd:76]
INFO: [Synth 8-3491] module 'dsp_mult16' declared at 'C:/Users/Thomas/Desktop/TP_MISTRE/TP_FPGA/TP2/FIR5_timings_vivado_2020_2/.Xil/Vivado-18952-DESKTOP-9P149NQ/realtime/dsp_mult16_stub.vhdl:5' bound to instance 'Mult4' of component 'dsp_mult16' [C:/Users/Thomas/Desktop/TP_MISTRE/TP_FPGA/TP2/FIR5_timings_vivado_2020_2/FIR5_timings_vivado_2020_2.srcs/sources_1/imports/FIR5_Timing/FIR5.vhd:82]
INFO: [Synth 8-256] done synthesizing module 'FIR5' (1#1) [C:/Users/Thomas/Desktop/TP_MISTRE/TP_FPGA/TP2/FIR5_timings_vivado_2020_2/FIR5_timings_vivado_2020_2.srcs/sources_1/imports/FIR5_Timing/FIR5.vhd:24]
---------------------------------------------------------------------------------
Finished RTL Elaboration : Time (s): cpu = 00:00:04 ; elapsed = 00:00:04 . Memory (MB): peak = 2717.359 ; gain = 253.820
---------------------------------------------------------------------------------
---------------------------------------------------------------------------------
Start Handling Custom Attributes
---------------------------------------------------------------------------------
---------------------------------------------------------------------------------
Finished Handling Custom Attributes : Time (s): cpu = 00:00:04 ; elapsed = 00:00:05 . Memory (MB): peak = 2735.203 ; gain = 271.664
---------------------------------------------------------------------------------
---------------------------------------------------------------------------------
Finished RTL Optimization Phase 1 : Time (s): cpu = 00:00:04 ; elapsed = 00:00:05 . Memory (MB): peak = 2735.203 ; gain = 271.664
---------------------------------------------------------------------------------
INFO: [Project 1-454] Reading design checkpoint 'c:/Users/Thomas/Desktop/TP_MISTRE/TP_FPGA/TP2/FIR5_timings_vivado_2020_2/FIR5_timings_vivado_2020_2.gen/sources_1/ip/dsp_mult16/dsp_mult16.dcp' for cell 'Mult0'
Netlist sorting complete. Time (s): cpu = 00:00:00 ; elapsed = 00:00:00.016 . Memory (MB): peak = 2754.133 ; gain = 0.000
INFO: [Netlist 29-17] Analyzing 5 Unisim elements for replacement
INFO: [Netlist 29-28] Unisim Transformation completed in 0 CPU seconds
INFO: [Project 1-479] Netlist was created with Vivado 2020.2
INFO: [Project 1-570] Preparing netlist for logic optimization

Processing XDC Constraints
Initializing timing engine
Parsing XDC File [C:/Users/Thomas/Desktop/TP_MISTRE/TP_FPGA/TP2/FIR5_timings_vivado_2020_2/FIR5_timings_vivado_2020_2.srcs/constrs_1/imports/Zybo/Zybo-Z7-Master.xdc]
Finished Parsing XDC File [C:/Users/Thomas/Desktop/TP_MISTRE/TP_FPGA/TP2/FIR5_timings_vivado_2020_2/FIR5_timings_vivado_2020_2.srcs/constrs_1/imports/Zybo/Zybo-Z7-Master.xdc]
Completed Processing XDC Constraints

Netlist sorting complete. Time (s): cpu = 00:00:00 ; elapsed = 00:00:00 . Memory (MB): peak = 2799.414 ; gain = 0.000
INFO: [Project 1-111] Unisim Transformation Summary:
No Unisim elements were transformed.

RTL Elaboration Complete:  : Time (s): cpu = 00:00:08 ; elapsed = 00:00:08 . Memory (MB): peak = 2829.906 ; gain = 366.367
14 Infos, 0 Warnings, 0 Critical Warnings and 0 Errors encountered.
synth_design completed successfully
synth_design: Time (s): cpu = 00:00:08 ; elapsed = 00:00:08 . Memory (MB): peak = 2829.906 ; gain = 366.367
current_design synth_1
save_wave_config {C:/Users/Thomas/Desktop/TP_MISTRE/TP_FPGA/TP2/FIR5_timings_vivado_2020_2/tst_FIR5_time_synth.wcfg}
launch_runs impl_1 -jobs 28
INFO: [Timing 38-480] Writing timing data to binary archive.
Writing placer database...
Writing XDEF routing.
Writing XDEF routing logical nets.
Writing XDEF routing special nets.
Write XDEF Complete: Time (s): cpu = 00:00:00 ; elapsed = 00:00:00.037 . Memory (MB): peak = 2889.344 ; gain = 0.000
[Thu Jul 30 10:42:29 2026] Launched impl_1...
Run output will be captured here: C:/Users/Thomas/Desktop/TP_MISTRE/TP_FPGA/TP2/FIR5_timings_vivado_2020_2/FIR5_timings_vivado_2020_2.runs/impl_1/runme.log
open_run impl_1
Netlist sorting complete. Time (s): cpu = 00:00:00 ; elapsed = 00:00:00.008 . Memory (MB): peak = 2889.344 ; gain = 0.000
INFO: [Netlist 29-17] Analyzing 21 Unisim elements for replacement
INFO: [Netlist 29-28] Unisim Transformation completed in 0 CPU seconds
INFO: [Project 1-479] Netlist was created with Vivado 2020.2
INFO: [Project 1-570] Preparing netlist for logic optimization
INFO: [Timing 38-478] Restoring timing data from binary archive.
INFO: [Timing 38-479] Binary timing data restore complete.
INFO: [Project 1-856] Restoring constraints from binary archive.
INFO: [Project 1-853] Binary constraint restore complete.
Reading XDEF placement.
Reading placer database...
Reading XDEF routing.
Read XDEF File: Time (s): cpu = 00:00:00 ; elapsed = 00:00:00.047 . Memory (MB): peak = 2985.754 ; gain = 0.000
Restored from archive | CPU: 0.000000 secs | Memory: 0.000000 MB |
Finished XDEF File Restore: Time (s): cpu = 00:00:00 ; elapsed = 00:00:00.047 . Memory (MB): peak = 2985.754 ; gain = 0.000
Netlist sorting complete. Time (s): cpu = 00:00:00 ; elapsed = 00:00:00 . Memory (MB): peak = 2985.754 ; gain = 0.000
INFO: [Project 1-111] Unisim Transformation Summary:
No Unisim elements were transformed.

CRITICAL WARNING: [Timing 38-282] The design failed to meet the timing requirements. Please see the timing summary report for details on the timing violations.
current_design rtl_1
launch_simulation -mode post-implementation -type timing
Command: launch_simulation -mode post-implementation -type timing
INFO: [Vivado 12-5698] Checking validity of IPs in the design for the 'XSim' simulator...
INFO: [Vivado 12-5682] Launching post-implementation timing simulation in 'C:/Users/Thomas/Desktop/TP_MISTRE/TP_FPGA/TP2/FIR5_timings_vivado_2020_2/FIR5_timings_vivado_2020_2.sim/sim_1/impl/timing/xsim'
INFO: [Vivado 12-4795] Using compiled simulation libraries for IPs
INFO: [SIM-utils-51] Simulation object is 'sim_1'
INFO: [SIM-utils-20] The target language is set to VHDL, it is not supported for simulation type 'timing', using Verilog instead.
INFO: [SIM-utils-31] Writing simulation netlist file for design 'impl_1'...
INFO: [SIM-utils-32] write_verilog -mode timesim -nolib -sdf_anno true -force -file "C:/Users/Thomas/Desktop/TP_MISTRE/TP_FPGA/TP2/FIR5_timings_vivado_2020_2/FIR5_timings_vivado_2020_2.sim/sim_1/impl/timing/xsim/tst_FIR5_time_impl.v"
INFO: [SIM-utils-34] Writing SDF file...
INFO: [SIM-utils-35] write_sdf -mode timesim -process_corner slow -force -file "C:/Users/Thomas/Desktop/TP_MISTRE/TP_FPGA/TP2/FIR5_timings_vivado_2020_2/FIR5_timings_vivado_2020_2.sim/sim_1/impl/timing/xsim/tst_FIR5_time_impl.sdf"
INFO: [SIM-utils-36] Netlist generated:C:/Users/Thomas/Desktop/TP_MISTRE/TP_FPGA/TP2/FIR5_timings_vivado_2020_2/FIR5_timings_vivado_2020_2.sim/sim_1/impl/timing/xsim/tst_FIR5_time_impl.v
INFO: [SIM-utils-37] SDF generated:C:/Users/Thomas/Desktop/TP_MISTRE/TP_FPGA/TP2/FIR5_timings_vivado_2020_2/FIR5_timings_vivado_2020_2.sim/sim_1/impl/timing/xsim/tst_FIR5_time_impl.sdf
INFO: [USF-XSim-7] Finding pre-compiled libraries...
INFO: [USF-XSim-11] File 'C:/Xilinx/Vivado/2020.2/data/xsim/xsim.ini' copied to run dir:'C:/Users/Thomas/Desktop/TP_MISTRE/TP_FPGA/TP2/FIR5_timings_vivado_2020_2/FIR5_timings_vivado_2020_2.sim/sim_1/impl/timing/xsim'
INFO: [SIM-utils-54] Inspecting design source files for 'tst_FIR5' in fileset 'sim_1'...
INFO: [USF-XSim-2] XSim::Compile design
INFO: [USF-XSim-61] Executing 'COMPILE and ANALYZE' step in 'C:/Users/Thomas/Desktop/TP_MISTRE/TP_FPGA/TP2/FIR5_timings_vivado_2020_2/FIR5_timings_vivado_2020_2.sim/sim_1/impl/timing/xsim'
"xvlog --incr --relax -prj tst_FIR5_vlog.prj"
INFO: [VRFC 10-2263] Analyzing Verilog file "C:/Users/Thomas/Desktop/TP_MISTRE/TP_FPGA/TP2/FIR5_timings_vivado_2020_2/FIR5_timings_vivado_2020_2.sim/sim_1/impl/timing/xsim/tst_FIR5_time_impl.v" into library xil_defaultlib
INFO: [VRFC 10-311] analyzing module FIR5
INFO: [VRFC 10-311] analyzing module dsp_mult16
INFO: [VRFC 10-311] analyzing module dsp_mult16_HD10
INFO: [VRFC 10-311] analyzing module dsp_mult16_HD15
INFO: [VRFC 10-311] analyzing module dsp_mult16_HD20
INFO: [VRFC 10-311] analyzing module dsp_mult16_HD5
INFO: [VRFC 10-311] analyzing module dsp_mult16_dsp_macro_v1_0_1
INFO: [VRFC 10-311] analyzing module dsp_mult16_dsp_macro_v1_0_1_HD11
INFO: [VRFC 10-311] analyzing module dsp_mult16_dsp_macro_v1_0_1_HD16
INFO: [VRFC 10-311] analyzing module dsp_mult16_dsp_macro_v1_0_1_HD21
INFO: [VRFC 10-311] analyzing module dsp_mult16_dsp_macro_v1_0_1_HD6
INFO: [VRFC 10-311] analyzing module dsp_mult16_dsp_macro_synth
INFO: [VRFC 10-311] analyzing module dsp_mult16_dsp_macro_synth_HD13
INFO: [VRFC 10-311] analyzing module dsp_mult16_dsp_macro_synth_HD18
INFO: [VRFC 10-311] analyzing module dsp_mult16_dsp_macro_synth_HD23
INFO: [VRFC 10-311] analyzing module dsp_mult16_dsp_macro_synth_HD8
INFO: [VRFC 10-311] analyzing module dsp_mult16_dsp_macro_v1_0_1_viv
INFO: [VRFC 10-311] analyzing module dsp_mult16_dsp_macro_v1_0_1_viv_HD12
INFO: [VRFC 10-311] analyzing module dsp_mult16_dsp_macro_v1_0_1_viv_HD17
INFO: [VRFC 10-311] analyzing module dsp_mult16_dsp_macro_v1_0_1_viv_HD22
INFO: [VRFC 10-311] analyzing module dsp_mult16_dsp_macro_v1_0_1_viv_HD7
INFO: [VRFC 10-311] analyzing module dsp_mult16_xbip_dsp48e1_wrapper_v3_0
INFO: [VRFC 10-311] analyzing module dsp_mult16_xbip_dsp48e1_wrapper_v3_0_HD14
INFO: [VRFC 10-311] analyzing module dsp_mult16_xbip_dsp48e1_wrapper_v3_0_HD19
INFO: [VRFC 10-311] analyzing module dsp_mult16_xbip_dsp48e1_wrapper_v3_0_HD24
INFO: [VRFC 10-311] analyzing module dsp_mult16_xbip_dsp48e1_wrapper_v3_0_HD9
INFO: [VRFC 10-311] analyzing module glbl
"xvhdl --incr --relax -prj tst_FIR5_vhdl.prj"
INFO: [VRFC 10-163] Analyzing VHDL file "C:/Users/Thomas/Desktop/TP_MISTRE/TP_FPGA/TP2/FIR5_timings_vivado_2020_2/FIR5_timings_vivado_2020_2.srcs/sources_1/imports/FIR5_Timing/tst_FIR5.vhd" into library xil_defaultlib
INFO: [VRFC 10-3107] analyzing entity 'tst_FIR5'
INFO: [USF-XSim-69] 'compile' step finished in '2' seconds
INFO: [USF-XSim-3] XSim::Elaborate design
INFO: [USF-XSim-61] Executing 'ELABORATE' step in 'C:/Users/Thomas/Desktop/TP_MISTRE/TP_FPGA/TP2/FIR5_timings_vivado_2020_2/FIR5_timings_vivado_2020_2.sim/sim_1/impl/timing/xsim'
"xelab -wto ec7d2ab17a264b10bcf7ee4e7f07da05 --incr --debug typical --relax --mt 2 --maxdelay -L xil_defaultlib -L simprims_ver -L secureip --snapshot tst_FIR5_time_impl -transport_int_delays -pulse_r 0 -pulse_int_r 0 -pulse_e 0 -pulse_int_e 0 xil_defaultlib.tst_FIR5 xil_defaultlib.glbl -log elaborate.log"
Vivado Simulator 2020.2
Copyright 1986-1999, 2001-2020 Xilinx, Inc. All Rights Reserved.
Running: C:/Xilinx/Vivado/2020.2/bin/unwrapped/win64.o/xelab.exe -wto ec7d2ab17a264b10bcf7ee4e7f07da05 --incr --debug typical --relax --mt 2 --maxdelay -L xil_defaultlib -L simprims_ver -L secureip --snapshot tst_FIR5_time_impl -transport_int_delays -pulse_r 0 -pulse_int_r 0 -pulse_e 0 -pulse_int_e 0 xil_defaultlib.tst_FIR5 xil_defaultlib.glbl -log elaborate.log 
Using 2 slave threads.
Starting static elaboration
Pass Through NonSizing Optimizer
Completed static elaboration
Starting simulation data flow analysis
Completed simulation data flow analysis
INFO: [XSIM 43-3451] SDF backannotation process started with SDF file "tst_FIR5_time_impl.sdf", for root module "tst_FIR5/UUT".
INFO: [XSIM 43-3452] SDF backannotation was successful for SDF file "tst_FIR5_time_impl.sdf", for root module "tst_FIR5/UUT".
Time Resolution for simulation is 1ps
Compiling package std.standard
Compiling package std.textio
Compiling package ieee.std_logic_1164
Compiling package vl.vl_types
Compiling module xil_defaultlib.glbl
Compiling module simprims_ver.DSP48E1(ACASCREG=0,ADREG=0,ALUMO...
Compiling module xil_defaultlib.dsp_mult16
Compiling module xil_defaultlib.dsp_mult16_HD5
Compiling module xil_defaultlib.dsp_mult16_HD10
Compiling module xil_defaultlib.dsp_mult16_HD15
Compiling module xil_defaultlib.dsp_mult16_HD20
Compiling module simprims_ver.BUFG
Compiling module simprims_ver.IBUF
Compiling module simprims_ver.FDRE_default
Compiling module simprims_ver.LUT4
Compiling module simprims_ver.x_lut3_mux8
Compiling module simprims_ver.LUT3
Compiling module simprims_ver.LUT6
Compiling module simprims_ver.OBUF
Compiling module simprims_ver.CARRY4
Compiling module xil_defaultlib.FIR5
Compiling architecture testbench of entity xil_defaultlib.tst_fir5
Built simulation snapshot tst_FIR5_time_impl

****** Webtalk v2020.2 (64-bit)
  **** SW Build 3064766 on Wed Nov 18 09:12:45 MST 2020
  **** IP Build 3064653 on Wed Nov 18 14:17:31 MST 2020
    ** Copyright 1986-2020 Xilinx, Inc. All Rights Reserved.

source C:/Users/Thomas/Desktop/TP_MISTRE/TP_FPGA/TP2/FIR5_timings_vivado_2020_2/FIR5_timings_vivado_2020_2.sim/sim_1/impl/timing/xsim/xsim.dir/tst_FIR5_time_impl/webtalk/xsim_webtalk.tcl -notrace
INFO: [Common 17-206] Exiting Webtalk at Thu Jul 30 13:55:01 2026...
run_program: Time (s): cpu = 00:00:00 ; elapsed = 00:00:09 . Memory (MB): peak = 3146.953 ; gain = 0.000
INFO: [USF-XSim-69] 'elaborate' step finished in '9' seconds
INFO: [USF-XSim-4] XSim::Simulate design
INFO: [USF-XSim-61] Executing 'SIMULATE' step in 'C:/Users/Thomas/Desktop/TP_MISTRE/TP_FPGA/TP2/FIR5_timings_vivado_2020_2/FIR5_timings_vivado_2020_2.sim/sim_1/impl/timing/xsim'
INFO: [USF-XSim-98] *** Running xsim
   with args "tst_FIR5_time_impl -key {Post-Implementation:sim_1:Timing:tst_FIR5} -tclbatch {tst_FIR5.tcl} -view {C:/Users/Thomas/Desktop/TP_MISTRE/TP_FPGA/TP2/FIR5_timings_vivado_2020_2/tst_FIR5_time_synth.wcfg} -log {simulate.log}"
INFO: [USF-XSim-8] Loading simulator feature
Vivado Simulator 2020.2
Time resolution is 1 ps
open_wave_config C:/Users/Thomas/Desktop/TP_MISTRE/TP_FPGA/TP2/FIR5_timings_vivado_2020_2/tst_FIR5_time_synth.wcfg
source tst_FIR5.tcl
# set curr_wave [current_wave_config]
# if { [string length $curr_wave] == 0 } {
#   if { [llength [get_objects]] > 0} {
#     add_wave /
#     set_property needs_save false [current_wave_config]
#   } else {
#      send_msg_id Add_Wave-1 WARNING "No top level signals found. Simulator will start without a wave window. If you want to open a wave window go to 'File->New Waveform Configuration' or type 'create_wave_config' in the TCL console."
#   }
# }
# run 1000ns
INFO: [USF-XSim-96] XSim completed. Design snapshot 'tst_FIR5_time_impl' loaded.
INFO: [USF-XSim-97] XSim simulation ran for 1000ns
launch_simulation: Time (s): cpu = 00:00:04 ; elapsed = 00:00:16 . Memory (MB): peak = 3146.953 ; gain = 0.000
save_wave_config {C:/Users/Thomas/Desktop/TP_MISTRE/TP_FPGA/TP2/FIR5_timings_vivado_2020_2/tst_FIR5_time_synth.wcfg}
save_wave_config {C:/Users/Thomas/Desktop/TP_MISTRE/TP_FPGA/TP2/FIR5_timings_vivado_2020_2/tst_FIR5_time_synth.wcfg}
CRITICAL WARNING: [Chipscope 16-3] Cannot debug net 'clk'; it is not accessible from the fabric routing.
CRITICAL WARNING: [Chipscope 16-3] Cannot debug net 'clk'; it is not accessible from the fabric routing.
save_wave_config {C:/Users/Thomas/Desktop/TP_MISTRE/TP_FPGA/TP2/FIR5_timings_vivado_2020_2/tst_FIR5_time_synth.wcfg}
close_sim
INFO: [Simtcl 6-16] Simulation closed
launch_simulation -mode post-implementation -type timing
Command: launch_simulation -mode post-implementation -type timing
INFO: [Vivado 12-5698] Checking validity of IPs in the design for the 'XSim' simulator...
INFO: [Vivado 12-5682] Launching post-implementation timing simulation in 'C:/Users/Thomas/Desktop/TP_MISTRE/TP_FPGA/TP2/FIR5_timings_vivado_2020_2/FIR5_timings_vivado_2020_2.sim/sim_1/impl/timing/xsim'
INFO: [Vivado 12-4795] Using compiled simulation libraries for IPs
INFO: [SIM-utils-51] Simulation object is 'sim_1'
INFO: [SIM-utils-20] The target language is set to VHDL, it is not supported for simulation type 'timing', using Verilog instead.
INFO: [SIM-utils-31] Writing simulation netlist file for design 'impl_1'...
INFO: [SIM-utils-32] write_verilog -mode timesim -nolib -sdf_anno true -force -file "C:/Users/Thomas/Desktop/TP_MISTRE/TP_FPGA/TP2/FIR5_timings_vivado_2020_2/FIR5_timings_vivado_2020_2.sim/sim_1/impl/timing/xsim/tst_FIR5_time_impl.v"
INFO: [SIM-utils-34] Writing SDF file...
INFO: [SIM-utils-35] write_sdf -mode timesim -process_corner slow -force -file "C:/Users/Thomas/Desktop/TP_MISTRE/TP_FPGA/TP2/FIR5_timings_vivado_2020_2/FIR5_timings_vivado_2020_2.sim/sim_1/impl/timing/xsim/tst_FIR5_time_impl.sdf"
INFO: [SIM-utils-36] Netlist generated:C:/Users/Thomas/Desktop/TP_MISTRE/TP_FPGA/TP2/FIR5_timings_vivado_2020_2/FIR5_timings_vivado_2020_2.sim/sim_1/impl/timing/xsim/tst_FIR5_time_impl.v
INFO: [SIM-utils-37] SDF generated:C:/Users/Thomas/Desktop/TP_MISTRE/TP_FPGA/TP2/FIR5_timings_vivado_2020_2/FIR5_timings_vivado_2020_2.sim/sim_1/impl/timing/xsim/tst_FIR5_time_impl.sdf
INFO: [USF-XSim-7] Finding pre-compiled libraries...
INFO: [USF-XSim-11] File 'C:/Xilinx/Vivado/2020.2/data/xsim/xsim.ini' copied to run dir:'C:/Users/Thomas/Desktop/TP_MISTRE/TP_FPGA/TP2/FIR5_timings_vivado_2020_2/FIR5_timings_vivado_2020_2.sim/sim_1/impl/timing/xsim'
INFO: [SIM-utils-54] Inspecting design source files for 'tst_FIR5' in fileset 'sim_1'...
INFO: [USF-XSim-2] XSim::Compile design
INFO: [USF-XSim-61] Executing 'COMPILE and ANALYZE' step in 'C:/Users/Thomas/Desktop/TP_MISTRE/TP_FPGA/TP2/FIR5_timings_vivado_2020_2/FIR5_timings_vivado_2020_2.sim/sim_1/impl/timing/xsim'
"xvlog --incr --relax -prj tst_FIR5_vlog.prj"
INFO: [VRFC 10-2263] Analyzing Verilog file "C:/Users/Thomas/Desktop/TP_MISTRE/TP_FPGA/TP2/FIR5_timings_vivado_2020_2/FIR5_timings_vivado_2020_2.sim/sim_1/impl/timing/xsim/tst_FIR5_time_impl.v" into library xil_defaultlib
INFO: [VRFC 10-311] analyzing module FIR5
INFO: [VRFC 10-311] analyzing module dsp_mult16
INFO: [VRFC 10-311] analyzing module dsp_mult16_HD10
INFO: [VRFC 10-311] analyzing module dsp_mult16_HD15
INFO: [VRFC 10-311] analyzing module dsp_mult16_HD20
INFO: [VRFC 10-311] analyzing module dsp_mult16_HD5
INFO: [VRFC 10-311] analyzing module dsp_mult16_dsp_macro_v1_0_1
INFO: [VRFC 10-311] analyzing module dsp_mult16_dsp_macro_v1_0_1_HD11
INFO: [VRFC 10-311] analyzing module dsp_mult16_dsp_macro_v1_0_1_HD16
INFO: [VRFC 10-311] analyzing module dsp_mult16_dsp_macro_v1_0_1_HD21
INFO: [VRFC 10-311] analyzing module dsp_mult16_dsp_macro_v1_0_1_HD6
INFO: [VRFC 10-311] analyzing module dsp_mult16_dsp_macro_synth
INFO: [VRFC 10-311] analyzing module dsp_mult16_dsp_macro_synth_HD13
INFO: [VRFC 10-311] analyzing module dsp_mult16_dsp_macro_synth_HD18
INFO: [VRFC 10-311] analyzing module dsp_mult16_dsp_macro_synth_HD23
INFO: [VRFC 10-311] analyzing module dsp_mult16_dsp_macro_synth_HD8
INFO: [VRFC 10-311] analyzing module dsp_mult16_dsp_macro_v1_0_1_viv
INFO: [VRFC 10-311] analyzing module dsp_mult16_dsp_macro_v1_0_1_viv_HD12
INFO: [VRFC 10-311] analyzing module dsp_mult16_dsp_macro_v1_0_1_viv_HD17
INFO: [VRFC 10-311] analyzing module dsp_mult16_dsp_macro_v1_0_1_viv_HD22
INFO: [VRFC 10-311] analyzing module dsp_mult16_dsp_macro_v1_0_1_viv_HD7
INFO: [VRFC 10-311] analyzing module dsp_mult16_xbip_dsp48e1_wrapper_v3_0
INFO: [VRFC 10-311] analyzing module dsp_mult16_xbip_dsp48e1_wrapper_v3_0_HD14
INFO: [VRFC 10-311] analyzing module dsp_mult16_xbip_dsp48e1_wrapper_v3_0_HD19
INFO: [VRFC 10-311] analyzing module dsp_mult16_xbip_dsp48e1_wrapper_v3_0_HD24
INFO: [VRFC 10-311] analyzing module dsp_mult16_xbip_dsp48e1_wrapper_v3_0_HD9
INFO: [VRFC 10-311] analyzing module glbl
"xvhdl --incr --relax -prj tst_FIR5_vhdl.prj"
INFO: [VRFC 10-163] Analyzing VHDL file "C:/Users/Thomas/Desktop/TP_MISTRE/TP_FPGA/TP2/FIR5_timings_vivado_2020_2/FIR5_timings_vivado_2020_2.srcs/sources_1/imports/FIR5_Timing/tst_FIR5.vhd" into library xil_defaultlib
INFO: [VRFC 10-3107] analyzing entity 'tst_FIR5'
INFO: [USF-XSim-69] 'compile' step finished in '2' seconds
INFO: [USF-XSim-3] XSim::Elaborate design
INFO: [USF-XSim-61] Executing 'ELABORATE' step in 'C:/Users/Thomas/Desktop/TP_MISTRE/TP_FPGA/TP2/FIR5_timings_vivado_2020_2/FIR5_timings_vivado_2020_2.sim/sim_1/impl/timing/xsim'
"xelab -wto ec7d2ab17a264b10bcf7ee4e7f07da05 --incr --debug typical --relax --mt 2 --maxdelay -L xil_defaultlib -L simprims_ver -L secureip --snapshot tst_FIR5_time_impl -transport_int_delays -pulse_r 0 -pulse_int_r 0 -pulse_e 0 -pulse_int_e 0 xil_defaultlib.tst_FIR5 xil_defaultlib.glbl -log elaborate.log"
Vivado Simulator 2020.2
Copyright 1986-1999, 2001-2020 Xilinx, Inc. All Rights Reserved.
Running: C:/Xilinx/Vivado/2020.2/bin/unwrapped/win64.o/xelab.exe -wto ec7d2ab17a264b10bcf7ee4e7f07da05 --incr --debug typical --relax --mt 2 --maxdelay -L xil_defaultlib -L simprims_ver -L secureip --snapshot tst_FIR5_time_impl -transport_int_delays -pulse_r 0 -pulse_int_r 0 -pulse_e 0 -pulse_int_e 0 xil_defaultlib.tst_FIR5 xil_defaultlib.glbl -log elaborate.log 
Using 2 slave threads.
Starting static elaboration
Pass Through NonSizing Optimizer
Completed static elaboration
Starting simulation data flow analysis
Completed simulation data flow analysis
INFO: [XSIM 43-3451] SDF backannotation process started with SDF file "tst_FIR5_time_impl.sdf", for root module "tst_FIR5/UUT".
INFO: [XSIM 43-3452] SDF backannotation was successful for SDF file "tst_FIR5_time_impl.sdf", for root module "tst_FIR5/UUT".
Time Resolution for simulation is 1ps
Compiling package std.standard
Compiling package std.textio
Compiling package ieee.std_logic_1164
Compiling package vl.vl_types
Compiling module xil_defaultlib.glbl
Compiling module simprims_ver.DSP48E1(ACASCREG=0,ADREG=0,ALUMO...
Compiling module xil_defaultlib.dsp_mult16
Compiling module xil_defaultlib.dsp_mult16_HD5
Compiling module xil_defaultlib.dsp_mult16_HD10
Compiling module xil_defaultlib.dsp_mult16_HD15
Compiling module xil_defaultlib.dsp_mult16_HD20
Compiling module simprims_ver.BUFG
Compiling module simprims_ver.IBUF
Compiling module simprims_ver.FDRE_default
Compiling module simprims_ver.LUT4
Compiling module simprims_ver.x_lut3_mux8
Compiling module simprims_ver.LUT3
Compiling module simprims_ver.LUT6
Compiling module simprims_ver.OBUF
Compiling module simprims_ver.CARRY4
Compiling module xil_defaultlib.FIR5
Compiling architecture testbench of entity xil_defaultlib.tst_fir5
Built simulation snapshot tst_FIR5_time_impl
run_program: Time (s): cpu = 00:00:00 ; elapsed = 00:00:08 . Memory (MB): peak = 3162.504 ; gain = 0.000
INFO: [USF-XSim-69] 'elaborate' step finished in '8' seconds
INFO: [USF-XSim-4] XSim::Simulate design
INFO: [USF-XSim-61] Executing 'SIMULATE' step in 'C:/Users/Thomas/Desktop/TP_MISTRE/TP_FPGA/TP2/FIR5_timings_vivado_2020_2/FIR5_timings_vivado_2020_2.sim/sim_1/impl/timing/xsim'
INFO: [USF-XSim-98] *** Running xsim
   with args "tst_FIR5_time_impl -key {Post-Implementation:sim_1:Timing:tst_FIR5} -tclbatch {tst_FIR5.tcl} -view {C:/Users/Thomas/Desktop/TP_MISTRE/TP_FPGA/TP2/FIR5_timings_vivado_2020_2/tst_FIR5_time_synth.wcfg} -log {simulate.log}"
INFO: [USF-XSim-8] Loading simulator feature
Vivado Simulator 2020.2
Time resolution is 1 ps
open_wave_config C:/Users/Thomas/Desktop/TP_MISTRE/TP_FPGA/TP2/FIR5_timings_vivado_2020_2/tst_FIR5_time_synth.wcfg
source tst_FIR5.tcl
# set curr_wave [current_wave_config]
# if { [string length $curr_wave] == 0 } {
#   if { [llength [get_objects]] > 0} {
#     add_wave /
#     set_property needs_save false [current_wave_config]
#   } else {
#      send_msg_id Add_Wave-1 WARNING "No top level signals found. Simulator will start without a wave window. If you want to open a wave window go to 'File->New Waveform Configuration' or type 'create_wave_config' in the TCL console."
#   }
# }
# run 1000ns
WARNING: "/wrk/ci/prod/2020.2/rdi_builds/continuous/2020_11_18_3064766/data/verilog/src/unisims/FDRE.v" Line 150: Timing violation in scope /tst_FIR5/UUT/y_reg[0]/TChk150_2671 at time 130019 ps $setuphold (posedge C,negedge D,(0:0:0),(0:0:0),notifier,in_clk_enable_p,in_clk_enable_p,C_dly,D_dly) 
WARNING: "/wrk/ci/prod/2020.2/rdi_builds/continuous/2020_11_18_3064766/data/verilog/src/unisims/FDRE.v" Line 150: Timing violation in scope /tst_FIR5/UUT/y_reg[10]/TChk150_2671 at time 130066 ps $setuphold (posedge C,negedge D,(0:0:0),(0:0:0),notifier,in_clk_enable_p,in_clk_enable_p,C_dly,D_dly) 
WARNING: "/wrk/ci/prod/2020.2/rdi_builds/continuous/2020_11_18_3064766/data/verilog/src/unisims/FDRE.v" Line 150: Timing violation in scope /tst_FIR5/UUT/y_reg[7]/TChk150_2671 at time 130119 ps $setuphold (posedge C,negedge D,(0:0:0),(0:0:0),notifier,in_clk_enable_p,in_clk_enable_p,C_dly,D_dly) 
WARNING: "/wrk/ci/prod/2020.2/rdi_builds/continuous/2020_11_18_3064766/data/verilog/src/unisims/FDRE.v" Line 153: Timing violation in scope /tst_FIR5/UUT/y_reg[10]/TChk153_2674 at time 130119 ps $setuphold (posedge C,posedge D,(0:0:0),(0:0:0),notifier,in_clk_enable_p,in_clk_enable_p,C_dly,D_dly) 
WARNING: "/wrk/ci/prod/2020.2/rdi_builds/continuous/2020_11_18_3064766/data/verilog/src/unisims/FDRE.v" Line 150: Timing violation in scope /tst_FIR5/UUT/y_reg[12]/TChk150_2671 at time 130119 ps $setuphold (posedge C,negedge D,(0:0:0),(0:0:0),notifier,in_clk_enable_p,in_clk_enable_p,C_dly,D_dly) 
WARNING: "/wrk/ci/prod/2020.2/rdi_builds/continuous/2020_11_18_3064766/data/verilog/src/unisims/FDRE.v" Line 150: Timing violation in scope /tst_FIR5/UUT/y_reg[10]/TChk150_2671 at time 130144 ps $setuphold (posedge C,negedge D,(0:0:0),(0:0:0),notifier,in_clk_enable_p,in_clk_enable_p,C_dly,D_dly) 
WARNING: "/wrk/ci/prod/2020.2/rdi_builds/continuous/2020_11_18_3064766/data/verilog/src/unisims/FDRE.v" Line 150: Timing violation in scope /tst_FIR5/UUT/y_reg[14]/TChk150_2671 at time 138016 ps $setuphold (posedge C,negedge D,(0:0:0),(0:0:0),notifier,in_clk_enable_p,in_clk_enable_p,C_dly,D_dly) 
WARNING: "/wrk/ci/prod/2020.2/rdi_builds/continuous/2020_11_18_3064766/data/verilog/src/unisims/FDRE.v" Line 150: Timing violation in scope /tst_FIR5/UUT/y_reg[15]/TChk150_2671 at time 138016 ps $setuphold (posedge C,negedge D,(0:0:0),(0:0:0),notifier,in_clk_enable_p,in_clk_enable_p,C_dly,D_dly) 
WARNING: "/wrk/ci/prod/2020.2/rdi_builds/continuous/2020_11_18_3064766/data/verilog/src/unisims/FDRE.v" Line 153: Timing violation in scope /tst_FIR5/UUT/y_reg[15]/TChk153_2674 at time 138058 ps $setuphold (posedge C,posedge D,(0:0:0),(0:0:0),notifier,in_clk_enable_p,in_clk_enable_p,C_dly,D_dly) 
WARNING: "/wrk/ci/prod/2020.2/rdi_builds/continuous/2020_11_18_3064766/data/verilog/src/unisims/FDRE.v" Line 153: Timing violation in scope /tst_FIR5/UUT/y_reg[9]/TChk153_2674 at time 138067 ps $setuphold (posedge C,posedge D,(0:0:0),(0:0:0),notifier,in_clk_enable_p,in_clk_enable_p,C_dly,D_dly) 
WARNING: "/wrk/ci/prod/2020.2/rdi_builds/continuous/2020_11_18_3064766/data/verilog/src/unisims/FDRE.v" Line 150: Timing violation in scope /tst_FIR5/UUT/y_reg[12]/TChk150_2671 at time 138144 ps $setuphold (posedge C,negedge D,(0:0:0),(0:0:0),notifier,in_clk_enable_p,in_clk_enable_p,C_dly,D_dly) 
WARNING: "/wrk/ci/prod/2020.2/rdi_builds/continuous/2020_11_18_3064766/data/verilog/src/unisims/FDRE.v" Line 153: Timing violation in scope /tst_FIR5/UUT/y_reg[10]/TChk153_2674 at time 138156 ps $setuphold (posedge C,posedge D,(0:0:0),(0:0:0),notifier,in_clk_enable_p,in_clk_enable_p,C_dly,D_dly) 
INFO: [USF-XSim-96] XSim completed. Design snapshot 'tst_FIR5_time_impl' loaded.
INFO: [USF-XSim-97] XSim simulation ran for 1000ns
launch_simulation: Time (s): cpu = 00:00:03 ; elapsed = 00:00:14 . Memory (MB): peak = 3162.504 ; gain = 0.000
restart
INFO: [Simtcl 6-17] Simulation restarted
run 1 us
WARNING: "/wrk/ci/prod/2020.2/rdi_builds/continuous/2020_11_18_3064766/data/verilog/src/unisims/FDRE.v" Line 150: Timing violation in scope /tst_FIR5/UUT/y_reg[0]/TChk150_2671 at time 130019 ps $setuphold (posedge C,negedge D,(0:0:0),(0:0:0),notifier,in_clk_enable_p,in_clk_enable_p,C_dly,D_dly) 
WARNING: "/wrk/ci/prod/2020.2/rdi_builds/continuous/2020_11_18_3064766/data/verilog/src/unisims/FDRE.v" Line 150: Timing violation in scope /tst_FIR5/UUT/y_reg[10]/TChk150_2671 at time 130066 ps $setuphold (posedge C,negedge D,(0:0:0),(0:0:0),notifier,in_clk_enable_p,in_clk_enable_p,C_dly,D_dly) 
WARNING: "/wrk/ci/prod/2020.2/rdi_builds/continuous/2020_11_18_3064766/data/verilog/src/unisims/FDRE.v" Line 150: Timing violation in scope /tst_FIR5/UUT/y_reg[7]/TChk150_2671 at time 130119 ps $setuphold (posedge C,negedge D,(0:0:0),(0:0:0),notifier,in_clk_enable_p,in_clk_enable_p,C_dly,D_dly) 
WARNING: "/wrk/ci/prod/2020.2/rdi_builds/continuous/2020_11_18_3064766/data/verilog/src/unisims/FDRE.v" Line 153: Timing violation in scope /tst_FIR5/UUT/y_reg[10]/TChk153_2674 at time 130119 ps $setuphold (posedge C,posedge D,(0:0:0),(0:0:0),notifier,in_clk_enable_p,in_clk_enable_p,C_dly,D_dly) 
WARNING: "/wrk/ci/prod/2020.2/rdi_builds/continuous/2020_11_18_3064766/data/verilog/src/unisims/FDRE.v" Line 150: Timing violation in scope /tst_FIR5/UUT/y_reg[12]/TChk150_2671 at time 130119 ps $setuphold (posedge C,negedge D,(0:0:0),(0:0:0),notifier,in_clk_enable_p,in_clk_enable_p,C_dly,D_dly) 
WARNING: "/wrk/ci/prod/2020.2/rdi_builds/continuous/2020_11_18_3064766/data/verilog/src/unisims/FDRE.v" Line 150: Timing violation in scope /tst_FIR5/UUT/y_reg[10]/TChk150_2671 at time 130144 ps $setuphold (posedge C,negedge D,(0:0:0),(0:0:0),notifier,in_clk_enable_p,in_clk_enable_p,C_dly,D_dly) 
WARNING: "/wrk/ci/prod/2020.2/rdi_builds/continuous/2020_11_18_3064766/data/verilog/src/unisims/FDRE.v" Line 150: Timing violation in scope /tst_FIR5/UUT/y_reg[14]/TChk150_2671 at time 138016 ps $setuphold (posedge C,negedge D,(0:0:0),(0:0:0),notifier,in_clk_enable_p,in_clk_enable_p,C_dly,D_dly) 
WARNING: "/wrk/ci/prod/2020.2/rdi_builds/continuous/2020_11_18_3064766/data/verilog/src/unisims/FDRE.v" Line 150: Timing violation in scope /tst_FIR5/UUT/y_reg[15]/TChk150_2671 at time 138016 ps $setuphold (posedge C,negedge D,(0:0:0),(0:0:0),notifier,in_clk_enable_p,in_clk_enable_p,C_dly,D_dly) 
WARNING: "/wrk/ci/prod/2020.2/rdi_builds/continuous/2020_11_18_3064766/data/verilog/src/unisims/FDRE.v" Line 153: Timing violation in scope /tst_FIR5/UUT/y_reg[15]/TChk153_2674 at time 138058 ps $setuphold (posedge C,posedge D,(0:0:0),(0:0:0),notifier,in_clk_enable_p,in_clk_enable_p,C_dly,D_dly) 
WARNING: "/wrk/ci/prod/2020.2/rdi_builds/continuous/2020_11_18_3064766/data/verilog/src/unisims/FDRE.v" Line 153: Timing violation in scope /tst_FIR5/UUT/y_reg[9]/TChk153_2674 at time 138067 ps $setuphold (posedge C,posedge D,(0:0:0),(0:0:0),notifier,in_clk_enable_p,in_clk_enable_p,C_dly,D_dly) 
WARNING: "/wrk/ci/prod/2020.2/rdi_builds/continuous/2020_11_18_3064766/data/verilog/src/unisims/FDRE.v" Line 150: Timing violation in scope /tst_FIR5/UUT/y_reg[12]/TChk150_2671 at time 138144 ps $setuphold (posedge C,negedge D,(0:0:0),(0:0:0),notifier,in_clk_enable_p,in_clk_enable_p,C_dly,D_dly) 
WARNING: "/wrk/ci/prod/2020.2/rdi_builds/continuous/2020_11_18_3064766/data/verilog/src/unisims/FDRE.v" Line 153: Timing violation in scope /tst_FIR5/UUT/y_reg[10]/TChk153_2674 at time 138156 ps $setuphold (posedge C,posedge D,(0:0:0),(0:0:0),notifier,in_clk_enable_p,in_clk_enable_p,C_dly,D_dly) 
save_wave_config {C:/Users/Thomas/Desktop/TP_MISTRE/TP_FPGA/TP2/FIR5_timings_vivado_2020_2/tst_FIR5_time_synth.wcfg}
close_sim
INFO: [Simtcl 6-16] Simulation closed
close_sim
INFO: [Simtcl 6-16] Simulation closed
exit
INFO: [Common 17-206] Exiting Vivado at Fri Jul 31 04:07:25 2026...
