INFO: [VRFC 10-2263] Analyzing Verilog file "C:/Users/Thomas/Desktop/TP_MISTRE/TP_FPGA/TP2/FIR5_timings_vivado_2020_2/FIR5_timings_vivado_2020_2.sim/sim_1/impl/timing/xsim/tst_FIR5_time_impl.v" into library xil_defaultlib
INFO: [VRFC 10-311] analyzing module FIR5
INFO: [VRFC 10-311] analyzing module dsp_mult16
INFO: [VRFC 10-311] analyzing module dsp_mult16_HD10
INFO: [VRFC 10-311] analyzing module dsp_mult16_HD15
INFO: [VRFC 10-311] analyzing module dsp_mult16_HD20
INFO: [VRFC 10-311] analyzing module dsp_mult16_HD5
INFO: [VRFC 10-311] analyzing module dsp_mult16_dsp_macro_v1_0_1
INFO: [VRFC 10-311] analyzing module dsp_mult16_dsp_macro_v1_0_1_HD11
INFO: [VRFC 10-311] analyzing module dsp_mult16_dsp_macro_v1_0_1_HD16
INFO: [VRFC 10-311] analyzing module dsp_mult16_dsp_macro_v1_0_1_HD21
INFO: [VRFC 10-311] analyzing module dsp_mult16_dsp_macro_v1_0_1_HD6
INFO: [VRFC 10-311] analyzing module dsp_mult16_dsp_macro_synth
INFO: [VRFC 10-311] analyzing module dsp_mult16_dsp_macro_synth_HD13
INFO: [VRFC 10-311] analyzing module dsp_mult16_dsp_macro_synth_HD18
INFO: [VRFC 10-311] analyzing module dsp_mult16_dsp_macro_synth_HD23
INFO: [VRFC 10-311] analyzing module dsp_mult16_dsp_macro_synth_HD8
INFO: [VRFC 10-311] analyzing module dsp_mult16_dsp_macro_v1_0_1_viv
INFO: [VRFC 10-311] analyzing module dsp_mult16_dsp_macro_v1_0_1_viv_HD12
INFO: [VRFC 10-311] analyzing module dsp_mult16_dsp_macro_v1_0_1_viv_HD17
INFO: [VRFC 10-311] analyzing module dsp_mult16_dsp_macro_v1_0_1_viv_HD22
INFO: [VRFC 10-311] analyzing module dsp_mult16_dsp_macro_v1_0_1_viv_HD7
INFO: [VRFC 10-311] analyzing module dsp_mult16_xbip_dsp48e1_wrapper_v3_0
INFO: [VRFC 10-311] analyzing module dsp_mult16_xbip_dsp48e1_wrapper_v3_0_HD14
INFO: [VRFC 10-311] analyzing module dsp_mult16_xbip_dsp48e1_wrapper_v3_0_HD19
INFO: [VRFC 10-311] analyzing module dsp_mult16_xbip_dsp48e1_wrapper_v3_0_HD24
INFO: [VRFC 10-311] analyzing module dsp_mult16_xbip_dsp48e1_wrapper_v3_0_HD9
INFO: [VRFC 10-311] analyzing module glbl
