Vivado Simulator 2020.2
Time resolution is 1 ps
WARNING: "/wrk/ci/prod/2020.2/rdi_builds/continuous/2020_11_18_3064766/data/verilog/src/unisims/FDRE.v" Line 150: Timing violation in scope /tst_FIR5/UUT/y_reg[0]/TChk150_2671 at time 130019 ps $setuphold (posedge C,negedge D,(0:0:0),(0:0:0),notifier,in_clk_enable_p,in_clk_enable_p,C_dly,D_dly) 
WARNING: "/wrk/ci/prod/2020.2/rdi_builds/continuous/2020_11_18_3064766/data/verilog/src/unisims/FDRE.v" Line 150: Timing violation in scope /tst_FIR5/UUT/y_reg[10]/TChk150_2671 at time 130066 ps $setuphold (posedge C,negedge D,(0:0:0),(0:0:0),notifier,in_clk_enable_p,in_clk_enable_p,C_dly,D_dly) 
WARNING: "/wrk/ci/prod/2020.2/rdi_builds/continuous/2020_11_18_3064766/data/verilog/src/unisims/FDRE.v" Line 150: Timing violation in scope /tst_FIR5/UUT/y_reg[7]/TChk150_2671 at time 130119 ps $setuphold (posedge C,negedge D,(0:0:0),(0:0:0),notifier,in_clk_enable_p,in_clk_enable_p,C_dly,D_dly) 
WARNING: "/wrk/ci/prod/2020.2/rdi_builds/continuous/2020_11_18_3064766/data/verilog/src/unisims/FDRE.v" Line 153: Timing violation in scope /tst_FIR5/UUT/y_reg[10]/TChk153_2674 at time 130119 ps $setuphold (posedge C,posedge D,(0:0:0),(0:0:0),notifier,in_clk_enable_p,in_clk_enable_p,C_dly,D_dly) 
WARNING: "/wrk/ci/prod/2020.2/rdi_builds/continuous/2020_11_18_3064766/data/verilog/src/unisims/FDRE.v" Line 150: Timing violation in scope /tst_FIR5/UUT/y_reg[12]/TChk150_2671 at time 130119 ps $setuphold (posedge C,negedge D,(0:0:0),(0:0:0),notifier,in_clk_enable_p,in_clk_enable_p,C_dly,D_dly) 
WARNING: "/wrk/ci/prod/2020.2/rdi_builds/continuous/2020_11_18_3064766/data/verilog/src/unisims/FDRE.v" Line 150: Timing violation in scope /tst_FIR5/UUT/y_reg[10]/TChk150_2671 at time 130144 ps $setuphold (posedge C,negedge D,(0:0:0),(0:0:0),notifier,in_clk_enable_p,in_clk_enable_p,C_dly,D_dly) 
WARNING: "/wrk/ci/prod/2020.2/rdi_builds/continuous/2020_11_18_3064766/data/verilog/src/unisims/FDRE.v" Line 150: Timing violation in scope /tst_FIR5/UUT/y_reg[14]/TChk150_2671 at time 138016 ps $setuphold (posedge C,negedge D,(0:0:0),(0:0:0),notifier,in_clk_enable_p,in_clk_enable_p,C_dly,D_dly) 
WARNING: "/wrk/ci/prod/2020.2/rdi_builds/continuous/2020_11_18_3064766/data/verilog/src/unisims/FDRE.v" Line 150: Timing violation in scope /tst_FIR5/UUT/y_reg[15]/TChk150_2671 at time 138016 ps $setuphold (posedge C,negedge D,(0:0:0),(0:0:0),notifier,in_clk_enable_p,in_clk_enable_p,C_dly,D_dly) 
WARNING: "/wrk/ci/prod/2020.2/rdi_builds/continuous/2020_11_18_3064766/data/verilog/src/unisims/FDRE.v" Line 153: Timing violation in scope /tst_FIR5/UUT/y_reg[15]/TChk153_2674 at time 138058 ps $setuphold (posedge C,posedge D,(0:0:0),(0:0:0),notifier,in_clk_enable_p,in_clk_enable_p,C_dly,D_dly) 
WARNING: "/wrk/ci/prod/2020.2/rdi_builds/continuous/2020_11_18_3064766/data/verilog/src/unisims/FDRE.v" Line 153: Timing violation in scope /tst_FIR5/UUT/y_reg[9]/TChk153_2674 at time 138067 ps $setuphold (posedge C,posedge D,(0:0:0),(0:0:0),notifier,in_clk_enable_p,in_clk_enable_p,C_dly,D_dly) 
WARNING: "/wrk/ci/prod/2020.2/rdi_builds/continuous/2020_11_18_3064766/data/verilog/src/unisims/FDRE.v" Line 150: Timing violation in scope /tst_FIR5/UUT/y_reg[12]/TChk150_2671 at time 138144 ps $setuphold (posedge C,negedge D,(0:0:0),(0:0:0),notifier,in_clk_enable_p,in_clk_enable_p,C_dly,D_dly) 
WARNING: "/wrk/ci/prod/2020.2/rdi_builds/continuous/2020_11_18_3064766/data/verilog/src/unisims/FDRE.v" Line 153: Timing violation in scope /tst_FIR5/UUT/y_reg[10]/TChk153_2674 at time 138156 ps $setuphold (posedge C,posedge D,(0:0:0),(0:0:0),notifier,in_clk_enable_p,in_clk_enable_p,C_dly,D_dly) 
Failure: Test stab @ 140ns failed
Time: 140 ns  Iteration: 0  Process: /tst_FIR5/self_test  File: C:/Users/Thomas/Desktop/TP_MISTRE/TP_FPGA/TP2/FIR5_timings_vivado_2020_2/FIR5_timings_vivado_2020_2.srcs/sources_1/imports/FIR5_Timing/tst_FIR5.vhd
$finish called at time : 140 ns : File "C:/Users/Thomas/Desktop/TP_MISTRE/TP_FPGA/TP2/FIR5_timings_vivado_2020_2/FIR5_timings_vivado_2020_2.srcs/sources_1/imports/FIR5_Timing/tst_FIR5.vhd" Line 56
Note: Simulation ended, test passed
Time: 140 ns  Iteration: 0  Process: /tst_FIR5/self_test  File: C:/Users/Thomas/Desktop/TP_MISTRE/TP_FPGA/TP2/FIR5_timings_vivado_2020_2/FIR5_timings_vivado_2020_2.srcs/sources_1/imports/FIR5_Timing/tst_FIR5.vhd
WARNING: "/wrk/ci/prod/2020.2/rdi_builds/continuous/2020_11_18_3064766/data/verilog/src/unisims/FDRE.v" Line 150: Timing violation in scope /tst_FIR5/UUT/y_reg[0]/TChk150_2671 at time 130019 ps $setuphold (posedge C,negedge D,(0:0:0),(0:0:0),notifier,in_clk_enable_p,in_clk_enable_p,C_dly,D_dly) 
WARNING: "/wrk/ci/prod/2020.2/rdi_builds/continuous/2020_11_18_3064766/data/verilog/src/unisims/FDRE.v" Line 150: Timing violation in scope /tst_FIR5/UUT/y_reg[10]/TChk150_2671 at time 130066 ps $setuphold (posedge C,negedge D,(0:0:0),(0:0:0),notifier,in_clk_enable_p,in_clk_enable_p,C_dly,D_dly) 
WARNING: "/wrk/ci/prod/2020.2/rdi_builds/continuous/2020_11_18_3064766/data/verilog/src/unisims/FDRE.v" Line 150: Timing violation in scope /tst_FIR5/UUT/y_reg[7]/TChk150_2671 at time 130119 ps $setuphold (posedge C,negedge D,(0:0:0),(0:0:0),notifier,in_clk_enable_p,in_clk_enable_p,C_dly,D_dly) 
WARNING: "/wrk/ci/prod/2020.2/rdi_builds/continuous/2020_11_18_3064766/data/verilog/src/unisims/FDRE.v" Line 153: Timing violation in scope /tst_FIR5/UUT/y_reg[10]/TChk153_2674 at time 130119 ps $setuphold (posedge C,posedge D,(0:0:0),(0:0:0),notifier,in_clk_enable_p,in_clk_enable_p,C_dly,D_dly) 
WARNING: "/wrk/ci/prod/2020.2/rdi_builds/continuous/2020_11_18_3064766/data/verilog/src/unisims/FDRE.v" Line 150: Timing violation in scope /tst_FIR5/UUT/y_reg[12]/TChk150_2671 at time 130119 ps $setuphold (posedge C,negedge D,(0:0:0),(0:0:0),notifier,in_clk_enable_p,in_clk_enable_p,C_dly,D_dly) 
WARNING: "/wrk/ci/prod/2020.2/rdi_builds/continuous/2020_11_18_3064766/data/verilog/src/unisims/FDRE.v" Line 150: Timing violation in scope /tst_FIR5/UUT/y_reg[10]/TChk150_2671 at time 130144 ps $setuphold (posedge C,negedge D,(0:0:0),(0:0:0),notifier,in_clk_enable_p,in_clk_enable_p,C_dly,D_dly) 
WARNING: "/wrk/ci/prod/2020.2/rdi_builds/continuous/2020_11_18_3064766/data/verilog/src/unisims/FDRE.v" Line 150: Timing violation in scope /tst_FIR5/UUT/y_reg[14]/TChk150_2671 at time 138016 ps $setuphold (posedge C,negedge D,(0:0:0),(0:0:0),notifier,in_clk_enable_p,in_clk_enable_p,C_dly,D_dly) 
WARNING: "/wrk/ci/prod/2020.2/rdi_builds/continuous/2020_11_18_3064766/data/verilog/src/unisims/FDRE.v" Line 150: Timing violation in scope /tst_FIR5/UUT/y_reg[15]/TChk150_2671 at time 138016 ps $setuphold (posedge C,negedge D,(0:0:0),(0:0:0),notifier,in_clk_enable_p,in_clk_enable_p,C_dly,D_dly) 
WARNING: "/wrk/ci/prod/2020.2/rdi_builds/continuous/2020_11_18_3064766/data/verilog/src/unisims/FDRE.v" Line 153: Timing violation in scope /tst_FIR5/UUT/y_reg[15]/TChk153_2674 at time 138058 ps $setuphold (posedge C,posedge D,(0:0:0),(0:0:0),notifier,in_clk_enable_p,in_clk_enable_p,C_dly,D_dly) 
WARNING: "/wrk/ci/prod/2020.2/rdi_builds/continuous/2020_11_18_3064766/data/verilog/src/unisims/FDRE.v" Line 153: Timing violation in scope /tst_FIR5/UUT/y_reg[9]/TChk153_2674 at time 138067 ps $setuphold (posedge C,posedge D,(0:0:0),(0:0:0),notifier,in_clk_enable_p,in_clk_enable_p,C_dly,D_dly) 
WARNING: "/wrk/ci/prod/2020.2/rdi_builds/continuous/2020_11_18_3064766/data/verilog/src/unisims/FDRE.v" Line 150: Timing violation in scope /tst_FIR5/UUT/y_reg[12]/TChk150_2671 at time 138144 ps $setuphold (posedge C,negedge D,(0:0:0),(0:0:0),notifier,in_clk_enable_p,in_clk_enable_p,C_dly,D_dly) 
WARNING: "/wrk/ci/prod/2020.2/rdi_builds/continuous/2020_11_18_3064766/data/verilog/src/unisims/FDRE.v" Line 153: Timing violation in scope /tst_FIR5/UUT/y_reg[10]/TChk153_2674 at time 138156 ps $setuphold (posedge C,posedge D,(0:0:0),(0:0:0),notifier,in_clk_enable_p,in_clk_enable_p,C_dly,D_dly) 
Failure: Test stab @ 140ns failed
Time: 140 ns  Iteration: 0  Process: /tst_FIR5/self_test  File: C:/Users/Thomas/Desktop/TP_MISTRE/TP_FPGA/TP2/FIR5_timings_vivado_2020_2/FIR5_timings_vivado_2020_2.srcs/sources_1/imports/FIR5_Timing/tst_FIR5.vhd
$finish called at time : 140 ns : File "C:/Users/Thomas/Desktop/TP_MISTRE/TP_FPGA/TP2/FIR5_timings_vivado_2020_2/FIR5_timings_vivado_2020_2.srcs/sources_1/imports/FIR5_Timing/tst_FIR5.vhd" Line 56
